WARNING: A restricted method in java.lang.System has been called
WARNING: java.lang.System::load has been called by org.fusesource.jansi.internal.JansiLoader in an unnamed module (file:/Users/mac/downloads/apache-maven-3.9.9/lib/jansi-2.4.1.jar)
WARNING: Use --enable-native-access=ALL-UNNAMED to avoid a warning for callers in this module
WARNING: Restricted methods will be blocked in a future release unless native access is enabled

WARNING: A terminally deprecated method in sun.misc.Unsafe has been called
WARNING: sun.misc.Unsafe::objectFieldOffset has been called by com.google.common.util.concurrent.AbstractFuture$UnsafeAtomicHelper (file:/Users/mac/downloads/apache-maven-3.9.9/lib/guava-33.2.1-jre.jar)
WARNING: Please consider reporting this to the maintainers of class com.google.common.util.concurrent.AbstractFuture$UnsafeAtomicHelper
WARNING: sun.misc.Unsafe::objectFieldOffset will be removed in a future release
[INFO] Scanning for projects...
[WARNING] 
[WARNING] Some problems were encountered while building the effective model for com.concordia.ptidej.spectra:Spectra:jar:0.0.1-SNAPSHOT
[WARNING] 'build.plugins.plugin.version' for org.apache.maven.plugins:maven-compiler-plugin is missing. @ line 134, column 21
[WARNING] 
[WARNING] It is highly recommended to fix these problems because they threaten the stability of your build.
[WARNING] 
[WARNING] For this reason, future Maven versions might no longer support building such malformed projects.
[WARNING] 
[INFO] 
[INFO] ----------------< com.concordia.ptidej.spectra:Spectra >----------------
[INFO] Building Spectra 0.0.1-SNAPSHOT
[INFO]   from pom.xml
[INFO] --------------------------------[ jar ]---------------------------------
[INFO] 
[INFO] --- install:3.0.1:install-file (install-joularjx) @ Spectra ---
[INFO] Installing /Users/mac/Documents/RA/SPECTRA/src/main/resources/joularjx-3.0.1.jar to /Users/mac/.m2/repository/org/noureddine/joularjx/3.0.1/joularjx-3.0.1.jar
[INFO] Installing /var/folders/vr/ml8fqlxd4wd74c6kt6xg9jcr0000gn/T/mvninstall2517129803979732967.pom to /Users/mac/.m2/repository/org/noureddine/joularjx/3.0.1/joularjx-3.0.1.pom
[INFO] 
[INFO] --- resources:3.3.1:resources (default-resources) @ Spectra ---
[WARNING] Using platform encoding (UTF-8 actually) to copy filtered resources, i.e. build is platform dependent!
[INFO] Copying 5 resources from src/main/resources to target/classes
[INFO] 
[INFO] --- compiler:3.13.0:compile (default-compile) @ Spectra ---
[INFO] Nothing to compile - all classes are up to date.
[INFO] 
[INFO] --- dependency:3.2.0:build-classpath (build-classpath) @ Spectra ---
[INFO] Skipped writing classpath file '/Users/mac/Documents/RA/SPECTRA/target/classpath.txt'.  No changes found.
[INFO] 
[INFO] --- resources:3.3.1:testResources (default-testResources) @ Spectra ---
[WARNING] Using platform encoding (UTF-8 actually) to copy filtered resources, i.e. build is platform dependent!
[INFO] Copying 1 resource from src/test/resources to target/test-classes
[INFO] 
[INFO] --- compiler:3.13.0:testCompile (default-testCompile) @ Spectra ---
[INFO] Nothing to compile - all classes are up to date.
[INFO] 
[INFO] --- surefire:3.2.5:test (default-test) @ Spectra ---
[INFO] Using auto detected provider org.apache.maven.surefire.junit4.JUnit4Provider
[INFO] 
[INFO] -------------------------------------------------------
[INFO]  T E S T S
[INFO] -------------------------------------------------------
[INFO] Running ca.concordia.ptidej.spectra.example.TestPtidejPomCore
Complete Classpath:/Users/mac/.m2/repository/org/noureddine/joularjx/3.0.1/joularjx-3.0.1.jar:/Users/mac/.m2/repository/org/apache/commons/commons-csv/1.14.0/commons-csv-1.14.0.jar:/Users/mac/.m2/repository/commons-io/commons-io/2.18.0/commons-io-2.18.0.jar:/Users/mac/.m2/repository/commons-codec/commons-codec/1.18.0/commons-codec-1.18.0.jar:/Users/mac/.m2/repository/org/apache/poi/poi/5.2.3/poi-5.2.3.jar:/Users/mac/.m2/repository/org/apache/commons/commons-collections4/4.4/commons-collections4-4.4.jar:/Users/mac/.m2/repository/org/apache/commons/commons-math3/3.6.1/commons-math3-3.6.1.jar:/Users/mac/.m2/repository/com/zaxxer/SparseBitSet/1.2/SparseBitSet-1.2.jar:/Users/mac/.m2/repository/org/apache/logging/log4j/log4j-api/2.18.0/log4j-api-2.18.0.jar:/Users/mac/.m2/repository/org/apache/poi/poi-ooxml/5.2.3/poi-ooxml-5.2.3.jar:/Users/mac/.m2/repository/org/apache/poi/poi-ooxml-lite/5.2.3/poi-ooxml-lite-5.2.3.jar:/Users/mac/.m2/repository/com/github/virtuald/curvesapi/1.07/curvesapi-1.07.jar:/Users/mac/.m2/repository/org/apache/xmlbeans/xmlbeans/5.2.0/xmlbeans-5.2.0.jar:/Users/mac/.m2/repository/org/apache/commons/commons-compress/1.21/commons-compress-1.21.jar:/Users/mac/.m2/repository/org/apache/poi/poi-ooxml-schemas/4.1.2/poi-ooxml-schemas-4.1.2.jar:/Users/mac/.m2/repository/org/apache/bcel/bcel/6.10.0/bcel-6.10.0.jar:/Users/mac/.m2/repository/org/apache/commons/commons-lang3/3.14.0/commons-lang3-3.14.0.jar:/Users/mac/.m2/repository/org/aspectj/aspectjtools/1.6.2/aspectjtools-1.6.2.jar:/Users/mac/.m2/repository/com/github/javaparser/javaparser-core/3.25.0/javaparser-core-3.25.0.jar:/Users/mac/.m2/repository/junit/junit/4.13.2/junit-4.13.2.jar:/Users/mac/.m2/repository/org/hamcrest/hamcrest-core/1.3/hamcrest-core-1.3.jar:/Users/mac/.m2/repository/com/jprofiler/jprofiler-controller/14.0/jprofiler-controller-14.0.jar:/Users/mac/.m2/repository/com/jprofiler/jprofiler-mbean/14.0/jprofiler-mbean-14.0.jar:/Users/mac/.m2/repository/net/ptidej/pom/pom-core/1.0.0/pom-core-1.0.0.jar:/Users/mac/.m2/repository/net/ptidej/cpl/cpl-core/1.0.0/cpl-core-1.0.0.jar:/Users/mac/.m2/repository/org/apache/logging/log4j/log4j-core/2.19.0/log4j-core-2.19.0.jar:/Users/mac/.m2/repository/com/ibm/toad/cfparse/1.0/cfparse-1.0.jar:/Users/mac/.m2/repository/net/ptidej/padl/padl-core/1.0.0/padl-core-1.0.0.jar:/Users/mac/.m2/repository/net/ptidej/padl/padl-statements/1.0.0/padl-statements-1.0.0.jar:/Users/mac/.m2/repository/net/ptidej/padl/padl-generator/1.0.0/padl-generator-1.0.0.jar:/Users/mac/.m2/repository/net/ptidej/padl/padl-analyses/1.0.0/padl-analyses-1.0.0.jar:/Users/mac/.m2/repository/net/ptidej/padl/padl-design-motifs/1.0.0/padl-design-motifs-1.0.0.jar:/Users/mac/.m2/repository/net/sourceforget/plantUML/plantUML/1.0/plantUML-1.0.jar:/Users/mac/.m2/repository/net/ptidej/padl/padl-creator-classfile/1.0.0/padl-creator-classfile-1.0.0.jar:/Users/mac/.m2/repository/net/ptidej/padl/padl-creator-cpp-antlr/1.0.0/padl-creator-cpp-antlr-1.0.0.jar:/Users/mac/.m2/repository/net/java/dev/javacc/javacc/7.0.12/javacc-7.0.12.jar:/Users/mac/.m2/repository/net/ptidej/padl/padl-creator-aol/1.0.0/padl-creator-aol-1.0.0.jar:/Users/mac/.m2/repository/net/ptidej/padl/padl-creator-csharp-v1/1.0.0/padl-creator-csharp-v1-1.0.0.jar:/Users/mac/.m2/repository/org/antlr/antlr-runtime/3.5.3/antlr-runtime-3.5.3.jar:/Users/mac/.m2/repository/net/ptidej/padl/padl-creator-csharp-v2/1.0.0/padl-creator-csharp-v2-1.0.0.jar:/Users/mac/.m2/repository/net/ptidej/padl/padl-creator-javafile-eclipse/1.0.0/padl-creator-javafile-eclipse-1.0.0.jar:/Users/mac/.m2/repository/net/ptidej/padl/padl-creator-javafile-eclipse-parser/1.0.0/padl-creator-javafile-eclipse-parser-1.0.0.jar:/Users/mac/.m2/repository/org/eclipse/jdt/org.eclipse.jdt.core/3.34.0/org.eclipse.jdt.core-3.34.0.jar:/Users/mac/.m2/repository/org/eclipse/platform/org.eclipse.core.filesystem/1.10.0/org.eclipse.core.filesystem-1.10.0.jar:/Users/mac/.m2/repository/org/eclipse/platform/org.eclipse.text/3.13.0/org.eclipse.text-3.13.0.jar:/Users/mac/.m2/repository/org/eclipse/platform/org.eclipse.core.commands/3.11.0/org.eclipse.core.commands-3.11.0.jar:/Users/mac/.m2/repository/org/eclipse/jdt/ecj/3.34.0/ecj-3.34.0.jar:/Users/mac/.m2/repository/org/eclipse/platform/org.eclipse.core.runtime/3.27.0/org.eclipse.core.runtime-3.27.0.jar:/Users/mac/.m2/repository/org/eclipse/platform/org.eclipse.equinox.common/3.18.0/org.eclipse.equinox.common-3.18.0.jar:/Users/mac/.m2/repository/org/eclipse/platform/org.eclipse.core.jobs/3.14.0/org.eclipse.core.jobs-3.14.0.jar:/Users/mac/.m2/repository/org/eclipse/platform/org.eclipse.equinox.registry/3.11.200/org.eclipse.equinox.registry-3.11.200.jar:/Users/mac/.m2/repository/org/eclipse/platform/org.eclipse.equinox.preferences/3.10.200/org.eclipse.equinox.preferences-3.10.200.jar:/Users/mac/.m2/repository/org/osgi/org.osgi.service.prefs/1.1.2/org.osgi.service.prefs-1.1.2.jar:/Users/mac/.m2/repository/org/osgi/osgi.annotation/8.0.1/osgi.annotation-8.0.1.jar:/Users/mac/.m2/repository/org/eclipse/platform/org.eclipse.core.contenttype/3.9.0/org.eclipse.core.contenttype-3.9.0.jar:/Users/mac/.m2/repository/org/eclipse/platform/org.eclipse.equinox.app/1.6.200/org.eclipse.equinox.app-1.6.200.jar:/Users/mac/.m2/repository/org/eclipse/platform/org.eclipse.core.resources/3.19.0/org.eclipse.core.resources-3.19.0.jar:/Users/mac/.m2/repository/org/eclipse/platform/org.eclipse.core.expressions/3.9.0/org.eclipse.core.expressions-3.9.0.jar:/Users/mac/.m2/repository/net/ptidej/padl/padl-creator-javafile-javac/1.0.0/padl-creator-javafile-javac-1.0.0.jar:/Users/mac/.m2/repository/net/ptidej/padl/padl-creator-javafile-javac-parser/1.0.0/padl-creator-javafile-javac-parser-1.0.0.jar:/Users/mac/.m2/repository/net/ptidej/padl/padl-creator-mse/1.0.0/padl-creator-mse-1.0.0.jar:/Users/mac/.m2/repository/net/ptidej/padl/padl-statements-creator-aol/1.0.0/padl-statements-creator-aol-1.0.0.jar:/Users/mac/.m2/repository/net/ptidej/padl/padl-statements-creator-classfile/1.0.0/padl-statements-creator-classfile-1.0.0.jar:/Users/mac/.m2/repository/net/ptidej/padl/padl-creator-aspectj/1.0.0/padl-creator-aspectj-1.0.0.jar:/Users/mac/.m2/repository/net/ptidej/pom/pom-core/1.0.0/pom-core-1.0.0-tests.jar:/Users/mac/Documents/RA/SPECTRA/target/test-classes:/Users/mac/Documents/RA/SPECTRA/target/classes
=== PHASE 1: JProfiler Profiling ===
Step 1: Launching JVM in suspended mode with JProfiler...
Command: [/Users/mac/Library/Java/JavaVirtualMachines/openjdk-25/Contents/Home/bin/java, -agentpath:/Applications/JProfiler.app/Contents/Resources/app/bin/macos/libjprofilerti.jnilib=port=8849,saveonexit=true,config=/Users/mac/Documents/RA/SPECTRA/src/main/resources/jprofiler_config.xml, -cp, /Users/mac/.m2/repository/org/noureddine/joularjx/3.0.1/joularjx-3.0.1.jar:/Users/mac/.m2/repository/org/apache/commons/commons-csv/1.14.0/commons-csv-1.14.0.jar:/Users/mac/.m2/repository/commons-io/commons-io/2.18.0/commons-io-2.18.0.jar:/Users/mac/.m2/repository/commons-codec/commons-codec/1.18.0/commons-codec-1.18.0.jar:/Users/mac/.m2/repository/org/apache/poi/poi/5.2.3/poi-5.2.3.jar:/Users/mac/.m2/repository/org/apache/commons/commons-collections4/4.4/commons-collections4-4.4.jar:/Users/mac/.m2/repository/org/apache/commons/commons-math3/3.6.1/commons-math3-3.6.1.jar:/Users/mac/.m2/repository/com/zaxxer/SparseBitSet/1.2/SparseBitSet-1.2.jar:/Users/mac/.m2/repository/org/apache/logging/log4j/log4j-api/2.18.0/log4j-api-2.18.0.jar:/Users/mac/.m2/repository/org/apache/poi/poi-ooxml/5.2.3/poi-ooxml-5.2.3.jar:/Users/mac/.m2/repository/org/apache/poi/poi-ooxml-lite/5.2.3/poi-ooxml-lite-5.2.3.jar:/Users/mac/.m2/repository/com/github/virtuald/curvesapi/1.07/curvesapi-1.07.jar:/Users/mac/.m2/repository/org/apache/xmlbeans/xmlbeans/5.2.0/xmlbeans-5.2.0.jar:/Users/mac/.m2/repository/org/apache/commons/commons-compress/1.21/commons-compress-1.21.jar:/Users/mac/.m2/repository/org/apache/poi/poi-ooxml-schemas/4.1.2/poi-ooxml-schemas-4.1.2.jar:/Users/mac/.m2/repository/org/apache/bcel/bcel/6.10.0/bcel-6.10.0.jar:/Users/mac/.m2/repository/org/apache/commons/commons-lang3/3.14.0/commons-lang3-3.14.0.jar:/Users/mac/.m2/repository/org/aspectj/aspectjtools/1.6.2/aspectjtools-1.6.2.jar:/Users/mac/.m2/repository/com/github/javaparser/javaparser-core/3.25.0/javaparser-core-3.25.0.jar:/Users/mac/.m2/repository/junit/junit/4.13.2/junit-4.13.2.jar:/Users/mac/.m2/repository/org/hamcrest/hamcrest-core/1.3/hamcrest-core-1.3.jar:/Users/mac/.m2/repository/com/jprofiler/jprofiler-controller/14.0/jprofiler-controller-14.0.jar:/Users/mac/.m2/repository/com/jprofiler/jprofiler-mbean/14.0/jprofiler-mbean-14.0.jar:/Users/mac/.m2/repository/net/ptidej/pom/pom-core/1.0.0/pom-core-1.0.0.jar:/Users/mac/.m2/repository/net/ptidej/cpl/cpl-core/1.0.0/cpl-core-1.0.0.jar:/Users/mac/.m2/repository/org/apache/logging/log4j/log4j-core/2.19.0/log4j-core-2.19.0.jar:/Users/mac/.m2/repository/com/ibm/toad/cfparse/1.0/cfparse-1.0.jar:/Users/mac/.m2/repository/net/ptidej/padl/padl-core/1.0.0/padl-core-1.0.0.jar:/Users/mac/.m2/repository/net/ptidej/padl/padl-statements/1.0.0/padl-statements-1.0.0.jar:/Users/mac/.m2/repository/net/ptidej/padl/padl-generator/1.0.0/padl-generator-1.0.0.jar:/Users/mac/.m2/repository/net/ptidej/padl/padl-analyses/1.0.0/padl-analyses-1.0.0.jar:/Users/mac/.m2/repository/net/ptidej/padl/padl-design-motifs/1.0.0/padl-design-motifs-1.0.0.jar:/Users/mac/.m2/repository/net/sourceforget/plantUML/plantUML/1.0/plantUML-1.0.jar:/Users/mac/.m2/repository/net/ptidej/padl/padl-creator-classfile/1.0.0/padl-creator-classfile-1.0.0.jar:/Users/mac/.m2/repository/net/ptidej/padl/padl-creator-cpp-antlr/1.0.0/padl-creator-cpp-antlr-1.0.0.jar:/Users/mac/.m2/repository/net/java/dev/javacc/javacc/7.0.12/javacc-7.0.12.jar:/Users/mac/.m2/repository/net/ptidej/padl/padl-creator-aol/1.0.0/padl-creator-aol-1.0.0.jar:/Users/mac/.m2/repository/net/ptidej/padl/padl-creator-csharp-v1/1.0.0/padl-creator-csharp-v1-1.0.0.jar:/Users/mac/.m2/repository/org/antlr/antlr-runtime/3.5.3/antlr-runtime-3.5.3.jar:/Users/mac/.m2/repository/net/ptidej/padl/padl-creator-csharp-v2/1.0.0/padl-creator-csharp-v2-1.0.0.jar:/Users/mac/.m2/repository/net/ptidej/padl/padl-creator-javafile-eclipse/1.0.0/padl-creator-javafile-eclipse-1.0.0.jar:/Users/mac/.m2/repository/net/ptidej/padl/padl-creator-javafile-eclipse-parser/1.0.0/padl-creator-javafile-eclipse-parser-1.0.0.jar:/Users/mac/.m2/repository/org/eclipse/jdt/org.eclipse.jdt.core/3.34.0/org.eclipse.jdt.core-3.34.0.jar:/Users/mac/.m2/repository/org/eclipse/platform/org.eclipse.core.filesystem/1.10.0/org.eclipse.core.filesystem-1.10.0.jar:/Users/mac/.m2/repository/org/eclipse/platform/org.eclipse.text/3.13.0/org.eclipse.text-3.13.0.jar:/Users/mac/.m2/repository/org/eclipse/platform/org.eclipse.core.commands/3.11.0/org.eclipse.core.commands-3.11.0.jar:/Users/mac/.m2/repository/org/eclipse/jdt/ecj/3.34.0/ecj-3.34.0.jar:/Users/mac/.m2/repository/org/eclipse/platform/org.eclipse.core.runtime/3.27.0/org.eclipse.core.runtime-3.27.0.jar:/Users/mac/.m2/repository/org/eclipse/platform/org.eclipse.equinox.common/3.18.0/org.eclipse.equinox.common-3.18.0.jar:/Users/mac/.m2/repository/org/eclipse/platform/org.eclipse.core.jobs/3.14.0/org.eclipse.core.jobs-3.14.0.jar:/Users/mac/.m2/repository/org/eclipse/platform/org.eclipse.equinox.registry/3.11.200/org.eclipse.equinox.registry-3.11.200.jar:/Users/mac/.m2/repository/org/eclipse/platform/org.eclipse.equinox.preferences/3.10.200/org.eclipse.equinox.preferences-3.10.200.jar:/Users/mac/.m2/repository/org/osgi/org.osgi.service.prefs/1.1.2/org.osgi.service.prefs-1.1.2.jar:/Users/mac/.m2/repository/org/osgi/osgi.annotation/8.0.1/osgi.annotation-8.0.1.jar:/Users/mac/.m2/repository/org/eclipse/platform/org.eclipse.core.contenttype/3.9.0/org.eclipse.core.contenttype-3.9.0.jar:/Users/mac/.m2/repository/org/eclipse/platform/org.eclipse.equinox.app/1.6.200/org.eclipse.equinox.app-1.6.200.jar:/Users/mac/.m2/repository/org/eclipse/platform/org.eclipse.core.resources/3.19.0/org.eclipse.core.resources-3.19.0.jar:/Users/mac/.m2/repository/org/eclipse/platform/org.eclipse.core.expressions/3.9.0/org.eclipse.core.expressions-3.9.0.jar:/Users/mac/.m2/repository/net/ptidej/padl/padl-creator-javafile-javac/1.0.0/padl-creator-javafile-javac-1.0.0.jar:/Users/mac/.m2/repository/net/ptidej/padl/padl-creator-javafile-javac-parser/1.0.0/padl-creator-javafile-javac-parser-1.0.0.jar:/Users/mac/.m2/repository/net/ptidej/padl/padl-creator-mse/1.0.0/padl-creator-mse-1.0.0.jar:/Users/mac/.m2/repository/net/ptidej/padl/padl-statements-creator-aol/1.0.0/padl-statements-creator-aol-1.0.0.jar:/Users/mac/.m2/repository/net/ptidej/padl/padl-statements-creator-classfile/1.0.0/padl-statements-creator-classfile-1.0.0.jar:/Users/mac/.m2/repository/net/ptidej/padl/padl-creator-aspectj/1.0.0/padl-creator-aspectj-1.0.0.jar:/Users/mac/.m2/repository/net/ptidej/pom/pom-core/1.0.0/pom-core-1.0.0-tests.jar:/Users/mac/Documents/RA/SPECTRA/target/test-classes:/Users/mac/Documents/RA/SPECTRA/target/classes, -Djdk.attach.allowAttachSelf=true, -agentlib:jdwp=transport=dt_socket,server=y,address=*:5005,suspend=y, org.junit.runner.JUnitCore, pom.test.TestPOM]
Launched JVM in suspended mode with PID: 59365 at directory:../Ptidej/ptidej-Ptidej/POM
Step 2: Checking if JProfiler port is available...
[PROCESS OUT] JProfiler> Protocol version 66
[PROCESS OUT] JProfiler> Java 25 detected.
[PROCESS OUT] JProfiler> Unknown parameter saveonexit=true, ignored.
[PROCESS OUT] JProfiler> Don't wait for frontend to connect.
[PROCESS OUT] JProfiler> 64-bit library
[PROCESS OUT] JProfiler> Using config file /Users/mac/Documents/RA/SPECTRA/src/main/resources/jprofiler_config.xml
[PROCESS OUT] JProfiler> Listening locally on port: 8849.
[PROCESS OUT] JProfiler> Enabling native methods instrumentation.
[PROCESS OUT] JProfiler> Can retransform classes.
[PROCESS OUT] JProfiler> Can retransform any class.
[PROCESS OUT] JProfiler> Native library initialized
[PROCESS OUT] JProfiler> VM initialized
[PROCESS OUT] JProfiler> Retransforming 10 base class files.
[PROCESS OUT] JProfiler> Base classes instrumented.
[PROCESS OUT] JProfiler> Using instrumentation
[PROCESS OUT] JProfiler> Time measurement: elapsed time
[PROCESS OUT] JProfiler> CPU profiling enabled
[PROCESS OUT] Listening for transport dt_socket at address: 5005
Port 8849 is now available
JProfiler port 8849 is available
Step 4: Attaching JPController and starting profiling...
[PROCESS OUT] JProfiler> Listening locally on port: 8849.
Attempting to attach to JDWP at localhost:5005 using connector: com.sun.jdi.SocketAttach
Attached and listening for VMDeath events
Starting profiling recordings via jpcontroller CLI...
Executing: [/Applications/JProfiler.app/Contents/Resources/app/bin/jpcontroller, localhost:8849, -n, startCPURecording, true]
Executing: [/Applications/JProfiler.app/Contents/Resources/app/bin/jpcontroller, localhost:8849, -n, startAllocRecording, true]
Executing: [/Applications/JProfiler.app/Contents/Resources/app/bin/jpcontroller, localhost:8849, -n, startMonitorRecording]
Profiling recordings started (CLI)
Resuming target VM now...
Waiting for profiled JVM to terminate naturally...
[PROCESS OUT] JUnit version 4.13.2
[PROCESS OUT] .Loading class files in: ../POM/target/test-classes/Metric Specific for Java/bin/pom/test/rsc/specific/testCBO/
[PROCESS OUT] Loading from: ../POM/target/test-classes/Metric Specific for Java/bin/pom/test/rsc/specific/testCBO/TestSingleClass.class
[PROCESS OUT] Loading from: ../POM/target/test-classes/Metric Specific for Java/bin/pom/test/rsc/specific/testCBO/TestAPlaneteLeft.class
[PROCESS OUT] Loading from: ../POM/target/test-classes/Metric Specific for Java/bin/pom/test/rsc/specific/testCBO/TestSingleInterface.class
[PROCESS OUT] Loading from: ../POM/target/test-classes/Metric Specific for Java/bin/pom/test/rsc/specific/testCBO/TestDPlaneteLeft.class
[PROCESS OUT] Loading from: ../POM/target/test-classes/Metric Specific for Java/bin/pom/test/rsc/specific/testCBO/TestDSatelliteLeft.class
[PROCESS OUT] Loading from: ../POM/target/test-classes/Metric Specific for Java/bin/pom/test/rsc/specific/testCBO/TestCPlaneteLeft.class
[PROCESS OUT] Loading from: ../POM/target/test-classes/Metric Specific for Java/bin/pom/test/rsc/specific/testCBO/TestDPlaneteRight.class
[PROCESS OUT] Loading from: ../POM/target/test-classes/Metric Specific for Java/bin/pom/test/rsc/specific/testCBO/TestAPlaneteRight.class
[PROCESS OUT] Loading from: ../POM/target/test-classes/Metric Specific for Java/bin/pom/test/rsc/specific/testCBO/TestBPlaneteLeft.class
[PROCESS OUT] Loading from: ../POM/target/test-classes/Metric Specific for Java/bin/pom/test/rsc/specific/testCBO/TestCPlaneteRight.class
[PROCESS OUT] Loading from: ../POM/target/test-classes/Metric Specific for Java/bin/pom/test/rsc/specific/testCBO/TestDSatelliteRight.class
[PROCESS OUT] Loading from: ../POM/target/test-classes/Metric Specific for Java/bin/pom/test/rsc/specific/testCBO/TestBPlaneteRight.class
[PROCESS OUT] util.lang.ConcreteReceiverGuard reports a runtime deprecation: calling method "padl.kernel.impl.CodeLevelModel.create()" from class "pom.test.classfile.specific.TestCache"
[PROCESS OUT] Please use the methods in "padl.generator.helper.ModelGenerator" to obtain code-level models.
[PROCESS OUT] util.repository.impl.FileRepositoryFactory has for running URI: /Users/mac/.m2/repository/net/ptidej/padl/padl-core/1.0.0/padl-core-1.0.0.jar
[PROCESS OUT] util.repository.impl.FileRepositoryFactory is creating a JarFileRepository for: util.repository.impl.JarFileRepository
[PROCESS OUT] util.repository.impl.FileRepositoryFactory has for running URI: /Users/mac/.m2/repository/net/ptidej/padl/padl-core/1.0.0/padl-core-1.0.0.jar
[PROCESS OUT] util.repository.impl.JarFileRepository is the current repository on: /Users/mac/.m2/repository/net/ptidej/padl/padl-core/1.0.0/padl-core-1.0.0.jar
[PROCESS OUT] Loading from: padl/kernel/impl/GenericContainerConstants.class
[PROCESS OUT] Loading from: padl/kernel/impl/ConstituentsRepository.class
[PROCESS OUT] Loading from: padl/kernel/impl/Getter.class
[PROCESS OUT] Loading from: padl/kernel/impl/FieldAccess.class
[PROCESS OUT] Loading from: padl/kernel/impl/AbstractInterface.class
[PROCESS OUT] Loading from: padl/kernel/impl/MethodInvocation$NonConcurrentIterator.class
[PROCESS OUT] (Beware that the classfile of padl.kernel.impl.MethodInvocation$NonConcurrentIterator is incomplete!)
[PROCESS OUT] Loading from: padl/kernel/impl/ContainerAggregation.class
[PROCESS OUT] Loading from: padl/kernel/impl/CodeLevelModel.class
[PROCESS OUT] Loading from: padl/kernel/impl/Constructor.class
[PROCESS OUT] Loading from: padl/kernel/impl/Ghost.class
[PROCESS OUT] Loading from: padl/kernel/impl/AbstractLevelModel.class
[PROCESS OUT] Loading from: padl/kernel/impl/Aggregation.class
[PROCESS OUT] Loading from: padl/kernel/impl/GenericContainerOfTopLevelEntities$ModelListener.class
[PROCESS OUT] (Beware that the classfile of padl.kernel.impl.GenericContainerOfTopLevelEntities$ModelListener is incomplete!)
[PROCESS OUT] Loading from: padl/kernel/impl/IPrivateModelObservable.class
[PROCESS OUT] Loading from: padl/kernel/impl/AbstractGenericContainerOfConstituents$NonConcurrentIterator.class
[PROCESS OUT] (Beware that the classfile of padl.kernel.impl.AbstractGenericContainerOfConstituents$NonConcurrentIterator is incomplete!)
[PROCESS OUT] Loading from: padl/kernel/impl/Parameter.class
[PROCESS OUT] Loading from: padl/kernel/impl/Implementation.class
[PROCESS OUT] Loading from: padl/kernel/impl/AbstractModel.class
[PROCESS OUT] Loading from: padl/kernel/impl/IdiomLevelModel.class
[PROCESS OUT] Loading from: padl/kernel/impl/GenericContainerOfNaturallyOrderedConstituents$NaturalOrderComparator.class
[PROCESS OUT] (Beware that the classfile of padl.kernel.impl.GenericContainerOfNaturallyOrderedConstituents$NaturalOrderComparator is incomplete!)
[PROCESS OUT] Loading from: padl/kernel/impl/MemberClass.class
[PROCESS OUT] Loading from: padl/kernel/impl/Association.class
[PROCESS OUT] Loading from: padl/kernel/impl/GenericContainerOfTopLevelEntities$1.class
[PROCESS OUT] (Beware that the classfile of padl.kernel.impl.GenericContainerOfTopLevelEntities$1 is incomplete!)
[PROCESS OUT] Loading from: padl/kernel/impl/Field.class
[PROCESS OUT] Loading from: padl/kernel/impl/Setter.class
[PROCESS OUT] Loading from: padl/kernel/impl/Element.class
[PROCESS OUT] Loading from: padl/kernel/impl/Method.class
[PROCESS OUT] Loading from: padl/kernel/impl/ContainerComposition.class
[PROCESS OUT] Loading from: padl/kernel/impl/PrimitiveEntity.class
[PROCESS OUT] Loading from: padl/kernel/impl/MemberInterface.class
[PROCESS OUT] Loading from: padl/kernel/impl/Composition.class
[PROCESS OUT] Loading from: padl/kernel/impl/Generalisation.class
[PROCESS OUT] Loading from: padl/kernel/impl/UseRelationship.class
[PROCESS OUT] Loading from: padl/kernel/impl/Creation.class
[PROCESS OUT] Loading from: padl/kernel/impl/Class.class
[PROCESS OUT] Loading from: padl/kernel/impl/AbstractGenericContainerOfConstituents.class
[PROCESS OUT] Loading from: padl/kernel/impl/Package.class
[PROCESS OUT] Loading from: padl/kernel/impl/Interface.class
[PROCESS OUT] Loading from: padl/kernel/impl/AbstractGenericContainerOfConstituents$GenericObservable.class
[PROCESS OUT] (Beware that the classfile of padl.kernel.impl.AbstractGenericContainerOfConstituents$GenericObservable is incomplete!)
[PROCESS OUT] Loading from: padl/kernel/impl/Relationship.class
[PROCESS OUT] Loading from: padl/kernel/impl/Constituent.class
[PROCESS OUT] Loading from: padl/kernel/impl/Specialisation.class
[PROCESS OUT] Loading from: padl/kernel/impl/GenericContainerOfTopLevelEntities.class
[PROCESS OUT] Loading from: padl/kernel/impl/DelegatingMethod.class
[PROCESS OUT] Loading from: padl/kernel/impl/FirstClassEntity.class
[PROCESS OUT] Loading from: padl/kernel/impl/AbstractClass.class
[PROCESS OUT] Loading from: padl/kernel/impl/Operation.class
[PROCESS OUT] Loading from: padl/kernel/impl/MemberGhost.class
[PROCESS OUT] Loading from: padl/kernel/impl/Factory.class
[PROCESS OUT] Loading from: padl/kernel/impl/MethodInvocation.class
[PROCESS OUT] Loading from: padl/kernel/impl/Statement.class
[PROCESS OUT] Loading from: padl/kernel/impl/GenericContainerOfNaturallyOrderedConstituents.class
[PROCESS OUT] Loading from: padl/kernel/impl/PackageDefault.class
[PROCESS OUT] Loading from: padl/kernel/impl/PackageGhost.class
[PROCESS OUT] Loading from: padl/kernel/impl/GenericContainerOfInsertionOrderedConstituents.class
[PROCESS OUT] Loading from: padl/kernel/impl/GenericContainerConstants.class
[PROCESS OUT] Loading from: padl/kernel/impl/ConstituentsRepository.class
[PROCESS OUT] Loading from: padl/kernel/impl/Getter.class
[PROCESS OUT] Loading from: padl/kernel/impl/FieldAccess.class
[PROCESS OUT] Loading from: padl/kernel/impl/AbstractInterface.class
[PROCESS OUT] Loading from: padl/kernel/impl/MethodInvocation$NonConcurrentIterator.class
[PROCESS OUT] (Beware that the classfile of padl.kernel.impl.MethodInvocation$NonConcurrentIterator is incomplete!)
[PROCESS OUT] Loading from: padl/kernel/impl/ContainerAggregation.class
[PROCESS OUT] Loading from: padl/kernel/impl/CodeLevelModel.class
[PROCESS OUT] Loading from: padl/kernel/impl/Constructor.class
[PROCESS OUT] Loading from: padl/kernel/impl/Ghost.class
[PROCESS OUT] Loading from: padl/kernel/impl/AbstractLevelModel.class
[PROCESS OUT] Loading from: padl/kernel/impl/Aggregation.class
[PROCESS OUT] Loading from: padl/kernel/impl/GenericContainerOfTopLevelEntities$ModelListener.class
[PROCESS OUT] (Beware that the classfile of padl.kernel.impl.GenericContainerOfTopLevelEntities$ModelListener is incomplete!)
[PROCESS OUT] Loading from: padl/kernel/impl/IPrivateModelObservable.class
[PROCESS OUT] Loading from: padl/kernel/impl/AbstractGenericContainerOfConstituents$NonConcurrentIterator.class
[PROCESS OUT] (Beware that the classfile of padl.kernel.impl.AbstractGenericContainerOfConstituents$NonConcurrentIterator is incomplete!)
[PROCESS OUT] Loading from: padl/kernel/impl/Parameter.class
[PROCESS OUT] Loading from: padl/kernel/impl/Implementation.class
[PROCESS OUT] Loading from: padl/kernel/impl/AbstractModel.class
[PROCESS OUT] Loading from: padl/kernel/impl/IdiomLevelModel.class
[PROCESS OUT] Loading from: padl/kernel/impl/GenericContainerOfNaturallyOrderedConstituents$NaturalOrderComparator.class
[PROCESS OUT] (Beware that the classfile of padl.kernel.impl.GenericContainerOfNaturallyOrderedConstituents$NaturalOrderComparator is incomplete!)
[PROCESS OUT] Loading from: padl/kernel/impl/MemberClass.class
[PROCESS OUT] Loading from: padl/kernel/impl/Association.class
[PROCESS OUT] Loading from: padl/kernel/impl/GenericContainerOfTopLevelEntities$1.class
[PROCESS OUT] (Beware that the classfile of padl.kernel.impl.GenericContainerOfTopLevelEntities$1 is incomplete!)
[PROCESS OUT] Loading from: padl/kernel/impl/Field.class
[PROCESS OUT] Loading from: padl/kernel/impl/Setter.class
[PROCESS OUT] Loading from: padl/kernel/impl/Element.class
[PROCESS OUT] Loading from: padl/kernel/impl/Method.class
[PROCESS OUT] Loading from: padl/kernel/impl/ContainerComposition.class
[PROCESS OUT] Loading from: padl/kernel/impl/PrimitiveEntity.class
[PROCESS OUT] Loading from: padl/kernel/impl/MemberInterface.class
[PROCESS OUT] Loading from: padl/kernel/impl/Composition.class
[PROCESS OUT] Loading from: padl/kernel/impl/Generalisation.class
[PROCESS OUT] Loading from: padl/kernel/impl/UseRelationship.class
[PROCESS OUT] Loading from: padl/kernel/impl/Creation.class
[PROCESS OUT] Loading from: padl/kernel/impl/Class.class
[PROCESS OUT] Loading from: padl/kernel/impl/AbstractGenericContainerOfConstituents.class
[PROCESS OUT] Loading from: padl/kernel/impl/Package.class
[PROCESS OUT] Loading from: padl/kernel/impl/Interface.class
[PROCESS OUT] Loading from: padl/kernel/impl/AbstractGenericContainerOfConstituents$GenericObservable.class
[PROCESS OUT] (Beware that the classfile of padl.kernel.impl.AbstractGenericContainerOfConstituents$GenericObservable is incomplete!)
[PROCESS OUT] Loading from: padl/kernel/impl/Relationship.class
[PROCESS OUT] Loading from: padl/kernel/impl/Constituent.class
[PROCESS OUT] Loading from: padl/kernel/impl/Specialisation.class
[PROCESS OUT] Loading from: padl/kernel/impl/GenericContainerOfTopLevelEntities.class
[PROCESS OUT] Loading from: padl/kernel/impl/DelegatingMethod.class
[PROCESS OUT] Loading from: padl/kernel/impl/FirstClassEntity.class
[PROCESS OUT] Loading from: padl/kernel/impl/AbstractClass.class
[PROCESS OUT] Loading from: padl/kernel/impl/Operation.class
[PROCESS OUT] Loading from: padl/kernel/impl/MemberGhost.class
[PROCESS OUT] Loading from: padl/kernel/impl/Factory.class
[PROCESS OUT] Loading from: padl/kernel/impl/MethodInvocation.class
[PROCESS OUT] Loading from: padl/kernel/impl/Statement.class
[PROCESS OUT] Loading from: padl/kernel/impl/GenericContainerOfNaturallyOrderedConstituents.class
[PROCESS OUT] Loading from: padl/kernel/impl/PackageDefault.class
[PROCESS OUT] Loading from: padl/kernel/impl/PackageGhost.class
[PROCESS OUT] Loading from: padl/kernel/impl/GenericContainerOfInsertionOrderedConstituents.class
[PROCESS OUT] util.repository.impl.FileRepositoryFactory has for running URI: /Users/mac/.m2/repository/net/ptidej/pom/pom-core/1.0.0/pom-core-1.0.0.jar
[PROCESS OUT] util.repository.impl.FileRepositoryFactory is creating a JarFileRepository for: util.repository.impl.JarFileRepository
[PROCESS OUT] util.repository.impl.FileRepositoryFactory has for running URI: /Users/mac/.m2/repository/net/ptidej/pom/pom-core/1.0.0/pom-core-1.0.0.jar
[PROCESS OUT] util.repository.impl.JarFileRepository is the current repository on: /Users/mac/.m2/repository/net/ptidej/pom/pom-core/1.0.0/pom-core-1.0.0.jar
[PROCESS OUT] Loading from: pom/metrics/repository/oneWayCoupling.class
[PROCESS OUT] Loading from: pom/metrics/repository/LCOM1.class
[PROCESS OUT] Loading from: pom/metrics/repository/SIX.class
[PROCESS OUT] Loading from: pom/metrics/repository/NOD.class
[PROCESS OUT] Loading from: pom/metrics/repository/RTP.class
[PROCESS OUT] Loading from: pom/metrics/repository/USELESS.class
[PROCESS OUT] Loading from: pom/metrics/repository/PIIR.class
[PROCESS OUT] Loading from: pom/metrics/repository/VGsum.class
[PROCESS OUT] Loading from: pom/metrics/repository/NOF.class
[PROCESS OUT] Loading from: pom/metrics/repository/LOC.class
[PROCESS OUT] Loading from: pom/metrics/repository/AbstractMetric.class
[PROCESS OUT] Loading from: pom/metrics/repository/NOPM.class
[PROCESS OUT] Loading from: pom/metrics/repository/FanOut.class
[PROCESS OUT] Loading from: pom/metrics/repository/PP.class
[PROCESS OUT] Loading from: pom/metrics/repository/MOA.class
[PROCESS OUT] Loading from: pom/metrics/repository/McCabe$McCabeComputer.class
[PROCESS OUT] (Beware that the classfile of pom.metrics.repository.McCabe$McCabeComputer is incomplete!)
[PROCESS OUT] Loading from: pom/metrics/repository/NMDExtended.class
[PROCESS OUT] Loading from: pom/metrics/repository/NAD.class
[PROCESS OUT] Loading from: pom/metrics/repository/LCOM5.class
[PROCESS OUT] Loading from: pom/metrics/repository/DCC.class
[PROCESS OUT] Loading from: pom/metrics/repository/NMD.class
[PROCESS OUT] Loading from: pom/metrics/repository/ANA.class
[PROCESS OUT] Loading from: pom/metrics/repository/LCOM2.class
[PROCESS OUT] Loading from: pom/metrics/repository/RPII.class
[PROCESS OUT] Loading from: pom/metrics/repository/REIP.class
[PROCESS OUT] Loading from: pom/metrics/repository/EIC.class
[PROCESS OUT] Loading from: pom/metrics/repository/NMA.class
[PROCESS OUT] Loading from: pom/metrics/repository/DCMEC.class
[PROCESS OUT] Loading from: pom/metrics/repository/NPrM.class
[PROCESS OUT] Loading from: pom/metrics/repository/ACAIC.class
[PROCESS OUT] Loading from: pom/metrics/repository/AbstractLCOM.class
[PROCESS OUT] Loading from: pom/metrics/repository/DSC.class
[PROCESS OUT] Loading from: pom/metrics/repository/RFP.class
[PROCESS OUT] Loading from: pom/metrics/repository/NADExtended.class
[PROCESS OUT] Loading from: pom/metrics/repository/NOA.class
[PROCESS OUT] Loading from: pom/metrics/repository/RFC_New.class
[PROCESS OUT] Loading from: pom/metrics/repository/CIS.class
[PROCESS OUT] Loading from: pom/metrics/repository/CAM.class
[PROCESS OUT] Loading from: pom/metrics/repository/NOC.class
[PROCESS OUT] Loading from: pom/metrics/repository/CLD.class
[PROCESS OUT] Loading from: pom/metrics/repository/NOTI.class
[PROCESS OUT] Loading from: pom/metrics/repository/MLOCsum.class
[PROCESS OUT] Loading from: pom/metrics/repository/WMC1.class
[PROCESS OUT] Loading from: pom/metrics/repository/NMI.class
[PROCESS OUT] Loading from: pom/metrics/repository/EIP.class
[PROCESS OUT] Loading from: pom/metrics/repository/NOM.class
[PROCESS OUT] Loading from: pom/metrics/repository/RFC.class
[PROCESS OUT] Loading from: pom/metrics/repository/RRFP.class
[PROCESS OUT] Loading from: pom/metrics/repository/WMC_New.class
[PROCESS OUT] Loading from: pom/metrics/repository/DIT.class
[PROCESS OUT] Loading from: pom/metrics/repository/NCM.class
[PROCESS OUT] Loading from: pom/metrics/repository/IR.class
[PROCESS OUT] Loading from: pom/metrics/repository/NOTC.class
[PROCESS OUT] Loading from: pom/metrics/repository/WMC.class
[PROCESS OUT] Loading from: pom/metrics/repository/ICHClass.class
[PROCESS OUT] Loading from: pom/metrics/repository/NMO.class
[PROCESS OUT] Loading from: pom/metrics/repository/ACMIC.class
[PROCESS OUT] Loading from: pom/metrics/repository/TLOC.class
[PROCESS OUT] Loading from: pom/metrics/repository/DCAEC.class
[PROCESS OUT] Loading from: pom/metrics/repository/NCP.class
[PROCESS OUT] Loading from: pom/metrics/repository/NOP.class
[PROCESS OUT] Loading from: pom/metrics/repository/MFA.class
[PROCESS OUT] Loading from: pom/metrics/repository/CBO.class
[PROCESS OUT] Loading from: pom/metrics/repository/RRTP.class
[PROCESS OUT] Loading from: pom/metrics/repository/connectivity.class
[PROCESS OUT] Loading from: pom/metrics/repository/CBOout.class
[PROCESS OUT] Loading from: pom/metrics/repository/TestCaseLOC.class
[PROCESS OUT] Loading from: pom/metrics/repository/cohesionAttributes.class
[PROCESS OUT] Loading from: pom/metrics/repository/CP.class
[PROCESS OUT] Loading from: pom/metrics/repository/AID.class
[PROCESS OUT] Loading from: pom/metrics/repository/DAM.class
[PROCESS OUT] Loading from: pom/metrics/repository/NOParam.class
[PROCESS OUT] Loading from: pom/metrics/repository/McCabe.class
[PROCESS OUT] Loading from: pom/metrics/repository/CBOin.class
[PROCESS OUT] Loading from: pom/metrics/repository/NOH.class
[PROCESS OUT] Loading from: pom/metrics/repository/VGsum$McCabeComputer.class
[PROCESS OUT] (Beware that the classfile of pom.metrics.repository.VGsum$McCabeComputer is incomplete!)
[PROCESS OUT] util.lang.ConcreteReceiverGuard reports a runtime deprecation: calling method "pom.metrics.repository.ACAIC.<init>()" from class "jdk.internal.reflect.DirectConstructorHandleAccessor"
[PROCESS OUT] Please do not instantiate metrics directly to allow efficient caching, use the methods of "pom.metrics.MetricsRepository" to obtain metric instances.
[PROCESS OUT] util.lang.ConcreteReceiverGuard reports a runtime deprecation: calling method "pom.metrics.repository.ACMIC.<init>()" from class "jdk.internal.reflect.DirectConstructorHandleAccessor"
[PROCESS OUT] Please do not instantiate metrics directly to allow efficient caching, use the methods of "pom.metrics.MetricsRepository" to obtain metric instances.
[PROCESS OUT] util.lang.ConcreteReceiverGuard reports a runtime deprecation: calling method "pom.metrics.repository.AID.<init>()" from class "jdk.internal.reflect.DirectConstructorHandleAccessor"
[PROCESS OUT] Please do not instantiate metrics directly to allow efficient caching, use the methods of "pom.metrics.MetricsRepository" to obtain metric instances.
[PROCESS OUT] util.lang.ConcreteReceiverGuard reports a runtime deprecation: calling method "pom.metrics.repository.ANA.<init>()" from class "jdk.internal.reflect.DirectConstructorHandleAccessor"
[PROCESS OUT] Please do not instantiate metrics directly to allow efficient caching, use the methods of "pom.metrics.MetricsRepository" to obtain metric instances.
[PROCESS OUT] util.lang.ConcreteReceiverGuard reports a runtime deprecation: calling method "pom.metrics.repository.CAM.<init>()" from class "jdk.internal.reflect.DirectConstructorHandleAccessor"
[PROCESS OUT] Please do not instantiate metrics directly to allow efficient caching, use the methods of "pom.metrics.MetricsRepository" to obtain metric instances.
[PROCESS OUT] util.lang.ConcreteReceiverGuard reports a runtime deprecation: calling method "pom.metrics.repository.CBO.<init>()" from class "jdk.internal.reflect.DirectConstructorHandleAccessor"
[PROCESS OUT] Please do not instantiate metrics directly to allow efficient caching, use the methods of "pom.metrics.MetricsRepository" to obtain metric instances.
[PROCESS OUT] util.lang.ConcreteReceiverGuard reports a runtime deprecation: calling method "pom.metrics.repository.CBOin.<init>()" from class "jdk.internal.reflect.DirectConstructorHandleAccessor"
[PROCESS OUT] Please do not instantiate metrics directly to allow efficient caching, use the methods of "pom.metrics.MetricsRepository" to obtain metric instances.
[PROCESS OUT] util.lang.ConcreteReceiverGuard reports a runtime deprecation: calling method "pom.metrics.repository.CBOout.<init>()" from class "jdk.internal.reflect.DirectConstructorHandleAccessor"
[PROCESS OUT] Please do not instantiate metrics directly to allow efficient caching, use the methods of "pom.metrics.MetricsRepository" to obtain metric instances.
[PROCESS OUT] util.lang.ConcreteReceiverGuard reports a runtime deprecation: calling method "pom.metrics.repository.CIS.<init>()" from class "jdk.internal.reflect.DirectConstructorHandleAccessor"
[PROCESS OUT] Please do not instantiate metrics directly to allow efficient caching, use the methods of "pom.metrics.MetricsRepository" to obtain metric instances.
[PROCESS OUT] util.lang.ConcreteReceiverGuard reports a runtime deprecation: calling method "pom.metrics.repository.CLD.<init>()" from class "jdk.internal.reflect.DirectConstructorHandleAccessor"
[PROCESS OUT] Please do not instantiate metrics directly to allow efficient caching, use the methods of "pom.metrics.MetricsRepository" to obtain metric instances.
[PROCESS OUT] util.lang.ConcreteReceiverGuard reports a runtime deprecation: calling method "pom.metrics.repository.CP.<init>()" from class "jdk.internal.reflect.DirectConstructorHandleAccessor"
[PROCESS OUT] Please do not instantiate metrics directly to allow efficient caching, use the methods of "pom.metrics.MetricsRepository" to obtain metric instances.
[PROCESS OUT] util.lang.ConcreteReceiverGuard reports a runtime deprecation: calling method "pom.metrics.repository.DAM.<init>()" from class "jdk.internal.reflect.DirectConstructorHandleAccessor"
[PROCESS OUT] Please do not instantiate metrics directly to allow efficient caching, use the methods of "pom.metrics.MetricsRepository" to obtain metric instances.
[PROCESS OUT] util.lang.ConcreteReceiverGuard reports a runtime deprecation: calling method "pom.metrics.repository.DCAEC.<init>()" from class "jdk.internal.reflect.DirectConstructorHandleAccessor"
[PROCESS OUT] Please do not instantiate metrics directly to allow efficient caching, use the methods of "pom.metrics.MetricsRepository" to obtain metric instances.
[PROCESS OUT] util.lang.ConcreteReceiverGuard reports a runtime deprecation: calling method "pom.metrics.repository.DCC.<init>()" from class "jdk.internal.reflect.DirectConstructorHandleAccessor"
[PROCESS OUT] Please do not instantiate metrics directly to allow efficient caching, use the methods of "pom.metrics.MetricsRepository" to obtain metric instances.
[PROCESS OUT] util.lang.ConcreteReceiverGuard reports a runtime deprecation: calling method "pom.metrics.repository.DCMEC.<init>()" from class "jdk.internal.reflect.DirectConstructorHandleAccessor"
[PROCESS OUT] Please do not instantiate metrics directly to allow efficient caching, use the methods of "pom.metrics.MetricsRepository" to obtain metric instances.
[PROCESS OUT] util.lang.ConcreteReceiverGuard reports a runtime deprecation: calling method "pom.metrics.repository.DIT.<init>()" from class "jdk.internal.reflect.DirectConstructorHandleAccessor"
[PROCESS OUT] Please do not instantiate metrics directly to allow efficient caching, use the methods of "pom.metrics.MetricsRepository" to obtain metric instances.
[PROCESS OUT] util.lang.ConcreteReceiverGuard reports a runtime deprecation: calling method "pom.metrics.repository.DSC.<init>()" from class "jdk.internal.reflect.DirectConstructorHandleAccessor"
[PROCESS OUT] Please do not instantiate metrics directly to allow efficient caching, use the methods of "pom.metrics.MetricsRepository" to obtain metric instances.
[PROCESS OUT] util.lang.ConcreteReceiverGuard reports a runtime deprecation: calling method "pom.metrics.repository.EIC.<init>()" from class "jdk.internal.reflect.DirectConstructorHandleAccessor"
[PROCESS OUT] Please do not instantiate metrics directly to allow efficient caching, use the methods of "pom.metrics.MetricsRepository" to obtain metric instances.
[PROCESS OUT] util.lang.ConcreteReceiverGuard reports a runtime deprecation: calling method "pom.metrics.repository.EIP.<init>()" from class "jdk.internal.reflect.DirectConstructorHandleAccessor"
[PROCESS OUT] Please do not instantiate metrics directly to allow efficient caching, use the methods of "pom.metrics.MetricsRepository" to obtain metric instances.
[PROCESS OUT] util.lang.ConcreteReceiverGuard reports a runtime deprecation: calling method "pom.metrics.repository.FanOut.<init>()" from class "jdk.internal.reflect.DirectConstructorHandleAccessor"
[PROCESS OUT] Please do not instantiate metrics directly to allow efficient caching, use the methods of "pom.metrics.MetricsRepository" to obtain metric instances.
[PROCESS OUT] util.lang.ConcreteReceiverGuard reports a runtime deprecation: calling method "pom.metrics.repository.ICHClass.<init>()" from class "jdk.internal.reflect.DirectConstructorHandleAccessor"
[PROCESS OUT] Please do not instantiate metrics directly to allow efficient caching, use the methods of "pom.metrics.MetricsRepository" to obtain metric instances.
[PROCESS OUT] util.lang.ConcreteReceiverGuard reports a runtime deprecation: calling method "pom.metrics.repository.IR.<init>()" from class "jdk.internal.reflect.DirectConstructorHandleAccessor"
[PROCESS OUT] Please do not instantiate metrics directly to allow efficient caching, use the methods of "pom.metrics.MetricsRepository" to obtain metric instances.
[PROCESS OUT] util.lang.ConcreteReceiverGuard reports a runtime deprecation: calling method "pom.metrics.repository.LCOM1.<init>()" from class "jdk.internal.reflect.DirectConstructorHandleAccessor"
[PROCESS OUT] Please do not instantiate metrics directly to allow efficient caching, use the methods of "pom.metrics.MetricsRepository" to obtain metric instances.
[PROCESS OUT] util.lang.ConcreteReceiverGuard reports a runtime deprecation: calling method "pom.metrics.repository.LCOM2.<init>()" from class "jdk.internal.reflect.DirectConstructorHandleAccessor"
[PROCESS OUT] Please do not instantiate metrics directly to allow efficient caching, use the methods of "pom.metrics.MetricsRepository" to obtain metric instances.
[PROCESS OUT] util.lang.ConcreteReceiverGuard reports a runtime deprecation: calling method "pom.metrics.repository.LCOM5.<init>()" from class "jdk.internal.reflect.DirectConstructorHandleAccessor"
[PROCESS OUT] Please do not instantiate metrics directly to allow efficient caching, use the methods of "pom.metrics.MetricsRepository" to obtain metric instances.
[PROCESS OUT] util.lang.ConcreteReceiverGuard reports a runtime deprecation: calling method "pom.metrics.repository.LOC.<init>()" from class "jdk.internal.reflect.DirectConstructorHandleAccessor"
[PROCESS OUT] Please do not instantiate metrics directly to allow efficient caching, use the methods of "pom.metrics.MetricsRepository" to obtain metric instances.
[PROCESS OUT] util.lang.ConcreteReceiverGuard reports a runtime deprecation: calling method "pom.metrics.repository.MFA.<init>()" from class "jdk.internal.reflect.DirectConstructorHandleAccessor"
[PROCESS OUT] Please do not instantiate metrics directly to allow efficient caching, use the methods of "pom.metrics.MetricsRepository" to obtain metric instances.
[PROCESS OUT] util.lang.ConcreteReceiverGuard reports a runtime deprecation: calling method "pom.metrics.repository.MLOCsum.<init>()" from class "jdk.internal.reflect.DirectConstructorHandleAccessor"
[PROCESS OUT] Please do not instantiate metrics directly to allow efficient caching, use the methods of "pom.metrics.MetricsRepository" to obtain metric instances.
[PROCESS OUT] util.lang.ConcreteReceiverGuard reports a runtime deprecation: calling method "pom.metrics.repository.MOA.<init>()" from class "jdk.internal.reflect.DirectConstructorHandleAccessor"
[PROCESS OUT] Please do not instantiate metrics directly to allow efficient caching, use the methods of "pom.metrics.MetricsRepository" to obtain metric instances.
[PROCESS OUT] util.lang.ConcreteReceiverGuard reports a runtime deprecation: calling method "pom.metrics.repository.McCabe.<init>()" from class "jdk.internal.reflect.DirectConstructorHandleAccessor"
[PROCESS OUT] Please do not instantiate metrics directly to allow efficient caching, use the methods of "pom.metrics.MetricsRepository" to obtain metric instances.
[PROCESS OUT] util.lang.ConcreteReceiverGuard reports a runtime deprecation: calling method "pom.metrics.repository.NAD.<init>()" from class "jdk.internal.reflect.DirectConstructorHandleAccessor"
[PROCESS OUT] Please do not instantiate metrics directly to allow efficient caching, use the methods of "pom.metrics.MetricsRepository" to obtain metric instances.
[PROCESS OUT] util.lang.ConcreteReceiverGuard reports a runtime deprecation: calling method "pom.metrics.repository.NADExtended.<init>()" from class "jdk.internal.reflect.DirectConstructorHandleAccessor"
[PROCESS OUT] Please do not instantiate metrics directly to allow efficient caching, use the methods of "pom.metrics.MetricsRepository" to obtain metric instances.
[PROCESS OUT] util.lang.ConcreteReceiverGuard reports a runtime deprecation: calling method "pom.metrics.repository.NCM.<init>()" from class "jdk.internal.reflect.DirectConstructorHandleAccessor"
[PROCESS OUT] Please do not instantiate metrics directly to allow efficient caching, use the methods of "pom.metrics.MetricsRepository" to obtain metric instances.
[PROCESS OUT] util.lang.ConcreteReceiverGuard reports a runtime deprecation: calling method "pom.metrics.repository.NCP.<init>()" from class "jdk.internal.reflect.DirectConstructorHandleAccessor"
[PROCESS OUT] Please do not instantiate metrics directly to allow efficient caching, use the methods of "pom.metrics.MetricsRepository" to obtain metric instances.
[PROCESS OUT] util.lang.ConcreteReceiverGuard reports a runtime deprecation: calling method "pom.metrics.repository.NMA.<init>()" from class "jdk.internal.reflect.DirectConstructorHandleAccessor"
[PROCESS OUT] Please do not instantiate metrics directly to allow efficient caching, use the methods of "pom.metrics.MetricsRepository" to obtain metric instances.
[PROCESS OUT] util.lang.ConcreteReceiverGuard reports a runtime deprecation: calling method "pom.metrics.repository.NMD.<init>()" from class "jdk.internal.reflect.DirectConstructorHandleAccessor"
[PROCESS OUT] Please do not instantiate metrics directly to allow efficient caching, use the methods of "pom.metrics.MetricsRepository" to obtain metric instances.
[PROCESS OUT] util.lang.ConcreteReceiverGuard reports a runtime deprecation: calling method "pom.metrics.repository.NMDExtended.<init>()" from class "jdk.internal.reflect.DirectConstructorHandleAccessor"
[PROCESS OUT] Please do not instantiate metrics directly to allow efficient caching, use the methods of "pom.metrics.MetricsRepository" to obtain metric instances.
[PROCESS OUT] util.lang.ConcreteReceiverGuard reports a runtime deprecation: calling method "pom.metrics.repository.NMI.<init>()" from class "jdk.internal.reflect.DirectConstructorHandleAccessor"
[PROCESS OUT] Please do not instantiate metrics directly to allow efficient caching, use the methods of "pom.metrics.MetricsRepository" to obtain metric instances.
[PROCESS OUT] util.lang.ConcreteReceiverGuard reports a runtime deprecation: calling method "pom.metrics.repository.NMO.<init>()" from class "jdk.internal.reflect.DirectConstructorHandleAccessor"
[PROCESS OUT] Please do not instantiate metrics directly to allow efficient caching, use the methods of "pom.metrics.MetricsRepository" to obtain metric instances.
[PROCESS OUT] util.lang.ConcreteReceiverGuard reports a runtime deprecation: calling method "pom.metrics.repository.NOA.<init>()" from class "jdk.internal.reflect.DirectConstructorHandleAccessor"
[PROCESS OUT] Please do not instantiate metrics directly to allow efficient caching, use the methods of "pom.metrics.MetricsRepository" to obtain metric instances.
[PROCESS OUT] util.lang.ConcreteReceiverGuard reports a runtime deprecation: calling method "pom.metrics.repository.NOC.<init>()" from class "jdk.internal.reflect.DirectConstructorHandleAccessor"
[PROCESS OUT] Please do not instantiate metrics directly to allow efficient caching, use the methods of "pom.metrics.MetricsRepository" to obtain metric instances.
[PROCESS OUT] util.lang.ConcreteReceiverGuard reports a runtime deprecation: calling method "pom.metrics.repository.NOD.<init>()" from class "jdk.internal.reflect.DirectConstructorHandleAccessor"
[PROCESS OUT] Please do not instantiate metrics directly to allow efficient caching, use the methods of "pom.metrics.MetricsRepository" to obtain metric instances.
[PROCESS OUT] util.lang.ConcreteReceiverGuard reports a runtime deprecation: calling method "pom.metrics.repository.NOF.<init>()" from class "jdk.internal.reflect.DirectConstructorHandleAccessor"
[PROCESS OUT] Please do not instantiate metrics directly to allow efficient caching, use the methods of "pom.metrics.MetricsRepository" to obtain metric instances.
[PROCESS OUT] util.lang.ConcreteReceiverGuard reports a runtime deprecation: calling method "pom.metrics.repository.NOH.<init>()" from class "jdk.internal.reflect.DirectConstructorHandleAccessor"
[PROCESS OUT] Please do not instantiate metrics directly to allow efficient caching, use the methods of "pom.metrics.MetricsRepository" to obtain metric instances.
[PROCESS OUT] util.lang.ConcreteReceiverGuard reports a runtime deprecation: calling method "pom.metrics.repository.NOM.<init>()" from class "jdk.internal.reflect.DirectConstructorHandleAccessor"
[PROCESS OUT] Please do not instantiate metrics directly to allow efficient caching, use the methods of "pom.metrics.MetricsRepository" to obtain metric instances.
[PROCESS OUT] util.lang.ConcreteReceiverGuard reports a runtime deprecation: calling method "pom.metrics.repository.NOP.<init>()" from class "jdk.internal.reflect.DirectConstructorHandleAccessor"
[PROCESS OUT] Please do not instantiate metrics directly to allow efficient caching, use the methods of "pom.metrics.MetricsRepository" to obtain metric instances.
[PROCESS OUT] util.lang.ConcreteReceiverGuard reports a runtime deprecation: calling method "pom.metrics.repository.NOPM.<init>()" from class "jdk.internal.reflect.DirectConstructorHandleAccessor"
[PROCESS OUT] Please do not instantiate metrics directly to allow efficient caching, use the methods of "pom.metrics.MetricsRepository" to obtain metric instances.
[PROCESS OUT] util.lang.ConcreteReceiverGuard reports a runtime deprecation: calling method "pom.metrics.repository.NOParam.<init>()" from class "jdk.internal.reflect.DirectConstructorHandleAccessor"
[PROCESS OUT] Please do not instantiate metrics directly to allow efficient caching, use the methods of "pom.metrics.MetricsRepository" to obtain metric instances.
[PROCESS OUT] util.lang.ConcreteReceiverGuard reports a runtime deprecation: calling method "pom.metrics.repository.NOTC.<init>()" from class "jdk.internal.reflect.DirectConstructorHandleAccessor"
[PROCESS OUT] Please do not instantiate metrics directly to allow efficient caching, use the methods of "pom.metrics.MetricsRepository" to obtain metric instances.
[PROCESS OUT] util.lang.ConcreteReceiverGuard reports a runtime deprecation: calling method "pom.metrics.repository.NOTI.<init>()" from class "jdk.internal.reflect.DirectConstructorHandleAccessor"
[PROCESS OUT] Please do not instantiate metrics directly to allow efficient caching, use the methods of "pom.metrics.MetricsRepository" to obtain metric instances.
[PROCESS OUT] util.lang.ConcreteReceiverGuard reports a runtime deprecation: calling method "pom.metrics.repository.NPrM.<init>()" from class "jdk.internal.reflect.DirectConstructorHandleAccessor"
[PROCESS OUT] Please do not instantiate metrics directly to allow efficient caching, use the methods of "pom.metrics.MetricsRepository" to obtain metric instances.
[PROCESS OUT] util.lang.ConcreteReceiverGuard reports a runtime deprecation: calling method "pom.metrics.repository.PIIR.<init>()" from class "jdk.internal.reflect.DirectConstructorHandleAccessor"
[PROCESS OUT] Please do not instantiate metrics directly to allow efficient caching, use the methods of "pom.metrics.MetricsRepository" to obtain metric instances.
[PROCESS OUT] util.lang.ConcreteReceiverGuard reports a runtime deprecation: calling method "pom.metrics.repository.PP.<init>()" from class "jdk.internal.reflect.DirectConstructorHandleAccessor"
[PROCESS OUT] Please do not instantiate metrics directly to allow efficient caching, use the methods of "pom.metrics.MetricsRepository" to obtain metric instances.
[PROCESS OUT] util.lang.ConcreteReceiverGuard reports a runtime deprecation: calling method "pom.metrics.repository.REIP.<init>()" from class "jdk.internal.reflect.DirectConstructorHandleAccessor"
[PROCESS OUT] Please do not instantiate metrics directly to allow efficient caching, use the methods of "pom.metrics.MetricsRepository" to obtain metric instances.
[PROCESS OUT] util.lang.ConcreteReceiverGuard reports a runtime deprecation: calling method "pom.metrics.repository.RFC.<init>()" from class "jdk.internal.reflect.DirectConstructorHandleAccessor"
[PROCESS OUT] Please do not instantiate metrics directly to allow efficient caching, use the methods of "pom.metrics.MetricsRepository" to obtain metric instances.
[PROCESS OUT] util.lang.ConcreteReceiverGuard reports a runtime deprecation: calling method "pom.metrics.repository.RFC_New.<init>()" from class "jdk.internal.reflect.DirectConstructorHandleAccessor"
[PROCESS OUT] Please do not instantiate metrics directly to allow efficient caching, use the methods of "pom.metrics.MetricsRepository" to obtain metric instances.
[PROCESS OUT] util.lang.ConcreteReceiverGuard reports a runtime deprecation: calling method "pom.metrics.repository.RFP.<init>()" from class "jdk.internal.reflect.DirectConstructorHandleAccessor"
[PROCESS OUT] Please do not instantiate metrics directly to allow efficient caching, use the methods of "pom.metrics.MetricsRepository" to obtain metric instances.
[PROCESS OUT] util.lang.ConcreteReceiverGuard reports a runtime deprecation: calling method "pom.metrics.repository.RPII.<init>()" from class "jdk.internal.reflect.DirectConstructorHandleAccessor"
[PROCESS OUT] Please do not instantiate metrics directly to allow efficient caching, use the methods of "pom.metrics.MetricsRepository" to obtain metric instances.
[PROCESS OUT] util.lang.ConcreteReceiverGuard reports a runtime deprecation: calling method "pom.metrics.repository.RRFP.<init>()" from class "jdk.internal.reflect.DirectConstructorHandleAccessor"
[PROCESS OUT] Please do not instantiate metrics directly to allow efficient caching, use the methods of "pom.metrics.MetricsRepository" to obtain metric instances.
[PROCESS OUT] util.lang.ConcreteReceiverGuard reports a runtime deprecation: calling method "pom.metrics.repository.RRTP.<init>()" from class "jdk.internal.reflect.DirectConstructorHandleAccessor"
[PROCESS OUT] Please do not instantiate metrics directly to allow efficient caching, use the methods of "pom.metrics.MetricsRepository" to obtain metric instances.
[PROCESS OUT] util.lang.ConcreteReceiverGuard reports a runtime deprecation: calling method "pom.metrics.repository.RTP.<init>()" from class "jdk.internal.reflect.DirectConstructorHandleAccessor"
[PROCESS OUT] Please do not instantiate metrics directly to allow efficient caching, use the methods of "pom.metrics.MetricsRepository" to obtain metric instances.
[PROCESS OUT] util.lang.ConcreteReceiverGuard reports a runtime deprecation: calling method "pom.metrics.repository.SIX.<init>()" from class "jdk.internal.reflect.DirectConstructorHandleAccessor"
[PROCESS OUT] Please do not instantiate metrics directly to allow efficient caching, use the methods of "pom.metrics.MetricsRepository" to obtain metric instances.
[PROCESS OUT] util.lang.ConcreteReceiverGuard reports a runtime deprecation: calling method "pom.metrics.repository.TLOC.<init>()" from class "jdk.internal.reflect.DirectConstructorHandleAccessor"
[PROCESS OUT] Please do not instantiate metrics directly to allow efficient caching, use the methods of "pom.metrics.MetricsRepository" to obtain metric instances.
[PROCESS OUT] util.lang.ConcreteReceiverGuard reports a runtime deprecation: calling method "pom.metrics.repository.TestCaseLOC.<init>()" from class "jdk.internal.reflect.DirectConstructorHandleAccessor"
[PROCESS OUT] Please do not instantiate metrics directly to allow efficient caching, use the methods of "pom.metrics.MetricsRepository" to obtain metric instances.
[PROCESS OUT] util.lang.ConcreteReceiverGuard reports a runtime deprecation: calling method "pom.metrics.repository.USELESS.<init>()" from class "jdk.internal.reflect.DirectConstructorHandleAccessor"
[PROCESS OUT] Please do not instantiate metrics directly to allow efficient caching, use the methods of "pom.metrics.MetricsRepository" to obtain metric instances.
[PROCESS OUT] util.lang.ConcreteReceiverGuard reports a runtime deprecation: calling method "pom.metrics.repository.VGsum.<init>()" from class "jdk.internal.reflect.DirectConstructorHandleAccessor"
[PROCESS OUT] Please do not instantiate metrics directly to allow efficient caching, use the methods of "pom.metrics.MetricsRepository" to obtain metric instances.
[PROCESS OUT] util.lang.ConcreteReceiverGuard reports a runtime deprecation: calling method "pom.metrics.repository.WMC.<init>()" from class "jdk.internal.reflect.DirectConstructorHandleAccessor"
[PROCESS OUT] Please do not instantiate metrics directly to allow efficient caching, use the methods of "pom.metrics.MetricsRepository" to obtain metric instances.
[PROCESS OUT] util.lang.ConcreteReceiverGuard reports a runtime deprecation: calling method "pom.metrics.repository.WMC1.<init>()" from class "jdk.internal.reflect.DirectConstructorHandleAccessor"
[PROCESS OUT] Please do not instantiate metrics directly to allow efficient caching, use the methods of "pom.metrics.MetricsRepository" to obtain metric instances.
[PROCESS OUT] util.lang.ConcreteReceiverGuard reports a runtime deprecation: calling method "pom.metrics.repository.WMC_New.<init>()" from class "jdk.internal.reflect.DirectConstructorHandleAccessor"
[PROCESS OUT] Please do not instantiate metrics directly to allow efficient caching, use the methods of "pom.metrics.MetricsRepository" to obtain metric instances.
[PROCESS OUT] util.lang.ConcreteReceiverGuard reports a runtime deprecation: calling method "pom.metrics.repository.cohesionAttributes.<init>()" from class "jdk.internal.reflect.DirectConstructorHandleAccessor"
[PROCESS OUT] Please do not instantiate metrics directly to allow efficient caching, use the methods of "pom.metrics.MetricsRepository" to obtain metric instances.
[PROCESS OUT] util.lang.ConcreteReceiverGuard reports a runtime deprecation: calling method "pom.metrics.repository.connectivity.<init>()" from class "jdk.internal.reflect.DirectConstructorHandleAccessor"
[PROCESS OUT] Please do not instantiate metrics directly to allow efficient caching, use the methods of "pom.metrics.MetricsRepository" to obtain metric instances.
[PROCESS OUT] util.lang.ConcreteReceiverGuard reports a runtime deprecation: calling method "pom.metrics.repository.oneWayCoupling.<init>()" from class "jdk.internal.reflect.DirectConstructorHandleAccessor"
[PROCESS OUT] Please do not instantiate metrics directly to allow efficient caching, use the methods of "pom.metrics.MetricsRepository" to obtain metric instances.
[PROCESS OUT] .....Loading class files in: ../POM/target/test-classes/java.lang.jar
[PROCESS OUT] util.lang.ConcreteReceiverGuard reports a runtime deprecation: calling method "padl.kernel.impl.CodeLevelModel.create()" from class "pom.test.classfile.general.TestClassPrimitives"
[PROCESS OUT] Please use the methods in "padl.generator.helper.ModelGenerator" to obtain code-level models.
[PROCESS OUT] 23:40:58.426 [main] ERROR util.io.LoggerWriter - Cannot find called method!
[PROCESS OUT] 23:40:58.445 [main] ERROR util.io.LoggerWriter - 
[PROCESS OUT] 
[PROCESS OUT] Cannot find called method!
[PROCESS OUT] 23:40:58.446 [main] ERROR util.io.LoggerWriter - 	
[PROCESS OUT] 23:40:58.448 [main] ERROR util.io.LoggerWriter - Method name   :
[PROCESS OUT] 	Method name   :class$(java.lang.String)
[PROCESS OUT] 23:40:58.449 [main] ERROR util.io.LoggerWriter - 	
[PROCESS OUT] 23:40:58.450 [main] ERROR util.io.LoggerWriter - Return type   :
[PROCESS OUT] 	Return type   :java.lang.Class
[PROCESS OUT] 23:40:58.451 [main] ERROR util.io.LoggerWriter - 	
[PROCESS OUT] 23:40:58.452 [main] ERROR util.io.LoggerWriter - Declaring type: 
[PROCESS OUT] 23:40:58.452 [main] ERROR util.io.LoggerWriter - ClassLoader
[PROCESS OUT] 23:40:58.453 [main] ERROR util.io.LoggerWriter - 
[PROCESS OUT] 
[PROCESS OUT] 	Declaring type: ClassLoader
[PROCESS OUT] 23:40:58.453 [main] ERROR util.io.LoggerWriter - Missing called method can happen if there is a compile error: a method is called but undefined in the class of the instance on which it is called.
[PROCESS OUT] 23:40:58.458 [main] ERROR util.io.LoggerWriter - 
[PROCESS OUT] 
[PROCESS OUT] Missing called method can happen if there is a compile error: a method is called but undefined in the class of the instance on which it is called.
[PROCESS OUT] 23:40:58.531 [main] ERROR util.io.LoggerWriter - Cannot find called method!
[PROCESS OUT] 23:40:58.532 [main] ERROR util.io.LoggerWriter - 
[PROCESS OUT] 
[PROCESS OUT] Cannot find called method!
[PROCESS OUT] 23:40:58.532 [main] ERROR util.io.LoggerWriter - 	
[PROCESS OUT] 23:40:58.533 [main] ERROR util.io.LoggerWriter - Method name   :
[PROCESS OUT] 	Method name   :access$0(java.lang.ClassLoader$NativeLibrary)
[PROCESS OUT] 23:40:58.534 [main] ERROR util.io.LoggerWriter - 	
[PROCESS OUT] 23:40:58.535 [main] ERROR util.io.LoggerWriter - Return type   :
[PROCESS OUT] 	Return type   :java.lang.Class
[PROCESS OUT] 23:40:58.536 [main] ERROR util.io.LoggerWriter - 	
[PROCESS OUT] 23:40:58.536 [main] ERROR util.io.LoggerWriter - Declaring type: 
[PROCESS OUT] 23:40:58.536 [main] ERROR util.io.LoggerWriter - NativeLibrary
[PROCESS OUT] 23:40:58.537 [main] ERROR util.io.LoggerWriter - 
[PROCESS OUT] 
[PROCESS OUT] 	Declaring type: NativeLibrary
[PROCESS OUT] 23:40:58.537 [main] ERROR util.io.LoggerWriter - Missing called method can happen if there is a compile error: a method is called but undefined in the class of the instance on which it is called.
[PROCESS OUT] 23:40:58.537 [main] ERROR util.io.LoggerWriter - 
[PROCESS OUT] 
[PROCESS OUT] Missing called method can happen if there is a compile error: a method is called but undefined in the class of the instance on which it is called.
[PROCESS OUT] 23:40:58.565 [main] ERROR util.io.LoggerWriter - Cannot find called method!
[PROCESS OUT] 23:40:58.580 [main] ERROR util.io.LoggerWriter - 
[PROCESS OUT] 
[PROCESS OUT] Cannot find called method!
[PROCESS OUT] 23:40:58.580 [main] ERROR util.io.LoggerWriter - 	
[PROCESS OUT] 23:40:58.581 [main] ERROR util.io.LoggerWriter - Method name   :
[PROCESS OUT] 	Method name   :access$0()
[PROCESS OUT] 23:40:58.581 [main] ERROR util.io.LoggerWriter - 	
[PROCESS OUT] 23:40:58.581 [main] ERROR util.io.LoggerWriter - Return type   :
[PROCESS OUT] 	Return type   :java.util.Vector
[PROCESS OUT] 23:40:58.581 [main] ERROR util.io.LoggerWriter - 	
[PROCESS OUT] 23:40:58.581 [main] ERROR util.io.LoggerWriter - Declaring type: 
[PROCESS OUT] 23:40:58.583 [main] ERROR util.io.LoggerWriter - ClassLoader
[PROCESS OUT] 23:40:58.583 [main] ERROR util.io.LoggerWriter - 
[PROCESS OUT] 
[PROCESS OUT] 	Declaring type: ClassLoader
[PROCESS OUT] 23:40:58.583 [main] ERROR util.io.LoggerWriter - Missing called method can happen if there is a compile error: a method is called but undefined in the class of the instance on which it is called.
[PROCESS OUT] 23:40:58.585 [main] ERROR util.io.LoggerWriter - 
[PROCESS OUT] 
[PROCESS OUT] Missing called method can happen if there is a compile error: a method is called but undefined in the class of the instance on which it is called.
[PROCESS OUT] 23:40:58.588 [main] ERROR util.io.LoggerWriter - Cannot find called method!
[PROCESS OUT] 23:40:58.588 [main] ERROR util.io.LoggerWriter - 
[PROCESS OUT] 
[PROCESS OUT] Cannot find called method!
[PROCESS OUT] 23:40:58.589 [main] ERROR util.io.LoggerWriter - 	
[PROCESS OUT] 23:40:58.593 [main] ERROR util.io.LoggerWriter - Method name   :
[PROCESS OUT] 	Method name   :access$0()
[PROCESS OUT] 23:40:58.593 [main] ERROR util.io.LoggerWriter - 	
[PROCESS OUT] 23:40:58.594 [main] ERROR util.io.LoggerWriter - Return type   :
[PROCESS OUT] 	Return type   :java.util.Vector
[PROCESS OUT] 23:40:58.594 [main] ERROR util.io.LoggerWriter - 	
[PROCESS OUT] 23:40:58.595 [main] ERROR util.io.LoggerWriter - Declaring type: 
[PROCESS OUT] 23:40:58.596 [main] ERROR util.io.LoggerWriter - ClassLoader
[PROCESS OUT] 23:40:58.596 [main] ERROR util.io.LoggerWriter - 
[PROCESS OUT] 
[PROCESS OUT] 	Declaring type: ClassLoader
[PROCESS OUT] 23:40:58.597 [main] ERROR util.io.LoggerWriter - Missing called method can happen if there is a compile error: a method is called but undefined in the class of the instance on which it is called.
[PROCESS OUT] 23:40:58.597 [main] ERROR util.io.LoggerWriter - 
[PROCESS OUT] 
[PROCESS OUT] Missing called method can happen if there is a compile error: a method is called but undefined in the class of the instance on which it is called.
[PROCESS OUT] 23:40:58.598 [main] ERROR util.io.LoggerWriter - Cannot find called method!
[PROCESS OUT] 23:40:58.599 [main] ERROR util.io.LoggerWriter - 
[PROCESS OUT] 
[PROCESS OUT] Cannot find called method!
[PROCESS OUT] 23:40:58.601 [main] ERROR util.io.LoggerWriter - 	
[PROCESS OUT] 23:40:58.602 [main] ERROR util.io.LoggerWriter - Method name   :
[PROCESS OUT] 	Method name   :access$0()
[PROCESS OUT] 23:40:58.602 [main] ERROR util.io.LoggerWriter - 	
[PROCESS OUT] 23:40:58.602 [main] ERROR util.io.LoggerWriter - Return type   :
[PROCESS OUT] 	Return type   :java.util.Vector
[PROCESS OUT] 23:40:58.603 [main] ERROR util.io.LoggerWriter - 	
[PROCESS OUT] 23:40:58.603 [main] ERROR util.io.LoggerWriter - Declaring type: 
[PROCESS OUT] 23:40:58.603 [main] ERROR util.io.LoggerWriter - ClassLoader
[PROCESS OUT] 23:40:58.604 [main] ERROR util.io.LoggerWriter - 
[PROCESS OUT] 
[PROCESS OUT] 	Declaring type: ClassLoader
[PROCESS OUT] 23:40:58.604 [main] ERROR util.io.LoggerWriter - Missing called method can happen if there is a compile error: a method is called but undefined in the class of the instance on which it is called.
[PROCESS OUT] 23:40:58.604 [main] ERROR util.io.LoggerWriter - 
[PROCESS OUT] 
[PROCESS OUT] Missing called method can happen if there is a compile error: a method is called but undefined in the class of the instance on which it is called.
[PROCESS OUT] 23:40:58.610 [main] ERROR util.io.LoggerWriter - Cannot find called method!
[PROCESS OUT] 23:40:58.612 [main] ERROR util.io.LoggerWriter - 
[PROCESS OUT] 
[PROCESS OUT] Cannot find called method!
[PROCESS OUT] 23:40:58.613 [main] ERROR util.io.LoggerWriter - 	
[PROCESS OUT] 23:40:58.613 [main] ERROR util.io.LoggerWriter - Method name   :
[PROCESS OUT] 	Method name   :access$0()
[PROCESS OUT] 23:40:58.616 [main] ERROR util.io.LoggerWriter - 	
[PROCESS OUT] 23:40:58.617 [main] ERROR util.io.LoggerWriter - Return type   :
[PROCESS OUT] 	Return type   :java.util.Vector
[PROCESS OUT] 23:40:58.617 [main] ERROR util.io.LoggerWriter - 	
[PROCESS OUT] 23:40:58.618 [main] ERROR util.io.LoggerWriter - Declaring type: 
[PROCESS OUT] 23:40:58.618 [main] ERROR util.io.LoggerWriter - ClassLoader
[PROCESS OUT] 23:40:58.618 [main] ERROR util.io.LoggerWriter - 
[PROCESS OUT] 
[PROCESS OUT] 	Declaring type: ClassLoader
[PROCESS OUT] 23:40:58.619 [main] ERROR util.io.LoggerWriter - Missing called method can happen if there is a compile error: a method is called but undefined in the class of the instance on which it is called.
[PROCESS OUT] 23:40:58.619 [main] ERROR util.io.LoggerWriter - 
[PROCESS OUT] 
[PROCESS OUT] Missing called method can happen if there is a compile error: a method is called but undefined in the class of the instance on which it is called.
[PROCESS OUT] 23:40:58.620 [main] ERROR util.io.LoggerWriter - Cannot find called method!
[PROCESS OUT] 23:40:58.620 [main] ERROR util.io.LoggerWriter - 
[PROCESS OUT] 
[PROCESS OUT] Cannot find called method!
[PROCESS OUT] 23:40:58.625 [main] ERROR util.io.LoggerWriter - 	
[PROCESS OUT] 23:40:58.626 [main] ERROR util.io.LoggerWriter - Method name   :
[PROCESS OUT] 	Method name   :access$1()
[PROCESS OUT] 23:40:58.627 [main] ERROR util.io.LoggerWriter - 	
[PROCESS OUT] 23:40:58.627 [main] ERROR util.io.LoggerWriter - Return type   :
[PROCESS OUT] 	Return type   :java.util.Stack
[PROCESS OUT] 23:40:58.628 [main] ERROR util.io.LoggerWriter - 	
[PROCESS OUT] 23:40:58.628 [main] ERROR util.io.LoggerWriter - Declaring type: 
[PROCESS OUT] 23:40:58.628 [main] ERROR util.io.LoggerWriter - ClassLoader
[PROCESS OUT] 23:40:58.628 [main] ERROR util.io.LoggerWriter - 
[PROCESS OUT] 
[PROCESS OUT] 	Declaring type: ClassLoader
[PROCESS OUT] 23:40:58.629 [main] ERROR util.io.LoggerWriter - Missing called method can happen if there is a compile error: a method is called but undefined in the class of the instance on which it is called.
[PROCESS OUT] 23:40:58.629 [main] ERROR util.io.LoggerWriter - 
[PROCESS OUT] 
[PROCESS OUT] Missing called method can happen if there is a compile error: a method is called but undefined in the class of the instance on which it is called.
[PROCESS OUT] 23:40:58.630 [main] ERROR util.io.LoggerWriter - Cannot find called method!
[PROCESS OUT] 23:40:58.630 [main] ERROR util.io.LoggerWriter - 
[PROCESS OUT] 
[PROCESS OUT] Cannot find called method!
[PROCESS OUT] 23:40:58.630 [main] ERROR util.io.LoggerWriter - 	
[PROCESS OUT] 23:40:58.631 [main] ERROR util.io.LoggerWriter - Method name   :
[PROCESS OUT] 	Method name   :access$1()
[PROCESS OUT] 23:40:58.633 [main] ERROR util.io.LoggerWriter - 	
[PROCESS OUT] 23:40:58.634 [main] ERROR util.io.LoggerWriter - Return type   :
[PROCESS OUT] 	Return type   :java.util.Stack
[PROCESS OUT] 23:40:58.634 [main] ERROR util.io.LoggerWriter - 	
[PROCESS OUT] 23:40:58.634 [main] ERROR util.io.LoggerWriter - Declaring type: 
[PROCESS OUT] 23:40:58.635 [main] ERROR util.io.LoggerWriter - ClassLoader
[PROCESS OUT] 23:40:58.635 [main] ERROR util.io.LoggerWriter - 
[PROCESS OUT] 
[PROCESS OUT] 	Declaring type: ClassLoader
[PROCESS OUT] 23:40:58.635 [main] ERROR util.io.LoggerWriter - Missing called method can happen if there is a compile error: a method is called but undefined in the class of the instance on which it is called.
[PROCESS OUT] 23:40:58.636 [main] ERROR util.io.LoggerWriter - 
[PROCESS OUT] 
[PROCESS OUT] Missing called method can happen if there is a compile error: a method is called but undefined in the class of the instance on which it is called.
[PROCESS OUT] 23:40:58.637 [main] ERROR util.io.LoggerWriter - Cannot find called method!
[PROCESS OUT] 23:40:58.637 [main] ERROR util.io.LoggerWriter - 
[PROCESS OUT] 
[PROCESS OUT] Cannot find called method!
[PROCESS OUT] 23:40:58.680 [main] ERROR util.io.LoggerWriter - 	
[PROCESS OUT] 23:40:58.680 [main] ERROR util.io.LoggerWriter - Method name   :
[PROCESS OUT] 	Method name   :access$1()
[PROCESS OUT] 23:40:58.681 [main] ERROR util.io.LoggerWriter - 	
[PROCESS OUT] 23:40:58.681 [main] ERROR util.io.LoggerWriter - Return type   :
[PROCESS OUT] 	Return type   :java.util.Stack
[PROCESS OUT] 23:40:58.681 [main] ERROR util.io.LoggerWriter - 	
[PROCESS OUT] 23:40:58.681 [main] ERROR util.io.LoggerWriter - Declaring type: 
[PROCESS OUT] 23:40:58.682 [main] ERROR util.io.LoggerWriter - ClassLoader
[PROCESS OUT] 23:40:58.682 [main] ERROR util.io.LoggerWriter - 
[PROCESS OUT] 
[PROCESS OUT] 	Declaring type: ClassLoader
[PROCESS OUT] 23:40:58.682 [main] ERROR util.io.LoggerWriter - Missing called method can happen if there is a compile error: a method is called but undefined in the class of the instance on which it is called.
[PROCESS OUT] 23:40:58.682 [main] ERROR util.io.LoggerWriter - 
[PROCESS OUT] 
[PROCESS OUT] Missing called method can happen if there is a compile error: a method is called but undefined in the class of the instance on which it is called.
[PROCESS OUT] 23:40:58.954 [main] ERROR util.io.LoggerWriter - Cannot find called method!
[PROCESS OUT] 23:40:58.955 [main] ERROR util.io.LoggerWriter - 
[PROCESS OUT] 
[PROCESS OUT] Cannot find called method!
[PROCESS OUT] 23:40:58.955 [main] ERROR util.io.LoggerWriter - 	
[PROCESS OUT] 23:40:58.956 [main] ERROR util.io.LoggerWriter - Method name   :
[PROCESS OUT] 	Method name   :class$(java.lang.String)
[PROCESS OUT] 23:40:58.956 [main] ERROR util.io.LoggerWriter - 	
[PROCESS OUT] 23:40:58.957 [main] ERROR util.io.LoggerWriter - Return type   :
[PROCESS OUT] 	Return type   :java.lang.Class
[PROCESS OUT] 23:40:58.957 [main] ERROR util.io.LoggerWriter - 	
[PROCESS OUT] 23:40:58.957 [main] ERROR util.io.LoggerWriter - Declaring type: 
[PROCESS OUT] 23:40:58.957 [main] ERROR util.io.LoggerWriter - SecurityManager
[PROCESS OUT] 23:40:58.957 [main] ERROR util.io.LoggerWriter - 
[PROCESS OUT] 
[PROCESS OUT] 	Declaring type: SecurityManager
[PROCESS OUT] 23:40:58.958 [main] ERROR util.io.LoggerWriter - Missing called method can happen if there is a compile error: a method is called but undefined in the class of the instance on which it is called.
[PROCESS OUT] 23:40:58.958 [main] ERROR util.io.LoggerWriter - 
[PROCESS OUT] 
[PROCESS OUT] Missing called method can happen if there is a compile error: a method is called but undefined in the class of the instance on which it is called.
[PROCESS OUT] 23:40:59.179 [main] ERROR util.io.LoggerWriter - Cannot find called method!
[PROCESS OUT] 23:40:59.179 [main] ERROR util.io.LoggerWriter - 
[PROCESS OUT] 
[PROCESS OUT] Cannot find called method!
[PROCESS OUT] 23:40:59.180 [main] ERROR util.io.LoggerWriter - 	
[PROCESS OUT] 23:40:59.180 [main] ERROR util.io.LoggerWriter - Method name   :
[PROCESS OUT] 	Method name   :<init>(java.lang.ThreadLocal$1, java.lang.ThreadLocal$ThreadLocalMap)
[PROCESS OUT] 23:40:59.181 [main] ERROR util.io.LoggerWriter - 	
[PROCESS OUT] 23:40:59.181 [main] ERROR util.io.LoggerWriter - Return type   :
[PROCESS OUT] 	Return type   :void
[PROCESS OUT] 23:40:59.181 [main] ERROR util.io.LoggerWriter - 	
[PROCESS OUT] 23:40:59.182 [main] ERROR util.io.LoggerWriter - Declaring type: 
[PROCESS OUT] 23:40:59.182 [main] ERROR util.io.LoggerWriter - ThreadLocalMap
[PROCESS OUT] 23:40:59.183 [main] ERROR util.io.LoggerWriter - 
[PROCESS OUT] 
[PROCESS OUT] 	Declaring type: ThreadLocalMap
[PROCESS OUT] 23:40:59.183 [main] ERROR util.io.LoggerWriter - Missing called method can happen if there is a compile error: a method is called but undefined in the class of the instance on which it is called.
[PROCESS OUT] 23:40:59.183 [main] ERROR util.io.LoggerWriter - 
[PROCESS OUT] 
[PROCESS OUT] Missing called method can happen if there is a compile error: a method is called but undefined in the class of the instance on which it is called.
[PROCESS OUT] 23:40:59.186 [main] ERROR util.io.LoggerWriter - Cannot find called method!
[PROCESS OUT] 23:40:59.186 [main] ERROR util.io.LoggerWriter - 
[PROCESS OUT] 
[PROCESS OUT] Cannot find called method!
[PROCESS OUT] 23:40:59.192 [main] ERROR util.io.LoggerWriter - 	
[PROCESS OUT] 23:40:59.192 [main] ERROR util.io.LoggerWriter - Method name   :
[PROCESS OUT] 	Method name   :access$0(java.lang.ThreadLocal$ThreadLocalMap, java.lang.ThreadLocal)
[PROCESS OUT] 23:40:59.192 [main] ERROR util.io.LoggerWriter - 	
[PROCESS OUT] 23:40:59.192 [main] ERROR util.io.LoggerWriter - Return type   :
[PROCESS OUT] 	Return type   :java.lang.Object
[PROCESS OUT] 23:40:59.195 [main] ERROR util.io.LoggerWriter - 	
[PROCESS OUT] 23:40:59.196 [main] ERROR util.io.LoggerWriter - Declaring type: 
[PROCESS OUT] 23:40:59.196 [main] ERROR util.io.LoggerWriter - ThreadLocalMap
[PROCESS OUT] 23:40:59.196 [main] ERROR util.io.LoggerWriter - 
[PROCESS OUT] 
[PROCESS OUT] 	Declaring type: ThreadLocalMap
[PROCESS OUT] 23:40:59.196 [main] ERROR util.io.LoggerWriter - Missing called method can happen if there is a compile error: a method is called but undefined in the class of the instance on which it is called.
[PROCESS OUT] 23:40:59.196 [main] ERROR util.io.LoggerWriter - 
[PROCESS OUT] 
[PROCESS OUT] Missing called method can happen if there is a compile error: a method is called but undefined in the class of the instance on which it is called.
[PROCESS OUT] 23:40:59.198 [main] ERROR util.io.LoggerWriter - Cannot find called method!
[PROCESS OUT] 23:40:59.198 [main] ERROR util.io.LoggerWriter - 
[PROCESS OUT] 
[PROCESS OUT] Cannot find called method!
[PROCESS OUT] 23:40:59.199 [main] ERROR util.io.LoggerWriter - 	
[PROCESS OUT] 23:40:59.199 [main] ERROR util.io.LoggerWriter - Method name   :
[PROCESS OUT] 	Method name   :access$1(java.lang.ThreadLocal$ThreadLocalMap, java.lang.ThreadLocal, java.lang.Object)
[PROCESS OUT] 23:40:59.200 [main] ERROR util.io.LoggerWriter - 	
[PROCESS OUT] 23:40:59.200 [main] ERROR util.io.LoggerWriter - Return type   :
[PROCESS OUT] 	Return type   :void
[PROCESS OUT] 23:40:59.201 [main] ERROR util.io.LoggerWriter - 	
[PROCESS OUT] 23:40:59.203 [main] ERROR util.io.LoggerWriter - Declaring type: 
[PROCESS OUT] 23:40:59.203 [main] ERROR util.io.LoggerWriter - ThreadLocalMap
[PROCESS OUT] 23:40:59.203 [main] ERROR util.io.LoggerWriter - 
[PROCESS OUT] 
[PROCESS OUT] 	Declaring type: ThreadLocalMap
[PROCESS OUT] 23:40:59.204 [main] ERROR util.io.LoggerWriter - Missing called method can happen if there is a compile error: a method is called but undefined in the class of the instance on which it is called.
[PROCESS OUT] 23:40:59.204 [main] ERROR util.io.LoggerWriter - 
[PROCESS OUT] 
[PROCESS OUT] Missing called method can happen if there is a compile error: a method is called but undefined in the class of the instance on which it is called.
[PROCESS OUT] 23:40:59.218 [main] ERROR util.io.LoggerWriter - Cannot find called method!
[PROCESS OUT] 23:40:59.219 [main] ERROR util.io.LoggerWriter - 
[PROCESS OUT] 
[PROCESS OUT] Cannot find called method!
[PROCESS OUT] 23:40:59.219 [main] ERROR util.io.LoggerWriter - 	
[PROCESS OUT] 23:40:59.219 [main] ERROR util.io.LoggerWriter - Method name   :
[PROCESS OUT] 	Method name   :access$0(java.lang.ThreadLocal)
[PROCESS OUT] 23:40:59.220 [main] ERROR util.io.LoggerWriter - 	
[PROCESS OUT] 23:40:59.220 [main] ERROR util.io.LoggerWriter - Return type   :
[PROCESS OUT] 	Return type   :int
[PROCESS OUT] 23:40:59.220 [main] ERROR util.io.LoggerWriter - 	
[PROCESS OUT] 23:40:59.220 [main] ERROR util.io.LoggerWriter - Declaring type: 
[PROCESS OUT] 23:40:59.221 [main] ERROR util.io.LoggerWriter - ThreadLocal
[PROCESS OUT] 23:40:59.222 [main] ERROR util.io.LoggerWriter - 
[PROCESS OUT] 
[PROCESS OUT] 	Declaring type: ThreadLocal
[PROCESS OUT] 23:40:59.223 [main] ERROR util.io.LoggerWriter - Missing called method can happen if there is a compile error: a method is called but undefined in the class of the instance on which it is called.
[PROCESS OUT] 23:40:59.223 [main] ERROR util.io.LoggerWriter - 
[PROCESS OUT] 
[PROCESS OUT] Missing called method can happen if there is a compile error: a method is called but undefined in the class of the instance on which it is called.
[PROCESS OUT] 23:40:59.226 [main] ERROR util.io.LoggerWriter - Cannot find called method!
[PROCESS OUT] 23:40:59.226 [main] ERROR util.io.LoggerWriter - 
[PROCESS OUT] 
[PROCESS OUT] Cannot find called method!
[PROCESS OUT] 23:40:59.228 [main] ERROR util.io.LoggerWriter - 	
[PROCESS OUT] 23:40:59.228 [main] ERROR util.io.LoggerWriter - Method name   :
[PROCESS OUT] 	Method name   :access$0(java.lang.ThreadLocal)
[PROCESS OUT] 23:40:59.228 [main] ERROR util.io.LoggerWriter - 	
[PROCESS OUT] 23:40:59.229 [main] ERROR util.io.LoggerWriter - Return type   :
[PROCESS OUT] 	Return type   :int
[PROCESS OUT] 23:40:59.229 [main] ERROR util.io.LoggerWriter - 	
[PROCESS OUT] 23:40:59.229 [main] ERROR util.io.LoggerWriter - Declaring type: 
[PROCESS OUT] 23:40:59.229 [main] ERROR util.io.LoggerWriter - ThreadLocal
[PROCESS OUT] 23:40:59.229 [main] ERROR util.io.LoggerWriter - 
[PROCESS OUT] 
[PROCESS OUT] 	Declaring type: ThreadLocal
[PROCESS OUT] 23:40:59.229 [main] ERROR util.io.LoggerWriter - Missing called method can happen if there is a compile error: a method is called but undefined in the class of the instance on which it is called.
[PROCESS OUT] 23:40:59.229 [main] ERROR util.io.LoggerWriter - 
[PROCESS OUT] 
[PROCESS OUT] Missing called method can happen if there is a compile error: a method is called but undefined in the class of the instance on which it is called.
[PROCESS OUT] 23:40:59.245 [main] ERROR util.io.LoggerWriter - Cannot find called method!
[PROCESS OUT] 23:40:59.245 [main] ERROR util.io.LoggerWriter - 
[PROCESS OUT] 
[PROCESS OUT] Cannot find called method!
[PROCESS OUT] 23:40:59.246 [main] ERROR util.io.LoggerWriter - 	
[PROCESS OUT] 23:40:59.247 [main] ERROR util.io.LoggerWriter - Method name   :
[PROCESS OUT] 	Method name   :access$0(java.lang.ThreadLocal)
[PROCESS OUT] 23:40:59.247 [main] ERROR util.io.LoggerWriter - 	
[PROCESS OUT] 23:40:59.247 [main] ERROR util.io.LoggerWriter - Return type   :
[PROCESS OUT] 	Return type   :int
[PROCESS OUT] 23:40:59.248 [main] ERROR util.io.LoggerWriter - 	
[PROCESS OUT] 23:40:59.248 [main] ERROR util.io.LoggerWriter - Declaring type: 
[PROCESS OUT] 23:40:59.248 [main] ERROR util.io.LoggerWriter - ThreadLocal
[PROCESS OUT] 23:40:59.248 [main] ERROR util.io.LoggerWriter - 
[PROCESS OUT] 
[PROCESS OUT] 	Declaring type: ThreadLocal
[PROCESS OUT] 23:40:59.248 [main] ERROR util.io.LoggerWriter - Missing called method can happen if there is a compile error: a method is called but undefined in the class of the instance on which it is called.
[PROCESS OUT] 23:40:59.249 [main] ERROR util.io.LoggerWriter - 
[PROCESS OUT] 
[PROCESS OUT] Missing called method can happen if there is a compile error: a method is called but undefined in the class of the instance on which it is called.
[PROCESS OUT] 23:40:59.252 [main] ERROR util.io.LoggerWriter - Cannot find called method!
[PROCESS OUT] 23:40:59.252 [main] ERROR util.io.LoggerWriter - 
[PROCESS OUT] 
[PROCESS OUT] Cannot find called method!
[PROCESS OUT] 23:40:59.253 [main] ERROR util.io.LoggerWriter - 	
[PROCESS OUT] 23:40:59.253 [main] ERROR util.io.LoggerWriter - Method name   :
[PROCESS OUT] 	Method name   :access$0(java.lang.ThreadLocal)
[PROCESS OUT] 23:40:59.253 [main] ERROR util.io.LoggerWriter - 	
[PROCESS OUT] 23:40:59.254 [main] ERROR util.io.LoggerWriter - Return type   :
[PROCESS OUT] 	Return type   :int
[PROCESS OUT] 23:40:59.254 [main] ERROR util.io.LoggerWriter - 	
[PROCESS OUT] 23:40:59.254 [main] ERROR util.io.LoggerWriter - Declaring type: 
[PROCESS OUT] 23:40:59.255 [main] ERROR util.io.LoggerWriter - ThreadLocal
[PROCESS OUT] 23:40:59.255 [main] ERROR util.io.LoggerWriter - 
[PROCESS OUT] 
[PROCESS OUT] 	Declaring type: ThreadLocal
[PROCESS OUT] 23:40:59.255 [main] ERROR util.io.LoggerWriter - Missing called method can happen if there is a compile error: a method is called but undefined in the class of the instance on which it is called.
[PROCESS OUT] 23:40:59.255 [main] ERROR util.io.LoggerWriter - 
[PROCESS OUT] 
[PROCESS OUT] Missing called method can happen if there is a compile error: a method is called but undefined in the class of the instance on which it is called.
[PROCESS OUT] 23:40:59.279 [main] ERROR util.io.LoggerWriter - Cannot find called method!
[PROCESS OUT] 23:40:59.280 [main] ERROR util.io.LoggerWriter - 
[PROCESS OUT] 
[PROCESS OUT] Cannot find called method!
[PROCESS OUT] 23:40:59.281 [main] ERROR util.io.LoggerWriter - 	
[PROCESS OUT] 23:40:59.282 [main] ERROR util.io.LoggerWriter - Method name   :
[PROCESS OUT] 	Method name   :access$0(java.lang.ThreadLocal)
[PROCESS OUT] 23:40:59.283 [main] ERROR util.io.LoggerWriter - 	
[PROCESS OUT] 23:40:59.285 [main] ERROR util.io.LoggerWriter - Return type   :
[PROCESS OUT] 	Return type   :int
[PROCESS OUT] 23:40:59.286 [main] ERROR util.io.LoggerWriter - 	
[PROCESS OUT] 23:40:59.286 [main] ERROR util.io.LoggerWriter - Declaring type: 
[PROCESS OUT] 23:40:59.287 [main] ERROR util.io.LoggerWriter - ThreadLocal
[PROCESS OUT] 23:40:59.289 [main] ERROR util.io.LoggerWriter - 
[PROCESS OUT] 
[PROCESS OUT] 	Declaring type: ThreadLocal
[PROCESS OUT] 23:40:59.311 [main] ERROR util.io.LoggerWriter - Missing called method can happen if there is a compile error: a method is called but undefined in the class of the instance on which it is called.
[PROCESS OUT] 23:40:59.311 [main] ERROR util.io.LoggerWriter - 
[PROCESS OUT] 
[PROCESS OUT] Missing called method can happen if there is a compile error: a method is called but undefined in the class of the instance on which it is called.
[PROCESS OUT] 23:40:59.317 [main] ERROR util.io.LoggerWriter - Cannot find called method!
[PROCESS OUT] 23:40:59.317 [main] ERROR util.io.LoggerWriter - 
[PROCESS OUT] 
[PROCESS OUT] Cannot find called method!
[PROCESS OUT] 23:40:59.317 [main] ERROR util.io.LoggerWriter - 	
[PROCESS OUT] 23:40:59.317 [main] ERROR util.io.LoggerWriter - Method name   :
[PROCESS OUT] 	Method name   :access$0(java.lang.ThreadLocal)
[PROCESS OUT] 23:40:59.318 [main] ERROR util.io.LoggerWriter - 	
[PROCESS OUT] 23:40:59.318 [main] ERROR util.io.LoggerWriter - Return type   :
[PROCESS OUT] 	Return type   :int
[PROCESS OUT] 23:40:59.319 [main] ERROR util.io.LoggerWriter - 	
[PROCESS OUT] 23:40:59.319 [main] ERROR util.io.LoggerWriter - Declaring type: 
[PROCESS OUT] 23:40:59.319 [main] ERROR util.io.LoggerWriter - ThreadLocal
[PROCESS OUT] 23:40:59.319 [main] ERROR util.io.LoggerWriter - 
[PROCESS OUT] 
[PROCESS OUT] 	Declaring type: ThreadLocal
[PROCESS OUT] 23:40:59.320 [main] ERROR util.io.LoggerWriter - Missing called method can happen if there is a compile error: a method is called but undefined in the class of the instance on which it is called.
[PROCESS OUT] 23:40:59.320 [main] ERROR util.io.LoggerWriter - 
[PROCESS OUT] 
[PROCESS OUT] Missing called method can happen if there is a compile error: a method is called but undefined in the class of the instance on which it is called.
[PROCESS OUT] ..........Loading class files in: ../POM/target/test-classes/Metric Specific for Java/bin/pom/test/rsc/
[PROCESS OUT] Loading from: ../POM/target/test-classes/Metric Specific for Java/bin/pom/test/rsc/MyFather.class
[PROCESS OUT] Loading from: ../POM/target/test-classes/Metric Specific for Java/bin/pom/test/rsc/MethodDumpv2.class
[PROCESS OUT] Loading from: ../POM/target/test-classes/Metric Specific for Java/bin/pom/test/rsc/F2.class
[PROCESS OUT] Loading from: ../POM/target/test-classes/Metric Specific for Java/bin/pom/test/rsc/MethodDump.class
[PROCESS OUT] Loading from: ../POM/target/test-classes/Metric Specific for Java/bin/pom/test/rsc/H.class
[PROCESS OUT] Loading from: ../POM/target/test-classes/Metric Specific for Java/bin/pom/test/rsc/B2.class
[PROCESS OUT] Loading from: ../POM/target/test-classes/Metric Specific for Java/bin/pom/test/rsc/B.class
[PROCESS OUT] Loading from: ../POM/target/test-classes/Metric Specific for Java/bin/pom/test/rsc/E2.class
[PROCESS OUT] Loading from: ../POM/target/test-classes/Metric Specific for Java/bin/pom/test/rsc/D.class
[PROCESS OUT] Loading from: ../POM/target/test-classes/Metric Specific for Java/bin/pom/test/rsc/G2.class
[PROCESS OUT] Loading from: ../POM/target/test-classes/Metric Specific for Java/bin/pom/test/rsc/A.class
[PROCESS OUT] Loading from: ../POM/target/test-classes/Metric Specific for Java/bin/pom/test/rsc/C2.class
[PROCESS OUT] Loading from: ../POM/target/test-classes/Metric Specific for Java/bin/pom/test/rsc/C.class
[PROCESS OUT] Loading from: ../POM/target/test-classes/Metric Specific for Java/bin/pom/test/rsc/MyInterface.class
[PROCESS OUT] util.lang.ConcreteReceiverGuard reports a runtime deprecation: calling method "padl.kernel.impl.CodeLevelModel.create()" from class "pom.test.classfile.general.TestCouplingCohesionMetrics"
[PROCESS OUT] Please use the methods in "padl.generator.helper.ModelGenerator" to obtain code-level models.
[PROCESS OUT] ...........Loading class files in: ../POM/target/test-classes/Metric Specific for Java/bin/pom/test/rsc/
[PROCESS OUT] Loading from: ../POM/target/test-classes/Metric Specific for Java/bin/pom/test/rsc/MyFather.class
[PROCESS OUT] Loading from: ../POM/target/test-classes/Metric Specific for Java/bin/pom/test/rsc/MethodDumpv2.class
[PROCESS OUT] Loading from: ../POM/target/test-classes/Metric Specific for Java/bin/pom/test/rsc/F2.class
[PROCESS OUT] Loading from: ../POM/target/test-classes/Metric Specific for Java/bin/pom/test/rsc/MethodDump.class
[PROCESS OUT] Loading from: ../POM/target/test-classes/Metric Specific for Java/bin/pom/test/rsc/H.class
[PROCESS OUT] Loading from: ../POM/target/test-classes/Metric Specific for Java/bin/pom/test/rsc/B2.class
[PROCESS OUT] Loading from: ../POM/target/test-classes/Metric Specific for Java/bin/pom/test/rsc/B.class
[PROCESS OUT] Loading from: ../POM/target/test-classes/Metric Specific for Java/bin/pom/test/rsc/E2.class
[PROCESS OUT] Loading from: ../POM/target/test-classes/Metric Specific for Java/bin/pom/test/rsc/D.class
[PROCESS OUT] Loading from: ../POM/target/test-classes/Metric Specific for Java/bin/pom/test/rsc/G2.class
[PROCESS OUT] Loading from: ../POM/target/test-classes/Metric Specific for Java/bin/pom/test/rsc/A.class
[PROCESS OUT] Loading from: ../POM/target/test-classes/Metric Specific for Java/bin/pom/test/rsc/C2.class
[PROCESS OUT] Loading from: ../POM/target/test-classes/Metric Specific for Java/bin/pom/test/rsc/C.class
[PROCESS OUT] Loading from: ../POM/target/test-classes/Metric Specific for Java/bin/pom/test/rsc/MyInterface.class
[PROCESS OUT] util.lang.ConcreteReceiverGuard reports a runtime deprecation: calling method "padl.kernel.impl.CodeLevelModel.create()" from class "pom.test.classfile.general.TestMethodPrimitives"
[PROCESS OUT] Please use the methods in "padl.generator.helper.ModelGenerator" to obtain code-level models.
[PROCESS OUT] .Loading class files in: ../POM/target/test-classes/Metric Specific for Java/bin/pom/test/rsc/
[PROCESS OUT] Loading from: ../POM/target/test-classes/Metric Specific for Java/bin/pom/test/rsc/MyFather.class
[PROCESS OUT] Loading from: ../POM/target/test-classes/Metric Specific for Java/bin/pom/test/rsc/MethodDumpv2.class
[PROCESS OUT] Loading from: ../POM/target/test-classes/Metric Specific for Java/bin/pom/test/rsc/F2.class
[PROCESS OUT] Loading from: ../POM/target/test-classes/Metric Specific for Java/bin/pom/test/rsc/MethodDump.class
[PROCESS OUT] Loading from: ../POM/target/test-classes/Metric Specific for Java/bin/pom/test/rsc/H.class
[PROCESS OUT] Loading from: ../POM/target/test-classes/Metric Specific for Java/bin/pom/test/rsc/B2.class
[PROCESS OUT] Loading from: ../POM/target/test-classes/Metric Specific for Java/bin/pom/test/rsc/B.class
[PROCESS OUT] Loading from: ../POM/target/test-classes/Metric Specific for Java/bin/pom/test/rsc/E2.class
[PROCESS OUT] Loading from: ../POM/target/test-classes/Metric Specific for Java/bin/pom/test/rsc/D.class
[PROCESS OUT] Loading from: ../POM/target/test-classes/Metric Specific for Java/bin/pom/test/rsc/G2.class
[PROCESS OUT] Loading from: ../POM/target/test-classes/Metric Specific for Java/bin/pom/test/rsc/A.class
[PROCESS OUT] Loading from: ../POM/target/test-classes/Metric Specific for Java/bin/pom/test/rsc/C2.class
[PROCESS OUT] Loading from: ../POM/target/test-classes/Metric Specific for Java/bin/pom/test/rsc/C.class
[PROCESS OUT] Loading from: ../POM/target/test-classes/Metric Specific for Java/bin/pom/test/rsc/MyInterface.class
[PROCESS OUT] util.lang.ConcreteReceiverGuard reports a runtime deprecation: calling method "padl.kernel.impl.CodeLevelModel.create()" from class "pom.test.classfile.general.TestMethodPrimitives"
[PROCESS OUT] Please use the methods in "padl.generator.helper.ModelGenerator" to obtain code-level models.
[PROCESS OUT] .Loading class files in: ../POM/target/test-classes/Metric Specific for Java/bin/pom/test/rsc/
[PROCESS OUT] Loading from: ../POM/target/test-classes/Metric Specific for Java/bin/pom/test/rsc/MyFather.class
[PROCESS OUT] Loading from: ../POM/target/test-classes/Metric Specific for Java/bin/pom/test/rsc/MethodDumpv2.class
[PROCESS OUT] Loading from: ../POM/target/test-classes/Metric Specific for Java/bin/pom/test/rsc/F2.class
[PROCESS OUT] Loading from: ../POM/target/test-classes/Metric Specific for Java/bin/pom/test/rsc/MethodDump.class
[PROCESS OUT] Loading from: ../POM/target/test-classes/Metric Specific for Java/bin/pom/test/rsc/H.class
[PROCESS OUT] Loading from: ../POM/target/test-classes/Metric Specific for Java/bin/pom/test/rsc/B2.class
[PROCESS OUT] Loading from: ../POM/target/test-classes/Metric Specific for Java/bin/pom/test/rsc/B.class
[PROCESS OUT] Loading from: ../POM/target/test-classes/Metric Specific for Java/bin/pom/test/rsc/E2.class
[PROCESS OUT] Loading from: ../POM/target/test-classes/Metric Specific for Java/bin/pom/test/rsc/D.class
[PROCESS OUT] Loading from: ../POM/target/test-classes/Metric Specific for Java/bin/pom/test/rsc/G2.class
[PROCESS OUT] Loading from: ../POM/target/test-classes/Metric Specific for Java/bin/pom/test/rsc/A.class
[PROCESS OUT] Loading from: ../POM/target/test-classes/Metric Specific for Java/bin/pom/test/rsc/C2.class
[PROCESS OUT] Loading from: ../POM/target/test-classes/Metric Specific for Java/bin/pom/test/rsc/C.class
[PROCESS OUT] Loading from: ../POM/target/test-classes/Metric Specific for Java/bin/pom/test/rsc/MyInterface.class
[PROCESS OUT] util.lang.ConcreteReceiverGuard reports a runtime deprecation: calling method "padl.kernel.impl.CodeLevelModel.create()" from class "pom.test.classfile.general.TestMethodPrimitives"
[PROCESS OUT] Please use the methods in "padl.generator.helper.ModelGenerator" to obtain code-level models.
[PROCESS OUT] .Loading class files in: ../POM/target/test-classes/java.lang.jar
[PROCESS OUT] util.lang.ConcreteReceiverGuard reports a runtime deprecation: calling method "padl.kernel.impl.CodeLevelModel.create()" from class "pom.test.classfile.general.TestMetricRepository"
[PROCESS OUT] Please use the methods in "padl.generator.helper.ModelGenerator" to obtain code-level models.
[PROCESS OUT] 23:41:00.824 [main] ERROR util.io.LoggerWriter - Cannot find called method!
[PROCESS OUT] 23:41:00.824 [main] ERROR util.io.LoggerWriter - 
[PROCESS OUT] 
[PROCESS OUT] Cannot find called method!
[PROCESS OUT] 23:41:00.824 [main] ERROR util.io.LoggerWriter - 	
[PROCESS OUT] 23:41:00.825 [main] ERROR util.io.LoggerWriter - Method name   :
[PROCESS OUT] 	Method name   :class$(java.lang.String)
[PROCESS OUT] 23:41:00.825 [main] ERROR util.io.LoggerWriter - 	
[PROCESS OUT] 23:41:00.825 [main] ERROR util.io.LoggerWriter - Return type   :
[PROCESS OUT] 	Return type   :java.lang.Class
[PROCESS OUT] 23:41:00.825 [main] ERROR util.io.LoggerWriter - 	
[PROCESS OUT] 23:41:00.826 [main] ERROR util.io.LoggerWriter - Declaring type: 
[PROCESS OUT] 23:41:00.826 [main] ERROR util.io.LoggerWriter - ClassLoader
[PROCESS OUT] 23:41:00.826 [main] ERROR util.io.LoggerWriter - 
[PROCESS OUT] 
[PROCESS OUT] 	Declaring type: ClassLoader
[PROCESS OUT] 23:41:00.826 [main] ERROR util.io.LoggerWriter - Missing called method can happen if there is a compile error: a method is called but undefined in the class of the instance on which it is called.
[PROCESS OUT] 23:41:00.826 [main] ERROR util.io.LoggerWriter - 
[PROCESS OUT] 
[PROCESS OUT] Missing called method can happen if there is a compile error: a method is called but undefined in the class of the instance on which it is called.
[PROCESS OUT] 23:41:00.837 [main] ERROR util.io.LoggerWriter - Cannot find called method!
[PROCESS OUT] 23:41:00.837 [main] ERROR util.io.LoggerWriter - 
[PROCESS OUT] 
[PROCESS OUT] Cannot find called method!
[PROCESS OUT] 23:41:00.838 [main] ERROR util.io.LoggerWriter - 	
[PROCESS OUT] 23:41:00.838 [main] ERROR util.io.LoggerWriter - Method name   :
[PROCESS OUT] 	Method name   :access$0(java.lang.ClassLoader$NativeLibrary)
[PROCESS OUT] 23:41:00.839 [main] ERROR util.io.LoggerWriter - 	
[PROCESS OUT] 23:41:00.839 [main] ERROR util.io.LoggerWriter - Return type   :
[PROCESS OUT] 	Return type   :java.lang.Class
[PROCESS OUT] 23:41:00.839 [main] ERROR util.io.LoggerWriter - 	
[PROCESS OUT] 23:41:00.840 [main] ERROR util.io.LoggerWriter - Declaring type: 
[PROCESS OUT] 23:41:00.840 [main] ERROR util.io.LoggerWriter - NativeLibrary
[PROCESS OUT] 23:41:00.840 [main] ERROR util.io.LoggerWriter - 
[PROCESS OUT] 
[PROCESS OUT] 	Declaring type: NativeLibrary
[PROCESS OUT] 23:41:00.840 [main] ERROR util.io.LoggerWriter - Missing called method can happen if there is a compile error: a method is called but undefined in the class of the instance on which it is called.
[PROCESS OUT] 23:41:00.841 [main] ERROR util.io.LoggerWriter - 
[PROCESS OUT] 
[PROCESS OUT] Missing called method can happen if there is a compile error: a method is called but undefined in the class of the instance on which it is called.
[PROCESS OUT] 23:41:00.842 [main] ERROR util.io.LoggerWriter - Cannot find called method!
[PROCESS OUT] 23:41:00.843 [main] ERROR util.io.LoggerWriter - 
[PROCESS OUT] 
[PROCESS OUT] Cannot find called method!
[PROCESS OUT] 23:41:00.843 [main] ERROR util.io.LoggerWriter - 	
[PROCESS OUT] 23:41:00.843 [main] ERROR util.io.LoggerWriter - Method name   :
[PROCESS OUT] 	Method name   :access$0()
[PROCESS OUT] 23:41:00.843 [main] ERROR util.io.LoggerWriter - 	
[PROCESS OUT] 23:41:00.843 [main] ERROR util.io.LoggerWriter - Return type   :
[PROCESS OUT] 	Return type   :java.util.Vector
[PROCESS OUT] 23:41:00.844 [main] ERROR util.io.LoggerWriter - 	
[PROCESS OUT] 23:41:00.844 [main] ERROR util.io.LoggerWriter - Declaring type: 
[PROCESS OUT] 23:41:00.844 [main] ERROR util.io.LoggerWriter - ClassLoader
[PROCESS OUT] 23:41:00.844 [main] ERROR util.io.LoggerWriter - 
[PROCESS OUT] 
[PROCESS OUT] 	Declaring type: ClassLoader
[PROCESS OUT] 23:41:00.844 [main] ERROR util.io.LoggerWriter - Missing called method can happen if there is a compile error: a method is called but undefined in the class of the instance on which it is called.
[PROCESS OUT] 23:41:00.844 [main] ERROR util.io.LoggerWriter - 
[PROCESS OUT] 
[PROCESS OUT] Missing called method can happen if there is a compile error: a method is called but undefined in the class of the instance on which it is called.
[PROCESS OUT] 23:41:00.845 [main] ERROR util.io.LoggerWriter - Cannot find called method!
[PROCESS OUT] 23:41:00.845 [main] ERROR util.io.LoggerWriter - 
[PROCESS OUT] 
[PROCESS OUT] Cannot find called method!
[PROCESS OUT] 23:41:00.845 [main] ERROR util.io.LoggerWriter - 	
[PROCESS OUT] 23:41:00.845 [main] ERROR util.io.LoggerWriter - Method name   :
[PROCESS OUT] 	Method name   :access$0()
[PROCESS OUT] 23:41:00.845 [main] ERROR util.io.LoggerWriter - 	
[PROCESS OUT] 23:41:00.846 [main] ERROR util.io.LoggerWriter - Return type   :
[PROCESS OUT] 	Return type   :java.util.Vector
[PROCESS OUT] 23:41:00.846 [main] ERROR util.io.LoggerWriter - 	
[PROCESS OUT] 23:41:00.846 [main] ERROR util.io.LoggerWriter - Declaring type: 
[PROCESS OUT] 23:41:00.846 [main] ERROR util.io.LoggerWriter - ClassLoader
[PROCESS OUT] 23:41:00.846 [main] ERROR util.io.LoggerWriter - 
[PROCESS OUT] 
[PROCESS OUT] 	Declaring type: ClassLoader
[PROCESS OUT] 23:41:00.846 [main] ERROR util.io.LoggerWriter - Missing called method can happen if there is a compile error: a method is called but undefined in the class of the instance on which it is called.
[PROCESS OUT] 23:41:00.846 [main] ERROR util.io.LoggerWriter - 
[PROCESS OUT] 
[PROCESS OUT] Missing called method can happen if there is a compile error: a method is called but undefined in the class of the instance on which it is called.
[PROCESS OUT] 23:41:00.847 [main] ERROR util.io.LoggerWriter - Cannot find called method!
[PROCESS OUT] 23:41:00.847 [main] ERROR util.io.LoggerWriter - 
[PROCESS OUT] 
[PROCESS OUT] Cannot find called method!
[PROCESS OUT] 23:41:00.847 [main] ERROR util.io.LoggerWriter - 	
[PROCESS OUT] 23:41:00.847 [main] ERROR util.io.LoggerWriter - Method name   :
[PROCESS OUT] 	Method name   :access$0()
[PROCESS OUT] 23:41:00.847 [main] ERROR util.io.LoggerWriter - 	
[PROCESS OUT] 23:41:00.847 [main] ERROR util.io.LoggerWriter - Return type   :
[PROCESS OUT] 	Return type   :java.util.Vector
[PROCESS OUT] 23:41:00.847 [main] ERROR util.io.LoggerWriter - 	
[PROCESS OUT] 23:41:00.848 [main] ERROR util.io.LoggerWriter - Declaring type: 
[PROCESS OUT] 23:41:00.848 [main] ERROR util.io.LoggerWriter - ClassLoader
[PROCESS OUT] 23:41:00.848 [main] ERROR util.io.LoggerWriter - 
[PROCESS OUT] 
[PROCESS OUT] 	Declaring type: ClassLoader
[PROCESS OUT] 23:41:00.848 [main] ERROR util.io.LoggerWriter - Missing called method can happen if there is a compile error: a method is called but undefined in the class of the instance on which it is called.
[PROCESS OUT] 23:41:00.848 [main] ERROR util.io.LoggerWriter - 
[PROCESS OUT] 
[PROCESS OUT] Missing called method can happen if there is a compile error: a method is called but undefined in the class of the instance on which it is called.
[PROCESS OUT] 23:41:00.848 [main] ERROR util.io.LoggerWriter - Cannot find called method!
[PROCESS OUT] 23:41:00.848 [main] ERROR util.io.LoggerWriter - 
[PROCESS OUT] 
[PROCESS OUT] Cannot find called method!
[PROCESS OUT] 23:41:00.849 [main] ERROR util.io.LoggerWriter - 	
[PROCESS OUT] 23:41:00.849 [main] ERROR util.io.LoggerWriter - Method name   :
[PROCESS OUT] 	Method name   :access$0()
[PROCESS OUT] 23:41:00.849 [main] ERROR util.io.LoggerWriter - 	
[PROCESS OUT] 23:41:00.849 [main] ERROR util.io.LoggerWriter - Return type   :
[PROCESS OUT] 	Return type   :java.util.Vector
[PROCESS OUT] 23:41:00.849 [main] ERROR util.io.LoggerWriter - 	
[PROCESS OUT] 23:41:00.849 [main] ERROR util.io.LoggerWriter - Declaring type: 
[PROCESS OUT] 23:41:00.849 [main] ERROR util.io.LoggerWriter - ClassLoader
[PROCESS OUT] 23:41:00.850 [main] ERROR util.io.LoggerWriter - 
[PROCESS OUT] 
[PROCESS OUT] 	Declaring type: ClassLoader
[PROCESS OUT] 23:41:00.850 [main] ERROR util.io.LoggerWriter - Missing called method can happen if there is a compile error: a method is called but undefined in the class of the instance on which it is called.
[PROCESS OUT] 23:41:00.850 [main] ERROR util.io.LoggerWriter - 
[PROCESS OUT] 
[PROCESS OUT] Missing called method can happen if there is a compile error: a method is called but undefined in the class of the instance on which it is called.
[PROCESS OUT] 23:41:00.850 [main] ERROR util.io.LoggerWriter - Cannot find called method!
[PROCESS OUT] 23:41:00.850 [main] ERROR util.io.LoggerWriter - 
[PROCESS OUT] 
[PROCESS OUT] Cannot find called method!
[PROCESS OUT] 23:41:00.850 [main] ERROR util.io.LoggerWriter - 	
[PROCESS OUT] 23:41:00.850 [main] ERROR util.io.LoggerWriter - Method name   :
[PROCESS OUT] 	Method name   :access$1()
[PROCESS OUT] 23:41:00.851 [main] ERROR util.io.LoggerWriter - 	
[PROCESS OUT] 23:41:00.851 [main] ERROR util.io.LoggerWriter - Return type   :
[PROCESS OUT] 	Return type   :java.util.Stack
[PROCESS OUT] 23:41:00.851 [main] ERROR util.io.LoggerWriter - 	
[PROCESS OUT] 23:41:00.851 [main] ERROR util.io.LoggerWriter - Declaring type: 
[PROCESS OUT] 23:41:00.851 [main] ERROR util.io.LoggerWriter - ClassLoader
[PROCESS OUT] 23:41:00.852 [main] ERROR util.io.LoggerWriter - 
[PROCESS OUT] 
[PROCESS OUT] 	Declaring type: ClassLoader
[PROCESS OUT] 23:41:00.852 [main] ERROR util.io.LoggerWriter - Missing called method can happen if there is a compile error: a method is called but undefined in the class of the instance on which it is called.
[PROCESS OUT] 23:41:00.852 [main] ERROR util.io.LoggerWriter - 
[PROCESS OUT] 
[PROCESS OUT] Missing called method can happen if there is a compile error: a method is called but undefined in the class of the instance on which it is called.
[PROCESS OUT] 23:41:00.852 [main] ERROR util.io.LoggerWriter - Cannot find called method!
[PROCESS OUT] 23:41:00.852 [main] ERROR util.io.LoggerWriter - 
[PROCESS OUT] 
[PROCESS OUT] Cannot find called method!
[PROCESS OUT] 23:41:00.853 [main] ERROR util.io.LoggerWriter - 	
[PROCESS OUT] 23:41:00.853 [main] ERROR util.io.LoggerWriter - Method name   :
[PROCESS OUT] 	Method name   :access$1()
[PROCESS OUT] 23:41:00.853 [main] ERROR util.io.LoggerWriter - 	
[PROCESS OUT] 23:41:00.853 [main] ERROR util.io.LoggerWriter - Return type   :
[PROCESS OUT] 	Return type   :java.util.Stack
[PROCESS OUT] 23:41:00.853 [main] ERROR util.io.LoggerWriter - 	
[PROCESS OUT] 23:41:00.853 [main] ERROR util.io.LoggerWriter - Declaring type: 
[PROCESS OUT] 23:41:00.854 [main] ERROR util.io.LoggerWriter - ClassLoader
[PROCESS OUT] 23:41:00.854 [main] ERROR util.io.LoggerWriter - 
[PROCESS OUT] 
[PROCESS OUT] 	Declaring type: ClassLoader
[PROCESS OUT] 23:41:00.854 [main] ERROR util.io.LoggerWriter - Missing called method can happen if there is a compile error: a method is called but undefined in the class of the instance on which it is called.
[PROCESS OUT] 23:41:00.854 [main] ERROR util.io.LoggerWriter - 
[PROCESS OUT] 
[PROCESS OUT] Missing called method can happen if there is a compile error: a method is called but undefined in the class of the instance on which it is called.
[PROCESS OUT] 23:41:00.855 [main] ERROR util.io.LoggerWriter - Cannot find called method!
[PROCESS OUT] 23:41:00.855 [main] ERROR util.io.LoggerWriter - 
[PROCESS OUT] 
[PROCESS OUT] Cannot find called method!
[PROCESS OUT] 23:41:00.855 [main] ERROR util.io.LoggerWriter - 	
[PROCESS OUT] 23:41:00.855 [main] ERROR util.io.LoggerWriter - Method name   :
[PROCESS OUT] 	Method name   :access$1()
[PROCESS OUT] 23:41:00.855 [main] ERROR util.io.LoggerWriter - 	
[PROCESS OUT] 23:41:00.856 [main] ERROR util.io.LoggerWriter - Return type   :
[PROCESS OUT] 	Return type   :java.util.Stack
[PROCESS OUT] 23:41:00.856 [main] ERROR util.io.LoggerWriter - 	
[PROCESS OUT] 23:41:00.856 [main] ERROR util.io.LoggerWriter - Declaring type: 
[PROCESS OUT] 23:41:00.856 [main] ERROR util.io.LoggerWriter - ClassLoader
[PROCESS OUT] 23:41:00.856 [main] ERROR util.io.LoggerWriter - 
[PROCESS OUT] 
[PROCESS OUT] 	Declaring type: ClassLoader
[PROCESS OUT] 23:41:00.856 [main] ERROR util.io.LoggerWriter - Missing called method can happen if there is a compile error: a method is called but undefined in the class of the instance on which it is called.
[PROCESS OUT] 23:41:00.857 [main] ERROR util.io.LoggerWriter - 
[PROCESS OUT] 
[PROCESS OUT] Missing called method can happen if there is a compile error: a method is called but undefined in the class of the instance on which it is called.
[PROCESS OUT] 23:41:00.916 [main] ERROR util.io.LoggerWriter - Cannot find called method!
[PROCESS OUT] 23:41:00.916 [main] ERROR util.io.LoggerWriter - 
[PROCESS OUT] 
[PROCESS OUT] Cannot find called method!
[PROCESS OUT] 23:41:00.916 [main] ERROR util.io.LoggerWriter - 	
[PROCESS OUT] 23:41:00.917 [main] ERROR util.io.LoggerWriter - Method name   :
[PROCESS OUT] 	Method name   :class$(java.lang.String)
[PROCESS OUT] 23:41:00.917 [main] ERROR util.io.LoggerWriter - 	
[PROCESS OUT] 23:41:00.917 [main] ERROR util.io.LoggerWriter - Return type   :
[PROCESS OUT] 	Return type   :java.lang.Class
[PROCESS OUT] 23:41:00.917 [main] ERROR util.io.LoggerWriter - 	
[PROCESS OUT] 23:41:00.918 [main] ERROR util.io.LoggerWriter - Declaring type: 
[PROCESS OUT] 23:41:00.918 [main] ERROR util.io.LoggerWriter - SecurityManager
[PROCESS OUT] 23:41:00.918 [main] ERROR util.io.LoggerWriter - 
[PROCESS OUT] 
[PROCESS OUT] 	Declaring type: SecurityManager
[PROCESS OUT] 23:41:00.918 [main] ERROR util.io.LoggerWriter - Missing called method can happen if there is a compile error: a method is called but undefined in the class of the instance on which it is called.
[PROCESS OUT] 23:41:00.918 [main] ERROR util.io.LoggerWriter - 
[PROCESS OUT] 
[PROCESS OUT] Missing called method can happen if there is a compile error: a method is called but undefined in the class of the instance on which it is called.
[PROCESS OUT] 23:41:00.989 [main] ERROR util.io.LoggerWriter - Cannot find called method!
[PROCESS OUT] 23:41:00.989 [main] ERROR util.io.LoggerWriter - 
[PROCESS OUT] 
[PROCESS OUT] Cannot find called method!
[PROCESS OUT] 23:41:00.990 [main] ERROR util.io.LoggerWriter - 	
[PROCESS OUT] 23:41:00.990 [main] ERROR util.io.LoggerWriter - Method name   :
[PROCESS OUT] 	Method name   :<init>(java.lang.ThreadLocal$1, java.lang.ThreadLocal$ThreadLocalMap)
[PROCESS OUT] 23:41:00.990 [main] ERROR util.io.LoggerWriter - 	
[PROCESS OUT] 23:41:00.991 [main] ERROR util.io.LoggerWriter - Return type   :
[PROCESS OUT] 	Return type   :void
[PROCESS OUT] 23:41:00.991 [main] ERROR util.io.LoggerWriter - 	
[PROCESS OUT] 23:41:00.991 [main] ERROR util.io.LoggerWriter - Declaring type: 
[PROCESS OUT] 23:41:00.991 [main] ERROR util.io.LoggerWriter - ThreadLocalMap
[PROCESS OUT] 23:41:00.991 [main] ERROR util.io.LoggerWriter - 
[PROCESS OUT] 
[PROCESS OUT] 	Declaring type: ThreadLocalMap
[PROCESS OUT] 23:41:00.992 [main] ERROR util.io.LoggerWriter - Missing called method can happen if there is a compile error: a method is called but undefined in the class of the instance on which it is called.
[PROCESS OUT] 23:41:00.992 [main] ERROR util.io.LoggerWriter - 
[PROCESS OUT] 
[PROCESS OUT] Missing called method can happen if there is a compile error: a method is called but undefined in the class of the instance on which it is called.
[PROCESS OUT] 23:41:00.993 [main] ERROR util.io.LoggerWriter - Cannot find called method!
[PROCESS OUT] 23:41:00.993 [main] ERROR util.io.LoggerWriter - 
[PROCESS OUT] 
[PROCESS OUT] Cannot find called method!
[PROCESS OUT] 23:41:00.993 [main] ERROR util.io.LoggerWriter - 	
[PROCESS OUT] 23:41:00.994 [main] ERROR util.io.LoggerWriter - Method name   :
[PROCESS OUT] 	Method name   :access$0(java.lang.ThreadLocal$ThreadLocalMap, java.lang.ThreadLocal)
[PROCESS OUT] 23:41:00.994 [main] ERROR util.io.LoggerWriter - 	
[PROCESS OUT] 23:41:00.994 [main] ERROR util.io.LoggerWriter - Return type   :
[PROCESS OUT] 	Return type   :java.lang.Object
[PROCESS OUT] 23:41:00.994 [main] ERROR util.io.LoggerWriter - 	
[PROCESS OUT] 23:41:00.995 [main] ERROR util.io.LoggerWriter - Declaring type: 
[PROCESS OUT] 23:41:00.995 [main] ERROR util.io.LoggerWriter - ThreadLocalMap
[PROCESS OUT] 23:41:00.995 [main] ERROR util.io.LoggerWriter - 
[PROCESS OUT] 
[PROCESS OUT] 	Declaring type: ThreadLocalMap
[PROCESS OUT] 23:41:00.995 [main] ERROR util.io.LoggerWriter - Missing called method can happen if there is a compile error: a method is called but undefined in the class of the instance on which it is called.
[PROCESS OUT] 23:41:00.995 [main] ERROR util.io.LoggerWriter - 
[PROCESS OUT] 
[PROCESS OUT] Missing called method can happen if there is a compile error: a method is called but undefined in the class of the instance on which it is called.
[PROCESS OUT] 23:41:00.997 [main] ERROR util.io.LoggerWriter - Cannot find called method!
[PROCESS OUT] 23:41:00.997 [main] ERROR util.io.LoggerWriter - 
[PROCESS OUT] 
[PROCESS OUT] Cannot find called method!
[PROCESS OUT] 23:41:00.997 [main] ERROR util.io.LoggerWriter - 	
[PROCESS OUT] 23:41:00.997 [main] ERROR util.io.LoggerWriter - Method name   :
[PROCESS OUT] 	Method name   :access$1(java.lang.ThreadLocal$ThreadLocalMap, java.lang.ThreadLocal, java.lang.Object)
[PROCESS OUT] 23:41:00.998 [main] ERROR util.io.LoggerWriter - 	
[PROCESS OUT] 23:41:00.998 [main] ERROR util.io.LoggerWriter - Return type   :
[PROCESS OUT] 	Return type   :void
[PROCESS OUT] 23:41:00.998 [main] ERROR util.io.LoggerWriter - 	
[PROCESS OUT] 23:41:00.998 [main] ERROR util.io.LoggerWriter - Declaring type: 
[PROCESS OUT] 23:41:00.998 [main] ERROR util.io.LoggerWriter - ThreadLocalMap
[PROCESS OUT] 23:41:00.998 [main] ERROR util.io.LoggerWriter - 
[PROCESS OUT] 
[PROCESS OUT] 	Declaring type: ThreadLocalMap
[PROCESS OUT] 23:41:00.999 [main] ERROR util.io.LoggerWriter - Missing called method can happen if there is a compile error: a method is called but undefined in the class of the instance on which it is called.
[PROCESS OUT] 23:41:00.999 [main] ERROR util.io.LoggerWriter - 
[PROCESS OUT] 
[PROCESS OUT] Missing called method can happen if there is a compile error: a method is called but undefined in the class of the instance on which it is called.
[PROCESS OUT] 23:41:01.001 [main] ERROR util.io.LoggerWriter - Cannot find called method!
[PROCESS OUT] 23:41:01.001 [main] ERROR util.io.LoggerWriter - 
[PROCESS OUT] 
[PROCESS OUT] Cannot find called method!
[PROCESS OUT] 23:41:01.001 [main] ERROR util.io.LoggerWriter - 	
[PROCESS OUT] 23:41:01.002 [main] ERROR util.io.LoggerWriter - Method name   :
[PROCESS OUT] 	Method name   :access$0(java.lang.ThreadLocal)
[PROCESS OUT] 23:41:01.002 [main] ERROR util.io.LoggerWriter - 	
[PROCESS OUT] 23:41:01.002 [main] ERROR util.io.LoggerWriter - Return type   :
[PROCESS OUT] 	Return type   :int
[PROCESS OUT] 23:41:01.002 [main] ERROR util.io.LoggerWriter - 	
[PROCESS OUT] 23:41:01.003 [main] ERROR util.io.LoggerWriter - Declaring type: 
[PROCESS OUT] 23:41:01.003 [main] ERROR util.io.LoggerWriter - ThreadLocal
[PROCESS OUT] 23:41:01.003 [main] ERROR util.io.LoggerWriter - 
[PROCESS OUT] 
[PROCESS OUT] 	Declaring type: ThreadLocal
[PROCESS OUT] 23:41:01.003 [main] ERROR util.io.LoggerWriter - Missing called method can happen if there is a compile error: a method is called but undefined in the class of the instance on which it is called.
[PROCESS OUT] 23:41:01.003 [main] ERROR util.io.LoggerWriter - 
[PROCESS OUT] 
[PROCESS OUT] Missing called method can happen if there is a compile error: a method is called but undefined in the class of the instance on which it is called.
[PROCESS OUT] 23:41:01.005 [main] ERROR util.io.LoggerWriter - Cannot find called method!
[PROCESS OUT] 23:41:01.005 [main] ERROR util.io.LoggerWriter - 
[PROCESS OUT] 
[PROCESS OUT] Cannot find called method!
[PROCESS OUT] 23:41:01.006 [main] ERROR util.io.LoggerWriter - 	
[PROCESS OUT] 23:41:01.006 [main] ERROR util.io.LoggerWriter - Method name   :
[PROCESS OUT] 	Method name   :access$0(java.lang.ThreadLocal)
[PROCESS OUT] 23:41:01.006 [main] ERROR util.io.LoggerWriter - 	
[PROCESS OUT] 23:41:01.006 [main] ERROR util.io.LoggerWriter - Return type   :
[PROCESS OUT] 	Return type   :int
[PROCESS OUT] 23:41:01.007 [main] ERROR util.io.LoggerWriter - 	
[PROCESS OUT] 23:41:01.007 [main] ERROR util.io.LoggerWriter - Declaring type: 
[PROCESS OUT] 23:41:01.007 [main] ERROR util.io.LoggerWriter - ThreadLocal
[PROCESS OUT] 23:41:01.007 [main] ERROR util.io.LoggerWriter - 
[PROCESS OUT] 
[PROCESS OUT] 	Declaring type: ThreadLocal
[PROCESS OUT] 23:41:01.008 [main] ERROR util.io.LoggerWriter - Missing called method can happen if there is a compile error: a method is called but undefined in the class of the instance on which it is called.
[PROCESS OUT] 23:41:01.008 [main] ERROR util.io.LoggerWriter - 
[PROCESS OUT] 
[PROCESS OUT] Missing called method can happen if there is a compile error: a method is called but undefined in the class of the instance on which it is called.
[PROCESS OUT] 23:41:01.012 [main] ERROR util.io.LoggerWriter - Cannot find called method!
[PROCESS OUT] 23:41:01.012 [main] ERROR util.io.LoggerWriter - 
[PROCESS OUT] 
[PROCESS OUT] Cannot find called method!
[PROCESS OUT] 23:41:01.012 [main] ERROR util.io.LoggerWriter - 	
[PROCESS OUT] 23:41:01.013 [main] ERROR util.io.LoggerWriter - Method name   :
[PROCESS OUT] 	Method name   :access$0(java.lang.ThreadLocal)
[PROCESS OUT] 23:41:01.013 [main] ERROR util.io.LoggerWriter - 	
[PROCESS OUT] 23:41:01.013 [main] ERROR util.io.LoggerWriter - Return type   :
[PROCESS OUT] 	Return type   :int
[PROCESS OUT] 23:41:01.013 [main] ERROR util.io.LoggerWriter - 	
[PROCESS OUT] 23:41:01.013 [main] ERROR util.io.LoggerWriter - Declaring type: 
[PROCESS OUT] 23:41:01.014 [main] ERROR util.io.LoggerWriter - ThreadLocal
[PROCESS OUT] 23:41:01.014 [main] ERROR util.io.LoggerWriter - 
[PROCESS OUT] 
[PROCESS OUT] 	Declaring type: ThreadLocal
[PROCESS OUT] 23:41:01.014 [main] ERROR util.io.LoggerWriter - Missing called method can happen if there is a compile error: a method is called but undefined in the class of the instance on which it is called.
[PROCESS OUT] 23:41:01.014 [main] ERROR util.io.LoggerWriter - 
[PROCESS OUT] 
[PROCESS OUT] Missing called method can happen if there is a compile error: a method is called but undefined in the class of the instance on which it is called.
[PROCESS OUT] 23:41:01.015 [main] ERROR util.io.LoggerWriter - Cannot find called method!
[PROCESS OUT] 23:41:01.015 [main] ERROR util.io.LoggerWriter - 
[PROCESS OUT] 
[PROCESS OUT] Cannot find called method!
[PROCESS OUT] 23:41:01.015 [main] ERROR util.io.LoggerWriter - 	
[PROCESS OUT] 23:41:01.016 [main] ERROR util.io.LoggerWriter - Method name   :
[PROCESS OUT] 	Method name   :access$0(java.lang.ThreadLocal)
[PROCESS OUT] 23:41:01.016 [main] ERROR util.io.LoggerWriter - 	
[PROCESS OUT] 23:41:01.016 [main] ERROR util.io.LoggerWriter - Return type   :
[PROCESS OUT] 	Return type   :int
[PROCESS OUT] 23:41:01.016 [main] ERROR util.io.LoggerWriter - 	
[PROCESS OUT] 23:41:01.016 [main] ERROR util.io.LoggerWriter - Declaring type: 
[PROCESS OUT] 23:41:01.017 [main] ERROR util.io.LoggerWriter - ThreadLocal
[PROCESS OUT] 23:41:01.017 [main] ERROR util.io.LoggerWriter - 
[PROCESS OUT] 
[PROCESS OUT] 	Declaring type: ThreadLocal
[PROCESS OUT] 23:41:01.017 [main] ERROR util.io.LoggerWriter - Missing called method can happen if there is a compile error: a method is called but undefined in the class of the instance on which it is called.
[PROCESS OUT] 23:41:01.017 [main] ERROR util.io.LoggerWriter - 
[PROCESS OUT] 
[PROCESS OUT] Missing called method can happen if there is a compile error: a method is called but undefined in the class of the instance on which it is called.
[PROCESS OUT] 23:41:01.025 [main] ERROR util.io.LoggerWriter - Cannot find called method!
[PROCESS OUT] 23:41:01.026 [main] ERROR util.io.LoggerWriter - 
[PROCESS OUT] 
[PROCESS OUT] Cannot find called method!
[PROCESS OUT] 23:41:01.026 [main] ERROR util.io.LoggerWriter - 	
[PROCESS OUT] 23:41:01.026 [main] ERROR util.io.LoggerWriter - Method name   :
[PROCESS OUT] 	Method name   :access$0(java.lang.ThreadLocal)
[PROCESS OUT] 23:41:01.026 [main] ERROR util.io.LoggerWriter - 	
[PROCESS OUT] 23:41:01.027 [main] ERROR util.io.LoggerWriter - Return type   :
[PROCESS OUT] 	Return type   :int
[PROCESS OUT] 23:41:01.027 [main] ERROR util.io.LoggerWriter - 	
[PROCESS OUT] 23:41:01.027 [main] ERROR util.io.LoggerWriter - Declaring type: 
[PROCESS OUT] 23:41:01.027 [main] ERROR util.io.LoggerWriter - ThreadLocal
[PROCESS OUT] 23:41:01.027 [main] ERROR util.io.LoggerWriter - 
[PROCESS OUT] 
[PROCESS OUT] 	Declaring type: ThreadLocal
[PROCESS OUT] 23:41:01.027 [main] ERROR util.io.LoggerWriter - Missing called method can happen if there is a compile error: a method is called but undefined in the class of the instance on which it is called.
[PROCESS OUT] 23:41:01.028 [main] ERROR util.io.LoggerWriter - 
[PROCESS OUT] 
[PROCESS OUT] Missing called method can happen if there is a compile error: a method is called but undefined in the class of the instance on which it is called.
[PROCESS OUT] 23:41:01.030 [main] ERROR util.io.LoggerWriter - Cannot find called method!
[PROCESS OUT] 23:41:01.030 [main] ERROR util.io.LoggerWriter - 
[PROCESS OUT] 
[PROCESS OUT] Cannot find called method!
[PROCESS OUT] 23:41:01.030 [main] ERROR util.io.LoggerWriter - 	
[PROCESS OUT] 23:41:01.030 [main] ERROR util.io.LoggerWriter - Method name   :
[PROCESS OUT] 	Method name   :access$0(java.lang.ThreadLocal)
[PROCESS OUT] 23:41:01.031 [main] ERROR util.io.LoggerWriter - 	
[PROCESS OUT] 23:41:01.031 [main] ERROR util.io.LoggerWriter - Return type   :
[PROCESS OUT] 	Return type   :int
[PROCESS OUT] 23:41:01.031 [main] ERROR util.io.LoggerWriter - 	
[PROCESS OUT] 23:41:01.031 [main] ERROR util.io.LoggerWriter - Declaring type: 
[PROCESS OUT] 23:41:01.031 [main] ERROR util.io.LoggerWriter - ThreadLocal
[PROCESS OUT] 23:41:01.032 [main] ERROR util.io.LoggerWriter - 
[PROCESS OUT] 
[PROCESS OUT] 	Declaring type: ThreadLocal
[PROCESS OUT] 23:41:01.032 [main] ERROR util.io.LoggerWriter - Missing called method can happen if there is a compile error: a method is called but undefined in the class of the instance on which it is called.
[PROCESS OUT] 23:41:01.032 [main] ERROR util.io.LoggerWriter - 
[PROCESS OUT] 
[PROCESS OUT] Missing called method can happen if there is a compile error: a method is called but undefined in the class of the instance on which it is called.
[PROCESS OUT] .util.lang.ConcreteReceiverGuard reports a runtime deprecation: calling method "pom.metrics.repository.USELESS.<init>()" from class "pom.test.classfile.general.TestMetricRepository"
[PROCESS OUT] Please do not instantiate metrics directly to allow efficient caching, use the methods of "pom.metrics.MetricsRepository" to obtain metric instances.
[PROCESS OUT] .util.lang.ConcreteReceiverGuard reports a runtime deprecation: calling method "padl.kernel.impl.CodeLevelModel.create()" from class "pom.test.classfile.general.TestNMIandNMOwithPattern4J"
[PROCESS OUT] Please use the methods in "padl.generator.helper.ModelGenerator" to obtain code-level models.
[PROCESS OUT] ...........util.lang.ConcreteReceiverGuard reports a runtime deprecation: calling method "padl.kernel.impl.CodeLevelModel.create()" from class "pom.test.classfile.general.TestUnaryMetrics"
[PROCESS OUT] Please use the methods in "padl.generator.helper.ModelGenerator" to obtain code-level models.
[PROCESS OUT] 23:41:03.204 [main] ERROR util.io.LoggerWriter - Cannot find called method!
[PROCESS OUT] 23:41:03.205 [main] ERROR util.io.LoggerWriter - 
[PROCESS OUT] 
[PROCESS OUT] Cannot find called method!
[PROCESS OUT] 23:41:03.205 [main] ERROR util.io.LoggerWriter - 	
[PROCESS OUT] 23:41:03.205 [main] ERROR util.io.LoggerWriter - Method name   :
[PROCESS OUT] 	Method name   :class$(java.lang.String)
[PROCESS OUT] 23:41:03.206 [main] ERROR util.io.LoggerWriter - 	
[PROCESS OUT] 23:41:03.206 [main] ERROR util.io.LoggerWriter - Return type   :
[PROCESS OUT] 	Return type   :java.lang.Class
[PROCESS OUT] 23:41:03.206 [main] ERROR util.io.LoggerWriter - 	
[PROCESS OUT] 23:41:03.206 [main] ERROR util.io.LoggerWriter - Declaring type: 
[PROCESS OUT] 23:41:03.207 [main] ERROR util.io.LoggerWriter - ClassLoader
[PROCESS OUT] 23:41:03.207 [main] ERROR util.io.LoggerWriter - 
[PROCESS OUT] 
[PROCESS OUT] 	Declaring type: ClassLoader
[PROCESS OUT] 23:41:03.207 [main] ERROR util.io.LoggerWriter - Missing called method can happen if there is a compile error: a method is called but undefined in the class of the instance on which it is called.
[PROCESS OUT] 23:41:03.207 [main] ERROR util.io.LoggerWriter - 
[PROCESS OUT] 
[PROCESS OUT] Missing called method can happen if there is a compile error: a method is called but undefined in the class of the instance on which it is called.
[PROCESS OUT] 23:41:03.211 [main] ERROR util.io.LoggerWriter - Cannot find called method!
[PROCESS OUT] 23:41:03.211 [main] ERROR util.io.LoggerWriter - 
[PROCESS OUT] 
[PROCESS OUT] Cannot find called method!
[PROCESS OUT] 23:41:03.211 [main] ERROR util.io.LoggerWriter - 	
[PROCESS OUT] 23:41:03.211 [main] ERROR util.io.LoggerWriter - Method name   :
[PROCESS OUT] 	Method name   :access$0(java.lang.ClassLoader$NativeLibrary)
[PROCESS OUT] 23:41:03.211 [main] ERROR util.io.LoggerWriter - 	
[PROCESS OUT] 23:41:03.212 [main] ERROR util.io.LoggerWriter - Return type   :
[PROCESS OUT] 	Return type   :java.lang.Class
[PROCESS OUT] 23:41:03.212 [main] ERROR util.io.LoggerWriter - 	
[PROCESS OUT] 23:41:03.212 [main] ERROR util.io.LoggerWriter - Declaring type: 
[PROCESS OUT] 23:41:03.212 [main] ERROR util.io.LoggerWriter - NativeLibrary
[PROCESS OUT] 23:41:03.212 [main] ERROR util.io.LoggerWriter - 
[PROCESS OUT] 
[PROCESS OUT] 	Declaring type: NativeLibrary
[PROCESS OUT] 23:41:03.212 [main] ERROR util.io.LoggerWriter - Missing called method can happen if there is a compile error: a method is called but undefined in the class of the instance on which it is called.
[PROCESS OUT] 23:41:03.212 [main] ERROR util.io.LoggerWriter - 
[PROCESS OUT] 
[PROCESS OUT] Missing called method can happen if there is a compile error: a method is called but undefined in the class of the instance on which it is called.
[PROCESS OUT] 23:41:03.213 [main] ERROR util.io.LoggerWriter - Cannot find called method!
[PROCESS OUT] 23:41:03.213 [main] ERROR util.io.LoggerWriter - 
[PROCESS OUT] 
[PROCESS OUT] Cannot find called method!
[PROCESS OUT] 23:41:03.213 [main] ERROR util.io.LoggerWriter - 	
[PROCESS OUT] 23:41:03.214 [main] ERROR util.io.LoggerWriter - Method name   :
[PROCESS OUT] 	Method name   :access$0()
[PROCESS OUT] 23:41:03.214 [main] ERROR util.io.LoggerWriter - 	
[PROCESS OUT] 23:41:03.214 [main] ERROR util.io.LoggerWriter - Return type   :
[PROCESS OUT] 	Return type   :java.util.Vector
[PROCESS OUT] 23:41:03.214 [main] ERROR util.io.LoggerWriter - 	
[PROCESS OUT] 23:41:03.215 [main] ERROR util.io.LoggerWriter - Declaring type: 
[PROCESS OUT] 23:41:03.215 [main] ERROR util.io.LoggerWriter - ClassLoader
[PROCESS OUT] 23:41:03.215 [main] ERROR util.io.LoggerWriter - 
[PROCESS OUT] 
[PROCESS OUT] 	Declaring type: ClassLoader
[PROCESS OUT] 23:41:03.215 [main] ERROR util.io.LoggerWriter - Missing called method can happen if there is a compile error: a method is called but undefined in the class of the instance on which it is called.
[PROCESS OUT] 23:41:03.215 [main] ERROR util.io.LoggerWriter - 
[PROCESS OUT] 
[PROCESS OUT] Missing called method can happen if there is a compile error: a method is called but undefined in the class of the instance on which it is called.
[PROCESS OUT] 23:41:03.216 [main] ERROR util.io.LoggerWriter - Cannot find called method!
[PROCESS OUT] 23:41:03.216 [main] ERROR util.io.LoggerWriter - 
[PROCESS OUT] 
[PROCESS OUT] Cannot find called method!
[PROCESS OUT] 23:41:03.216 [main] ERROR util.io.LoggerWriter - 	
[PROCESS OUT] 23:41:03.216 [main] ERROR util.io.LoggerWriter - Method name   :
[PROCESS OUT] 	Method name   :access$0()
[PROCESS OUT] 23:41:03.216 [main] ERROR util.io.LoggerWriter - 	
[PROCESS OUT] 23:41:03.217 [main] ERROR util.io.LoggerWriter - Return type   :
[PROCESS OUT] 	Return type   :java.util.Vector
[PROCESS OUT] 23:41:03.217 [main] ERROR util.io.LoggerWriter - 	
[PROCESS OUT] 23:41:03.217 [main] ERROR util.io.LoggerWriter - Declaring type: 
[PROCESS OUT] 23:41:03.217 [main] ERROR util.io.LoggerWriter - ClassLoader
[PROCESS OUT] 23:41:03.217 [main] ERROR util.io.LoggerWriter - 
[PROCESS OUT] 
[PROCESS OUT] 	Declaring type: ClassLoader
[PROCESS OUT] 23:41:03.217 [main] ERROR util.io.LoggerWriter - Missing called method can happen if there is a compile error: a method is called but undefined in the class of the instance on which it is called.
[PROCESS OUT] 23:41:03.217 [main] ERROR util.io.LoggerWriter - 
[PROCESS OUT] 
[PROCESS OUT] Missing called method can happen if there is a compile error: a method is called but undefined in the class of the instance on which it is called.
[PROCESS OUT] 23:41:03.217 [main] ERROR util.io.LoggerWriter - Cannot find called method!
[PROCESS OUT] 23:41:03.217 [main] ERROR util.io.LoggerWriter - 
[PROCESS OUT] 
[PROCESS OUT] Cannot find called method!
[PROCESS OUT] 23:41:03.218 [main] ERROR util.io.LoggerWriter - 	
[PROCESS OUT] 23:41:03.218 [main] ERROR util.io.LoggerWriter - Method name   :
[PROCESS OUT] 	Method name   :access$0()
[PROCESS OUT] 23:41:03.218 [main] ERROR util.io.LoggerWriter - 	
[PROCESS OUT] 23:41:03.218 [main] ERROR util.io.LoggerWriter - Return type   :
[PROCESS OUT] 	Return type   :java.util.Vector
[PROCESS OUT] 23:41:03.218 [main] ERROR util.io.LoggerWriter - 	
[PROCESS OUT] 23:41:03.218 [main] ERROR util.io.LoggerWriter - Declaring type: 
[PROCESS OUT] 23:41:03.219 [main] ERROR util.io.LoggerWriter - ClassLoader
[PROCESS OUT] 23:41:03.219 [main] ERROR util.io.LoggerWriter - 
[PROCESS OUT] 
[PROCESS OUT] 	Declaring type: ClassLoader
[PROCESS OUT] 23:41:03.220 [main] ERROR util.io.LoggerWriter - Missing called method can happen if there is a compile error: a method is called but undefined in the class of the instance on which it is called.
[PROCESS OUT] 23:41:03.220 [main] ERROR util.io.LoggerWriter - 
[PROCESS OUT] 
[PROCESS OUT] Missing called method can happen if there is a compile error: a method is called but undefined in the class of the instance on which it is called.
[PROCESS OUT] 23:41:03.220 [main] ERROR util.io.LoggerWriter - Cannot find called method!
[PROCESS OUT] 23:41:03.220 [main] ERROR util.io.LoggerWriter - 
[PROCESS OUT] 
[PROCESS OUT] Cannot find called method!
[PROCESS OUT] 23:41:03.220 [main] ERROR util.io.LoggerWriter - 	
[PROCESS OUT] 23:41:03.221 [main] ERROR util.io.LoggerWriter - Method name   :
[PROCESS OUT] 	Method name   :access$0()
[PROCESS OUT] 23:41:03.221 [main] ERROR util.io.LoggerWriter - 	
[PROCESS OUT] 23:41:03.221 [main] ERROR util.io.LoggerWriter - Return type   :
[PROCESS OUT] 	Return type   :java.util.Vector
[PROCESS OUT] 23:41:03.221 [main] ERROR util.io.LoggerWriter - 	
[PROCESS OUT] 23:41:03.221 [main] ERROR util.io.LoggerWriter - Declaring type: 
[PROCESS OUT] 23:41:03.221 [main] ERROR util.io.LoggerWriter - ClassLoader
[PROCESS OUT] 23:41:03.222 [main] ERROR util.io.LoggerWriter - 
[PROCESS OUT] 
[PROCESS OUT] 	Declaring type: ClassLoader
[PROCESS OUT] 23:41:03.222 [main] ERROR util.io.LoggerWriter - Missing called method can happen if there is a compile error: a method is called but undefined in the class of the instance on which it is called.
[PROCESS OUT] 23:41:03.222 [main] ERROR util.io.LoggerWriter - 
[PROCESS OUT] 
[PROCESS OUT] Missing called method can happen if there is a compile error: a method is called but undefined in the class of the instance on which it is called.
[PROCESS OUT] 23:41:03.223 [main] ERROR util.io.LoggerWriter - Cannot find called method!
[PROCESS OUT] 23:41:03.223 [main] ERROR util.io.LoggerWriter - 
[PROCESS OUT] 
[PROCESS OUT] Cannot find called method!
[PROCESS OUT] 23:41:03.223 [main] ERROR util.io.LoggerWriter - 	
[PROCESS OUT] 23:41:03.224 [main] ERROR util.io.LoggerWriter - Method name   :
[PROCESS OUT] 	Method name   :access$1()
[PROCESS OUT] 23:41:03.225 [main] ERROR util.io.LoggerWriter - 	
[PROCESS OUT] 23:41:03.228 [main] ERROR util.io.LoggerWriter - Return type   :
[PROCESS OUT] 	Return type   :java.util.Stack
[PROCESS OUT] 23:41:03.228 [main] ERROR util.io.LoggerWriter - 	
[PROCESS OUT] 23:41:03.228 [main] ERROR util.io.LoggerWriter - Declaring type: 
[PROCESS OUT] 23:41:03.229 [main] ERROR util.io.LoggerWriter - ClassLoader
[PROCESS OUT] 23:41:03.229 [main] ERROR util.io.LoggerWriter - 
[PROCESS OUT] 
[PROCESS OUT] 	Declaring type: ClassLoader
[PROCESS OUT] 23:41:03.229 [main] ERROR util.io.LoggerWriter - Missing called method can happen if there is a compile error: a method is called but undefined in the class of the instance on which it is called.
[PROCESS OUT] 23:41:03.230 [main] ERROR util.io.LoggerWriter - 
[PROCESS OUT] 
[PROCESS OUT] Missing called method can happen if there is a compile error: a method is called but undefined in the class of the instance on which it is called.
[PROCESS OUT] 23:41:03.230 [main] ERROR util.io.LoggerWriter - Cannot find called method!
[PROCESS OUT] 23:41:03.230 [main] ERROR util.io.LoggerWriter - 
[PROCESS OUT] 
[PROCESS OUT] Cannot find called method!
[PROCESS OUT] 23:41:03.230 [main] ERROR util.io.LoggerWriter - 	
[PROCESS OUT] 23:41:03.230 [main] ERROR util.io.LoggerWriter - Method name   :
[PROCESS OUT] 	Method name   :access$1()
[PROCESS OUT] 23:41:03.231 [main] ERROR util.io.LoggerWriter - 	
[PROCESS OUT] 23:41:03.231 [main] ERROR util.io.LoggerWriter - Return type   :
[PROCESS OUT] 	Return type   :java.util.Stack
[PROCESS OUT] 23:41:03.231 [main] ERROR util.io.LoggerWriter - 	
[PROCESS OUT] 23:41:03.231 [main] ERROR util.io.LoggerWriter - Declaring type: 
[PROCESS OUT] 23:41:03.231 [main] ERROR util.io.LoggerWriter - ClassLoader
[PROCESS OUT] 23:41:03.231 [main] ERROR util.io.LoggerWriter - 
[PROCESS OUT] 
[PROCESS OUT] 	Declaring type: ClassLoader
[PROCESS OUT] 23:41:03.232 [main] ERROR util.io.LoggerWriter - Missing called method can happen if there is a compile error: a method is called but undefined in the class of the instance on which it is called.
[PROCESS OUT] 23:41:03.232 [main] ERROR util.io.LoggerWriter - 
[PROCESS OUT] 
[PROCESS OUT] Missing called method can happen if there is a compile error: a method is called but undefined in the class of the instance on which it is called.
[PROCESS OUT] 23:41:03.232 [main] ERROR util.io.LoggerWriter - Cannot find called method!
[PROCESS OUT] 23:41:03.232 [main] ERROR util.io.LoggerWriter - 
[PROCESS OUT] 
[PROCESS OUT] Cannot find called method!
[PROCESS OUT] 23:41:03.232 [main] ERROR util.io.LoggerWriter - 	
[PROCESS OUT] 23:41:03.232 [main] ERROR util.io.LoggerWriter - Method name   :
[PROCESS OUT] 	Method name   :access$1()
[PROCESS OUT] 23:41:03.233 [main] ERROR util.io.LoggerWriter - 	
[PROCESS OUT] 23:41:03.233 [main] ERROR util.io.LoggerWriter - Return type   :
[PROCESS OUT] 	Return type   :java.util.Stack
[PROCESS OUT] 23:41:03.233 [main] ERROR util.io.LoggerWriter - 	
[PROCESS OUT] 23:41:03.233 [main] ERROR util.io.LoggerWriter - Declaring type: 
[PROCESS OUT] 23:41:03.233 [main] ERROR util.io.LoggerWriter - ClassLoader
[PROCESS OUT] 23:41:03.233 [main] ERROR util.io.LoggerWriter - 
[PROCESS OUT] 
[PROCESS OUT] 	Declaring type: ClassLoader
[PROCESS OUT] 23:41:03.233 [main] ERROR util.io.LoggerWriter - Missing called method can happen if there is a compile error: a method is called but undefined in the class of the instance on which it is called.
[PROCESS OUT] 23:41:03.233 [main] ERROR util.io.LoggerWriter - 
[PROCESS OUT] 
[PROCESS OUT] Missing called method can happen if there is a compile error: a method is called but undefined in the class of the instance on which it is called.
[PROCESS OUT] 23:41:03.292 [main] ERROR util.io.LoggerWriter - Cannot find called method!
[PROCESS OUT] 23:41:03.293 [main] ERROR util.io.LoggerWriter - 
[PROCESS OUT] 
[PROCESS OUT] Cannot find called method!
[PROCESS OUT] 23:41:03.293 [main] ERROR util.io.LoggerWriter - 	
[PROCESS OUT] 23:41:03.294 [main] ERROR util.io.LoggerWriter - Method name   :
[PROCESS OUT] 	Method name   :class$(java.lang.String)
[PROCESS OUT] 23:41:03.294 [main] ERROR util.io.LoggerWriter - 	
[PROCESS OUT] 23:41:03.294 [main] ERROR util.io.LoggerWriter - Return type   :
[PROCESS OUT] 	Return type   :java.lang.Class
[PROCESS OUT] 23:41:03.295 [main] ERROR util.io.LoggerWriter - 	
[PROCESS OUT] 23:41:03.295 [main] ERROR util.io.LoggerWriter - Declaring type: 
[PROCESS OUT] 23:41:03.295 [main] ERROR util.io.LoggerWriter - SecurityManager
[PROCESS OUT] 23:41:03.295 [main] ERROR util.io.LoggerWriter - 
[PROCESS OUT] 
[PROCESS OUT] 	Declaring type: SecurityManager
[PROCESS OUT] 23:41:03.295 [main] ERROR util.io.LoggerWriter - Missing called method can happen if there is a compile error: a method is called but undefined in the class of the instance on which it is called.
[PROCESS OUT] 23:41:03.295 [main] ERROR util.io.LoggerWriter - 
[PROCESS OUT] 
[PROCESS OUT] Missing called method can happen if there is a compile error: a method is called but undefined in the class of the instance on which it is called.
[PROCESS OUT] 23:41:03.338 [main] ERROR util.io.LoggerWriter - Cannot find called method!
[PROCESS OUT] 23:41:03.338 [main] ERROR util.io.LoggerWriter - 
[PROCESS OUT] 
[PROCESS OUT] Cannot find called method!
[PROCESS OUT] 23:41:03.339 [main] ERROR util.io.LoggerWriter - 	
[PROCESS OUT] 23:41:03.339 [main] ERROR util.io.LoggerWriter - Method name   :
[PROCESS OUT] 	Method name   :<init>(java.lang.ThreadLocal$1, java.lang.ThreadLocal$ThreadLocalMap)
[PROCESS OUT] 23:41:03.339 [main] ERROR util.io.LoggerWriter - 	
[PROCESS OUT] 23:41:03.339 [main] ERROR util.io.LoggerWriter - Return type   :
[PROCESS OUT] 	Return type   :void
[PROCESS OUT] 23:41:03.340 [main] ERROR util.io.LoggerWriter - 	
[PROCESS OUT] 23:41:03.340 [main] ERROR util.io.LoggerWriter - Declaring type: 
[PROCESS OUT] 23:41:03.341 [main] ERROR util.io.LoggerWriter - ThreadLocalMap
[PROCESS OUT] 23:41:03.341 [main] ERROR util.io.LoggerWriter - 
[PROCESS OUT] 
[PROCESS OUT] 	Declaring type: ThreadLocalMap
[PROCESS OUT] 23:41:03.341 [main] ERROR util.io.LoggerWriter - Missing called method can happen if there is a compile error: a method is called but undefined in the class of the instance on which it is called.
[PROCESS OUT] 23:41:03.341 [main] ERROR util.io.LoggerWriter - 
[PROCESS OUT] 
[PROCESS OUT] Missing called method can happen if there is a compile error: a method is called but undefined in the class of the instance on which it is called.
[PROCESS OUT] 23:41:03.342 [main] ERROR util.io.LoggerWriter - Cannot find called method!
[PROCESS OUT] 23:41:03.342 [main] ERROR util.io.LoggerWriter - 
[PROCESS OUT] 
[PROCESS OUT] Cannot find called method!
[PROCESS OUT] 23:41:03.343 [main] ERROR util.io.LoggerWriter - 	
[PROCESS OUT] 23:41:03.343 [main] ERROR util.io.LoggerWriter - Method name   :
[PROCESS OUT] 	Method name   :access$0(java.lang.ThreadLocal$ThreadLocalMap, java.lang.ThreadLocal)
[PROCESS OUT] 23:41:03.343 [main] ERROR util.io.LoggerWriter - 	
[PROCESS OUT] 23:41:03.343 [main] ERROR util.io.LoggerWriter - Return type   :
[PROCESS OUT] 	Return type   :java.lang.Object
[PROCESS OUT] 23:41:03.343 [main] ERROR util.io.LoggerWriter - 	
[PROCESS OUT] 23:41:03.343 [main] ERROR util.io.LoggerWriter - Declaring type: 
[PROCESS OUT] 23:41:03.344 [main] ERROR util.io.LoggerWriter - ThreadLocalMap
[PROCESS OUT] 23:41:03.344 [main] ERROR util.io.LoggerWriter - 
[PROCESS OUT] 
[PROCESS OUT] 	Declaring type: ThreadLocalMap
[PROCESS OUT] 23:41:03.344 [main] ERROR util.io.LoggerWriter - Missing called method can happen if there is a compile error: a method is called but undefined in the class of the instance on which it is called.
[PROCESS OUT] 23:41:03.344 [main] ERROR util.io.LoggerWriter - 
[PROCESS OUT] 
[PROCESS OUT] Missing called method can happen if there is a compile error: a method is called but undefined in the class of the instance on which it is called.
[PROCESS OUT] 23:41:03.345 [main] ERROR util.io.LoggerWriter - Cannot find called method!
[PROCESS OUT] 23:41:03.345 [main] ERROR util.io.LoggerWriter - 
[PROCESS OUT] 
[PROCESS OUT] Cannot find called method!
[PROCESS OUT] 23:41:03.345 [main] ERROR util.io.LoggerWriter - 	
[PROCESS OUT] 23:41:03.346 [main] ERROR util.io.LoggerWriter - Method name   :
[PROCESS OUT] 	Method name   :access$1(java.lang.ThreadLocal$ThreadLocalMap, java.lang.ThreadLocal, java.lang.Object)
[PROCESS OUT] 23:41:03.346 [main] ERROR util.io.LoggerWriter - 	
[PROCESS OUT] 23:41:03.346 [main] ERROR util.io.LoggerWriter - Return type   :
[PROCESS OUT] 	Return type   :void
[PROCESS OUT] 23:41:03.346 [main] ERROR util.io.LoggerWriter - 	
[PROCESS OUT] 23:41:03.346 [main] ERROR util.io.LoggerWriter - Declaring type: 
[PROCESS OUT] 23:41:03.347 [main] ERROR util.io.LoggerWriter - ThreadLocalMap
[PROCESS OUT] 23:41:03.347 [main] ERROR util.io.LoggerWriter - 
[PROCESS OUT] 
[PROCESS OUT] 	Declaring type: ThreadLocalMap
[PROCESS OUT] 23:41:03.347 [main] ERROR util.io.LoggerWriter - Missing called method can happen if there is a compile error: a method is called but undefined in the class of the instance on which it is called.
[PROCESS OUT] 23:41:03.347 [main] ERROR util.io.LoggerWriter - 
[PROCESS OUT] 
[PROCESS OUT] Missing called method can happen if there is a compile error: a method is called but undefined in the class of the instance on which it is called.
[PROCESS OUT] 23:41:03.349 [main] ERROR util.io.LoggerWriter - Cannot find called method!
[PROCESS OUT] 23:41:03.349 [main] ERROR util.io.LoggerWriter - 
[PROCESS OUT] 
[PROCESS OUT] Cannot find called method!
[PROCESS OUT] 23:41:03.349 [main] ERROR util.io.LoggerWriter - 	
[PROCESS OUT] 23:41:03.349 [main] ERROR util.io.LoggerWriter - Method name   :
[PROCESS OUT] 	Method name   :access$0(java.lang.ThreadLocal)
[PROCESS OUT] 23:41:03.350 [main] ERROR util.io.LoggerWriter - 	
[PROCESS OUT] 23:41:03.350 [main] ERROR util.io.LoggerWriter - Return type   :
[PROCESS OUT] 	Return type   :int
[PROCESS OUT] 23:41:03.350 [main] ERROR util.io.LoggerWriter - 	
[PROCESS OUT] 23:41:03.350 [main] ERROR util.io.LoggerWriter - Declaring type: 
[PROCESS OUT] 23:41:03.350 [main] ERROR util.io.LoggerWriter - ThreadLocal
[PROCESS OUT] 23:41:03.351 [main] ERROR util.io.LoggerWriter - 
[PROCESS OUT] 
[PROCESS OUT] 	Declaring type: ThreadLocal
[PROCESS OUT] 23:41:03.351 [main] ERROR util.io.LoggerWriter - Missing called method can happen if there is a compile error: a method is called but undefined in the class of the instance on which it is called.
[PROCESS OUT] 23:41:03.351 [main] ERROR util.io.LoggerWriter - 
[PROCESS OUT] 
[PROCESS OUT] Missing called method can happen if there is a compile error: a method is called but undefined in the class of the instance on which it is called.
[PROCESS OUT] 23:41:03.352 [main] ERROR util.io.LoggerWriter - Cannot find called method!
[PROCESS OUT] 23:41:03.352 [main] ERROR util.io.LoggerWriter - 
[PROCESS OUT] 
[PROCESS OUT] Cannot find called method!
[PROCESS OUT] 23:41:03.352 [main] ERROR util.io.LoggerWriter - 	
[PROCESS OUT] 23:41:03.353 [main] ERROR util.io.LoggerWriter - Method name   :
[PROCESS OUT] 	Method name   :access$0(java.lang.ThreadLocal)
[PROCESS OUT] 23:41:03.353 [main] ERROR util.io.LoggerWriter - 	
[PROCESS OUT] 23:41:03.353 [main] ERROR util.io.LoggerWriter - Return type   :
[PROCESS OUT] 	Return type   :int
[PROCESS OUT] 23:41:03.353 [main] ERROR util.io.LoggerWriter - 	
[PROCESS OUT] 23:41:03.354 [main] ERROR util.io.LoggerWriter - Declaring type: 
[PROCESS OUT] 23:41:03.354 [main] ERROR util.io.LoggerWriter - ThreadLocal
[PROCESS OUT] 23:41:03.354 [main] ERROR util.io.LoggerWriter - 
[PROCESS OUT] 
[PROCESS OUT] 	Declaring type: ThreadLocal
[PROCESS OUT] 23:41:03.354 [main] ERROR util.io.LoggerWriter - Missing called method can happen if there is a compile error: a method is called but undefined in the class of the instance on which it is called.
[PROCESS OUT] 23:41:03.354 [main] ERROR util.io.LoggerWriter - 
[PROCESS OUT] 
[PROCESS OUT] Missing called method can happen if there is a compile error: a method is called but undefined in the class of the instance on which it is called.
[PROCESS OUT] 23:41:03.356 [main] ERROR util.io.LoggerWriter - Cannot find called method!
[PROCESS OUT] 23:41:03.356 [main] ERROR util.io.LoggerWriter - 
[PROCESS OUT] 
[PROCESS OUT] Cannot find called method!
[PROCESS OUT] 23:41:03.357 [main] ERROR util.io.LoggerWriter - 	
[PROCESS OUT] 23:41:03.357 [main] ERROR util.io.LoggerWriter - Method name   :
[PROCESS OUT] 	Method name   :access$0(java.lang.ThreadLocal)
[PROCESS OUT] 23:41:03.357 [main] ERROR util.io.LoggerWriter - 	
[PROCESS OUT] 23:41:03.357 [main] ERROR util.io.LoggerWriter - Return type   :
[PROCESS OUT] 	Return type   :int
[PROCESS OUT] 23:41:03.357 [main] ERROR util.io.LoggerWriter - 	
[PROCESS OUT] 23:41:03.358 [main] ERROR util.io.LoggerWriter - Declaring type: 
[PROCESS OUT] 23:41:03.358 [main] ERROR util.io.LoggerWriter - ThreadLocal
[PROCESS OUT] 23:41:03.358 [main] ERROR util.io.LoggerWriter - 
[PROCESS OUT] 
[PROCESS OUT] 	Declaring type: ThreadLocal
[PROCESS OUT] 23:41:03.358 [main] ERROR util.io.LoggerWriter - Missing called method can happen if there is a compile error: a method is called but undefined in the class of the instance on which it is called.
[PROCESS OUT] 23:41:03.358 [main] ERROR util.io.LoggerWriter - 
[PROCESS OUT] 
[PROCESS OUT] Missing called method can happen if there is a compile error: a method is called but undefined in the class of the instance on which it is called.
[PROCESS OUT] 23:41:03.359 [main] ERROR util.io.LoggerWriter - Cannot find called method!
[PROCESS OUT] 23:41:03.359 [main] ERROR util.io.LoggerWriter - 
[PROCESS OUT] 
[PROCESS OUT] Cannot find called method!
[PROCESS OUT] 23:41:03.359 [main] ERROR util.io.LoggerWriter - 	
[PROCESS OUT] 23:41:03.359 [main] ERROR util.io.LoggerWriter - Method name   :
[PROCESS OUT] 	Method name   :access$0(java.lang.ThreadLocal)
[PROCESS OUT] 23:41:03.359 [main] ERROR util.io.LoggerWriter - 	
[PROCESS OUT] 23:41:03.359 [main] ERROR util.io.LoggerWriter - Return type   :
[PROCESS OUT] 	Return type   :int
[PROCESS OUT] 23:41:03.359 [main] ERROR util.io.LoggerWriter - 	
[PROCESS OUT] 23:41:03.359 [main] ERROR util.io.LoggerWriter - Declaring type: 
[PROCESS OUT] 23:41:03.359 [main] ERROR util.io.LoggerWriter - ThreadLocal
[PROCESS OUT] 23:41:03.359 [main] ERROR util.io.LoggerWriter - 
[PROCESS OUT] 
[PROCESS OUT] 	Declaring type: ThreadLocal
[PROCESS OUT] 23:41:03.360 [main] ERROR util.io.LoggerWriter - Missing called method can happen if there is a compile error: a method is called but undefined in the class of the instance on which it is called.
[PROCESS OUT] 23:41:03.360 [main] ERROR util.io.LoggerWriter - 
[PROCESS OUT] 
[PROCESS OUT] Missing called method can happen if there is a compile error: a method is called but undefined in the class of the instance on which it is called.
[PROCESS OUT] 23:41:03.364 [main] ERROR util.io.LoggerWriter - Cannot find called method!
[PROCESS OUT] 23:41:03.364 [main] ERROR util.io.LoggerWriter - 
[PROCESS OUT] 
[PROCESS OUT] Cannot find called method!
[PROCESS OUT] 23:41:03.364 [main] ERROR util.io.LoggerWriter - 	
[PROCESS OUT] 23:41:03.364 [main] ERROR util.io.LoggerWriter - Method name   :
[PROCESS OUT] 	Method name   :access$0(java.lang.ThreadLocal)
[PROCESS OUT] 23:41:03.365 [main] ERROR util.io.LoggerWriter - 	
[PROCESS OUT] 23:41:03.365 [main] ERROR util.io.LoggerWriter - Return type   :
[PROCESS OUT] 	Return type   :int
[PROCESS OUT] 23:41:03.365 [main] ERROR util.io.LoggerWriter - 	
[PROCESS OUT] 23:41:03.365 [main] ERROR util.io.LoggerWriter - Declaring type: 
[PROCESS OUT] 23:41:03.366 [main] ERROR util.io.LoggerWriter - ThreadLocal
[PROCESS OUT] 23:41:03.366 [main] ERROR util.io.LoggerWriter - 
[PROCESS OUT] 
[PROCESS OUT] 	Declaring type: ThreadLocal
[PROCESS OUT] 23:41:03.366 [main] ERROR util.io.LoggerWriter - Missing called method can happen if there is a compile error: a method is called but undefined in the class of the instance on which it is called.
[PROCESS OUT] 23:41:03.366 [main] ERROR util.io.LoggerWriter - 
[PROCESS OUT] 
[PROCESS OUT] Missing called method can happen if there is a compile error: a method is called but undefined in the class of the instance on which it is called.
[PROCESS OUT] 23:41:03.368 [main] ERROR util.io.LoggerWriter - Cannot find called method!
[PROCESS OUT] 23:41:03.368 [main] ERROR util.io.LoggerWriter - 
[PROCESS OUT] 
[PROCESS OUT] Cannot find called method!
[PROCESS OUT] 23:41:03.368 [main] ERROR util.io.LoggerWriter - 	
[PROCESS OUT] 23:41:03.368 [main] ERROR util.io.LoggerWriter - Method name   :
[PROCESS OUT] 	Method name   :access$0(java.lang.ThreadLocal)
[PROCESS OUT] 23:41:03.369 [main] ERROR util.io.LoggerWriter - 	
[PROCESS OUT] 23:41:03.369 [main] ERROR util.io.LoggerWriter - Return type   :
[PROCESS OUT] 	Return type   :int
[PROCESS OUT] 23:41:03.369 [main] ERROR util.io.LoggerWriter - 	
[PROCESS OUT] 23:41:03.369 [main] ERROR util.io.LoggerWriter - Declaring type: 
[PROCESS OUT] 23:41:03.369 [main] ERROR util.io.LoggerWriter - ThreadLocal
[PROCESS OUT] 23:41:03.369 [main] ERROR util.io.LoggerWriter - 
[PROCESS OUT] 
[PROCESS OUT] 	Declaring type: ThreadLocal
[PROCESS OUT] 23:41:03.370 [main] ERROR util.io.LoggerWriter - Missing called method can happen if there is a compile error: a method is called but undefined in the class of the instance on which it is called.
[PROCESS OUT] 23:41:03.370 [main] ERROR util.io.LoggerWriter - 
[PROCESS OUT] 
[PROCESS OUT] Missing called method can happen if there is a compile error: a method is called but undefined in the class of the instance on which it is called.
[PROCESS OUT] .....Loading from: ../POM/target/test-classes/Metric Specific for Java/bin/pom/test/rsc/specific/testAID/TestBInterface03.class
[PROCESS OUT] Loading from: ../POM/target/test-classes/Metric Specific for Java/bin/pom/test/rsc/specific/testAID/TestBInterface01.class
[PROCESS OUT] Loading from: ../POM/target/test-classes/Metric Specific for Java/bin/pom/test/rsc/specific/testAID/TestChild00.class
[PROCESS OUT] Loading from: ../POM/target/test-classes/Metric Specific for Java/bin/pom/test/rsc/specific/testAID/TestBInterface02.class
[PROCESS OUT] Loading from: ../POM/target/test-classes/Metric Specific for Java/bin/pom/test/rsc/specific/testAID/TestBChild00.class
[PROCESS OUT] Loading from: ../POM/target/test-classes/Metric Specific for Java/bin/pom/test/rsc/specific/testAID/TestBInterface04.class
[PROCESS OUT] Loading from: ../POM/target/test-classes/Metric Specific for Java/bin/pom/test/rsc/specific/testAID/TestCChild00.class
[PROCESS OUT] Loading from: ../POM/target/test-classes/Metric Specific for Java/bin/pom/test/rsc/specific/testAID/TestAChild00.class
[PROCESS OUT] Loading from: ../POM/target/test-classes/Metric Specific for Java/bin/pom/test/rsc/specific/testAID/TestAParent01.class
[PROCESS OUT] Loading from: ../POM/target/test-classes/Metric Specific for Java/bin/pom/test/rsc/specific/testAID/TestAParent03.class
[PROCESS OUT] Loading from: ../POM/target/test-classes/Metric Specific for Java/bin/pom/test/rsc/specific/testAID/TestAParent04.class
[PROCESS OUT] Loading from: ../POM/target/test-classes/Metric Specific for Java/bin/pom/test/rsc/specific/testAID/TestAParent02.class
[PROCESS OUT] util.lang.ConcreteReceiverGuard reports a runtime deprecation: calling method "padl.kernel.impl.CodeLevelModel.create()" from class "pom.test.classfile.specific.TestAID"
[PROCESS OUT] Please use the methods in "padl.generator.helper.ModelGenerator" to obtain code-level models.
[PROCESS OUT] .........Loading from: ../POM/target/test-classes/Metric Specific for Java/bin/pom/test/rsc/specific/testCBO/TestSingleClass.class
[PROCESS OUT] Loading from: ../POM/target/test-classes/Metric Specific for Java/bin/pom/test/rsc/specific/testCBO/TestAPlaneteLeft.class
[PROCESS OUT] Loading from: ../POM/target/test-classes/Metric Specific for Java/bin/pom/test/rsc/specific/testCBO/TestSingleInterface.class
[PROCESS OUT] Loading from: ../POM/target/test-classes/Metric Specific for Java/bin/pom/test/rsc/specific/testCBO/TestDPlaneteLeft.class
[PROCESS OUT] Loading from: ../POM/target/test-classes/Metric Specific for Java/bin/pom/test/rsc/specific/testCBO/TestDSatelliteLeft.class
[PROCESS OUT] Loading from: ../POM/target/test-classes/Metric Specific for Java/bin/pom/test/rsc/specific/testCBO/TestCPlaneteLeft.class
[PROCESS OUT] Loading from: ../POM/target/test-classes/Metric Specific for Java/bin/pom/test/rsc/specific/testCBO/TestDPlaneteRight.class
[PROCESS OUT] Loading from: ../POM/target/test-classes/Metric Specific for Java/bin/pom/test/rsc/specific/testCBO/TestAPlaneteRight.class
[PROCESS OUT] Loading from: ../POM/target/test-classes/Metric Specific for Java/bin/pom/test/rsc/specific/testCBO/TestBPlaneteLeft.class
[PROCESS OUT] Loading from: ../POM/target/test-classes/Metric Specific for Java/bin/pom/test/rsc/specific/testCBO/TestCPlaneteRight.class
[PROCESS OUT] Loading from: ../POM/target/test-classes/Metric Specific for Java/bin/pom/test/rsc/specific/testCBO/TestDSatelliteRight.class
[PROCESS OUT] Loading from: ../POM/target/test-classes/Metric Specific for Java/bin/pom/test/rsc/specific/testCBO/TestBPlaneteRight.class
[PROCESS OUT] util.lang.ConcreteReceiverGuard reports a runtime deprecation: calling method "padl.kernel.impl.CodeLevelModel.create()" from class "pom.test.classfile.specific.TestCBO"
[PROCESS OUT] Please use the methods in "padl.generator.helper.ModelGenerator" to obtain code-level models.
[PROCESS OUT] .........Loading from: ../POM/target/test-classes/Metric Specific for Java/bin/pom/test/rsc/specific/testDIT/TestBChild01.class
[PROCESS OUT] Loading from: ../POM/target/test-classes/Metric Specific for Java/bin/pom/test/rsc/specific/testDIT/TestSingleClass.class
[PROCESS OUT] Loading from: ../POM/target/test-classes/Metric Specific for Java/bin/pom/test/rsc/specific/testDIT/TestBChild03.class
[PROCESS OUT] Loading from: ../POM/target/test-classes/Metric Specific for Java/bin/pom/test/rsc/specific/testDIT/TestSingleInterface.class
[PROCESS OUT] Loading from: ../POM/target/test-classes/Metric Specific for Java/bin/pom/test/rsc/specific/testDIT/TestBChild02.class
[PROCESS OUT] Loading from: ../POM/target/test-classes/Metric Specific for Java/bin/pom/test/rsc/specific/testDIT/TestAChild02.class
[PROCESS OUT] Loading from: ../POM/target/test-classes/Metric Specific for Java/bin/pom/test/rsc/specific/testDIT/TestBChild11.class
[PROCESS OUT] Loading from: ../POM/target/test-classes/Metric Specific for Java/bin/pom/test/rsc/specific/testDIT/TestBParent00.class
[PROCESS OUT] Loading from: ../POM/target/test-classes/Metric Specific for Java/bin/pom/test/rsc/specific/testDIT/TestAChild01.class
[PROCESS OUT] Loading from: ../POM/target/test-classes/Metric Specific for Java/bin/pom/test/rsc/specific/testDIT/TestAChild03.class
[PROCESS OUT] Loading from: ../POM/target/test-classes/Metric Specific for Java/bin/pom/test/rsc/specific/testDIT/TestAParent00.class
[PROCESS OUT] util.lang.ConcreteReceiverGuard reports a runtime deprecation: calling method "padl.kernel.impl.CodeLevelModel.create()" from class "pom.test.classfile.specific.TestDIT"
[PROCESS OUT] Please use the methods in "padl.generator.helper.ModelGenerator" to obtain code-level models.
[PROCESS OUT] .....Loading class files in: ../POM/target/test-classes/pattern4.jar
[PROCESS OUT] Loading class files in: ../POM/target/test-classes/java.lang.jar
[PROCESS OUT] Loading class files in: ../POM/target/test-classes/Metric Specific for Java/bin/pom/test/rsc/specific/testAID/
[PROCESS OUT] Loading class files in: ../POM/target/test-classes/Metric Specific for Java/bin/pom/test/rsc/specific/testCBO/
[PROCESS OUT] Loading class files in: ../POM/target/test-classes/Metric Specific for Java/bin/pom/test/rsc/specific/testDIT/
[PROCESS OUT] Loading class files in: ../POM/target/test-classesLoading from: ../POM/target/test-classes/Metric Specific for Java/bin/pom/test/rsc/specific/testNMI/TestDParent02.class
[PROCESS OUT] Loading from: ../POM/target/test-classes/Metric Specific for Java/bin/pom/test/rsc/specific/testNMI/TestCParent02.class
[PROCESS OUT] Loading from: ../POM/target/test-classes/Metric Specific for Java/bin/pom/test/rsc/specific/testNMI/TestDParent01.class
[PROCESS OUT] Loading from: ../POM/target/test-classes/Metric Specific for Java/bin/pom/test/rsc/specific/testNMI/TestBChild00.class
[PROCESS OUT] Loading from: ../POM/target/test-classes/Metric Specific for Java/bin/pom/test/rsc/specific/testNMI/TestDParent03.class
[PROCESS OUT] Loading from: ../POM/target/test-classes/Metric Specific for Java/bin/pom/test/rsc/specific/testNMI/TestCParent03.class
[PROCESS OUT] Loading from: ../POM/target/test-classes/Metric Specific for Java/bin/pom/test/rsc/specific/testNMI/TestCChild00.class
[PROCESS OUT] Loading from: ../POM/target/test-classes/Metric Specific for Java/bin/pom/test/rsc/specific/testNMI/TestDChild00.class
[PROCESS OUT] Loading from: ../POM/target/test-classes/Metric Specific for Java/bin/pom/test/rsc/specific/testNMI/TestCParent01.class
[PROCESS OUT] Loading from: ../POM/target/test-classes/Metric Specific for Java/bin/pom/test/rsc/specific/testNMI/TestBParent03.class
[PROCESS OUT] Loading from: ../POM/target/test-classes/Metric Specific for Java/bin/pom/test/rsc/specific/testNMI/TestBParent01.class
[PROCESS OUT] Loading from: ../POM/target/test-classes/Metric Specific for Java/bin/pom/test/rsc/specific/testNMI/TestAChild00.class
[PROCESS OUT] Loading from: ../POM/target/test-classes/Metric Specific for Java/bin/pom/test/rsc/specific/testNMI/TestAParent01.class
[PROCESS OUT] Loading from: ../POM/target/test-classes/Metric Specific for Java/bin/pom/test/rsc/specific/testNMI/TestAParent03.class
[PROCESS OUT] Loading from: ../POM/target/test-classes/Metric Specific for Java/bin/pom/test/rsc/specific/testNMI/TestBParent02.class
[PROCESS OUT] Loading from: ../POM/target/test-classes/Metric Specific for Java/bin/pom/test/rsc/specific/testNMI/TestAParent02.class
[PROCESS OUT] util.lang.ConcreteReceiverGuard reports a runtime deprecation: calling method "padl.kernel.impl.CodeLevelModel.create()" from class "pom.test.classfile.specific.TestNMI"
[PROCESS OUT] Please use the methods in "padl.generator.helper.ModelGenerator" to obtain code-level models.
[PROCESS OUT] ....Loading from: ../POM/target/test-classes/Metric Specific for Java/bin/pom/test/rsc/specific/testNOC/TestSingleClass.class
[PROCESS OUT] Loading from: ../POM/target/test-classes/Metric Specific for Java/bin/pom/test/rsc/specific/testNOC/TestAChild12.class
[PROCESS OUT] Loading from: ../POM/target/test-classes/Metric Specific for Java/bin/pom/test/rsc/specific/testNOC/TestSingleInterface.class
[PROCESS OUT] Loading from: ../POM/target/test-classes/Metric Specific for Java/bin/pom/test/rsc/specific/testNOC/TestAChild11.class
[PROCESS OUT] Loading from: ../POM/target/test-classes/Metric Specific for Java/bin/pom/test/rsc/specific/testNOC/TestAChild02.class
[PROCESS OUT] Loading from: ../POM/target/test-classes/Metric Specific for Java/bin/pom/test/rsc/specific/testNOC/TestAChild01.class
[PROCESS OUT] Loading from: ../POM/target/test-classes/Metric Specific for Java/bin/pom/test/rsc/specific/testNOC/TestAChild03.class
[PROCESS OUT] Loading from: ../POM/target/test-classes/Metric Specific for Java/bin/pom/test/rsc/specific/testNOC/TestAParent00.class
[PROCESS OUT] util.lang.ConcreteReceiverGuard reports a runtime deprecation: calling method "padl.kernel.impl.CodeLevelModel.create()" from class "pom.test.classfile.specific.TestNOC"
[PROCESS OUT] Please use the methods in "padl.generator.helper.ModelGenerator" to obtain code-level models.
[PROCESS OUT] ........Loading from: ../POM/target/test-classes/Metric Specific for Java/bin/pom/test/rsc/specific/testWMC/TestSingleClass.class
[PROCESS OUT] Loading from: ../POM/target/test-classes/Metric Specific for Java/bin/pom/test/rsc/specific/testWMC/TestSingleInterface.class
[PROCESS OUT] Loading from: ../POM/target/test-classes/Metric Specific for Java/bin/pom/test/rsc/specific/testWMC/TestAClass02.class
[PROCESS OUT] Loading from: ../POM/target/test-classes/Metric Specific for Java/bin/pom/test/rsc/specific/testWMC/TestAClass01.class
[PROCESS OUT] util.lang.ConcreteReceiverGuard reports a runtime deprecation: calling method "padl.kernel.impl.CodeLevelModel.create()" from class "pom.test.classfile.specific.TestWMC"
[PROCESS OUT] Please use the methods in "padl.generator.helper.ModelGenerator" to obtain code-level models.
[PROCESS OUT] ....Loading from: ../POM/target/test-classes/Metric Specific for Java/bin/pom/test/rsc/specific/testWMC/TestSingleClass.class
[PROCESS OUT] Loading from: ../POM/target/test-classes/Metric Specific for Java/bin/pom/test/rsc/specific/testWMC/TestSingleInterface.class
[PROCESS OUT] Loading from: ../POM/target/test-classes/Metric Specific for Java/bin/pom/test/rsc/specific/testWMC/TestAClass02.class
[PROCESS OUT] Loading from: ../POM/target/test-classes/Metric Specific for Java/bin/pom/test/rsc/specific/testWMC/TestAClass01.class
[PROCESS OUT] util.lang.ConcreteReceiverGuard reports a runtime deprecation: calling method "padl.kernel.impl.CodeLevelModel.create()" from class "pom.test.classfile.specific.TestWMC1"
[PROCESS OUT] Please use the methods in "padl.generator.helper.ModelGenerator" to obtain code-level models.
[PROCESS OUT] ...
[PROCESS OUT] Time: 17.708
[PROCESS OUT] 
[PROCESS OUT] OK (90 tests)
[PROCESS OUT] 
VM terminated, running profiling cleanup...
Stopping profiling via jpcontroller CLI...
Stop recordings and save snapshot to: /Users/mac/Documents/RA/SPECTRA/Output/JProfiler/snapshot.jps
Executing: [/Applications/JProfiler.app/Contents/Resources/app/bin/jpcontroller, localhost:8849, -n, stopCPURecording]
Profiled JVM exited with code: 0
Finished Executing JProfiler with PID: 59365
Launching JPExport...
JPExport command: [/Applications/JProfiler.app/Contents/Resources/app/bin/jpexport, /Users/mac/Documents/RA/SPECTRA/output/jprofiler/snapshot.jps, AllObjects, -format=csv, /Users/mac/Documents/RA/SPECTRA/output/Jprofiler/allobjects.csv, CallTree, -format=xml, -aggregation=method, /Users/mac/Documents/RA/SPECTRA/output/Jprofiler/calltree.csv.xml, Hotspots, -format=csv, /Users/mac/Documents/RA/SPECTRA/output/Jprofiler/hotspots.csv]
Executing: [/Applications/JProfiler.app/Contents/Resources/app/bin/jpcontroller, localhost:8849, -n, stopAllocRecording]
The snapshot file /Users/mac/Documents/RA/SPECTRA/output/jprofiler/snapshot.jps does not exist.
JPExport completed successfully
Launching Joularjx with Spectra agent...

=== PHASE 2: Joularjx Profiling ===
Command: [sudo, -S, /Users/mac/Library/Java/JavaVirtualMachines/openjdk-25/Contents/Home/bin/java, -Djoularjx.config=/Users/mac/Documents/RA/SPECTRA/src/test/resources/config.properties, -javaagent:/Users/mac/Documents/RA/SPECTRA/target/Spectra-with-dependencies.jar, -cp, /Users/mac/.m2/repository/org/noureddine/joularjx/3.0.1/joularjx-3.0.1.jar:/Users/mac/.m2/repository/org/apache/commons/commons-csv/1.14.0/commons-csv-1.14.0.jar:/Users/mac/.m2/repository/commons-io/commons-io/2.18.0/commons-io-2.18.0.jar:/Users/mac/.m2/repository/commons-codec/commons-codec/1.18.0/commons-codec-1.18.0.jar:/Users/mac/.m2/repository/org/apache/poi/poi/5.2.3/poi-5.2.3.jar:/Users/mac/.m2/repository/org/apache/commons/commons-collections4/4.4/commons-collections4-4.4.jar:/Users/mac/.m2/repository/org/apache/commons/commons-math3/3.6.1/commons-math3-3.6.1.jar:/Users/mac/.m2/repository/com/zaxxer/SparseBitSet/1.2/SparseBitSet-1.2.jar:/Users/mac/.m2/repository/org/apache/logging/log4j/log4j-api/2.18.0/log4j-api-2.18.0.jar:/Users/mac/.m2/repository/org/apache/poi/poi-ooxml/5.2.3/poi-ooxml-5.2.3.jar:/Users/mac/.m2/repository/org/apache/poi/poi-ooxml-lite/5.2.3/poi-ooxml-lite-5.2.3.jar:/Users/mac/.m2/repository/com/github/virtuald/curvesapi/1.07/curvesapi-1.07.jar:/Users/mac/.m2/repository/org/apache/xmlbeans/xmlbeans/5.2.0/xmlbeans-5.2.0.jar:/Users/mac/.m2/repository/org/apache/commons/commons-compress/1.21/commons-compress-1.21.jar:/Users/mac/.m2/repository/org/apache/poi/poi-ooxml-schemas/4.1.2/poi-ooxml-schemas-4.1.2.jar:/Users/mac/.m2/repository/org/apache/bcel/bcel/6.10.0/bcel-6.10.0.jar:/Users/mac/.m2/repository/org/apache/commons/commons-lang3/3.14.0/commons-lang3-3.14.0.jar:/Users/mac/.m2/repository/org/aspectj/aspectjtools/1.6.2/aspectjtools-1.6.2.jar:/Users/mac/.m2/repository/com/github/javaparser/javaparser-core/3.25.0/javaparser-core-3.25.0.jar:/Users/mac/.m2/repository/junit/junit/4.13.2/junit-4.13.2.jar:/Users/mac/.m2/repository/org/hamcrest/hamcrest-core/1.3/hamcrest-core-1.3.jar:/Users/mac/.m2/repository/com/jprofiler/jprofiler-controller/14.0/jprofiler-controller-14.0.jar:/Users/mac/.m2/repository/com/jprofiler/jprofiler-mbean/14.0/jprofiler-mbean-14.0.jar:/Users/mac/.m2/repository/net/ptidej/pom/pom-core/1.0.0/pom-core-1.0.0.jar:/Users/mac/.m2/repository/net/ptidej/cpl/cpl-core/1.0.0/cpl-core-1.0.0.jar:/Users/mac/.m2/repository/org/apache/logging/log4j/log4j-core/2.19.0/log4j-core-2.19.0.jar:/Users/mac/.m2/repository/com/ibm/toad/cfparse/1.0/cfparse-1.0.jar:/Users/mac/.m2/repository/net/ptidej/padl/padl-core/1.0.0/padl-core-1.0.0.jar:/Users/mac/.m2/repository/net/ptidej/padl/padl-statements/1.0.0/padl-statements-1.0.0.jar:/Users/mac/.m2/repository/net/ptidej/padl/padl-generator/1.0.0/padl-generator-1.0.0.jar:/Users/mac/.m2/repository/net/ptidej/padl/padl-analyses/1.0.0/padl-analyses-1.0.0.jar:/Users/mac/.m2/repository/net/ptidej/padl/padl-design-motifs/1.0.0/padl-design-motifs-1.0.0.jar:/Users/mac/.m2/repository/net/sourceforget/plantUML/plantUML/1.0/plantUML-1.0.jar:/Users/mac/.m2/repository/net/ptidej/padl/padl-creator-classfile/1.0.0/padl-creator-classfile-1.0.0.jar:/Users/mac/.m2/repository/net/ptidej/padl/padl-creator-cpp-antlr/1.0.0/padl-creator-cpp-antlr-1.0.0.jar:/Users/mac/.m2/repository/net/java/dev/javacc/javacc/7.0.12/javacc-7.0.12.jar:/Users/mac/.m2/repository/net/ptidej/padl/padl-creator-aol/1.0.0/padl-creator-aol-1.0.0.jar:/Users/mac/.m2/repository/net/ptidej/padl/padl-creator-csharp-v1/1.0.0/padl-creator-csharp-v1-1.0.0.jar:/Users/mac/.m2/repository/org/antlr/antlr-runtime/3.5.3/antlr-runtime-3.5.3.jar:/Users/mac/.m2/repository/net/ptidej/padl/padl-creator-csharp-v2/1.0.0/padl-creator-csharp-v2-1.0.0.jar:/Users/mac/.m2/repository/net/ptidej/padl/padl-creator-javafile-eclipse/1.0.0/padl-creator-javafile-eclipse-1.0.0.jar:/Users/mac/.m2/repository/net/ptidej/padl/padl-creator-javafile-eclipse-parser/1.0.0/padl-creator-javafile-eclipse-parser-1.0.0.jar:/Users/mac/.m2/repository/org/eclipse/jdt/org.eclipse.jdt.core/3.34.0/org.eclipse.jdt.core-3.34.0.jar:/Users/mac/.m2/repository/org/eclipse/platform/org.eclipse.core.filesystem/1.10.0/org.eclipse.core.filesystem-1.10.0.jar:/Users/mac/.m2/repository/org/eclipse/platform/org.eclipse.text/3.13.0/org.eclipse.text-3.13.0.jar:/Users/mac/.m2/repository/org/eclipse/platform/org.eclipse.core.commands/3.11.0/org.eclipse.core.commands-3.11.0.jar:/Users/mac/.m2/repository/org/eclipse/jdt/ecj/3.34.0/ecj-3.34.0.jar:/Users/mac/.m2/repository/org/eclipse/platform/org.eclipse.core.runtime/3.27.0/org.eclipse.core.runtime-3.27.0.jar:/Users/mac/.m2/repository/org/eclipse/platform/org.eclipse.equinox.common/3.18.0/org.eclipse.equinox.common-3.18.0.jar:/Users/mac/.m2/repository/org/eclipse/platform/org.eclipse.core.jobs/3.14.0/org.eclipse.core.jobs-3.14.0.jar:/Users/mac/.m2/repository/org/eclipse/platform/org.eclipse.equinox.registry/3.11.200/org.eclipse.equinox.registry-3.11.200.jar:/Users/mac/.m2/repository/org/eclipse/platform/org.eclipse.equinox.preferences/3.10.200/org.eclipse.equinox.preferences-3.10.200.jar:/Users/mac/.m2/repository/org/osgi/org.osgi.service.prefs/1.1.2/org.osgi.service.prefs-1.1.2.jar:/Users/mac/.m2/repository/org/osgi/osgi.annotation/8.0.1/osgi.annotation-8.0.1.jar:/Users/mac/.m2/repository/org/eclipse/platform/org.eclipse.core.contenttype/3.9.0/org.eclipse.core.contenttype-3.9.0.jar:/Users/mac/.m2/repository/org/eclipse/platform/org.eclipse.equinox.app/1.6.200/org.eclipse.equinox.app-1.6.200.jar:/Users/mac/.m2/repository/org/eclipse/platform/org.eclipse.core.resources/3.19.0/org.eclipse.core.resources-3.19.0.jar:/Users/mac/.m2/repository/org/eclipse/platform/org.eclipse.core.expressions/3.9.0/org.eclipse.core.expressions-3.9.0.jar:/Users/mac/.m2/repository/net/ptidej/padl/padl-creator-javafile-javac/1.0.0/padl-creator-javafile-javac-1.0.0.jar:/Users/mac/.m2/repository/net/ptidej/padl/padl-creator-javafile-javac-parser/1.0.0/padl-creator-javafile-javac-parser-1.0.0.jar:/Users/mac/.m2/repository/net/ptidej/padl/padl-creator-mse/1.0.0/padl-creator-mse-1.0.0.jar:/Users/mac/.m2/repository/net/ptidej/padl/padl-statements-creator-aol/1.0.0/padl-statements-creator-aol-1.0.0.jar:/Users/mac/.m2/repository/net/ptidej/padl/padl-statements-creator-classfile/1.0.0/padl-statements-creator-classfile-1.0.0.jar:/Users/mac/.m2/repository/net/ptidej/padl/padl-creator-aspectj/1.0.0/padl-creator-aspectj-1.0.0.jar:/Users/mac/.m2/repository/net/ptidej/pom/pom-core/1.0.0/pom-core-1.0.0-tests.jar:/Users/mac/Documents/RA/SPECTRA/target/test-classes:/Users/mac/Documents/RA/SPECTRA/target/classes, org.junit.runner.JUnitCore, pom.test.TestPOM]
Executing: [/Applications/JProfiler.app/Contents/Resources/app/bin/jpcontroller, localhost:8849, -n, stopMonitorRecording]
Executing: [/Applications/JProfiler.app/Contents/Resources/app/bin/jpcontroller, localhost:8849, -n, saveSnapshot, /Users/mac/Documents/RA/SPECTRA/Output/JProfiler/snapshot.jps]
[PROCESS OUT] Password:20/11/2025 11:41:06.376 - [INFO] - +---------------------------------+
[PROCESS OUT] 20/11/2025 11:41:06.381 - [INFO] - | Spectra-JoularJX Agent  |
[PROCESS OUT] 20/11/2025 11:41:06.382 - [INFO] - +---------------------------------+
[PROCESS OUT] 20/11/2025 11:41:06.417 - [INFO] - Results will be stored in /Users/mac/Documents/RA/SPECTRA/Output/Joularjx/data/
[PROCESS OUT] 20/11/2025 11:41:06.422 - [INFO] - Initializing for platform: 'mac os x' running on architecture: 'x86_64'
[PROCESS OUT] 20/11/2025 11:41:06.425 - [INFO] - Please wait while initializing JoularJX...
Exporting snapshot to CSVs in: /Users/mac/Documents/RA/SPECTRA/Output/JProfiler/
[PROCESS OUT] 20/11/2025 11:41:07.646 - [INFO] - Initialization finished
[PROCESS OUT] 20/11/2025 11:41:07.647 - [INFO] - Started monitoring application with ID 123
[PROCESS OUT] JUnit version 4.13.2
The snapshot file /Users/mac/Documents/RA/SPECTRA/output/jprofiler/snapshot.jps does not exist.
JPExport returned exit code: 1
CSV export completed successfully
Profiling cleanup/export completed.
[PROCESS OUT] .Loading class files in: ../POM/target/test-classes/Metric Specific for Java/bin/pom/test/rsc/specific/testCBO/
[PROCESS OUT] Loading from: ../POM/target/test-classes/Metric Specific for Java/bin/pom/test/rsc/specific/testCBO/TestSingleClass.class
[PROCESS OUT] Loading from: ../POM/target/test-classes/Metric Specific for Java/bin/pom/test/rsc/specific/testCBO/TestAPlaneteLeft.class
[PROCESS OUT] Loading from: ../POM/target/test-classes/Metric Specific for Java/bin/pom/test/rsc/specific/testCBO/TestSingleInterface.class
[PROCESS OUT] Loading from: ../POM/target/test-classes/Metric Specific for Java/bin/pom/test/rsc/specific/testCBO/TestDPlaneteLeft.class
[PROCESS OUT] Loading from: ../POM/target/test-classes/Metric Specific for Java/bin/pom/test/rsc/specific/testCBO/TestDSatelliteLeft.class
[PROCESS OUT] Loading from: ../POM/target/test-classes/Metric Specific for Java/bin/pom/test/rsc/specific/testCBO/TestCPlaneteLeft.class
[PROCESS OUT] Loading from: ../POM/target/test-classes/Metric Specific for Java/bin/pom/test/rsc/specific/testCBO/TestDPlaneteRight.class
[PROCESS OUT] Loading from: ../POM/target/test-classes/Metric Specific for Java/bin/pom/test/rsc/specific/testCBO/TestAPlaneteRight.class
[PROCESS OUT] Loading from: ../POM/target/test-classes/Metric Specific for Java/bin/pom/test/rsc/specific/testCBO/TestBPlaneteLeft.class
[PROCESS OUT] Loading from: ../POM/target/test-classes/Metric Specific for Java/bin/pom/test/rsc/specific/testCBO/TestCPlaneteRight.class
[PROCESS OUT] Loading from: ../POM/target/test-classes/Metric Specific for Java/bin/pom/test/rsc/specific/testCBO/TestDSatelliteRight.class
[PROCESS OUT] Loading from: ../POM/target/test-classes/Metric Specific for Java/bin/pom/test/rsc/specific/testCBO/TestBPlaneteRight.class
[PROCESS OUT] util.lang.ConcreteReceiverGuard reports a runtime deprecation: calling method "padl.kernel.impl.CodeLevelModel.create()" from class "pom.test.classfile.specific.TestCache"
[PROCESS OUT] Please use the methods in "padl.generator.helper.ModelGenerator" to obtain code-level models.
[PROCESS OUT] util.repository.impl.FileRepositoryFactory has for running URI: /Users/mac/.m2/repository/net/ptidej/padl/padl-core/1.0.0/padl-core-1.0.0.jar
[PROCESS OUT] util.repository.impl.FileRepositoryFactory is creating a JarFileRepository for: util.repository.impl.JarFileRepository
[PROCESS OUT] util.repository.impl.FileRepositoryFactory has for running URI: /Users/mac/.m2/repository/net/ptidej/padl/padl-core/1.0.0/padl-core-1.0.0.jar
[PROCESS OUT] util.repository.impl.JarFileRepository is the current repository on: /Users/mac/.m2/repository/net/ptidej/padl/padl-core/1.0.0/padl-core-1.0.0.jar
[PROCESS OUT] Loading from: padl/kernel/impl/GenericContainerConstants.class
[PROCESS OUT] Loading from: padl/kernel/impl/ConstituentsRepository.class
[PROCESS OUT] Loading from: padl/kernel/impl/Getter.class
[PROCESS OUT] Loading from: padl/kernel/impl/FieldAccess.class
[PROCESS OUT] Loading from: padl/kernel/impl/AbstractInterface.class
[PROCESS OUT] Loading from: padl/kernel/impl/MethodInvocation$NonConcurrentIterator.class
[PROCESS OUT] (Beware that the classfile of padl.kernel.impl.MethodInvocation$NonConcurrentIterator is incomplete!)
[PROCESS OUT] Loading from: padl/kernel/impl/ContainerAggregation.class
[PROCESS OUT] Loading from: padl/kernel/impl/CodeLevelModel.class
[PROCESS OUT] Loading from: padl/kernel/impl/Constructor.class
[PROCESS OUT] Loading from: padl/kernel/impl/Ghost.class
[PROCESS OUT] Loading from: padl/kernel/impl/AbstractLevelModel.class
[PROCESS OUT] Loading from: padl/kernel/impl/Aggregation.class
[PROCESS OUT] Loading from: padl/kernel/impl/GenericContainerOfTopLevelEntities$ModelListener.class
[PROCESS OUT] (Beware that the classfile of padl.kernel.impl.GenericContainerOfTopLevelEntities$ModelListener is incomplete!)
[PROCESS OUT] Loading from: padl/kernel/impl/IPrivateModelObservable.class
[PROCESS OUT] Loading from: padl/kernel/impl/AbstractGenericContainerOfConstituents$NonConcurrentIterator.class
[PROCESS OUT] (Beware that the classfile of padl.kernel.impl.AbstractGenericContainerOfConstituents$NonConcurrentIterator is incomplete!)
[PROCESS OUT] Loading from: padl/kernel/impl/Parameter.class
[PROCESS OUT] Loading from: padl/kernel/impl/Implementation.class
[PROCESS OUT] Loading from: padl/kernel/impl/AbstractModel.class
[PROCESS OUT] Loading from: padl/kernel/impl/IdiomLevelModel.class
[PROCESS OUT] Loading from: padl/kernel/impl/GenericContainerOfNaturallyOrderedConstituents$NaturalOrderComparator.class
[PROCESS OUT] (Beware that the classfile of padl.kernel.impl.GenericContainerOfNaturallyOrderedConstituents$NaturalOrderComparator is incomplete!)
[PROCESS OUT] Loading from: padl/kernel/impl/MemberClass.class
[PROCESS OUT] Loading from: padl/kernel/impl/Association.class
[PROCESS OUT] Loading from: padl/kernel/impl/GenericContainerOfTopLevelEntities$1.class
[PROCESS OUT] (Beware that the classfile of padl.kernel.impl.GenericContainerOfTopLevelEntities$1 is incomplete!)
[PROCESS OUT] Loading from: padl/kernel/impl/Field.class
[PROCESS OUT] Loading from: padl/kernel/impl/Setter.class
[PROCESS OUT] Loading from: padl/kernel/impl/Element.class
[PROCESS OUT] Loading from: padl/kernel/impl/Method.class
[PROCESS OUT] Loading from: padl/kernel/impl/ContainerComposition.class
[PROCESS OUT] Loading from: padl/kernel/impl/PrimitiveEntity.class
[PROCESS OUT] Loading from: padl/kernel/impl/MemberInterface.class
[PROCESS OUT] Loading from: padl/kernel/impl/Composition.class
[PROCESS OUT] Loading from: padl/kernel/impl/Generalisation.class
[PROCESS OUT] Loading from: padl/kernel/impl/UseRelationship.class
[PROCESS OUT] Loading from: padl/kernel/impl/Creation.class
[PROCESS OUT] Loading from: padl/kernel/impl/Class.class
[PROCESS OUT] Loading from: padl/kernel/impl/AbstractGenericContainerOfConstituents.class
[PROCESS OUT] Loading from: padl/kernel/impl/Package.class
[PROCESS OUT] Loading from: padl/kernel/impl/Interface.class
[PROCESS OUT] Loading from: padl/kernel/impl/AbstractGenericContainerOfConstituents$GenericObservable.class
[PROCESS OUT] (Beware that the classfile of padl.kernel.impl.AbstractGenericContainerOfConstituents$GenericObservable is incomplete!)
[PROCESS OUT] Loading from: padl/kernel/impl/Relationship.class
[PROCESS OUT] Loading from: padl/kernel/impl/Constituent.class
[PROCESS OUT] Loading from: padl/kernel/impl/Specialisation.class
[PROCESS OUT] Loading from: padl/kernel/impl/GenericContainerOfTopLevelEntities.class
[PROCESS OUT] Loading from: padl/kernel/impl/DelegatingMethod.class
[PROCESS OUT] Loading from: padl/kernel/impl/FirstClassEntity.class
[PROCESS OUT] 20/11/2025 11:41:10.145 - [WARNING] - Error resolving method: java.base@25/java.lang.reflect.ProxyGenerator$ProxyMethod$$Lambda/0x0000000126022630.<init>(Unknown Source)
[PROCESS OUT] java.lang.ClassNotFoundException: java.lang.reflect.ProxyGenerator$ProxyMethod$$Lambda/0x0000000126022630
[PROCESS OUT] 	at java.base/java.lang.Class.forName0(Native Method)
[PROCESS OUT] 	at java.base/java.lang.Class.forName(Class.java:467)
[PROCESS OUT] 	at java.base/java.lang.Class.forName(Class.java:458)
[PROCESS OUT] 	at ca.concordia.ptidej.spectra.Profile.MonitoringHandler.extractStats(MonitoringHandler.java:235)
[PROCESS OUT] 	at ca.concordia.ptidej.spectra.Profile.MonitoringHandler.run(MonitoringHandler.java:91)
[PROCESS OUT] 	at java.base/java.lang.Thread.run(Thread.java:1474)
[PROCESS OUT] Loading from: padl/kernel/impl/AbstractClass.class
[PROCESS OUT] Loading from: padl/kernel/impl/Operation.class
[PROCESS OUT] Loading from: padl/kernel/impl/MemberGhost.class
[PROCESS OUT] Loading from: padl/kernel/impl/Factory.class
[PROCESS OUT] 20/11/2025 11:41:10.190 - [WARNING] - Error resolving method: java.base@25/java.util.stream.Collectors$$Lambda/0x80000003e.accept(Unknown Source)
[PROCESS OUT] java.lang.ClassNotFoundException: java.util.stream.Collectors$$Lambda/0x80000003e
[PROCESS OUT] 	at java.base/java.lang.Class.forName0(Native Method)
[PROCESS OUT] 	at java.base/java.lang.Class.forName(Class.java:467)
[PROCESS OUT] 	at java.base/java.lang.Class.forName(Class.java:458)
[PROCESS OUT] 	at ca.concordia.ptidej.spectra.Profile.MonitoringHandler.extractStats(MonitoringHandler.java:235)
[PROCESS OUT] 	at ca.concordia.ptidej.spectra.Profile.MonitoringHandler.run(MonitoringHandler.java:91)
[PROCESS OUT] 	at java.base/java.lang.Thread.run(Thread.java:1474)
[PROCESS OUT] Loading from: padl/kernel/impl/MethodInvocation.class
[PROCESS OUT] 20/11/2025 11:41:10.200 - [WARNING] - Error resolving method: java.base@25/java.lang.invoke.LambdaForm$MH/0x0000000126055000.invokeExact_MT(LambdaForm$MH)
[PROCESS OUT] java.lang.ClassNotFoundException: java.lang.invoke.LambdaForm$MH/0x0000000126055000
[PROCESS OUT] 	at java.base/java.lang.Class.forName0(Native Method)
[PROCESS OUT] 	at java.base/java.lang.Class.forName(Class.java:467)
[PROCESS OUT] 	at java.base/java.lang.Class.forName(Class.java:458)
[PROCESS OUT] 	at ca.concordia.ptidej.spectra.Profile.MonitoringHandler.extractStats(MonitoringHandler.java:235)
[PROCESS OUT] 	at ca.concordia.ptidej.spectra.Profile.MonitoringHandler.run(MonitoringHandler.java:91)
[PROCESS OUT] 	at java.base/java.lang.Thread.run(Thread.java:1474)
[PROCESS OUT] Loading from: padl/kernel/impl/Statement.class
[PROCESS OUT] Loading from: padl/kernel/impl/GenericContainerOfNaturallyOrderedConstituents.class
[PROCESS OUT] Loading from: padl/kernel/impl/PackageDefault.class
[PROCESS OUT] Loading from: padl/kernel/impl/PackageGhost.class
[PROCESS OUT] 20/11/2025 11:41:10.218 - [WARNING] - Error resolving method: java.base@25/java.lang.invoke.LambdaForm$MH/0x000000012606b000.<clinit>(LambdaForm$MH)
[PROCESS OUT] java.lang.ClassNotFoundException: java.lang.invoke.LambdaForm$MH/0x000000012606b000
[PROCESS OUT] 	at java.base/java.lang.Class.forName0(Native Method)
[PROCESS OUT] 	at java.base/java.lang.Class.forName(Class.java:467)
[PROCESS OUT] 	at java.base/java.lang.Class.forName(Class.java:458)
[PROCESS OUT] 	at ca.concordia.ptidej.spectra.Profile.MonitoringHandler.extractStats(MonitoringHandler.java:235)
[PROCESS OUT] 	at ca.concordia.ptidej.spectra.Profile.MonitoringHandler.run(MonitoringHandler.java:91)
[PROCESS OUT] 	at java.base/java.lang.Thread.run(Thread.java:1474)
[PROCESS OUT] 20/11/2025 11:41:10.218 - [WARNING] - Error resolving method: java.base@25/java.lang.invoke.LambdaForm$MH/0x000000012606b000.<clinit>(LambdaForm$MH)
[PROCESS OUT] java.lang.ClassNotFoundException: java.lang.invoke.LambdaForm$MH/0x000000012606b000
[PROCESS OUT] 	at java.base/java.lang.Class.forName0(Native Method)
[PROCESS OUT] 	at java.base/java.lang.Class.forName(Class.java:467)
[PROCESS OUT] 	at java.base/java.lang.Class.forName(Class.java:458)
[PROCESS OUT] 	at ca.concordia.ptidej.spectra.Profile.MonitoringHandler.extractStats(MonitoringHandler.java:235)
[PROCESS OUT] 	at ca.concordia.ptidej.spectra.Profile.MonitoringHandler.run(MonitoringHandler.java:91)
[PROCESS OUT] 	at java.base/java.lang.Thread.run(Thread.java:1474)
[PROCESS OUT] 20/11/2025 11:41:10.219 - [WARNING] - Error resolving method: java.base@25/java.lang.invoke.LambdaForm$MH/0x000000012606b000.<clinit>(LambdaForm$MH)
[PROCESS OUT] java.lang.ClassNotFoundException: java.lang.invoke.LambdaForm$MH/0x000000012606b000
[PROCESS OUT] 	at java.base/java.lang.Class.forName0(Native Method)
[PROCESS OUT] 	at java.base/java.lang.Class.forName(Class.java:467)
[PROCESS OUT] 	at java.base/java.lang.Class.forName(Class.java:458)
[PROCESS OUT] 	at ca.concordia.ptidej.spectra.Profile.MonitoringHandler.extractStats(MonitoringHandler.java:235)
[PROCESS OUT] 	at ca.concordia.ptidej.spectra.Profile.MonitoringHandler.run(MonitoringHandler.java:91)
[PROCESS OUT] 	at java.base/java.lang.Thread.run(Thread.java:1474)
[PROCESS OUT] Loading from: padl/kernel/impl/GenericContainerOfInsertionOrderedConstituents.class
[PROCESS OUT] Loading from: padl/kernel/impl/GenericContainerConstants.class
[PROCESS OUT] Loading from: padl/kernel/impl/ConstituentsRepository.class
[PROCESS OUT] Loading from: padl/kernel/impl/Getter.class
[PROCESS OUT] Loading from: padl/kernel/impl/FieldAccess.class
[PROCESS OUT] 20/11/2025 11:41:10.233 - [WARNING] - Error resolving method: java.base@25/java.util.regex.Pattern$$Lambda/0x800000028.is(Unknown Source)
[PROCESS OUT] java.lang.ClassNotFoundException: java.util.regex.Pattern$$Lambda/0x800000028
[PROCESS OUT] 	at java.base/java.lang.Class.forName0(Native Method)
[PROCESS OUT] 	at java.base/java.lang.Class.forName(Class.java:467)
[PROCESS OUT] 	at java.base/java.lang.Class.forName(Class.java:458)
[PROCESS OUT] 	at ca.concordia.ptidej.spectra.Profile.MonitoringHandler.extractStats(MonitoringHandler.java:235)
[PROCESS OUT] 	at ca.concordia.ptidej.spectra.Profile.MonitoringHandler.run(MonitoringHandler.java:91)
[PROCESS OUT] 	at java.base/java.lang.Thread.run(Thread.java:1474)
[PROCESS OUT] Loading from: padl/kernel/impl/AbstractInterface.class
[PROCESS OUT] Loading from: padl/kernel/impl/MethodInvocation$NonConcurrentIterator.class
[PROCESS OUT] (Beware that the classfile of padl.kernel.impl.MethodInvocation$NonConcurrentIterator is incomplete!)
[PROCESS OUT] Loading from: padl/kernel/impl/ContainerAggregation.class
[PROCESS OUT] Loading from: padl/kernel/impl/CodeLevelModel.class
[PROCESS OUT] Loading from: padl/kernel/impl/Constructor.class
[PROCESS OUT] Loading from: padl/kernel/impl/Ghost.class
[PROCESS OUT] Loading from: padl/kernel/impl/AbstractLevelModel.class
[PROCESS OUT] Loading from: padl/kernel/impl/Aggregation.class
[PROCESS OUT] Loading from: padl/kernel/impl/GenericContainerOfTopLevelEntities$ModelListener.class
[PROCESS OUT] (Beware that the classfile of padl.kernel.impl.GenericContainerOfTopLevelEntities$ModelListener is incomplete!)
[PROCESS OUT] Loading from: padl/kernel/impl/IPrivateModelObservable.class
[PROCESS OUT] Loading from: padl/kernel/impl/AbstractGenericContainerOfConstituents$NonConcurrentIterator.class
[PROCESS OUT] (Beware that the classfile of padl.kernel.impl.AbstractGenericContainerOfConstituents$NonConcurrentIterator is incomplete!)
[PROCESS OUT] Loading from: padl/kernel/impl/Parameter.class
[PROCESS OUT] Loading from: padl/kernel/impl/Implementation.class
[PROCESS OUT] Loading from: padl/kernel/impl/AbstractModel.class
[PROCESS OUT] Loading from: padl/kernel/impl/IdiomLevelModel.class
[PROCESS OUT] Loading from: padl/kernel/impl/GenericContainerOfNaturallyOrderedConstituents$NaturalOrderComparator.class
[PROCESS OUT] (Beware that the classfile of padl.kernel.impl.GenericContainerOfNaturallyOrderedConstituents$NaturalOrderComparator is incomplete!)
[PROCESS OUT] Loading from: padl/kernel/impl/MemberClass.class
[PROCESS OUT] Loading from: padl/kernel/impl/Association.class
[PROCESS OUT] Loading from: padl/kernel/impl/GenericContainerOfTopLevelEntities$1.class
[PROCESS OUT] (Beware that the classfile of padl.kernel.impl.GenericContainerOfTopLevelEntities$1 is incomplete!)
[PROCESS OUT] Loading from: padl/kernel/impl/Field.class
[PROCESS OUT] Loading from: padl/kernel/impl/Setter.class
[PROCESS OUT] Loading from: padl/kernel/impl/Element.class
[PROCESS OUT] 20/11/2025 11:41:10.298 - [WARNING] - Error resolving method: java.base@25/java.lang.invoke.LambdaForm$DMH/0x00000001260b0800.<clinit>(LambdaForm$DMH)
[PROCESS OUT] java.lang.ClassNotFoundException: java.lang.invoke.LambdaForm$DMH/0x00000001260b0800
[PROCESS OUT] 	at java.base/java.lang.Class.forName0(Native Method)
[PROCESS OUT] 	at java.base/java.lang.Class.forName(Class.java:467)
[PROCESS OUT] 	at java.base/java.lang.Class.forName(Class.java:458)
[PROCESS OUT] 	at ca.concordia.ptidej.spectra.Profile.MonitoringHandler.extractStats(MonitoringHandler.java:235)
[PROCESS OUT] 	at ca.concordia.ptidej.spectra.Profile.MonitoringHandler.run(MonitoringHandler.java:91)
[PROCESS OUT] 	at java.base/java.lang.Thread.run(Thread.java:1474)
[PROCESS OUT] Loading from: padl/kernel/impl/Method.class
[PROCESS OUT] Loading from: padl/kernel/impl/ContainerComposition.class
[PROCESS OUT] 20/11/2025 11:41:10.304 - [WARNING] - Error resolving method: java.base@25/java.lang.invoke.LambdaForm$DMH/0x00000001260b0c00.newInvokeSpecial(LambdaForm$DMH)
[PROCESS OUT] java.lang.ClassNotFoundException: java.lang.invoke.LambdaForm$DMH/0x00000001260b0c00
[PROCESS OUT] 	at java.base/java.lang.Class.forName0(Native Method)
[PROCESS OUT] 	at java.base/java.lang.Class.forName(Class.java:467)
[PROCESS OUT] 	at java.base/java.lang.Class.forName(Class.java:458)
[PROCESS OUT] 	at ca.concordia.ptidej.spectra.Profile.MonitoringHandler.extractStats(MonitoringHandler.java:235)
[PROCESS OUT] 	at ca.concordia.ptidej.spectra.Profile.MonitoringHandler.run(MonitoringHandler.java:91)
[PROCESS OUT] 	at java.base/java.lang.Thread.run(Thread.java:1474)
[PROCESS OUT] Loading from: padl/kernel/impl/PrimitiveEntity.class
[PROCESS OUT] Loading from: padl/kernel/impl/MemberInterface.class
[PROCESS OUT] Loading from: padl/kernel/impl/Composition.class
[PROCESS OUT] Loading from: padl/kernel/impl/Generalisation.class
[PROCESS OUT] Loading from: padl/kernel/impl/UseRelationship.class
[PROCESS OUT] Loading from: padl/kernel/impl/Creation.class
[PROCESS OUT] Loading from: padl/kernel/impl/Class.class
[PROCESS OUT] Loading from: padl/kernel/impl/AbstractGenericContainerOfConstituents.class
[PROCESS OUT] Loading from: padl/kernel/impl/Package.class
[PROCESS OUT] 20/11/2025 11:41:10.340 - [WARNING] - Error resolving method: java.base@25/java.lang.invoke.LambdaForm$MH/0x0000000126104400.invoke(LambdaForm$MH)
[PROCESS OUT] java.lang.ClassNotFoundException: java.lang.invoke.LambdaForm$MH/0x0000000126104400
[PROCESS OUT] 	at java.base/java.lang.Class.forName0(Native Method)
[PROCESS OUT] 	at java.base/java.lang.Class.forName(Class.java:467)
[PROCESS OUT] 	at java.base/java.lang.Class.forName(Class.java:458)
[PROCESS OUT] 	at ca.concordia.ptidej.spectra.Profile.MonitoringHandler.extractStats(MonitoringHandler.java:235)
[PROCESS OUT] 	at ca.concordia.ptidej.spectra.Profile.MonitoringHandler.run(MonitoringHandler.java:91)
[PROCESS OUT] 	at java.base/java.lang.Thread.run(Thread.java:1474)
[PROCESS OUT] 20/11/2025 11:41:10.341 - [WARNING] - Error resolving method: java.base@25/java.lang.String$$StringConcat/0x0000000126104000.coder(Unknown Source)
[PROCESS OUT] java.lang.ClassNotFoundException: java.lang.String$$StringConcat/0x0000000126104000
[PROCESS OUT] 	at java.base/java.lang.Class.forName0(Native Method)
[PROCESS OUT] 	at java.base/java.lang.Class.forName(Class.java:467)
[PROCESS OUT] 	at java.base/java.lang.Class.forName(Class.java:458)
[PROCESS OUT] 	at ca.concordia.ptidej.spectra.Profile.MonitoringHandler.extractStats(MonitoringHandler.java:235)
[PROCESS OUT] 	at ca.concordia.ptidej.spectra.Profile.MonitoringHandler.run(MonitoringHandler.java:91)
[PROCESS OUT] 	at java.base/java.lang.Thread.run(Thread.java:1474)
[PROCESS OUT] 20/11/2025 11:41:10.341 - [WARNING] - Error resolving method: java.base@25/java.lang.String$$StringConcat/0x0000000126104000.concat(Unknown Source)
[PROCESS OUT] java.lang.ClassNotFoundException: java.lang.String$$StringConcat/0x0000000126104000
[PROCESS OUT] 	at java.base/java.lang.Class.forName0(Native Method)
[PROCESS OUT] 	at java.base/java.lang.Class.forName(Class.java:467)
[PROCESS OUT] 	at java.base/java.lang.Class.forName(Class.java:458)
[PROCESS OUT] 	at ca.concordia.ptidej.spectra.Profile.MonitoringHandler.extractStats(MonitoringHandler.java:235)
[PROCESS OUT] 	at ca.concordia.ptidej.spectra.Profile.MonitoringHandler.run(MonitoringHandler.java:91)
[PROCESS OUT] 	at java.base/java.lang.Thread.run(Thread.java:1474)
[PROCESS OUT] 20/11/2025 11:41:10.341 - [WARNING] - Error resolving method: java.base@25/java.lang.invoke.LambdaForm$MH/0x0000000126104400.invoke(LambdaForm$MH)
[PROCESS OUT] java.lang.ClassNotFoundException: java.lang.invoke.LambdaForm$MH/0x0000000126104400
[PROCESS OUT] 	at java.base/java.lang.Class.forName0(Native Method)
[PROCESS OUT] 	at java.base/java.lang.Class.forName(Class.java:467)
[PROCESS OUT] 	at java.base/java.lang.Class.forName(Class.java:458)
[PROCESS OUT] 	at ca.concordia.ptidej.spectra.Profile.MonitoringHandler.extractStats(MonitoringHandler.java:235)
[PROCESS OUT] 	at ca.concordia.ptidej.spectra.Profile.MonitoringHandler.run(MonitoringHandler.java:91)
[PROCESS OUT] 	at java.base/java.lang.Thread.run(Thread.java:1474)
[PROCESS OUT] Loading from: padl/kernel/impl/Interface.class
[PROCESS OUT] Loading from: padl/kernel/impl/AbstractGenericContainerOfConstituents$GenericObservable.class
[PROCESS OUT] (Beware that the classfile of padl.kernel.impl.AbstractGenericContainerOfConstituents$GenericObservable is incomplete!)
[PROCESS OUT] Loading from: padl/kernel/impl/Relationship.class
[PROCESS OUT] Loading from: padl/kernel/impl/Constituent.class
[PROCESS OUT] 20/11/2025 11:41:10.356 - [WARNING] - Error resolving method: java.base@25/java.lang.String$$StringConcat/0x0000000126114800.prepend(Unknown Source)
[PROCESS OUT] java.lang.ClassNotFoundException: java.lang.String$$StringConcat/0x0000000126114800
[PROCESS OUT] 	at java.base/java.lang.Class.forName0(Native Method)
[PROCESS OUT] 	at java.base/java.lang.Class.forName(Class.java:467)
[PROCESS OUT] 	at java.base/java.lang.Class.forName(Class.java:458)
[PROCESS OUT] 	at ca.concordia.ptidej.spectra.Profile.MonitoringHandler.extractStats(MonitoringHandler.java:235)
[PROCESS OUT] 	at ca.concordia.ptidej.spectra.Profile.MonitoringHandler.run(MonitoringHandler.java:91)
[PROCESS OUT] 	at java.base/java.lang.Thread.run(Thread.java:1474)
[PROCESS OUT] 20/11/2025 11:41:10.357 - [WARNING] - Error resolving method: java.base@25/java.lang.String$$StringConcat/0x0000000126114800.concat(Unknown Source)
[PROCESS OUT] java.lang.ClassNotFoundException: java.lang.String$$StringConcat/0x0000000126114800
[PROCESS OUT] 	at java.base/java.lang.Class.forName0(Native Method)
[PROCESS OUT] 	at java.base/java.lang.Class.forName(Class.java:467)
[PROCESS OUT] 	at java.base/java.lang.Class.forName(Class.java:458)
[PROCESS OUT] 	at ca.concordia.ptidej.spectra.Profile.MonitoringHandler.extractStats(MonitoringHandler.java:235)
[PROCESS OUT] 	at ca.concordia.ptidej.spectra.Profile.MonitoringHandler.run(MonitoringHandler.java:91)
[PROCESS OUT] 	at java.base/java.lang.Thread.run(Thread.java:1474)
[PROCESS OUT] 20/11/2025 11:41:10.357 - [WARNING] - Error resolving method: java.base@25/java.lang.invoke.LambdaForm$MH/0x0000000126114c00.invoke(LambdaForm$MH)
[PROCESS OUT] java.lang.ClassNotFoundException: java.lang.invoke.LambdaForm$MH/0x0000000126114c00
[PROCESS OUT] 	at java.base/java.lang.Class.forName0(Native Method)
[PROCESS OUT] 	at java.base/java.lang.Class.forName(Class.java:467)
[PROCESS OUT] 	at java.base/java.lang.Class.forName(Class.java:458)
[PROCESS OUT] 	at ca.concordia.ptidej.spectra.Profile.MonitoringHandler.extractStats(MonitoringHandler.java:235)
[PROCESS OUT] 	at ca.concordia.ptidej.spectra.Profile.MonitoringHandler.run(MonitoringHandler.java:91)
[PROCESS OUT] 	at java.base/java.lang.Thread.run(Thread.java:1474)
[PROCESS OUT] Loading from: padl/kernel/impl/Specialisation.class
[PROCESS OUT] Loading from: padl/kernel/impl/GenericContainerOfTopLevelEntities.class
[PROCESS OUT] Loading from: padl/kernel/impl/DelegatingMethod.class
[PROCESS OUT] 20/11/2025 11:41:10.374 - [WARNING] - Error resolving method: java.base@25/java.lang.String$$StringConcat/0x0000000126044800.prepend(Unknown Source)
[PROCESS OUT] java.lang.ClassNotFoundException: java.lang.String$$StringConcat/0x0000000126044800
[PROCESS OUT] 	at java.base/java.lang.Class.forName0(Native Method)
[PROCESS OUT] 	at java.base/java.lang.Class.forName(Class.java:467)
[PROCESS OUT] 	at java.base/java.lang.Class.forName(Class.java:458)
[PROCESS OUT] 	at ca.concordia.ptidej.spectra.Profile.MonitoringHandler.extractStats(MonitoringHandler.java:235)
[PROCESS OUT] 	at ca.concordia.ptidej.spectra.Profile.MonitoringHandler.run(MonitoringHandler.java:91)
[PROCESS OUT] 	at java.base/java.lang.Thread.run(Thread.java:1474)
[PROCESS OUT] 20/11/2025 11:41:10.375 - [WARNING] - Error resolving method: java.base@25/java.lang.String$$StringConcat/0x0000000126044800.concat(Unknown Source)
[PROCESS OUT] java.lang.ClassNotFoundException: java.lang.String$$StringConcat/0x0000000126044800
[PROCESS OUT] 	at java.base/java.lang.Class.forName0(Native Method)
[PROCESS OUT] 	at java.base/java.lang.Class.forName(Class.java:467)
[PROCESS OUT] 	at java.base/java.lang.Class.forName(Class.java:458)
[PROCESS OUT] 	at ca.concordia.ptidej.spectra.Profile.MonitoringHandler.extractStats(MonitoringHandler.java:235)
[PROCESS OUT] 	at ca.concordia.ptidej.spectra.Profile.MonitoringHandler.run(MonitoringHandler.java:91)
[PROCESS OUT] 	at java.base/java.lang.Thread.run(Thread.java:1474)
[PROCESS OUT] 20/11/2025 11:41:10.375 - [WARNING] - Error resolving method: java.base@25/java.lang.invoke.LambdaForm$MH/0x0000000126044c00.invoke(LambdaForm$MH)
[PROCESS OUT] java.lang.ClassNotFoundException: java.lang.invoke.LambdaForm$MH/0x0000000126044c00
[PROCESS OUT] 	at java.base/java.lang.Class.forName0(Native Method)
[PROCESS OUT] 	at java.base/java.lang.Class.forName(Class.java:467)
[PROCESS OUT] 	at java.base/java.lang.Class.forName(Class.java:458)
[PROCESS OUT] 	at ca.concordia.ptidej.spectra.Profile.MonitoringHandler.extractStats(MonitoringHandler.java:235)
[PROCESS OUT] 	at ca.concordia.ptidej.spectra.Profile.MonitoringHandler.run(MonitoringHandler.java:91)
[PROCESS OUT] 	at java.base/java.lang.Thread.run(Thread.java:1474)
[PROCESS OUT] Loading from: padl/kernel/impl/FirstClassEntity.class
[PROCESS OUT] 20/11/2025 11:41:10.382 - [WARNING] - Error resolving method: app//org.apache.bcel.classfile.AnnotationEntry$$Lambda/0x00000001261168a0.test(Unknown Source)
[PROCESS OUT] java.lang.ClassNotFoundException: org.apache.bcel.classfile.AnnotationEntry$$Lambda/0x00000001261168a0
[PROCESS OUT] 	at java.base/java.lang.Class.forName0(Native Method)
[PROCESS OUT] 	at java.base/java.lang.Class.forName(Class.java:467)
[PROCESS OUT] 	at java.base/java.lang.Class.forName(Class.java:458)
[PROCESS OUT] 	at ca.concordia.ptidej.spectra.Profile.MonitoringHandler.extractStats(MonitoringHandler.java:235)
[PROCESS OUT] 	at ca.concordia.ptidej.spectra.Profile.MonitoringHandler.run(MonitoringHandler.java:91)
[PROCESS OUT] 	at java.base/java.lang.Thread.run(Thread.java:1474)
[PROCESS OUT] Loading from: padl/kernel/impl/AbstractClass.class
[PROCESS OUT] Loading from: padl/kernel/impl/Operation.class
[PROCESS OUT] Loading from: padl/kernel/impl/MemberGhost.class
[PROCESS OUT] Loading from: padl/kernel/impl/Factory.class
[PROCESS OUT] Loading from: padl/kernel/impl/MethodInvocation.class
[PROCESS OUT] Loading from: padl/kernel/impl/Statement.class
[PROCESS OUT] Loading from: padl/kernel/impl/GenericContainerOfNaturallyOrderedConstituents.class
[PROCESS OUT] Loading from: padl/kernel/impl/PackageDefault.class
[PROCESS OUT] Loading from: padl/kernel/impl/PackageGhost.class
[PROCESS OUT] Loading from: padl/kernel/impl/GenericContainerOfInsertionOrderedConstituents.class
[PROCESS OUT] 20/11/2025 11:41:10.469 - [WARNING] - Error resolving method: java.base@25/java.lang.reflect.Proxy$$Lambda/0x000000012601fc78.apply(Unknown Source)
[PROCESS OUT] java.lang.ClassNotFoundException: java.lang.reflect.Proxy$$Lambda/0x000000012601fc78
[PROCESS OUT] 	at java.base/java.lang.Class.forName0(Native Method)
[PROCESS OUT] 	at java.base/java.lang.Class.forName(Class.java:467)
[PROCESS OUT] 	at java.base/java.lang.Class.forName(Class.java:458)
[PROCESS OUT] 	at ca.concordia.ptidej.spectra.Profile.MonitoringHandler.extractStats(MonitoringHandler.java:235)
[PROCESS OUT] 	at ca.concordia.ptidej.spectra.Profile.MonitoringHandler.run(MonitoringHandler.java:92)
[PROCESS OUT] 	at java.base/java.lang.Thread.run(Thread.java:1474)
[PROCESS OUT] 20/11/2025 11:41:10.473 - [WARNING] - Error resolving method: java.base@25/java.lang.reflect.Proxy$$Lambda/0x000000012601fc78.apply(Unknown Source)
[PROCESS OUT] java.lang.ClassNotFoundException: java.lang.reflect.Proxy$$Lambda/0x000000012601fc78
[PROCESS OUT] 	at java.base/java.lang.Class.forName0(Native Method)
[PROCESS OUT] 	at java.base/java.lang.Class.forName(Class.java:467)
[PROCESS OUT] 	at java.base/java.lang.Class.forName(Class.java:458)
[PROCESS OUT] 	at ca.concordia.ptidej.spectra.Profile.MonitoringHandler.extractStats(MonitoringHandler.java:235)
[PROCESS OUT] 	at ca.concordia.ptidej.spectra.Profile.MonitoringHandler.run(MonitoringHandler.java:92)
[PROCESS OUT] 	at java.base/java.lang.Thread.run(Thread.java:1474)
[PROCESS OUT] 20/11/2025 11:41:10.474 - [WARNING] - Error resolving method: java.base@25/java.lang.reflect.Proxy$ProxyBuilder$$Lambda/0x0000000126020968.apply(Unknown Source)
[PROCESS OUT] java.lang.ClassNotFoundException: java.lang.reflect.Proxy$ProxyBuilder$$Lambda/0x0000000126020968
[PROCESS OUT] 	at java.base/java.lang.Class.forName0(Native Method)
[PROCESS OUT] 	at java.base/java.lang.Class.forName(Class.java:467)
[PROCESS OUT] 	at java.base/java.lang.Class.forName(Class.java:458)
[PROCESS OUT] 	at ca.concordia.ptidej.spectra.Profile.MonitoringHandler.extractStats(MonitoringHandler.java:235)
[PROCESS OUT] 	at ca.concordia.ptidej.spectra.Profile.MonitoringHandler.run(MonitoringHandler.java:92)
[PROCESS OUT] 	at java.base/java.lang.Thread.run(Thread.java:1474)
[PROCESS OUT] 20/11/2025 11:41:10.475 - [WARNING] - Error resolving method: java.base@25/java.lang.reflect.Proxy$$Lambda/0x000000012601fc78.apply(Unknown Source)
[PROCESS OUT] java.lang.ClassNotFoundException: java.lang.reflect.Proxy$$Lambda/0x000000012601fc78
[PROCESS OUT] 	at java.base/java.lang.Class.forName0(Native Method)
[PROCESS OUT] 	at java.base/java.lang.Class.forName(Class.java:467)
[PROCESS OUT] 	at java.base/java.lang.Class.forName(Class.java:458)
[PROCESS OUT] 	at ca.concordia.ptidej.spectra.Profile.MonitoringHandler.extractStats(MonitoringHandler.java:235)
[PROCESS OUT] 	at ca.concordia.ptidej.spectra.Profile.MonitoringHandler.run(MonitoringHandler.java:92)
[PROCESS OUT] 	at java.base/java.lang.Thread.run(Thread.java:1474)
[PROCESS OUT] 20/11/2025 11:41:10.476 - [WARNING] - Error resolving method: java.base@25/java.lang.module.ModuleDescriptor$Builder$$Lambda/0x80000000e.accept(Unknown Source)
[PROCESS OUT] java.lang.ClassNotFoundException: java.lang.module.ModuleDescriptor$Builder$$Lambda/0x80000000e
[PROCESS OUT] 	at java.base/java.lang.Class.forName0(Native Method)
[PROCESS OUT] 	at java.base/java.lang.Class.forName(Class.java:467)
[PROCESS OUT] 	at java.base/java.lang.Class.forName(Class.java:458)
[PROCESS OUT] 	at ca.concordia.ptidej.spectra.Profile.MonitoringHandler.extractStats(MonitoringHandler.java:235)
[PROCESS OUT] 	at ca.concordia.ptidej.spectra.Profile.MonitoringHandler.run(MonitoringHandler.java:92)
[PROCESS OUT] 	at java.base/java.lang.Thread.run(Thread.java:1474)
[PROCESS OUT] 20/11/2025 11:41:10.477 - [WARNING] - Error resolving method: java.base@25/java.lang.reflect.Proxy$ProxyBuilder$$Lambda/0x0000000126020968.apply(Unknown Source)
[PROCESS OUT] java.lang.ClassNotFoundException: java.lang.reflect.Proxy$ProxyBuilder$$Lambda/0x0000000126020968
[PROCESS OUT] 	at java.base/java.lang.Class.forName0(Native Method)
[PROCESS OUT] 	at java.base/java.lang.Class.forName(Class.java:467)
[PROCESS OUT] 	at java.base/java.lang.Class.forName(Class.java:458)
[PROCESS OUT] 	at ca.concordia.ptidej.spectra.Profile.MonitoringHandler.extractStats(MonitoringHandler.java:235)
[PROCESS OUT] 	at ca.concordia.ptidej.spectra.Profile.MonitoringHandler.run(MonitoringHandler.java:92)
[PROCESS OUT] 	at java.base/java.lang.Thread.run(Thread.java:1474)
[PROCESS OUT] 20/11/2025 11:41:10.477 - [WARNING] - Error resolving method: java.base@25/java.lang.reflect.Proxy$$Lambda/0x000000012601fc78.apply(Unknown Source)
[PROCESS OUT] java.lang.ClassNotFoundException: java.lang.reflect.Proxy$$Lambda/0x000000012601fc78
[PROCESS OUT] 	at java.base/java.lang.Class.forName0(Native Method)
[PROCESS OUT] 	at java.base/java.lang.Class.forName(Class.java:467)
[PROCESS OUT] 	at java.base/java.lang.Class.forName(Class.java:458)
[PROCESS OUT] 	at ca.concordia.ptidej.spectra.Profile.MonitoringHandler.extractStats(MonitoringHandler.java:235)
[PROCESS OUT] 	at ca.concordia.ptidej.spectra.Profile.MonitoringHandler.run(MonitoringHandler.java:92)
[PROCESS OUT] 	at java.base/java.lang.Thread.run(Thread.java:1474)
[PROCESS OUT] 20/11/2025 11:41:10.479 - [WARNING] - Error resolving method: java.base@25/java.lang.reflect.Proxy$ProxyBuilder$$Lambda/0x0000000126020968.apply(Unknown Source)
[PROCESS OUT] java.lang.ClassNotFoundException: java.lang.reflect.Proxy$ProxyBuilder$$Lambda/0x0000000126020968
[PROCESS OUT] 	at java.base/java.lang.Class.forName0(Native Method)
[PROCESS OUT] 	at java.base/java.lang.Class.forName(Class.java:467)
[PROCESS OUT] 	at java.base/java.lang.Class.forName(Class.java:458)
[PROCESS OUT] 	at ca.concordia.ptidej.spectra.Profile.MonitoringHandler.extractStats(MonitoringHandler.java:235)
[PROCESS OUT] 	at ca.concordia.ptidej.spectra.Profile.MonitoringHandler.run(MonitoringHandler.java:92)
[PROCESS OUT] 	at java.base/java.lang.Thread.run(Thread.java:1474)
[PROCESS OUT] 20/11/2025 11:41:10.479 - [WARNING] - Error resolving method: java.base@25/java.lang.reflect.Proxy$$Lambda/0x000000012601fc78.apply(Unknown Source)
[PROCESS OUT] java.lang.ClassNotFoundException: java.lang.reflect.Proxy$$Lambda/0x000000012601fc78
[PROCESS OUT] 	at java.base/java.lang.Class.forName0(Native Method)
[PROCESS OUT] 	at java.base/java.lang.Class.forName(Class.java:467)
[PROCESS OUT] 	at java.base/java.lang.Class.forName(Class.java:458)
[PROCESS OUT] 	at ca.concordia.ptidej.spectra.Profile.MonitoringHandler.extractStats(MonitoringHandler.java:235)
[PROCESS OUT] 	at ca.concordia.ptidej.spectra.Profile.MonitoringHandler.run(MonitoringHandler.java:92)
[PROCESS OUT] 	at java.base/java.lang.Thread.run(Thread.java:1474)
[PROCESS OUT] 20/11/2025 11:41:10.483 - [WARNING] - Error resolving method: java.base@25/java.lang.reflect.Proxy$ProxyBuilder$$Lambda/0x0000000126020968.apply(Unknown Source)
[PROCESS OUT] java.lang.ClassNotFoundException: java.lang.reflect.Proxy$ProxyBuilder$$Lambda/0x0000000126020968
[PROCESS OUT] 	at java.base/java.lang.Class.forName0(Native Method)
[PROCESS OUT] 	at java.base/java.lang.Class.forName(Class.java:467)
[PROCESS OUT] 	at java.base/java.lang.Class.forName(Class.java:458)
[PROCESS OUT] 	at ca.concordia.ptidej.spectra.Profile.MonitoringHandler.extractStats(MonitoringHandler.java:235)
[PROCESS OUT] 	at ca.concordia.ptidej.spectra.Profile.MonitoringHandler.run(MonitoringHandler.java:92)
[PROCESS OUT] 	at java.base/java.lang.Thread.run(Thread.java:1474)
[PROCESS OUT] 20/11/2025 11:41:10.483 - [WARNING] - Error resolving method: java.base@25/java.lang.reflect.Proxy$$Lambda/0x000000012601fc78.apply(Unknown Source)
[PROCESS OUT] java.lang.ClassNotFoundException: java.lang.reflect.Proxy$$Lambda/0x000000012601fc78
[PROCESS OUT] 	at java.base/java.lang.Class.forName0(Native Method)
[PROCESS OUT] 	at java.base/java.lang.Class.forName(Class.java:467)
[PROCESS OUT] 	at java.base/java.lang.Class.forName(Class.java:458)
[PROCESS OUT] 	at ca.concordia.ptidej.spectra.Profile.MonitoringHandler.extractStats(MonitoringHandler.java:235)
[PROCESS OUT] 	at ca.concordia.ptidej.spectra.Profile.MonitoringHandler.run(MonitoringHandler.java:92)
[PROCESS OUT] 	at java.base/java.lang.Thread.run(Thread.java:1474)
[PROCESS OUT] 20/11/2025 11:41:10.484 - [WARNING] - Error resolving method: java.base@25/java.lang.reflect.Proxy$$Lambda/0x000000012601fc78.apply(Unknown Source)
[PROCESS OUT] java.lang.ClassNotFoundException: java.lang.reflect.Proxy$$Lambda/0x000000012601fc78
[PROCESS OUT] 	at java.base/java.lang.Class.forName0(Native Method)
[PROCESS OUT] 	at java.base/java.lang.Class.forName(Class.java:467)
[PROCESS OUT] 	at java.base/java.lang.Class.forName(Class.java:458)
[PROCESS OUT] 	at ca.concordia.ptidej.spectra.Profile.MonitoringHandler.extractStats(MonitoringHandler.java:235)
[PROCESS OUT] 	at ca.concordia.ptidej.spectra.Profile.MonitoringHandler.run(MonitoringHandler.java:92)
[PROCESS OUT] 	at java.base/java.lang.Thread.run(Thread.java:1474)
[PROCESS OUT] 20/11/2025 11:41:10.485 - [WARNING] - Error resolving method: java.base@25/java.lang.reflect.Proxy$$Lambda/0x000000012601fc78.apply(Unknown Source)
[PROCESS OUT] java.lang.ClassNotFoundException: java.lang.reflect.Proxy$$Lambda/0x000000012601fc78
[PROCESS OUT] 	at java.base/java.lang.Class.forName0(Native Method)
[PROCESS OUT] 	at java.base/java.lang.Class.forName(Class.java:467)
[PROCESS OUT] 	at java.base/java.lang.Class.forName(Class.java:458)
[PROCESS OUT] 	at ca.concordia.ptidej.spectra.Profile.MonitoringHandler.extractStats(MonitoringHandler.java:235)
[PROCESS OUT] 	at ca.concordia.ptidej.spectra.Profile.MonitoringHandler.run(MonitoringHandler.java:92)
[PROCESS OUT] 	at java.base/java.lang.Thread.run(Thread.java:1474)
[PROCESS OUT] 20/11/2025 11:41:10.486 - [WARNING] - Error resolving method: java.base@25/java.lang.reflect.Proxy$$Lambda/0x000000012601fc78.apply(Unknown Source)
[PROCESS OUT] java.lang.ClassNotFoundException: java.lang.reflect.Proxy$$Lambda/0x000000012601fc78
[PROCESS OUT] 	at java.base/java.lang.Class.forName0(Native Method)
[PROCESS OUT] 	at java.base/java.lang.Class.forName(Class.java:467)
[PROCESS OUT] 	at java.base/java.lang.Class.forName(Class.java:458)
[PROCESS OUT] 	at ca.concordia.ptidej.spectra.Profile.MonitoringHandler.extractStats(MonitoringHandler.java:235)
[PROCESS OUT] 	at ca.concordia.ptidej.spectra.Profile.MonitoringHandler.run(MonitoringHandler.java:92)
[PROCESS OUT] 	at java.base/java.lang.Thread.run(Thread.java:1474)
[PROCESS OUT] 20/11/2025 11:41:10.492 - [WARNING] - Error resolving method: java.base@25/java.lang.reflect.Proxy$$Lambda/0x000000012601fc78.apply(Unknown Source)
[PROCESS OUT] java.lang.ClassNotFoundException: java.lang.reflect.Proxy$$Lambda/0x000000012601fc78
[PROCESS OUT] 	at java.base/java.lang.Class.forName0(Native Method)
[PROCESS OUT] 	at java.base/java.lang.Class.forName(Class.java:467)
[PROCESS OUT] 	at java.base/java.lang.Class.forName(Class.java:458)
[PROCESS OUT] 	at ca.concordia.ptidej.spectra.Profile.MonitoringHandler.extractStats(MonitoringHandler.java:235)
[PROCESS OUT] 	at ca.concordia.ptidej.spectra.Profile.MonitoringHandler.run(MonitoringHandler.java:92)
[PROCESS OUT] 	at java.base/java.lang.Thread.run(Thread.java:1474)
[PROCESS OUT] 20/11/2025 11:41:10.493 - [WARNING] - Error resolving method: java.base@25/java.lang.reflect.ProxyGenerator$$Lambda/0x00000001260221b0.accept(Unknown Source)
[PROCESS OUT] java.lang.ClassNotFoundException: java.lang.reflect.ProxyGenerator$$Lambda/0x00000001260221b0
[PROCESS OUT] 	at java.base/java.lang.Class.forName0(Native Method)
[PROCESS OUT] 	at java.base/java.lang.Class.forName(Class.java:467)
[PROCESS OUT] 	at java.base/java.lang.Class.forName(Class.java:458)
[PROCESS OUT] 	at ca.concordia.ptidej.spectra.Profile.MonitoringHandler.extractStats(MonitoringHandler.java:235)
[PROCESS OUT] 	at ca.concordia.ptidej.spectra.Profile.MonitoringHandler.run(MonitoringHandler.java:92)
[PROCESS OUT] 	at java.base/java.lang.Thread.run(Thread.java:1474)
[PROCESS OUT] 20/11/2025 11:41:10.494 - [WARNING] - Error resolving method: java.base@25/java.lang.reflect.Proxy$$Lambda/0x000000012601fc78.apply(Unknown Source)
[PROCESS OUT] java.lang.ClassNotFoundException: java.lang.reflect.Proxy$$Lambda/0x000000012601fc78
[PROCESS OUT] 	at java.base/java.lang.Class.forName0(Native Method)
[PROCESS OUT] 	at java.base/java.lang.Class.forName(Class.java:467)
[PROCESS OUT] 	at java.base/java.lang.Class.forName(Class.java:458)
[PROCESS OUT] 	at ca.concordia.ptidej.spectra.Profile.MonitoringHandler.extractStats(MonitoringHandler.java:235)
[PROCESS OUT] 	at ca.concordia.ptidej.spectra.Profile.MonitoringHandler.run(MonitoringHandler.java:92)
[PROCESS OUT] 	at java.base/java.lang.Thread.run(Thread.java:1474)
[PROCESS OUT] 20/11/2025 11:41:10.496 - [WARNING] - Error resolving method: java.base@25/java.lang.reflect.ProxyGenerator$$Lambda/0x00000001260221b0.accept(Unknown Source)
[PROCESS OUT] java.lang.ClassNotFoundException: java.lang.reflect.ProxyGenerator$$Lambda/0x00000001260221b0
[PROCESS OUT] 	at java.base/java.lang.Class.forName0(Native Method)
[PROCESS OUT] 	at java.base/java.lang.Class.forName(Class.java:467)
[PROCESS OUT] 	at java.base/java.lang.Class.forName(Class.java:458)
[PROCESS OUT] 	at ca.concordia.ptidej.spectra.Profile.MonitoringHandler.extractStats(MonitoringHandler.java:235)
[PROCESS OUT] 	at ca.concordia.ptidej.spectra.Profile.MonitoringHandler.run(MonitoringHandler.java:92)
[PROCESS OUT] 	at java.base/java.lang.Thread.run(Thread.java:1474)
[PROCESS OUT] 20/11/2025 11:41:10.497 - [WARNING] - Error resolving method: java.base@25/java.lang.reflect.Proxy$$Lambda/0x000000012601fc78.apply(Unknown Source)
[PROCESS OUT] java.lang.ClassNotFoundException: java.lang.reflect.Proxy$$Lambda/0x000000012601fc78
[PROCESS OUT] 	at java.base/java.lang.Class.forName0(Native Method)
[PROCESS OUT] 	at java.base/java.lang.Class.forName(Class.java:467)
[PROCESS OUT] 	at java.base/java.lang.Class.forName(Class.java:458)
[PROCESS OUT] 	at ca.concordia.ptidej.spectra.Profile.MonitoringHandler.extractStats(MonitoringHandler.java:235)
[PROCESS OUT] 	at ca.concordia.ptidej.spectra.Profile.MonitoringHandler.run(MonitoringHandler.java:92)
[PROCESS OUT] 	at java.base/java.lang.Thread.run(Thread.java:1474)
[PROCESS OUT] 20/11/2025 11:41:10.498 - [WARNING] - Error resolving method: java.base@25/java.lang.reflect.ProxyGenerator$$Lambda/0x00000001260221b0.accept(Unknown Source)
[PROCESS OUT] java.lang.ClassNotFoundException: java.lang.reflect.ProxyGenerator$$Lambda/0x00000001260221b0
[PROCESS OUT] 	at java.base/java.lang.Class.forName0(Native Method)
[PROCESS OUT] 	at java.base/java.lang.Class.forName(Class.java:467)
[PROCESS OUT] 	at java.base/java.lang.Class.forName(Class.java:458)
[PROCESS OUT] 	at ca.concordia.ptidej.spectra.Profile.MonitoringHandler.extractStats(MonitoringHandler.java:235)
[PROCESS OUT] 	at ca.concordia.ptidej.spectra.Profile.MonitoringHandler.run(MonitoringHandler.java:92)
[PROCESS OUT] 	at java.base/java.lang.Thread.run(Thread.java:1474)
[PROCESS OUT] 20/11/2025 11:41:10.500 - [WARNING] - Error resolving method: java.base@25/java.lang.reflect.Proxy$$Lambda/0x000000012601fc78.apply(Unknown Source)
[PROCESS OUT] java.lang.ClassNotFoundException: java.lang.reflect.Proxy$$Lambda/0x000000012601fc78
[PROCESS OUT] 	at java.base/java.lang.Class.forName0(Native Method)
[PROCESS OUT] 	at java.base/java.lang.Class.forName(Class.java:467)
[PROCESS OUT] 	at java.base/java.lang.Class.forName(Class.java:458)
[PROCESS OUT] 	at ca.concordia.ptidej.spectra.Profile.MonitoringHandler.extractStats(MonitoringHandler.java:235)
[PROCESS OUT] 	at ca.concordia.ptidej.spectra.Profile.MonitoringHandler.run(MonitoringHandler.java:92)
[PROCESS OUT] 	at java.base/java.lang.Thread.run(Thread.java:1474)
[PROCESS OUT] 20/11/2025 11:41:10.501 - [WARNING] - Error resolving method: java.base@25/java.lang.reflect.ProxyGenerator$$Lambda/0x00000001260221b0.accept(Unknown Source)
[PROCESS OUT] java.lang.ClassNotFoundException: java.lang.reflect.ProxyGenerator$$Lambda/0x00000001260221b0
[PROCESS OUT] 	at java.base/java.lang.Class.forName0(Native Method)
[PROCESS OUT] 	at java.base/java.lang.Class.forName(Class.java:467)
[PROCESS OUT] 	at java.base/java.lang.Class.forName(Class.java:458)
[PROCESS OUT] 	at ca.concordia.ptidej.spectra.Profile.MonitoringHandler.extractStats(MonitoringHandler.java:235)
[PROCESS OUT] 	at ca.concordia.ptidej.spectra.Profile.MonitoringHandler.run(MonitoringHandler.java:92)
[PROCESS OUT] 	at java.base/java.lang.Thread.run(Thread.java:1474)
[PROCESS OUT] 20/11/2025 11:41:10.501 - [WARNING] - Error resolving method: java.base@25/java.lang.reflect.Proxy$$Lambda/0x000000012601fc78.apply(Unknown Source)
[PROCESS OUT] java.lang.ClassNotFoundException: java.lang.reflect.Proxy$$Lambda/0x000000012601fc78
[PROCESS OUT] 	at java.base/java.lang.Class.forName0(Native Method)
[PROCESS OUT] 	at java.base/java.lang.Class.forName(Class.java:467)
[PROCESS OUT] 	at java.base/java.lang.Class.forName(Class.java:458)
[PROCESS OUT] 	at ca.concordia.ptidej.spectra.Profile.MonitoringHandler.extractStats(MonitoringHandler.java:235)
[PROCESS OUT] 	at ca.concordia.ptidej.spectra.Profile.MonitoringHandler.run(MonitoringHandler.java:92)
[PROCESS OUT] 	at java.base/java.lang.Thread.run(Thread.java:1474)
[PROCESS OUT] 20/11/2025 11:41:10.503 - [WARNING] - Error resolving method: java.base@25/java.lang.reflect.ProxyGenerator$ProxyMethod$$Lambda/0x0000000126022630.accept(Unknown Source)
[PROCESS OUT] java.lang.ClassNotFoundException: java.lang.reflect.ProxyGenerator$ProxyMethod$$Lambda/0x0000000126022630
[PROCESS OUT] 	at java.base/java.lang.Class.forName0(Native Method)
[PROCESS OUT] 	at java.base/java.lang.Class.forName(Class.java:467)
[PROCESS OUT] 	at java.base/java.lang.Class.forName(Class.java:458)
[PROCESS OUT] 	at ca.concordia.ptidej.spectra.Profile.MonitoringHandler.extractStats(MonitoringHandler.java:235)
[PROCESS OUT] 	at ca.concordia.ptidej.spectra.Profile.MonitoringHandler.run(MonitoringHandler.java:92)
[PROCESS OUT] 	at java.base/java.lang.Thread.run(Thread.java:1474)
[PROCESS OUT] 20/11/2025 11:41:10.503 - [WARNING] - Error resolving method: java.base@25/java.lang.reflect.ProxyGenerator$$Lambda/0x00000001260221b0.accept(Unknown Source)
[PROCESS OUT] java.lang.ClassNotFoundException: java.lang.reflect.ProxyGenerator$$Lambda/0x00000001260221b0
[PROCESS OUT] 	at java.base/java.lang.Class.forName0(Native Method)
[PROCESS OUT] 	at java.base/java.lang.Class.forName(Class.java:467)
[PROCESS OUT] 	at java.base/java.lang.Class.forName(Class.java:458)
[PROCESS OUT] 	at ca.concordia.ptidej.spectra.Profile.MonitoringHandler.extractStats(MonitoringHandler.java:235)
[PROCESS OUT] 	at ca.concordia.ptidej.spectra.Profile.MonitoringHandler.run(MonitoringHandler.java:92)
[PROCESS OUT] 	at java.base/java.lang.Thread.run(Thread.java:1474)
[PROCESS OUT] 20/11/2025 11:41:10.504 - [WARNING] - Error resolving method: java.base@25/java.lang.reflect.Proxy$$Lambda/0x000000012601fc78.apply(Unknown Source)
[PROCESS OUT] java.lang.ClassNotFoundException: java.lang.reflect.Proxy$$Lambda/0x000000012601fc78
[PROCESS OUT] 	at java.base/java.lang.Class.forName0(Native Method)
[PROCESS OUT] 	at java.base/java.lang.Class.forName(Class.java:467)
[PROCESS OUT] 	at java.base/java.lang.Class.forName(Class.java:458)
[PROCESS OUT] 	at ca.concordia.ptidej.spectra.Profile.MonitoringHandler.extractStats(MonitoringHandler.java:235)
[PROCESS OUT] 	at ca.concordia.ptidej.spectra.Profile.MonitoringHandler.run(MonitoringHandler.java:92)
[PROCESS OUT] 	at java.base/java.lang.Thread.run(Thread.java:1474)
[PROCESS OUT] 20/11/2025 11:41:10.505 - [WARNING] - Error resolving method: java.base@25/java.lang.reflect.ProxyGenerator$ProxyMethod$$Lambda/0x0000000126022630.accept(Unknown Source)
[PROCESS OUT] java.lang.ClassNotFoundException: java.lang.reflect.ProxyGenerator$ProxyMethod$$Lambda/0x0000000126022630
[PROCESS OUT] 	at java.base/java.lang.Class.forName0(Native Method)
[PROCESS OUT] 	at java.base/java.lang.Class.forName(Class.java:467)
[PROCESS OUT] 	at java.base/java.lang.Class.forName(Class.java:458)
[PROCESS OUT] 	at ca.concordia.ptidej.spectra.Profile.MonitoringHandler.extractStats(MonitoringHandler.java:235)
[PROCESS OUT] 	at ca.concordia.ptidej.spectra.Profile.MonitoringHandler.run(MonitoringHandler.java:92)
[PROCESS OUT] 	at java.base/java.lang.Thread.run(Thread.java:1474)
[PROCESS OUT] 20/11/2025 11:41:10.505 - [WARNING] - Error resolving method: java.base@25/java.lang.reflect.ProxyGenerator$$Lambda/0x00000001260221b0.accept(Unknown Source)
[PROCESS OUT] java.lang.ClassNotFoundException: java.lang.reflect.ProxyGenerator$$Lambda/0x00000001260221b0
[PROCESS OUT] 	at java.base/java.lang.Class.forName0(Native Method)
[PROCESS OUT] 	at java.base/java.lang.Class.forName(Class.java:467)
[PROCESS OUT] 	at java.base/java.lang.Class.forName(Class.java:458)
[PROCESS OUT] 	at ca.concordia.ptidej.spectra.Profile.MonitoringHandler.extractStats(MonitoringHandler.java:235)
[PROCESS OUT] 	at ca.concordia.ptidej.spectra.Profile.MonitoringHandler.run(MonitoringHandler.java:92)
[PROCESS OUT] 	at java.base/java.lang.Thread.run(Thread.java:1474)
[PROCESS OUT] 20/11/2025 11:41:10.506 - [WARNING] - Error resolving method: java.base@25/java.lang.reflect.Proxy$$Lambda/0x000000012601fc78.apply(Unknown Source)
[PROCESS OUT] java.lang.ClassNotFoundException: java.lang.reflect.Proxy$$Lambda/0x000000012601fc78
[PROCESS OUT] 	at java.base/java.lang.Class.forName0(Native Method)
[PROCESS OUT] 	at java.base/java.lang.Class.forName(Class.java:467)
[PROCESS OUT] 	at java.base/java.lang.Class.forName(Class.java:458)
[PROCESS OUT] 	at ca.concordia.ptidej.spectra.Profile.MonitoringHandler.extractStats(MonitoringHandler.java:235)
[PROCESS OUT] 	at ca.concordia.ptidej.spectra.Profile.MonitoringHandler.run(MonitoringHandler.java:92)
[PROCESS OUT] 	at java.base/java.lang.Thread.run(Thread.java:1474)
[PROCESS OUT] 20/11/2025 11:41:10.507 - [WARNING] - Error resolving method: java.base@25/java.lang.reflect.ProxyGenerator$ProxyMethod$$Lambda/0x0000000126022d90.accept(Unknown Source)
[PROCESS OUT] java.lang.ClassNotFoundException: java.lang.reflect.ProxyGenerator$ProxyMethod$$Lambda/0x0000000126022d90
[PROCESS OUT] 	at java.base/java.lang.Class.forName0(Native Method)
[PROCESS OUT] 	at java.base/java.lang.Class.forName(Class.java:467)
[PROCESS OUT] 	at java.base/java.lang.Class.forName(Class.java:458)
[PROCESS OUT] 	at ca.concordia.ptidej.spectra.Profile.MonitoringHandler.extractStats(MonitoringHandler.java:235)
[PROCESS OUT] 	at ca.concordia.ptidej.spectra.Profile.MonitoringHandler.run(MonitoringHandler.java:92)
[PROCESS OUT] 	at java.base/java.lang.Thread.run(Thread.java:1474)
[PROCESS OUT] 20/11/2025 11:41:10.507 - [WARNING] - Error resolving method: java.base@25/java.lang.reflect.ProxyGenerator$ProxyMethod$$Lambda/0x0000000126022630.accept(Unknown Source)
[PROCESS OUT] java.lang.ClassNotFoundException: java.lang.reflect.ProxyGenerator$ProxyMethod$$Lambda/0x0000000126022630
[PROCESS OUT] 	at java.base/java.lang.Class.forName0(Native Method)
[PROCESS OUT] 	at java.base/java.lang.Class.forName(Class.java:467)
[PROCESS OUT] 	at java.base/java.lang.Class.forName(Class.java:458)
[PROCESS OUT] 	at ca.concordia.ptidej.spectra.Profile.MonitoringHandler.extractStats(MonitoringHandler.java:235)
[PROCESS OUT] 	at ca.concordia.ptidej.spectra.Profile.MonitoringHandler.run(MonitoringHandler.java:92)
[PROCESS OUT] 	at java.base/java.lang.Thread.run(Thread.java:1474)
[PROCESS OUT] 20/11/2025 11:41:10.507 - [WARNING] - Error resolving method: java.base@25/java.lang.reflect.ProxyGenerator$$Lambda/0x00000001260221b0.accept(Unknown Source)
[PROCESS OUT] java.lang.ClassNotFoundException: java.lang.reflect.ProxyGenerator$$Lambda/0x00000001260221b0
[PROCESS OUT] 	at java.base/java.lang.Class.forName0(Native Method)
[PROCESS OUT] 	at java.base/java.lang.Class.forName(Class.java:467)
[PROCESS OUT] 	at java.base/java.lang.Class.forName(Class.java:458)
[PROCESS OUT] 	at ca.concordia.ptidej.spectra.Profile.MonitoringHandler.extractStats(MonitoringHandler.java:235)
[PROCESS OUT] 	at ca.concordia.ptidej.spectra.Profile.MonitoringHandler.run(MonitoringHandler.java:92)
[PROCESS OUT] 	at java.base/java.lang.Thread.run(Thread.java:1474)
[PROCESS OUT] 20/11/2025 11:41:10.508 - [WARNING] - Error resolving method: java.base@25/java.lang.reflect.Proxy$$Lambda/0x000000012601fc78.apply(Unknown Source)
[PROCESS OUT] java.lang.ClassNotFoundException: java.lang.reflect.Proxy$$Lambda/0x000000012601fc78
[PROCESS OUT] 	at java.base/java.lang.Class.forName0(Native Method)
[PROCESS OUT] 	at java.base/java.lang.Class.forName(Class.java:467)
[PROCESS OUT] 	at java.base/java.lang.Class.forName(Class.java:458)
[PROCESS OUT] 	at ca.concordia.ptidej.spectra.Profile.MonitoringHandler.extractStats(MonitoringHandler.java:235)
[PROCESS OUT] 	at ca.concordia.ptidej.spectra.Profile.MonitoringHandler.run(MonitoringHandler.java:92)
[PROCESS OUT] 	at java.base/java.lang.Thread.run(Thread.java:1474)
[PROCESS OUT] 20/11/2025 11:41:10.511 - [WARNING] - Error resolving method: java.base@25/java.lang.reflect.ProxyGenerator$ProxyMethod$$Lambda/0x0000000126022d90.accept(Unknown Source)
[PROCESS OUT] java.lang.ClassNotFoundException: java.lang.reflect.ProxyGenerator$ProxyMethod$$Lambda/0x0000000126022d90
[PROCESS OUT] 	at java.base/java.lang.Class.forName0(Native Method)
[PROCESS OUT] 	at java.base/java.lang.Class.forName(Class.java:467)
[PROCESS OUT] 	at java.base/java.lang.Class.forName(Class.java:458)
[PROCESS OUT] 	at ca.concordia.ptidej.spectra.Profile.MonitoringHandler.extractStats(MonitoringHandler.java:235)
[PROCESS OUT] 	at ca.concordia.ptidej.spectra.Profile.MonitoringHandler.run(MonitoringHandler.java:92)
[PROCESS OUT] 	at java.base/java.lang.Thread.run(Thread.java:1474)
[PROCESS OUT] 20/11/2025 11:41:10.511 - [WARNING] - Error resolving method: java.base@25/java.lang.reflect.ProxyGenerator$ProxyMethod$$Lambda/0x0000000126022630.accept(Unknown Source)
[PROCESS OUT] java.lang.ClassNotFoundException: java.lang.reflect.ProxyGenerator$ProxyMethod$$Lambda/0x0000000126022630
[PROCESS OUT] 	at java.base/java.lang.Class.forName0(Native Method)
[PROCESS OUT] 	at java.base/java.lang.Class.forName(Class.java:467)
[PROCESS OUT] 	at java.base/java.lang.Class.forName(Class.java:458)
[PROCESS OUT] 	at ca.concordia.ptidej.spectra.Profile.MonitoringHandler.extractStats(MonitoringHandler.java:235)
[PROCESS OUT] 	at ca.concordia.ptidej.spectra.Profile.MonitoringHandler.run(MonitoringHandler.java:92)
[PROCESS OUT] 	at java.base/java.lang.Thread.run(Thread.java:1474)
[PROCESS OUT] 20/11/2025 11:41:10.512 - [WARNING] - Error resolving method: java.base@25/java.lang.reflect.ProxyGenerator$$Lambda/0x00000001260221b0.accept(Unknown Source)
[PROCESS OUT] java.lang.ClassNotFoundException: java.lang.reflect.ProxyGenerator$$Lambda/0x00000001260221b0
[PROCESS OUT] 	at java.base/java.lang.Class.forName0(Native Method)
[PROCESS OUT] 	at java.base/java.lang.Class.forName(Class.java:467)
[PROCESS OUT] 	at java.base/java.lang.Class.forName(Class.java:458)
[PROCESS OUT] 	at ca.concordia.ptidej.spectra.Profile.MonitoringHandler.extractStats(MonitoringHandler.java:235)
[PROCESS OUT] 	at ca.concordia.ptidej.spectra.Profile.MonitoringHandler.run(MonitoringHandler.java:92)
[PROCESS OUT] 	at java.base/java.lang.Thread.run(Thread.java:1474)
[PROCESS OUT] 20/11/2025 11:41:10.512 - [WARNING] - Error resolving method: java.base@25/java.lang.reflect.Proxy$$Lambda/0x000000012601fc78.apply(Unknown Source)
[PROCESS OUT] java.lang.ClassNotFoundException: java.lang.reflect.Proxy$$Lambda/0x000000012601fc78
[PROCESS OUT] 	at java.base/java.lang.Class.forName0(Native Method)
[PROCESS OUT] 	at java.base/java.lang.Class.forName(Class.java:467)
[PROCESS OUT] 	at java.base/java.lang.Class.forName(Class.java:458)
[PROCESS OUT] 	at ca.concordia.ptidej.spectra.Profile.MonitoringHandler.extractStats(MonitoringHandler.java:235)
[PROCESS OUT] 	at ca.concordia.ptidej.spectra.Profile.MonitoringHandler.run(MonitoringHandler.java:92)
[PROCESS OUT] 	at java.base/java.lang.Thread.run(Thread.java:1474)
[PROCESS OUT] 20/11/2025 11:41:10.513 - [WARNING] - Error resolving method: java.base@25/java.lang.reflect.ProxyGenerator$$Lambda/0x00000001260221b0.accept(Unknown Source)
[PROCESS OUT] java.lang.ClassNotFoundException: java.lang.reflect.ProxyGenerator$$Lambda/0x00000001260221b0
[PROCESS OUT] 	at java.base/java.lang.Class.forName0(Native Method)
[PROCESS OUT] 	at java.base/java.lang.Class.forName(Class.java:467)
[PROCESS OUT] 	at java.base/java.lang.Class.forName(Class.java:458)
[PROCESS OUT] 	at ca.concordia.ptidej.spectra.Profile.MonitoringHandler.extractStats(MonitoringHandler.java:235)
[PROCESS OUT] 	at ca.concordia.ptidej.spectra.Profile.MonitoringHandler.run(MonitoringHandler.java:92)
[PROCESS OUT] 	at java.base/java.lang.Thread.run(Thread.java:1474)
[PROCESS OUT] 20/11/2025 11:41:10.514 - [WARNING] - Error resolving method: java.base@25/java.lang.reflect.Proxy$$Lambda/0x000000012601fc78.apply(Unknown Source)
[PROCESS OUT] java.lang.ClassNotFoundException: java.lang.reflect.Proxy$$Lambda/0x000000012601fc78
[PROCESS OUT] 	at java.base/java.lang.Class.forName0(Native Method)
[PROCESS OUT] 	at java.base/java.lang.Class.forName(Class.java:467)
[PROCESS OUT] 	at java.base/java.lang.Class.forName(Class.java:458)
[PROCESS OUT] 	at ca.concordia.ptidej.spectra.Profile.MonitoringHandler.extractStats(MonitoringHandler.java:235)
[PROCESS OUT] 	at ca.concordia.ptidej.spectra.Profile.MonitoringHandler.run(MonitoringHandler.java:92)
[PROCESS OUT] 	at java.base/java.lang.Thread.run(Thread.java:1474)
[PROCESS OUT] 20/11/2025 11:41:10.515 - [WARNING] - Error resolving method: java.base@25/java.lang.reflect.ProxyGenerator$$Lambda/0x00000001260221b0.accept(Unknown Source)
[PROCESS OUT] java.lang.ClassNotFoundException: java.lang.reflect.ProxyGenerator$$Lambda/0x00000001260221b0
[PROCESS OUT] 	at java.base/java.lang.Class.forName0(Native Method)
[PROCESS OUT] 	at java.base/java.lang.Class.forName(Class.java:467)
[PROCESS OUT] 	at java.base/java.lang.Class.forName(Class.java:458)
[PROCESS OUT] 	at ca.concordia.ptidej.spectra.Profile.MonitoringHandler.extractStats(MonitoringHandler.java:235)
[PROCESS OUT] 	at ca.concordia.ptidej.spectra.Profile.MonitoringHandler.run(MonitoringHandler.java:92)
[PROCESS OUT] 	at java.base/java.lang.Thread.run(Thread.java:1474)
[PROCESS OUT] 20/11/2025 11:41:10.518 - [WARNING] - Error resolving method: java.base@25/java.lang.reflect.Proxy$$Lambda/0x000000012601fc78.apply(Unknown Source)
[PROCESS OUT] java.lang.ClassNotFoundException: java.lang.reflect.Proxy$$Lambda/0x000000012601fc78
[PROCESS OUT] 	at java.base/java.lang.Class.forName0(Native Method)
[PROCESS OUT] 	at java.base/java.lang.Class.forName(Class.java:467)
[PROCESS OUT] 	at java.base/java.lang.Class.forName(Class.java:458)
[PROCESS OUT] 	at ca.concordia.ptidej.spectra.Profile.MonitoringHandler.extractStats(MonitoringHandler.java:235)
[PROCESS OUT] 	at ca.concordia.ptidej.spectra.Profile.MonitoringHandler.run(MonitoringHandler.java:92)
[PROCESS OUT] 	at java.base/java.lang.Thread.run(Thread.java:1474)
[PROCESS OUT] 20/11/2025 11:41:10.519 - [WARNING] - Error resolving method: java.base@25/java.lang.reflect.ProxyGenerator$$Lambda/0x00000001260221b0.accept(Unknown Source)
[PROCESS OUT] java.lang.ClassNotFoundException: java.lang.reflect.ProxyGenerator$$Lambda/0x00000001260221b0
[PROCESS OUT] 	at java.base/java.lang.Class.forName0(Native Method)
[PROCESS OUT] 	at java.base/java.lang.Class.forName(Class.java:467)
[PROCESS OUT] 	at java.base/java.lang.Class.forName(Class.java:458)
[PROCESS OUT] 	at ca.concordia.ptidej.spectra.Profile.MonitoringHandler.extractStats(MonitoringHandler.java:235)
[PROCESS OUT] 	at ca.concordia.ptidej.spectra.Profile.MonitoringHandler.run(MonitoringHandler.java:92)
[PROCESS OUT] 	at java.base/java.lang.Thread.run(Thread.java:1474)
[PROCESS OUT] 20/11/2025 11:41:10.520 - [WARNING] - Error resolving method: java.base@25/java.lang.reflect.Proxy$$Lambda/0x000000012601fc78.apply(Unknown Source)
[PROCESS OUT] java.lang.ClassNotFoundException: java.lang.reflect.Proxy$$Lambda/0x000000012601fc78
[PROCESS OUT] 	at java.base/java.lang.Class.forName0(Native Method)
[PROCESS OUT] 	at java.base/java.lang.Class.forName(Class.java:467)
[PROCESS OUT] 	at java.base/java.lang.Class.forName(Class.java:458)
[PROCESS OUT] 	at ca.concordia.ptidej.spectra.Profile.MonitoringHandler.extractStats(MonitoringHandler.java:235)
[PROCESS OUT] 	at ca.concordia.ptidej.spectra.Profile.MonitoringHandler.run(MonitoringHandler.java:92)
[PROCESS OUT] 	at java.base/java.lang.Thread.run(Thread.java:1474)
[PROCESS OUT] 20/11/2025 11:41:10.522 - [WARNING] - Error resolving method: java.base@25/java.lang.reflect.ProxyGenerator$$Lambda/0x00000001260236a8.accept(Unknown Source)
[PROCESS OUT] java.lang.ClassNotFoundException: java.lang.reflect.ProxyGenerator$$Lambda/0x00000001260236a8
[PROCESS OUT] 	at java.base/java.lang.Class.forName0(Native Method)
[PROCESS OUT] 	at java.base/java.lang.Class.forName(Class.java:467)
[PROCESS OUT] 	at java.base/java.lang.Class.forName(Class.java:458)
[PROCESS OUT] 	at ca.concordia.ptidej.spectra.Profile.MonitoringHandler.extractStats(MonitoringHandler.java:235)
[PROCESS OUT] 	at ca.concordia.ptidej.spectra.Profile.MonitoringHandler.run(MonitoringHandler.java:92)
[PROCESS OUT] 	at java.base/java.lang.Thread.run(Thread.java:1474)
[PROCESS OUT] 20/11/2025 11:41:10.522 - [WARNING] - Error resolving method: java.base@25/java.lang.reflect.ProxyGenerator$$Lambda/0x00000001260221b0.accept(Unknown Source)
[PROCESS OUT] java.lang.ClassNotFoundException: java.lang.reflect.ProxyGenerator$$Lambda/0x00000001260221b0
[PROCESS OUT] 	at java.base/java.lang.Class.forName0(Native Method)
[PROCESS OUT] 	at java.base/java.lang.Class.forName(Class.java:467)
[PROCESS OUT] 	at java.base/java.lang.Class.forName(Class.java:458)
[PROCESS OUT] 	at ca.concordia.ptidej.spectra.Profile.MonitoringHandler.extractStats(MonitoringHandler.java:235)
[PROCESS OUT] 	at ca.concordia.ptidej.spectra.Profile.MonitoringHandler.run(MonitoringHandler.java:92)
[PROCESS OUT] 	at java.base/java.lang.Thread.run(Thread.java:1474)
[PROCESS OUT] 20/11/2025 11:41:10.523 - [WARNING] - Error resolving method: java.base@25/java.lang.reflect.Proxy$$Lambda/0x000000012601fc78.apply(Unknown Source)
[PROCESS OUT] java.lang.ClassNotFoundException: java.lang.reflect.Proxy$$Lambda/0x000000012601fc78
[PROCESS OUT] 	at java.base/java.lang.Class.forName0(Native Method)
[PROCESS OUT] 	at java.base/java.lang.Class.forName(Class.java:467)
[PROCESS OUT] 	at java.base/java.lang.Class.forName(Class.java:458)
[PROCESS OUT] 	at ca.concordia.ptidej.spectra.Profile.MonitoringHandler.extractStats(MonitoringHandler.java:235)
[PROCESS OUT] 	at ca.concordia.ptidej.spectra.Profile.MonitoringHandler.run(MonitoringHandler.java:92)
[PROCESS OUT] 	at java.base/java.lang.Thread.run(Thread.java:1474)
[PROCESS OUT] 20/11/2025 11:41:10.524 - [WARNING] - Error resolving method: java.base@25/java.lang.reflect.ProxyGenerator$$Lambda/0x00000001260221b0.accept(Unknown Source)
[PROCESS OUT] java.lang.ClassNotFoundException: java.lang.reflect.ProxyGenerator$$Lambda/0x00000001260221b0
[PROCESS OUT] 	at java.base/java.lang.Class.forName0(Native Method)
[PROCESS OUT] 	at java.base/java.lang.Class.forName(Class.java:467)
[PROCESS OUT] 	at java.base/java.lang.Class.forName(Class.java:458)
[PROCESS OUT] 	at ca.concordia.ptidej.spectra.Profile.MonitoringHandler.extractStats(MonitoringHandler.java:235)
[PROCESS OUT] 	at ca.concordia.ptidej.spectra.Profile.MonitoringHandler.run(MonitoringHandler.java:92)
[PROCESS OUT] 	at java.base/java.lang.Thread.run(Thread.java:1474)
[PROCESS OUT] 20/11/2025 11:41:10.525 - [WARNING] - Error resolving method: java.base@25/java.lang.reflect.Proxy$$Lambda/0x000000012601fc78.apply(Unknown Source)
[PROCESS OUT] java.lang.ClassNotFoundException: java.lang.reflect.Proxy$$Lambda/0x000000012601fc78
[PROCESS OUT] 	at java.base/java.lang.Class.forName0(Native Method)
[PROCESS OUT] 	at java.base/java.lang.Class.forName(Class.java:467)
[PROCESS OUT] 	at java.base/java.lang.Class.forName(Class.java:458)
[PROCESS OUT] 	at ca.concordia.ptidej.spectra.Profile.MonitoringHandler.extractStats(MonitoringHandler.java:235)
[PROCESS OUT] 	at ca.concordia.ptidej.spectra.Profile.MonitoringHandler.run(MonitoringHandler.java:92)
[PROCESS OUT] 	at java.base/java.lang.Thread.run(Thread.java:1474)
[PROCESS OUT] 20/11/2025 11:41:10.526 - [WARNING] - Error resolving method: java.base@25/java.lang.reflect.ProxyGenerator$$Lambda/0x0000000126023c40.accept(Unknown Source)
[PROCESS OUT] java.lang.ClassNotFoundException: java.lang.reflect.ProxyGenerator$$Lambda/0x0000000126023c40
[PROCESS OUT] 	at java.base/java.lang.Class.forName0(Native Method)
[PROCESS OUT] 	at java.base/java.lang.Class.forName(Class.java:467)
[PROCESS OUT] 	at java.base/java.lang.Class.forName(Class.java:458)
[PROCESS OUT] 	at ca.concordia.ptidej.spectra.Profile.MonitoringHandler.extractStats(MonitoringHandler.java:235)
[PROCESS OUT] 	at ca.concordia.ptidej.spectra.Profile.MonitoringHandler.run(MonitoringHandler.java:92)
[PROCESS OUT] 	at java.base/java.lang.Thread.run(Thread.java:1474)
[PROCESS OUT] 20/11/2025 11:41:10.526 - [WARNING] - Error resolving method: java.base@25/java.lang.reflect.ProxyGenerator$$Lambda/0x00000001260221b0.accept(Unknown Source)
[PROCESS OUT] java.lang.ClassNotFoundException: java.lang.reflect.ProxyGenerator$$Lambda/0x00000001260221b0
[PROCESS OUT] 	at java.base/java.lang.Class.forName0(Native Method)
[PROCESS OUT] 	at java.base/java.lang.Class.forName(Class.java:467)
[PROCESS OUT] 	at java.base/java.lang.Class.forName(Class.java:458)
[PROCESS OUT] 	at ca.concordia.ptidej.spectra.Profile.MonitoringHandler.extractStats(MonitoringHandler.java:235)
[PROCESS OUT] 	at ca.concordia.ptidej.spectra.Profile.MonitoringHandler.run(MonitoringHandler.java:92)
[PROCESS OUT] 	at java.base/java.lang.Thread.run(Thread.java:1474)
[PROCESS OUT] 20/11/2025 11:41:10.527 - [WARNING] - Error resolving method: java.base@25/java.lang.reflect.Proxy$$Lambda/0x000000012601fc78.apply(Unknown Source)
[PROCESS OUT] java.lang.ClassNotFoundException: java.lang.reflect.Proxy$$Lambda/0x000000012601fc78
[PROCESS OUT] 	at java.base/java.lang.Class.forName0(Native Method)
[PROCESS OUT] 	at java.base/java.lang.Class.forName(Class.java:467)
[PROCESS OUT] 	at java.base/java.lang.Class.forName(Class.java:458)
[PROCESS OUT] 	at ca.concordia.ptidej.spectra.Profile.MonitoringHandler.extractStats(MonitoringHandler.java:235)
[PROCESS OUT] 	at ca.concordia.ptidej.spectra.Profile.MonitoringHandler.run(MonitoringHandler.java:92)
[PROCESS OUT] 	at java.base/java.lang.Thread.run(Thread.java:1474)
[PROCESS OUT] 20/11/2025 11:41:10.528 - [WARNING] - Error resolving method: java.base@25/java.lang.reflect.ProxyGenerator$$Lambda/0x0000000126023c40.accept(Unknown Source)
[PROCESS OUT] java.lang.ClassNotFoundException: java.lang.reflect.ProxyGenerator$$Lambda/0x0000000126023c40
[PROCESS OUT] 	at java.base/java.lang.Class.forName0(Native Method)
[PROCESS OUT] 	at java.base/java.lang.Class.forName(Class.java:467)
[PROCESS OUT] 	at java.base/java.lang.Class.forName(Class.java:458)
[PROCESS OUT] 	at ca.concordia.ptidej.spectra.Profile.MonitoringHandler.extractStats(MonitoringHandler.java:235)
[PROCESS OUT] 	at ca.concordia.ptidej.spectra.Profile.MonitoringHandler.run(MonitoringHandler.java:92)
[PROCESS OUT] 	at java.base/java.lang.Thread.run(Thread.java:1474)
[PROCESS OUT] 20/11/2025 11:41:10.529 - [WARNING] - Error resolving method: java.base@25/java.lang.reflect.ProxyGenerator$$Lambda/0x00000001260221b0.accept(Unknown Source)
[PROCESS OUT] java.lang.ClassNotFoundException: java.lang.reflect.ProxyGenerator$$Lambda/0x00000001260221b0
[PROCESS OUT] 	at java.base/java.lang.Class.forName0(Native Method)
[PROCESS OUT] 	at java.base/java.lang.Class.forName(Class.java:467)
[PROCESS OUT] 	at java.base/java.lang.Class.forName(Class.java:458)
[PROCESS OUT] 	at ca.concordia.ptidej.spectra.Profile.MonitoringHandler.extractStats(MonitoringHandler.java:235)
[PROCESS OUT] 	at ca.concordia.ptidej.spectra.Profile.MonitoringHandler.run(MonitoringHandler.java:92)
[PROCESS OUT] 	at java.base/java.lang.Thread.run(Thread.java:1474)
[PROCESS OUT] 20/11/2025 11:41:10.529 - [WARNING] - Error resolving method: java.base@25/java.lang.reflect.Proxy$$Lambda/0x000000012601fc78.apply(Unknown Source)
[PROCESS OUT] java.lang.ClassNotFoundException: java.lang.reflect.Proxy$$Lambda/0x000000012601fc78
[PROCESS OUT] 	at java.base/java.lang.Class.forName0(Native Method)
[PROCESS OUT] 	at java.base/java.lang.Class.forName(Class.java:467)
[PROCESS OUT] 	at java.base/java.lang.Class.forName(Class.java:458)
[PROCESS OUT] 	at ca.concordia.ptidej.spectra.Profile.MonitoringHandler.extractStats(MonitoringHandler.java:235)
[PROCESS OUT] 	at ca.concordia.ptidej.spectra.Profile.MonitoringHandler.run(MonitoringHandler.java:92)
[PROCESS OUT] 	at java.base/java.lang.Thread.run(Thread.java:1474)
[PROCESS OUT] 20/11/2025 11:41:10.530 - [WARNING] - Error resolving method: java.base@25/java.lang.reflect.ProxyGenerator$$Lambda/0x0000000126023e80.accept(Unknown Source)
[PROCESS OUT] java.lang.ClassNotFoundException: java.lang.reflect.ProxyGenerator$$Lambda/0x0000000126023e80
[PROCESS OUT] 	at java.base/java.lang.Class.forName0(Native Method)
[PROCESS OUT] 	at java.base/java.lang.Class.forName(Class.java:467)
[PROCESS OUT] 	at java.base/java.lang.Class.forName(Class.java:458)
[PROCESS OUT] 	at ca.concordia.ptidej.spectra.Profile.MonitoringHandler.extractStats(MonitoringHandler.java:235)
[PROCESS OUT] 	at ca.concordia.ptidej.spectra.Profile.MonitoringHandler.run(MonitoringHandler.java:92)
[PROCESS OUT] 	at java.base/java.lang.Thread.run(Thread.java:1474)
[PROCESS OUT] 20/11/2025 11:41:10.537 - [WARNING] - Error resolving method: java.base@25/java.lang.reflect.ProxyGenerator$$Lambda/0x0000000126023c40.accept(Unknown Source)
[PROCESS OUT] java.lang.ClassNotFoundException: java.lang.reflect.ProxyGenerator$$Lambda/0x0000000126023c40
[PROCESS OUT] 	at java.base/java.lang.Class.forName0(Native Method)
[PROCESS OUT] 	at java.base/java.lang.Class.forName(Class.java:467)
[PROCESS OUT] 	at java.base/java.lang.Class.forName(Class.java:458)
[PROCESS OUT] 	at ca.concordia.ptidej.spectra.Profile.MonitoringHandler.extractStats(MonitoringHandler.java:235)
[PROCESS OUT] 	at ca.concordia.ptidej.spectra.Profile.MonitoringHandler.run(MonitoringHandler.java:92)
[PROCESS OUT] 	at java.base/java.lang.Thread.run(Thread.java:1474)
[PROCESS OUT] 20/11/2025 11:41:10.537 - [WARNING] - Error resolving method: java.base@25/java.lang.reflect.ProxyGenerator$$Lambda/0x00000001260221b0.accept(Unknown Source)
[PROCESS OUT] java.lang.ClassNotFoundException: java.lang.reflect.ProxyGenerator$$Lambda/0x00000001260221b0
[PROCESS OUT] 	at java.base/java.lang.Class.forName0(Native Method)
[PROCESS OUT] 	at java.base/java.lang.Class.forName(Class.java:467)
[PROCESS OUT] 	at java.base/java.lang.Class.forName(Class.java:458)
[PROCESS OUT] 	at ca.concordia.ptidej.spectra.Profile.MonitoringHandler.extractStats(MonitoringHandler.java:235)
[PROCESS OUT] 	at ca.concordia.ptidej.spectra.Profile.MonitoringHandler.run(MonitoringHandler.java:92)
[PROCESS OUT] 	at java.base/java.lang.Thread.run(Thread.java:1474)
[PROCESS OUT] 20/11/2025 11:41:10.538 - [WARNING] - Error resolving method: java.base@25/java.lang.reflect.Proxy$$Lambda/0x000000012601fc78.apply(Unknown Source)
[PROCESS OUT] java.lang.ClassNotFoundException: java.lang.reflect.Proxy$$Lambda/0x000000012601fc78
[PROCESS OUT] 	at java.base/java.lang.Class.forName0(Native Method)
[PROCESS OUT] 	at java.base/java.lang.Class.forName(Class.java:467)
[PROCESS OUT] 	at java.base/java.lang.Class.forName(Class.java:458)
[PROCESS OUT] 	at ca.concordia.ptidej.spectra.Profile.MonitoringHandler.extractStats(MonitoringHandler.java:235)
[PROCESS OUT] 	at ca.concordia.ptidej.spectra.Profile.MonitoringHandler.run(MonitoringHandler.java:92)
[PROCESS OUT] 	at java.base/java.lang.Thread.run(Thread.java:1474)
[PROCESS OUT] 20/11/2025 11:41:10.539 - [WARNING] - Error resolving method: java.base@25/java.lang.reflect.Proxy$$Lambda/0x000000012601fc78.apply(Unknown Source)
[PROCESS OUT] java.lang.ClassNotFoundException: java.lang.reflect.Proxy$$Lambda/0x000000012601fc78
[PROCESS OUT] 	at java.base/java.lang.Class.forName0(Native Method)
[PROCESS OUT] 	at java.base/java.lang.Class.forName(Class.java:467)
[PROCESS OUT] 	at java.base/java.lang.Class.forName(Class.java:458)
[PROCESS OUT] 	at ca.concordia.ptidej.spectra.Profile.MonitoringHandler.extractStats(MonitoringHandler.java:235)
[PROCESS OUT] 	at ca.concordia.ptidej.spectra.Profile.MonitoringHandler.run(MonitoringHandler.java:92)
[PROCESS OUT] 	at java.base/java.lang.Thread.run(Thread.java:1474)
[PROCESS OUT] 20/11/2025 11:41:10.540 - [WARNING] - Error resolving method: java.base@25/java.lang.reflect.ProxyGenerator$ProxyMethod$$Lambda/0x0000000126022d90.accept(Unknown Source)
[PROCESS OUT] java.lang.ClassNotFoundException: java.lang.reflect.ProxyGenerator$ProxyMethod$$Lambda/0x0000000126022d90
[PROCESS OUT] 	at java.base/java.lang.Class.forName0(Native Method)
[PROCESS OUT] 	at java.base/java.lang.Class.forName(Class.java:467)
[PROCESS OUT] 	at java.base/java.lang.Class.forName(Class.java:458)
[PROCESS OUT] 	at ca.concordia.ptidej.spectra.Profile.MonitoringHandler.extractStats(MonitoringHandler.java:235)
[PROCESS OUT] 	at ca.concordia.ptidej.spectra.Profile.MonitoringHandler.run(MonitoringHandler.java:92)
[PROCESS OUT] 	at java.base/java.lang.Thread.run(Thread.java:1474)
[PROCESS OUT] 20/11/2025 11:41:10.540 - [WARNING] - Error resolving method: java.base@25/java.lang.reflect.ProxyGenerator$ProxyMethod$$Lambda/0x0000000126022630.accept(Unknown Source)
[PROCESS OUT] java.lang.ClassNotFoundException: java.lang.reflect.ProxyGenerator$ProxyMethod$$Lambda/0x0000000126022630
[PROCESS OUT] 	at java.base/java.lang.Class.forName0(Native Method)
[PROCESS OUT] 	at java.base/java.lang.Class.forName(Class.java:467)
[PROCESS OUT] 	at java.base/java.lang.Class.forName(Class.java:458)
[PROCESS OUT] 	at ca.concordia.ptidej.spectra.Profile.MonitoringHandler.extractStats(MonitoringHandler.java:235)
[PROCESS OUT] 	at ca.concordia.ptidej.spectra.Profile.MonitoringHandler.run(MonitoringHandler.java:92)
[PROCESS OUT] 	at java.base/java.lang.Thread.run(Thread.java:1474)
[PROCESS OUT] 20/11/2025 11:41:10.540 - [WARNING] - Error resolving method: java.base@25/java.lang.reflect.ProxyGenerator$$Lambda/0x00000001260221b0.accept(Unknown Source)
[PROCESS OUT] java.lang.ClassNotFoundException: java.lang.reflect.ProxyGenerator$$Lambda/0x00000001260221b0
[PROCESS OUT] 	at java.base/java.lang.Class.forName0(Native Method)
[PROCESS OUT] 	at java.base/java.lang.Class.forName(Class.java:467)
[PROCESS OUT] 	at java.base/java.lang.Class.forName(Class.java:458)
[PROCESS OUT] 	at ca.concordia.ptidej.spectra.Profile.MonitoringHandler.extractStats(MonitoringHandler.java:235)
[PROCESS OUT] 	at ca.concordia.ptidej.spectra.Profile.MonitoringHandler.run(MonitoringHandler.java:92)
[PROCESS OUT] 	at java.base/java.lang.Thread.run(Thread.java:1474)
[PROCESS OUT] 20/11/2025 11:41:10.541 - [WARNING] - Error resolving method: java.base@25/java.lang.reflect.Proxy$$Lambda/0x000000012601fc78.apply(Unknown Source)
[PROCESS OUT] java.lang.ClassNotFoundException: java.lang.reflect.Proxy$$Lambda/0x000000012601fc78
[PROCESS OUT] 	at java.base/java.lang.Class.forName0(Native Method)
[PROCESS OUT] 	at java.base/java.lang.Class.forName(Class.java:467)
[PROCESS OUT] 	at java.base/java.lang.Class.forName(Class.java:458)
[PROCESS OUT] 	at ca.concordia.ptidej.spectra.Profile.MonitoringHandler.extractStats(MonitoringHandler.java:235)
[PROCESS OUT] 	at ca.concordia.ptidej.spectra.Profile.MonitoringHandler.run(MonitoringHandler.java:92)
[PROCESS OUT] 	at java.base/java.lang.Thread.run(Thread.java:1474)
[PROCESS OUT] 20/11/2025 11:41:10.542 - [WARNING] - Error resolving method: java.base@25/java.lang.reflect.ProxyGenerator$ProxyMethod$$Lambda/0x0000000126022d90.accept(Unknown Source)
[PROCESS OUT] java.lang.ClassNotFoundException: java.lang.reflect.ProxyGenerator$ProxyMethod$$Lambda/0x0000000126022d90
[PROCESS OUT] 	at java.base/java.lang.Class.forName0(Native Method)
[PROCESS OUT] 	at java.base/java.lang.Class.forName(Class.java:467)
[PROCESS OUT] 	at java.base/java.lang.Class.forName(Class.java:458)
[PROCESS OUT] 	at ca.concordia.ptidej.spectra.Profile.MonitoringHandler.extractStats(MonitoringHandler.java:235)
[PROCESS OUT] 	at ca.concordia.ptidej.spectra.Profile.MonitoringHandler.run(MonitoringHandler.java:92)
[PROCESS OUT] 	at java.base/java.lang.Thread.run(Thread.java:1474)
[PROCESS OUT] 20/11/2025 11:41:10.542 - [WARNING] - Error resolving method: java.base@25/java.lang.reflect.ProxyGenerator$ProxyMethod$$Lambda/0x0000000126022630.accept(Unknown Source)
[PROCESS OUT] java.lang.ClassNotFoundException: java.lang.reflect.ProxyGenerator$ProxyMethod$$Lambda/0x0000000126022630
[PROCESS OUT] 	at java.base/java.lang.Class.forName0(Native Method)
[PROCESS OUT] 	at java.base/java.lang.Class.forName(Class.java:467)
[PROCESS OUT] 	at java.base/java.lang.Class.forName(Class.java:458)
[PROCESS OUT] 	at ca.concordia.ptidej.spectra.Profile.MonitoringHandler.extractStats(MonitoringHandler.java:235)
[PROCESS OUT] 	at ca.concordia.ptidej.spectra.Profile.MonitoringHandler.run(MonitoringHandler.java:92)
[PROCESS OUT] 	at java.base/java.lang.Thread.run(Thread.java:1474)
[PROCESS OUT] 20/11/2025 11:41:10.543 - [WARNING] - Error resolving method: java.base@25/java.lang.reflect.ProxyGenerator$$Lambda/0x00000001260221b0.accept(Unknown Source)
[PROCESS OUT] java.lang.ClassNotFoundException: java.lang.reflect.ProxyGenerator$$Lambda/0x00000001260221b0
[PROCESS OUT] 	at java.base/java.lang.Class.forName0(Native Method)
[PROCESS OUT] 	at java.base/java.lang.Class.forName(Class.java:467)
[PROCESS OUT] 	at java.base/java.lang.Class.forName(Class.java:458)
[PROCESS OUT] 	at ca.concordia.ptidej.spectra.Profile.MonitoringHandler.extractStats(MonitoringHandler.java:235)
[PROCESS OUT] 	at ca.concordia.ptidej.spectra.Profile.MonitoringHandler.run(MonitoringHandler.java:92)
[PROCESS OUT] 	at java.base/java.lang.Thread.run(Thread.java:1474)
[PROCESS OUT] 20/11/2025 11:41:10.543 - [WARNING] - Error resolving method: java.base@25/java.lang.reflect.Proxy$$Lambda/0x000000012601fc78.apply(Unknown Source)
[PROCESS OUT] java.lang.ClassNotFoundException: java.lang.reflect.Proxy$$Lambda/0x000000012601fc78
[PROCESS OUT] 	at java.base/java.lang.Class.forName0(Native Method)
[PROCESS OUT] 	at java.base/java.lang.Class.forName(Class.java:467)
[PROCESS OUT] 	at java.base/java.lang.Class.forName(Class.java:458)
[PROCESS OUT] 	at ca.concordia.ptidej.spectra.Profile.MonitoringHandler.extractStats(MonitoringHandler.java:235)
[PROCESS OUT] 	at ca.concordia.ptidej.spectra.Profile.MonitoringHandler.run(MonitoringHandler.java:92)
[PROCESS OUT] 	at java.base/java.lang.Thread.run(Thread.java:1474)
[PROCESS OUT] 20/11/2025 11:41:10.544 - [WARNING] - Error resolving method: java.base@25/java.lang.reflect.ProxyGenerator$ProxyMethod$$Lambda/0x0000000126022d90.accept(Unknown Source)
[PROCESS OUT] java.lang.ClassNotFoundException: java.lang.reflect.ProxyGenerator$ProxyMethod$$Lambda/0x0000000126022d90
[PROCESS OUT] 	at java.base/java.lang.Class.forName0(Native Method)
[PROCESS OUT] 	at java.base/java.lang.Class.forName(Class.java:467)
[PROCESS OUT] 	at java.base/java.lang.Class.forName(Class.java:458)
[PROCESS OUT] 	at ca.concordia.ptidej.spectra.Profile.MonitoringHandler.extractStats(MonitoringHandler.java:235)
[PROCESS OUT] 	at ca.concordia.ptidej.spectra.Profile.MonitoringHandler.run(MonitoringHandler.java:92)
[PROCESS OUT] 	at java.base/java.lang.Thread.run(Thread.java:1474)
[PROCESS OUT] 20/11/2025 11:41:10.545 - [WARNING] - Error resolving method: java.base@25/java.lang.reflect.ProxyGenerator$ProxyMethod$$Lambda/0x0000000126022630.accept(Unknown Source)
[PROCESS OUT] java.lang.ClassNotFoundException: java.lang.reflect.ProxyGenerator$ProxyMethod$$Lambda/0x0000000126022630
[PROCESS OUT] 	at java.base/java.lang.Class.forName0(Native Method)
[PROCESS OUT] 	at java.base/java.lang.Class.forName(Class.java:467)
[PROCESS OUT] 	at java.base/java.lang.Class.forName(Class.java:458)
[PROCESS OUT] 	at ca.concordia.ptidej.spectra.Profile.MonitoringHandler.extractStats(MonitoringHandler.java:235)
[PROCESS OUT] 	at ca.concordia.ptidej.spectra.Profile.MonitoringHandler.run(MonitoringHandler.java:92)
[PROCESS OUT] 	at java.base/java.lang.Thread.run(Thread.java:1474)
[PROCESS OUT] 20/11/2025 11:41:10.545 - [WARNING] - Error resolving method: java.base@25/java.lang.reflect.ProxyGenerator$$Lambda/0x00000001260221b0.accept(Unknown Source)
[PROCESS OUT] java.lang.ClassNotFoundException: java.lang.reflect.ProxyGenerator$$Lambda/0x00000001260221b0
[PROCESS OUT] 	at java.base/java.lang.Class.forName0(Native Method)
[PROCESS OUT] 	at java.base/java.lang.Class.forName(Class.java:467)
[PROCESS OUT] 	at java.base/java.lang.Class.forName(Class.java:458)
[PROCESS OUT] 	at ca.concordia.ptidej.spectra.Profile.MonitoringHandler.extractStats(MonitoringHandler.java:235)
[PROCESS OUT] 	at ca.concordia.ptidej.spectra.Profile.MonitoringHandler.run(MonitoringHandler.java:92)
[PROCESS OUT] 	at java.base/java.lang.Thread.run(Thread.java:1474)
[PROCESS OUT] 20/11/2025 11:41:10.546 - [WARNING] - Error resolving method: java.base@25/java.lang.reflect.Proxy$$Lambda/0x000000012601fc78.apply(Unknown Source)
[PROCESS OUT] java.lang.ClassNotFoundException: java.lang.reflect.Proxy$$Lambda/0x000000012601fc78
[PROCESS OUT] 	at java.base/java.lang.Class.forName0(Native Method)
[PROCESS OUT] 	at java.base/java.lang.Class.forName(Class.java:467)
[PROCESS OUT] 	at java.base/java.lang.Class.forName(Class.java:458)
[PROCESS OUT] 	at ca.concordia.ptidej.spectra.Profile.MonitoringHandler.extractStats(MonitoringHandler.java:235)
[PROCESS OUT] 	at ca.concordia.ptidej.spectra.Profile.MonitoringHandler.run(MonitoringHandler.java:92)
[PROCESS OUT] 	at java.base/java.lang.Thread.run(Thread.java:1474)
[PROCESS OUT] 20/11/2025 11:41:10.547 - [WARNING] - Error resolving method: java.base@25/java.lang.reflect.ProxyGenerator$$Lambda/0x00000001260221b0.accept(Unknown Source)
[PROCESS OUT] java.lang.ClassNotFoundException: java.lang.reflect.ProxyGenerator$$Lambda/0x00000001260221b0
[PROCESS OUT] 	at java.base/java.lang.Class.forName0(Native Method)
[PROCESS OUT] 	at java.base/java.lang.Class.forName(Class.java:467)
[PROCESS OUT] 	at java.base/java.lang.Class.forName(Class.java:458)
[PROCESS OUT] 	at ca.concordia.ptidej.spectra.Profile.MonitoringHandler.extractStats(MonitoringHandler.java:235)
[PROCESS OUT] 	at ca.concordia.ptidej.spectra.Profile.MonitoringHandler.run(MonitoringHandler.java:92)
[PROCESS OUT] 	at java.base/java.lang.Thread.run(Thread.java:1474)
[PROCESS OUT] 20/11/2025 11:41:10.547 - [WARNING] - Error resolving method: java.base@25/java.lang.reflect.Proxy$$Lambda/0x000000012601fc78.apply(Unknown Source)
[PROCESS OUT] java.lang.ClassNotFoundException: java.lang.reflect.Proxy$$Lambda/0x000000012601fc78
[PROCESS OUT] 	at java.base/java.lang.Class.forName0(Native Method)
[PROCESS OUT] 	at java.base/java.lang.Class.forName(Class.java:467)
[PROCESS OUT] 	at java.base/java.lang.Class.forName(Class.java:458)
[PROCESS OUT] 	at ca.concordia.ptidej.spectra.Profile.MonitoringHandler.extractStats(MonitoringHandler.java:235)
[PROCESS OUT] 	at ca.concordia.ptidej.spectra.Profile.MonitoringHandler.run(MonitoringHandler.java:92)
[PROCESS OUT] 	at java.base/java.lang.Thread.run(Thread.java:1474)
[PROCESS OUT] 20/11/2025 11:41:10.548 - [WARNING] - Error resolving method: java.base@25/java.lang.reflect.ProxyGenerator$$Lambda/0x00000001260221b0.accept(Unknown Source)
[PROCESS OUT] java.lang.ClassNotFoundException: java.lang.reflect.ProxyGenerator$$Lambda/0x00000001260221b0
[PROCESS OUT] 	at java.base/java.lang.Class.forName0(Native Method)
[PROCESS OUT] 	at java.base/java.lang.Class.forName(Class.java:467)
[PROCESS OUT] 	at java.base/java.lang.Class.forName(Class.java:458)
[PROCESS OUT] 	at ca.concordia.ptidej.spectra.Profile.MonitoringHandler.extractStats(MonitoringHandler.java:235)
[PROCESS OUT] 	at ca.concordia.ptidej.spectra.Profile.MonitoringHandler.run(MonitoringHandler.java:92)
[PROCESS OUT] 	at java.base/java.lang.Thread.run(Thread.java:1474)
[PROCESS OUT] 20/11/2025 11:41:10.548 - [WARNING] - Error resolving method: java.base@25/java.lang.reflect.Proxy$$Lambda/0x000000012601fc78.apply(Unknown Source)
[PROCESS OUT] java.lang.ClassNotFoundException: java.lang.reflect.Proxy$$Lambda/0x000000012601fc78
[PROCESS OUT] 	at java.base/java.lang.Class.forName0(Native Method)
[PROCESS OUT] 	at java.base/java.lang.Class.forName(Class.java:467)
[PROCESS OUT] 	at java.base/java.lang.Class.forName(Class.java:458)
[PROCESS OUT] 	at ca.concordia.ptidej.spectra.Profile.MonitoringHandler.extractStats(MonitoringHandler.java:235)
[PROCESS OUT] 	at ca.concordia.ptidej.spectra.Profile.MonitoringHandler.run(MonitoringHandler.java:92)
[PROCESS OUT] 	at java.base/java.lang.Thread.run(Thread.java:1474)
[PROCESS OUT] 20/11/2025 11:41:10.549 - [WARNING] - Error resolving method: java.base@25/java.lang.reflect.ProxyGenerator$ProxyMethod$$Lambda/0x0000000126022630.<init>(Unknown Source)
[PROCESS OUT] java.lang.ClassNotFoundException: java.lang.reflect.ProxyGenerator$ProxyMethod$$Lambda/0x0000000126022630
[PROCESS OUT] 	at java.base/java.lang.Class.forName0(Native Method)
[PROCESS OUT] 	at java.base/java.lang.Class.forName(Class.java:467)
[PROCESS OUT] 	at java.base/java.lang.Class.forName(Class.java:458)
[PROCESS OUT] 	at ca.concordia.ptidej.spectra.Profile.MonitoringHandler.extractStats(MonitoringHandler.java:235)
[PROCESS OUT] 	at ca.concordia.ptidej.spectra.Profile.MonitoringHandler.run(MonitoringHandler.java:92)
[PROCESS OUT] 	at java.base/java.lang.Thread.run(Thread.java:1474)
[PROCESS OUT] 20/11/2025 11:41:10.549 - [WARNING] - Error resolving method: java.base@25/java.lang.reflect.ProxyGenerator$$Lambda/0x00000001260221b0.accept(Unknown Source)
[PROCESS OUT] java.lang.ClassNotFoundException: java.lang.reflect.ProxyGenerator$$Lambda/0x00000001260221b0
[PROCESS OUT] 	at java.base/java.lang.Class.forName0(Native Method)
[PROCESS OUT] 	at java.base/java.lang.Class.forName(Class.java:467)
[PROCESS OUT] 	at java.base/java.lang.Class.forName(Class.java:458)
[PROCESS OUT] 	at ca.concordia.ptidej.spectra.Profile.MonitoringHandler.extractStats(MonitoringHandler.java:235)
[PROCESS OUT] 	at ca.concordia.ptidej.spectra.Profile.MonitoringHandler.run(MonitoringHandler.java:92)
[PROCESS OUT] 	at java.base/java.lang.Thread.run(Thread.java:1474)
[PROCESS OUT] 20/11/2025 11:41:10.550 - [WARNING] - Error resolving method: java.base@25/java.lang.reflect.Proxy$$Lambda/0x000000012601fc78.apply(Unknown Source)
[PROCESS OUT] java.lang.ClassNotFoundException: java.lang.reflect.Proxy$$Lambda/0x000000012601fc78
[PROCESS OUT] 	at java.base/java.lang.Class.forName0(Native Method)
[PROCESS OUT] 	at java.base/java.lang.Class.forName(Class.java:467)
[PROCESS OUT] 	at java.base/java.lang.Class.forName(Class.java:458)
[PROCESS OUT] 	at ca.concordia.ptidej.spectra.Profile.MonitoringHandler.extractStats(MonitoringHandler.java:235)
[PROCESS OUT] 	at ca.concordia.ptidej.spectra.Profile.MonitoringHandler.run(MonitoringHandler.java:92)
[PROCESS OUT] 	at java.base/java.lang.Thread.run(Thread.java:1474)
[PROCESS OUT] 20/11/2025 11:41:10.551 - [WARNING] - Error resolving method: java.base@25/java.lang.reflect.ProxyGenerator$$Lambda/0x00000001260236a8.accept(Unknown Source)
[PROCESS OUT] java.lang.ClassNotFoundException: java.lang.reflect.ProxyGenerator$$Lambda/0x00000001260236a8
[PROCESS OUT] 	at java.base/java.lang.Class.forName0(Native Method)
[PROCESS OUT] 	at java.base/java.lang.Class.forName(Class.java:467)
[PROCESS OUT] 	at java.base/java.lang.Class.forName(Class.java:458)
[PROCESS OUT] 	at ca.concordia.ptidej.spectra.Profile.MonitoringHandler.extractStats(MonitoringHandler.java:235)
[PROCESS OUT] 	at ca.concordia.ptidej.spectra.Profile.MonitoringHandler.run(MonitoringHandler.java:92)
[PROCESS OUT] 	at java.base/java.lang.Thread.run(Thread.java:1474)
[PROCESS OUT] 20/11/2025 11:41:10.551 - [WARNING] - Error resolving method: java.base@25/java.lang.reflect.ProxyGenerator$$Lambda/0x00000001260221b0.accept(Unknown Source)
[PROCESS OUT] java.lang.ClassNotFoundException: java.lang.reflect.ProxyGenerator$$Lambda/0x00000001260221b0
[PROCESS OUT] 	at java.base/java.lang.Class.forName0(Native Method)
[PROCESS OUT] 	at java.base/java.lang.Class.forName(Class.java:467)
[PROCESS OUT] 	at java.base/java.lang.Class.forName(Class.java:458)
[PROCESS OUT] 	at ca.concordia.ptidej.spectra.Profile.MonitoringHandler.extractStats(MonitoringHandler.java:235)
[PROCESS OUT] 	at ca.concordia.ptidej.spectra.Profile.MonitoringHandler.run(MonitoringHandler.java:92)
[PROCESS OUT] 	at java.base/java.lang.Thread.run(Thread.java:1474)
[PROCESS OUT] 20/11/2025 11:41:10.552 - [WARNING] - Error resolving method: java.base@25/java.lang.reflect.Proxy$$Lambda/0x000000012601fc78.apply(Unknown Source)
[PROCESS OUT] java.lang.ClassNotFoundException: java.lang.reflect.Proxy$$Lambda/0x000000012601fc78
[PROCESS OUT] 	at java.base/java.lang.Class.forName0(Native Method)
[PROCESS OUT] 	at java.base/java.lang.Class.forName(Class.java:467)
[PROCESS OUT] 	at java.base/java.lang.Class.forName(Class.java:458)
[PROCESS OUT] 	at ca.concordia.ptidej.spectra.Profile.MonitoringHandler.extractStats(MonitoringHandler.java:235)
[PROCESS OUT] 	at ca.concordia.ptidej.spectra.Profile.MonitoringHandler.run(MonitoringHandler.java:92)
[PROCESS OUT] 	at java.base/java.lang.Thread.run(Thread.java:1474)
[PROCESS OUT] 20/11/2025 11:41:10.553 - [WARNING] - Error resolving method: java.base@25/java.lang.reflect.Proxy$$Lambda/0x000000012601fc78.apply(Unknown Source)
[PROCESS OUT] java.lang.ClassNotFoundException: java.lang.reflect.Proxy$$Lambda/0x000000012601fc78
[PROCESS OUT] 	at java.base/java.lang.Class.forName0(Native Method)
[PROCESS OUT] 	at java.base/java.lang.Class.forName(Class.java:467)
[PROCESS OUT] 	at java.base/java.lang.Class.forName(Class.java:458)
[PROCESS OUT] 	at ca.concordia.ptidej.spectra.Profile.MonitoringHandler.extractStats(MonitoringHandler.java:235)
[PROCESS OUT] 	at ca.concordia.ptidej.spectra.Profile.MonitoringHandler.run(MonitoringHandler.java:92)
[PROCESS OUT] 	at java.base/java.lang.Thread.run(Thread.java:1474)
[PROCESS OUT] 20/11/2025 11:41:10.554 - [WARNING] - Error resolving method: java.base@25/java.lang.reflect.Proxy$$Lambda/0x000000012601fc78.apply(Unknown Source)
[PROCESS OUT] java.lang.ClassNotFoundException: java.lang.reflect.Proxy$$Lambda/0x000000012601fc78
[PROCESS OUT] 	at java.base/java.lang.Class.forName0(Native Method)
[PROCESS OUT] 	at java.base/java.lang.Class.forName(Class.java:467)
[PROCESS OUT] 	at java.base/java.lang.Class.forName(Class.java:458)
[PROCESS OUT] 	at ca.concordia.ptidej.spectra.Profile.MonitoringHandler.extractStats(MonitoringHandler.java:235)
[PROCESS OUT] 	at ca.concordia.ptidej.spectra.Profile.MonitoringHandler.run(MonitoringHandler.java:92)
[PROCESS OUT] 	at java.base/java.lang.Thread.run(Thread.java:1474)
[PROCESS OUT] util.repository.impl.FileRepositoryFactory has for running URI: /Users/mac/.m2/repository/net/ptidej/pom/pom-core/1.0.0/pom-core-1.0.0.jar
[PROCESS OUT] util.repository.impl.FileRepositoryFactory is creating a JarFileRepository for: util.repository.impl.JarFileRepository
[PROCESS OUT] util.repository.impl.FileRepositoryFactory has for running URI: /Users/mac/.m2/repository/net/ptidej/pom/pom-core/1.0.0/pom-core-1.0.0.jar
[PROCESS OUT] util.repository.impl.JarFileRepository is the current repository on: /Users/mac/.m2/repository/net/ptidej/pom/pom-core/1.0.0/pom-core-1.0.0.jar
[PROCESS OUT] 20/11/2025 11:41:10.573 - [WARNING] - Error resolving method: java.base@25/java.lang.invoke.LambdaForm$MH/0x0000000126042000.invoke(LambdaForm$MH)
[PROCESS OUT] java.lang.ClassNotFoundException: java.lang.invoke.LambdaForm$MH/0x0000000126042000
[PROCESS OUT] 	at java.base/java.lang.Class.forName0(Native Method)
[PROCESS OUT] 	at java.base/java.lang.Class.forName(Class.java:467)
[PROCESS OUT] 	at java.base/java.lang.Class.forName(Class.java:458)
[PROCESS OUT] 	at ca.concordia.ptidej.spectra.Profile.MonitoringHandler.extractStats(MonitoringHandler.java:235)
[PROCESS OUT] 	at ca.concordia.ptidej.spectra.Profile.MonitoringHandler.run(MonitoringHandler.java:92)
[PROCESS OUT] 	at java.base/java.lang.Thread.run(Thread.java:1474)
[PROCESS OUT] 20/11/2025 11:41:10.573 - [WARNING] - Error resolving method: java.base@25/java.lang.invoke.LambdaForm$MH/0x0000000126054400.invoke(LambdaForm$MH)
[PROCESS OUT] java.lang.ClassNotFoundException: java.lang.invoke.LambdaForm$MH/0x0000000126054400
[PROCESS OUT] 	at java.base/java.lang.Class.forName0(Native Method)
[PROCESS OUT] 	at java.base/java.lang.Class.forName(Class.java:467)
[PROCESS OUT] 	at java.base/java.lang.Class.forName(Class.java:458)
[PROCESS OUT] 	at ca.concordia.ptidej.spectra.Profile.MonitoringHandler.extractStats(MonitoringHandler.java:235)
[PROCESS OUT] 	at ca.concordia.ptidej.spectra.Profile.MonitoringHandler.run(MonitoringHandler.java:92)
[PROCESS OUT] 	at java.base/java.lang.Thread.run(Thread.java:1474)
[PROCESS OUT] 20/11/2025 11:41:10.580 - [WARNING] - Error resolving method: java.base@25/java.util.stream.Collectors$$Lambda/0x800000043.apply(Unknown Source)
[PROCESS OUT] java.lang.ClassNotFoundException: java.util.stream.Collectors$$Lambda/0x800000043
[PROCESS OUT] 	at java.base/java.lang.Class.forName0(Native Method)
[PROCESS OUT] 	at java.base/java.lang.Class.forName(Class.java:467)
[PROCESS OUT] 	at java.base/java.lang.Class.forName(Class.java:458)
[PROCESS OUT] 	at ca.concordia.ptidej.spectra.Profile.MonitoringHandler.extractStats(MonitoringHandler.java:235)
[PROCESS OUT] 	at ca.concordia.ptidej.spectra.Profile.MonitoringHandler.run(MonitoringHandler.java:92)
[PROCESS OUT] 	at java.base/java.lang.Thread.run(Thread.java:1474)
[PROCESS OUT] 20/11/2025 11:41:10.582 - [WARNING] - Error resolving method: java.base@25/java.util.stream.Collectors$$Lambda/0x800000046.get(Unknown Source)
[PROCESS OUT] java.lang.ClassNotFoundException: java.util.stream.Collectors$$Lambda/0x800000046
[PROCESS OUT] 	at java.base/java.lang.Class.forName0(Native Method)
[PROCESS OUT] 	at java.base/java.lang.Class.forName(Class.java:467)
[PROCESS OUT] 	at java.base/java.lang.Class.forName(Class.java:458)
[PROCESS OUT] 	at ca.concordia.ptidej.spectra.Profile.MonitoringHandler.extractStats(MonitoringHandler.java:235)
[PROCESS OUT] 	at ca.concordia.ptidej.spectra.Profile.MonitoringHandler.run(MonitoringHandler.java:92)
[PROCESS OUT] 	at java.base/java.lang.Thread.run(Thread.java:1474)
[PROCESS OUT] 20/11/2025 11:41:10.588 - [WARNING] - Error resolving method: java.base@25/java.util.stream.Collectors$$Lambda/0x80000003e.accept(Unknown Source)
[PROCESS OUT] java.lang.ClassNotFoundException: java.util.stream.Collectors$$Lambda/0x80000003e
[PROCESS OUT] 	at java.base/java.lang.Class.forName0(Native Method)
[PROCESS OUT] 	at java.base/java.lang.Class.forName(Class.java:467)
[PROCESS OUT] 	at java.base/java.lang.Class.forName(Class.java:458)
[PROCESS OUT] 	at ca.concordia.ptidej.spectra.Profile.MonitoringHandler.extractStats(MonitoringHandler.java:235)
[PROCESS OUT] 	at ca.concordia.ptidej.spectra.Profile.MonitoringHandler.run(MonitoringHandler.java:92)
[PROCESS OUT] 	at java.base/java.lang.Thread.run(Thread.java:1474)
[PROCESS OUT] 20/11/2025 11:41:10.608 - [WARNING] - Error resolving method: java.base@25/java.lang.invoke.LambdaForm$MH/0x0000000126055000.invokeExact_MT(LambdaForm$MH)
[PROCESS OUT] java.lang.ClassNotFoundException: java.lang.invoke.LambdaForm$MH/0x0000000126055000
[PROCESS OUT] 	at java.base/java.lang.Class.forName0(Native Method)
[PROCESS OUT] 	at java.base/java.lang.Class.forName(Class.java:467)
[PROCESS OUT] 	at java.base/java.lang.Class.forName(Class.java:458)
[PROCESS OUT] 	at ca.concordia.ptidej.spectra.Profile.MonitoringHandler.extractStats(MonitoringHandler.java:235)
[PROCESS OUT] 	at ca.concordia.ptidej.spectra.Profile.MonitoringHandler.run(MonitoringHandler.java:92)
[PROCESS OUT] 	at java.base/java.lang.Thread.run(Thread.java:1474)
[PROCESS OUT] 20/11/2025 11:41:10.613 - [WARNING] - Error resolving method: java.base@25/java.lang.reflect.Proxy$$Lambda/0x000000012601fc78.apply(Unknown Source)
[PROCESS OUT] java.lang.ClassNotFoundException: java.lang.reflect.Proxy$$Lambda/0x000000012601fc78
[PROCESS OUT] 	at java.base/java.lang.Class.forName0(Native Method)
[PROCESS OUT] 	at java.base/java.lang.Class.forName(Class.java:467)
[PROCESS OUT] 	at java.base/java.lang.Class.forName(Class.java:458)
[PROCESS OUT] 	at ca.concordia.ptidej.spectra.Profile.MonitoringHandler.extractStats(MonitoringHandler.java:235)
[PROCESS OUT] 	at ca.concordia.ptidej.spectra.Profile.MonitoringHandler.run(MonitoringHandler.java:92)
[PROCESS OUT] 	at java.base/java.lang.Thread.run(Thread.java:1474)
[PROCESS OUT] 20/11/2025 11:41:10.614 - [WARNING] - Error resolving method: java.base@25/java.lang.reflect.Proxy$$Lambda/0x000000012601fc78.apply(Unknown Source)
[PROCESS OUT] java.lang.ClassNotFoundException: java.lang.reflect.Proxy$$Lambda/0x000000012601fc78
[PROCESS OUT] 	at java.base/java.lang.Class.forName0(Native Method)
[PROCESS OUT] 	at java.base/java.lang.Class.forName(Class.java:467)
[PROCESS OUT] 	at java.base/java.lang.Class.forName(Class.java:458)
[PROCESS OUT] 	at ca.concordia.ptidej.spectra.Profile.MonitoringHandler.extractStats(MonitoringHandler.java:235)
[PROCESS OUT] 	at ca.concordia.ptidej.spectra.Profile.MonitoringHandler.run(MonitoringHandler.java:92)
[PROCESS OUT] 	at java.base/java.lang.Thread.run(Thread.java:1474)
[PROCESS OUT] 20/11/2025 11:41:10.615 - [WARNING] - Error resolving method: java.base@25/java.lang.reflect.Proxy$$Lambda/0x000000012601fc78.apply(Unknown Source)
[PROCESS OUT] java.lang.ClassNotFoundException: java.lang.reflect.Proxy$$Lambda/0x000000012601fc78
[PROCESS OUT] 	at java.base/java.lang.Class.forName0(Native Method)
[PROCESS OUT] 	at java.base/java.lang.Class.forName(Class.java:467)
[PROCESS OUT] 	at java.base/java.lang.Class.forName(Class.java:458)
[PROCESS OUT] 	at ca.concordia.ptidej.spectra.Profile.MonitoringHandler.extractStats(MonitoringHandler.java:235)
[PROCESS OUT] 	at ca.concordia.ptidej.spectra.Profile.MonitoringHandler.run(MonitoringHandler.java:92)
[PROCESS OUT] 	at java.base/java.lang.Thread.run(Thread.java:1474)
[PROCESS OUT] Loading from: pom/metrics/repository/oneWayCoupling.class
[PROCESS OUT] Loading from: pom/metrics/repository/LCOM1.class
[PROCESS OUT] Loading from: pom/metrics/repository/SIX.class
[PROCESS OUT] Loading from: pom/metrics/repository/NOD.class
[PROCESS OUT] Loading from: pom/metrics/repository/RTP.class
[PROCESS OUT] Loading from: pom/metrics/repository/USELESS.class
[PROCESS OUT] Loading from: pom/metrics/repository/PIIR.class
[PROCESS OUT] Loading from: pom/metrics/repository/VGsum.class
[PROCESS OUT] Loading from: pom/metrics/repository/NOF.class
[PROCESS OUT] Loading from: pom/metrics/repository/LOC.class
[PROCESS OUT] Loading from: pom/metrics/repository/AbstractMetric.class
[PROCESS OUT] Loading from: pom/metrics/repository/NOPM.class
[PROCESS OUT] Loading from: pom/metrics/repository/FanOut.class
[PROCESS OUT] 20/11/2025 11:41:10.664 - [WARNING] - Error resolving method: java.base@25/java.lang.invoke.MethodHandleImpl$BindCaller$$Lambda/0x000000012602c0a8.accept(Unknown Source)
[PROCESS OUT] java.lang.ClassNotFoundException: java.lang.invoke.MethodHandleImpl$BindCaller$$Lambda/0x000000012602c0a8
[PROCESS OUT] 	at java.base/java.lang.Class.forName0(Native Method)
[PROCESS OUT] 	at java.base/java.lang.Class.forName(Class.java:467)
[PROCESS OUT] 	at java.base/java.lang.Class.forName(Class.java:458)
[PROCESS OUT] 	at ca.concordia.ptidej.spectra.Profile.MonitoringHandler.extractStats(MonitoringHandler.java:235)
[PROCESS OUT] 	at ca.concordia.ptidej.spectra.Profile.MonitoringHandler.run(MonitoringHandler.java:92)
[PROCESS OUT] 	at java.base/java.lang.Thread.run(Thread.java:1474)
[PROCESS OUT] Loading from: pom/metrics/repository/PP.class
[PROCESS OUT] 20/11/2025 11:41:10.665 - [WARNING] - Error resolving method: java.base@25/java.lang.invoke.MethodHandleImpl$BindCaller$$Lambda/0x000000012602c0a8.accept(Unknown Source)
[PROCESS OUT] java.lang.ClassNotFoundException: java.lang.invoke.MethodHandleImpl$BindCaller$$Lambda/0x000000012602c0a8
[PROCESS OUT] 	at java.base/java.lang.Class.forName0(Native Method)
[PROCESS OUT] 	at java.base/java.lang.Class.forName(Class.java:467)
[PROCESS OUT] 	at java.base/java.lang.Class.forName(Class.java:458)
[PROCESS OUT] 	at ca.concordia.ptidej.spectra.Profile.MonitoringHandler.extractStats(MonitoringHandler.java:235)
[PROCESS OUT] 	at ca.concordia.ptidej.spectra.Profile.MonitoringHandler.run(MonitoringHandler.java:92)
[PROCESS OUT] 	at java.base/java.lang.Thread.run(Thread.java:1474)
[PROCESS OUT] Loading from: pom/metrics/repository/MOA.class
[PROCESS OUT] Loading from: pom/metrics/repository/McCabe$McCabeComputer.class
[PROCESS OUT] (Beware that the classfile of pom.metrics.repository.McCabe$McCabeComputer is incomplete!)
[PROCESS OUT] Loading from: pom/metrics/repository/NMDExtended.class
[PROCESS OUT] Loading from: pom/metrics/repository/NAD.class
[PROCESS OUT] Loading from: pom/metrics/repository/LCOM5.class
[PROCESS OUT] Loading from: pom/metrics/repository/DCC.class
[PROCESS OUT] Loading from: pom/metrics/repository/NMD.class
[PROCESS OUT] Loading from: pom/metrics/repository/ANA.class
[PROCESS OUT] Loading from: pom/metrics/repository/LCOM2.class
[PROCESS OUT] 20/11/2025 11:41:10.692 - [WARNING] - Error resolving method: java.base@25/java.lang.invoke.LambdaForm$MH/0x000000012606b000.<clinit>(LambdaForm$MH)
[PROCESS OUT] java.lang.ClassNotFoundException: java.lang.invoke.LambdaForm$MH/0x000000012606b000
[PROCESS OUT] 	at java.base/java.lang.Class.forName0(Native Method)
[PROCESS OUT] 	at java.base/java.lang.Class.forName(Class.java:467)
[PROCESS OUT] 	at java.base/java.lang.Class.forName(Class.java:458)
[PROCESS OUT] 	at ca.concordia.ptidej.spectra.Profile.MonitoringHandler.extractStats(MonitoringHandler.java:235)
[PROCESS OUT] 	at ca.concordia.ptidej.spectra.Profile.MonitoringHandler.run(MonitoringHandler.java:92)
[PROCESS OUT] 	at java.base/java.lang.Thread.run(Thread.java:1474)
[PROCESS OUT] 20/11/2025 11:41:10.696 - [WARNING] - Error resolving method: java.base@25/java.lang.invoke.LambdaForm$MH/0x000000012606b000.<clinit>(LambdaForm$MH)
[PROCESS OUT] java.lang.ClassNotFoundException: java.lang.invoke.LambdaForm$MH/0x000000012606b000
[PROCESS OUT] 	at java.base/java.lang.Class.forName0(Native Method)
[PROCESS OUT] 	at java.base/java.lang.Class.forName(Class.java:467)
[PROCESS OUT] 	at java.base/java.lang.Class.forName(Class.java:458)
[PROCESS OUT] 	at ca.concordia.ptidej.spectra.Profile.MonitoringHandler.extractStats(MonitoringHandler.java:235)
[PROCESS OUT] 	at ca.concordia.ptidej.spectra.Profile.MonitoringHandler.run(MonitoringHandler.java:92)
[PROCESS OUT] 	at java.base/java.lang.Thread.run(Thread.java:1474)
[PROCESS OUT] 20/11/2025 11:41:10.698 - [WARNING] - Error resolving method: java.base@25/java.lang.invoke.LambdaForm$MH/0x000000012606b000.<clinit>(LambdaForm$MH)
[PROCESS OUT] java.lang.ClassNotFoundException: java.lang.invoke.LambdaForm$MH/0x000000012606b000
[PROCESS OUT] 	at java.base/java.lang.Class.forName0(Native Method)
[PROCESS OUT] 	at java.base/java.lang.Class.forName(Class.java:467)
[PROCESS OUT] 	at java.base/java.lang.Class.forName(Class.java:458)
[PROCESS OUT] 	at ca.concordia.ptidej.spectra.Profile.MonitoringHandler.extractStats(MonitoringHandler.java:235)
[PROCESS OUT] 	at ca.concordia.ptidej.spectra.Profile.MonitoringHandler.run(MonitoringHandler.java:92)
[PROCESS OUT] 	at java.base/java.lang.Thread.run(Thread.java:1474)
[PROCESS OUT] Loading from: pom/metrics/repository/RPII.class
[PROCESS OUT] 20/11/2025 11:41:10.699 - [WARNING] - Error resolving method: java.base@25/java.lang.invoke.LambdaForm$MH/0x000000012606b000.<clinit>(LambdaForm$MH)
[PROCESS OUT] java.lang.ClassNotFoundException: java.lang.invoke.LambdaForm$MH/0x000000012606b000
[PROCESS OUT] 	at java.base/java.lang.Class.forName0(Native Method)
[PROCESS OUT] 	at java.base/java.lang.Class.forName(Class.java:467)
[PROCESS OUT] 	at java.base/java.lang.Class.forName(Class.java:458)
[PROCESS OUT] 	at ca.concordia.ptidej.spectra.Profile.MonitoringHandler.extractStats(MonitoringHandler.java:235)
[PROCESS OUT] 	at ca.concordia.ptidej.spectra.Profile.MonitoringHandler.run(MonitoringHandler.java:92)
[PROCESS OUT] 	at java.base/java.lang.Thread.run(Thread.java:1474)
[PROCESS OUT] Loading from: pom/metrics/repository/REIP.class
[PROCESS OUT] Loading from: pom/metrics/repository/EIC.class
[PROCESS OUT] Loading from: pom/metrics/repository/NMA.class
[PROCESS OUT] Loading from: pom/metrics/repository/DCMEC.class
[PROCESS OUT] Loading from: pom/metrics/repository/NPrM.class
[PROCESS OUT] Loading from: pom/metrics/repository/ACAIC.class
[PROCESS OUT] Loading from: pom/metrics/repository/AbstractLCOM.class
[PROCESS OUT] Loading from: pom/metrics/repository/DSC.class
[PROCESS OUT] Loading from: pom/metrics/repository/RFP.class
[PROCESS OUT] Loading from: pom/metrics/repository/NADExtended.class
[PROCESS OUT] Loading from: pom/metrics/repository/NOA.class
[PROCESS OUT] Loading from: pom/metrics/repository/RFC_New.class
[PROCESS OUT] 20/11/2025 11:41:10.726 - [WARNING] - Error resolving method: app//org.apache.logging.log4j.util.PropertiesUtil$Environment$$Lambda/0x0000000126066678.accept(Unknown Source)
[PROCESS OUT] java.lang.ClassNotFoundException: org.apache.logging.log4j.util.PropertiesUtil$Environment$$Lambda/0x0000000126066678
[PROCESS OUT] 	at java.base/java.lang.Class.forName0(Native Method)
[PROCESS OUT] 	at java.base/java.lang.Class.forName(Class.java:467)
[PROCESS OUT] 	at java.base/java.lang.Class.forName(Class.java:458)
[PROCESS OUT] 	at ca.concordia.ptidej.spectra.Profile.MonitoringHandler.extractStats(MonitoringHandler.java:235)
[PROCESS OUT] 	at ca.concordia.ptidej.spectra.Profile.MonitoringHandler.run(MonitoringHandler.java:92)
[PROCESS OUT] 	at java.base/java.lang.Thread.run(Thread.java:1474)
[PROCESS OUT] Loading from: pom/metrics/repository/CIS.class
[PROCESS OUT] 20/11/2025 11:41:10.729 - [WARNING] - Error resolving method: app//org.apache.logging.log4j.util.PropertiesUtil$Environment$$Lambda/0x0000000126066678.accept(Unknown Source)
[PROCESS OUT] java.lang.ClassNotFoundException: org.apache.logging.log4j.util.PropertiesUtil$Environment$$Lambda/0x0000000126066678
[PROCESS OUT] 	at java.base/java.lang.Class.forName0(Native Method)
[PROCESS OUT] 	at java.base/java.lang.Class.forName(Class.java:467)
[PROCESS OUT] 	at java.base/java.lang.Class.forName(Class.java:458)
[PROCESS OUT] 	at ca.concordia.ptidej.spectra.Profile.MonitoringHandler.extractStats(MonitoringHandler.java:235)
[PROCESS OUT] 	at ca.concordia.ptidej.spectra.Profile.MonitoringHandler.run(MonitoringHandler.java:92)
[PROCESS OUT] 	at java.base/java.lang.Thread.run(Thread.java:1474)
[PROCESS OUT] 20/11/2025 11:41:10.731 - [WARNING] - Error resolving method: app//org.apache.logging.log4j.util.PropertiesUtil$Environment$$Lambda/0x0000000126066678.accept(Unknown Source)
[PROCESS OUT] java.lang.ClassNotFoundException: org.apache.logging.log4j.util.PropertiesUtil$Environment$$Lambda/0x0000000126066678
[PROCESS OUT] 	at java.base/java.lang.Class.forName0(Native Method)
[PROCESS OUT] 	at java.base/java.lang.Class.forName(Class.java:467)
[PROCESS OUT] 	at java.base/java.lang.Class.forName(Class.java:458)
[PROCESS OUT] 	at ca.concordia.ptidej.spectra.Profile.MonitoringHandler.extractStats(MonitoringHandler.java:235)
[PROCESS OUT] 	at ca.concordia.ptidej.spectra.Profile.MonitoringHandler.run(MonitoringHandler.java:92)
[PROCESS OUT] 	at java.base/java.lang.Thread.run(Thread.java:1474)
[PROCESS OUT] Loading from: pom/metrics/repository/CAM.class
[PROCESS OUT] 20/11/2025 11:41:10.732 - [WARNING] - Error resolving method: app//org.apache.logging.log4j.util.PropertiesUtil$Environment$$Lambda/0x0000000126066ac8.accept(Unknown Source)
[PROCESS OUT] java.lang.ClassNotFoundException: org.apache.logging.log4j.util.PropertiesUtil$Environment$$Lambda/0x0000000126066ac8
[PROCESS OUT] 	at java.base/java.lang.Class.forName0(Native Method)
[PROCESS OUT] 	at java.base/java.lang.Class.forName(Class.java:467)
[PROCESS OUT] 	at java.base/java.lang.Class.forName(Class.java:458)
[PROCESS OUT] 	at ca.concordia.ptidej.spectra.Profile.MonitoringHandler.extractStats(MonitoringHandler.java:235)
[PROCESS OUT] 	at ca.concordia.ptidej.spectra.Profile.MonitoringHandler.run(MonitoringHandler.java:92)
[PROCESS OUT] 	at java.base/java.lang.Thread.run(Thread.java:1474)
[PROCESS OUT] 20/11/2025 11:41:10.732 - [WARNING] - Error resolving method: app//org.apache.logging.log4j.util.PropertiesUtil$Environment$$Lambda/0x0000000126066678.accept(Unknown Source)
[PROCESS OUT] java.lang.ClassNotFoundException: org.apache.logging.log4j.util.PropertiesUtil$Environment$$Lambda/0x0000000126066678
[PROCESS OUT] 	at java.base/java.lang.Class.forName0(Native Method)
[PROCESS OUT] 	at java.base/java.lang.Class.forName(Class.java:467)
[PROCESS OUT] 	at java.base/java.lang.Class.forName(Class.java:458)
[PROCESS OUT] 	at ca.concordia.ptidej.spectra.Profile.MonitoringHandler.extractStats(MonitoringHandler.java:235)
[PROCESS OUT] 	at ca.concordia.ptidej.spectra.Profile.MonitoringHandler.run(MonitoringHandler.java:92)
[PROCESS OUT] 	at java.base/java.lang.Thread.run(Thread.java:1474)
[PROCESS OUT] 20/11/2025 11:41:10.733 - [WARNING] - Error resolving method: app//org.apache.logging.log4j.util.PropertiesUtil$Environment$$Lambda/0x0000000126066678.accept(Unknown Source)
[PROCESS OUT] java.lang.ClassNotFoundException: org.apache.logging.log4j.util.PropertiesUtil$Environment$$Lambda/0x0000000126066678
[PROCESS OUT] 	at java.base/java.lang.Class.forName0(Native Method)
[PROCESS OUT] 	at java.base/java.lang.Class.forName(Class.java:467)
[PROCESS OUT] 	at java.base/java.lang.Class.forName(Class.java:458)
[PROCESS OUT] 	at ca.concordia.ptidej.spectra.Profile.MonitoringHandler.extractStats(MonitoringHandler.java:235)
[PROCESS OUT] 	at ca.concordia.ptidej.spectra.Profile.MonitoringHandler.run(MonitoringHandler.java:92)
[PROCESS OUT] 	at java.base/java.lang.Thread.run(Thread.java:1474)
[PROCESS OUT] 20/11/2025 11:41:10.734 - [WARNING] - Error resolving method: app//org.apache.logging.log4j.util.PropertiesUtil$Environment$$Lambda/0x0000000126066ac8.accept(Unknown Source)
[PROCESS OUT] java.lang.ClassNotFoundException: org.apache.logging.log4j.util.PropertiesUtil$Environment$$Lambda/0x0000000126066ac8
[PROCESS OUT] 	at java.base/java.lang.Class.forName0(Native Method)
[PROCESS OUT] 	at java.base/java.lang.Class.forName(Class.java:467)
[PROCESS OUT] 	at java.base/java.lang.Class.forName(Class.java:458)
[PROCESS OUT] 	at ca.concordia.ptidej.spectra.Profile.MonitoringHandler.extractStats(MonitoringHandler.java:235)
[PROCESS OUT] 	at ca.concordia.ptidej.spectra.Profile.MonitoringHandler.run(MonitoringHandler.java:92)
[PROCESS OUT] 	at java.base/java.lang.Thread.run(Thread.java:1474)
[PROCESS OUT] 20/11/2025 11:41:10.734 - [WARNING] - Error resolving method: app//org.apache.logging.log4j.util.PropertiesUtil$Environment$$Lambda/0x0000000126066678.accept(Unknown Source)
[PROCESS OUT] java.lang.ClassNotFoundException: org.apache.logging.log4j.util.PropertiesUtil$Environment$$Lambda/0x0000000126066678
[PROCESS OUT] 	at java.base/java.lang.Class.forName0(Native Method)
[PROCESS OUT] 	at java.base/java.lang.Class.forName(Class.java:467)
[PROCESS OUT] 	at java.base/java.lang.Class.forName(Class.java:458)
[PROCESS OUT] 	at ca.concordia.ptidej.spectra.Profile.MonitoringHandler.extractStats(MonitoringHandler.java:235)
[PROCESS OUT] 	at ca.concordia.ptidej.spectra.Profile.MonitoringHandler.run(MonitoringHandler.java:92)
[PROCESS OUT] 	at java.base/java.lang.Thread.run(Thread.java:1474)
[PROCESS OUT] Loading from: pom/metrics/repository/NOC.class
[PROCESS OUT] 20/11/2025 11:41:10.736 - [WARNING] - Error resolving method: app//org.apache.logging.log4j.util.PropertiesUtil$Environment$$Lambda/0x0000000126066678.accept(Unknown Source)
[PROCESS OUT] java.lang.ClassNotFoundException: org.apache.logging.log4j.util.PropertiesUtil$Environment$$Lambda/0x0000000126066678
[PROCESS OUT] 	at java.base/java.lang.Class.forName0(Native Method)
[PROCESS OUT] 	at java.base/java.lang.Class.forName(Class.java:467)
[PROCESS OUT] 	at java.base/java.lang.Class.forName(Class.java:458)
[PROCESS OUT] 	at ca.concordia.ptidej.spectra.Profile.MonitoringHandler.extractStats(MonitoringHandler.java:235)
[PROCESS OUT] 	at ca.concordia.ptidej.spectra.Profile.MonitoringHandler.run(MonitoringHandler.java:92)
[PROCESS OUT] 	at java.base/java.lang.Thread.run(Thread.java:1474)
[PROCESS OUT] Loading from: pom/metrics/repository/CLD.class
[PROCESS OUT] 20/11/2025 11:41:10.738 - [WARNING] - Error resolving method: app//org.apache.logging.log4j.util.PropertiesUtil$Environment$$Lambda/0x0000000126066678.accept(Unknown Source)
[PROCESS OUT] java.lang.ClassNotFoundException: org.apache.logging.log4j.util.PropertiesUtil$Environment$$Lambda/0x0000000126066678
[PROCESS OUT] 	at java.base/java.lang.Class.forName0(Native Method)
[PROCESS OUT] 	at java.base/java.lang.Class.forName(Class.java:467)
[PROCESS OUT] 	at java.base/java.lang.Class.forName(Class.java:458)
[PROCESS OUT] 	at ca.concordia.ptidej.spectra.Profile.MonitoringHandler.extractStats(MonitoringHandler.java:235)
[PROCESS OUT] 	at ca.concordia.ptidej.spectra.Profile.MonitoringHandler.run(MonitoringHandler.java:92)
[PROCESS OUT] 	at java.base/java.lang.Thread.run(Thread.java:1474)
[PROCESS OUT] Loading from: pom/metrics/repository/NOTI.class
[PROCESS OUT] Loading from: pom/metrics/repository/MLOCsum.class
[PROCESS OUT] Loading from: pom/metrics/repository/WMC1.class
[PROCESS OUT] Loading from: pom/metrics/repository/NMI.class
[PROCESS OUT] 20/11/2025 11:41:10.749 - [WARNING] - Error resolving method: app//org.apache.logging.log4j.util.PropertiesUtil$Environment$$Lambda/0x0000000126065f88.apply(Unknown Source)
[PROCESS OUT] java.lang.ClassNotFoundException: org.apache.logging.log4j.util.PropertiesUtil$Environment$$Lambda/0x0000000126065f88
[PROCESS OUT] 	at java.base/java.lang.Class.forName0(Native Method)
[PROCESS OUT] 	at java.base/java.lang.Class.forName(Class.java:467)
[PROCESS OUT] 	at java.base/java.lang.Class.forName(Class.java:458)
[PROCESS OUT] 	at ca.concordia.ptidej.spectra.Profile.MonitoringHandler.extractStats(MonitoringHandler.java:235)
[PROCESS OUT] 	at ca.concordia.ptidej.spectra.Profile.MonitoringHandler.run(MonitoringHandler.java:92)
[PROCESS OUT] 	at java.base/java.lang.Thread.run(Thread.java:1474)
[PROCESS OUT] Loading from: pom/metrics/repository/EIP.class
[PROCESS OUT] Loading from: pom/metrics/repository/NOM.class
[PROCESS OUT] 20/11/2025 11:41:10.751 - [WARNING] - Error resolving method: app//org.apache.logging.log4j.util.PropertiesUtil$Environment$$Lambda/0x0000000126066ac8.accept(Unknown Source)
[PROCESS OUT] java.lang.ClassNotFoundException: org.apache.logging.log4j.util.PropertiesUtil$Environment$$Lambda/0x0000000126066ac8
[PROCESS OUT] 	at java.base/java.lang.Class.forName0(Native Method)
[PROCESS OUT] 	at java.base/java.lang.Class.forName(Class.java:467)
[PROCESS OUT] 	at java.base/java.lang.Class.forName(Class.java:458)
[PROCESS OUT] 	at ca.concordia.ptidej.spectra.Profile.MonitoringHandler.extractStats(MonitoringHandler.java:235)
[PROCESS OUT] 	at ca.concordia.ptidej.spectra.Profile.MonitoringHandler.run(MonitoringHandler.java:92)
[PROCESS OUT] 	at java.base/java.lang.Thread.run(Thread.java:1474)
[PROCESS OUT] 20/11/2025 11:41:10.752 - [WARNING] - Error resolving method: app//org.apache.logging.log4j.util.PropertiesUtil$Environment$$Lambda/0x0000000126066678.accept(Unknown Source)
[PROCESS OUT] java.lang.ClassNotFoundException: org.apache.logging.log4j.util.PropertiesUtil$Environment$$Lambda/0x0000000126066678
[PROCESS OUT] 	at java.base/java.lang.Class.forName0(Native Method)
[PROCESS OUT] 	at java.base/java.lang.Class.forName(Class.java:467)
[PROCESS OUT] 	at java.base/java.lang.Class.forName(Class.java:458)
[PROCESS OUT] 	at ca.concordia.ptidej.spectra.Profile.MonitoringHandler.extractStats(MonitoringHandler.java:235)
[PROCESS OUT] 	at ca.concordia.ptidej.spectra.Profile.MonitoringHandler.run(MonitoringHandler.java:92)
[PROCESS OUT] 	at java.base/java.lang.Thread.run(Thread.java:1474)
[PROCESS OUT] Loading from: pom/metrics/repository/RFC.class
[PROCESS OUT] Loading from: pom/metrics/repository/RRFP.class
[PROCESS OUT] 20/11/2025 11:41:10.756 - [WARNING] - Error resolving method: java.base@25/java.util.regex.Pattern$$Lambda/0x800000028.is(Unknown Source)
[PROCESS OUT] java.lang.ClassNotFoundException: java.util.regex.Pattern$$Lambda/0x800000028
[PROCESS OUT] 	at java.base/java.lang.Class.forName0(Native Method)
[PROCESS OUT] 	at java.base/java.lang.Class.forName(Class.java:467)
[PROCESS OUT] 	at java.base/java.lang.Class.forName(Class.java:458)
[PROCESS OUT] 	at ca.concordia.ptidej.spectra.Profile.MonitoringHandler.extractStats(MonitoringHandler.java:235)
[PROCESS OUT] 	at ca.concordia.ptidej.spectra.Profile.MonitoringHandler.run(MonitoringHandler.java:92)
[PROCESS OUT] 	at java.base/java.lang.Thread.run(Thread.java:1474)
[PROCESS OUT] 20/11/2025 11:41:10.756 - [WARNING] - Error resolving method: java.base@25/java.util.regex.Pattern$$Lambda/0x800000030.is(Unknown Source)
[PROCESS OUT] java.lang.ClassNotFoundException: java.util.regex.Pattern$$Lambda/0x800000030
[PROCESS OUT] 	at java.base/java.lang.Class.forName0(Native Method)
[PROCESS OUT] 	at java.base/java.lang.Class.forName(Class.java:467)
[PROCESS OUT] 	at java.base/java.lang.Class.forName(Class.java:458)
[PROCESS OUT] 	at ca.concordia.ptidej.spectra.Profile.MonitoringHandler.extractStats(MonitoringHandler.java:235)
[PROCESS OUT] 	at ca.concordia.ptidej.spectra.Profile.MonitoringHandler.run(MonitoringHandler.java:92)
[PROCESS OUT] 	at java.base/java.lang.Thread.run(Thread.java:1474)
[PROCESS OUT] Loading from: pom/metrics/repository/WMC_New.class
[PROCESS OUT] Loading from: pom/metrics/repository/DIT.class
[PROCESS OUT] 20/11/2025 11:41:10.763 - [WARNING] - Error resolving method: app//org.apache.logging.log4j.util.ServiceLoaderUtil$$Lambda/0x0000000126065140.apply(Unknown Source)
[PROCESS OUT] java.lang.ClassNotFoundException: org.apache.logging.log4j.util.ServiceLoaderUtil$$Lambda/0x0000000126065140
[PROCESS OUT] 	at java.base/java.lang.Class.forName0(Native Method)
[PROCESS OUT] 	at java.base/java.lang.Class.forName(Class.java:467)
[PROCESS OUT] 	at java.base/java.lang.Class.forName(Class.java:458)
[PROCESS OUT] 	at ca.concordia.ptidej.spectra.Profile.MonitoringHandler.extractStats(MonitoringHandler.java:235)
[PROCESS OUT] 	at ca.concordia.ptidej.spectra.Profile.MonitoringHandler.run(MonitoringHandler.java:92)
[PROCESS OUT] 	at java.base/java.lang.Thread.run(Thread.java:1474)
[PROCESS OUT] Loading from: pom/metrics/repository/NCM.class
[PROCESS OUT] Loading from: pom/metrics/repository/IR.class
[PROCESS OUT] Loading from: pom/metrics/repository/NOTC.class
[PROCESS OUT] Loading from: pom/metrics/repository/WMC.class
[PROCESS OUT] Loading from: pom/metrics/repository/ICHClass.class
[PROCESS OUT] Loading from: pom/metrics/repository/NMO.class
[PROCESS OUT] Loading from: pom/metrics/repository/ACMIC.class
[PROCESS OUT] Loading from: pom/metrics/repository/TLOC.class
[PROCESS OUT] Loading from: pom/metrics/repository/DCAEC.class
[PROCESS OUT] Loading from: pom/metrics/repository/NCP.class
[PROCESS OUT] Loading from: pom/metrics/repository/NOP.class
[PROCESS OUT] Loading from: pom/metrics/repository/MFA.class
[PROCESS OUT] Loading from: pom/metrics/repository/CBO.class
[PROCESS OUT] Loading from: pom/metrics/repository/RRTP.class
[PROCESS OUT] Loading from: pom/metrics/repository/connectivity.class
[PROCESS OUT] Loading from: pom/metrics/repository/CBOout.class
[PROCESS OUT] Loading from: pom/metrics/repository/TestCaseLOC.class
[PROCESS OUT] Loading from: pom/metrics/repository/cohesionAttributes.class
[PROCESS OUT] Loading from: pom/metrics/repository/CP.class
[PROCESS OUT] Loading from: pom/metrics/repository/AID.class
[PROCESS OUT] Loading from: pom/metrics/repository/DAM.class
[PROCESS OUT] Loading from: pom/metrics/repository/NOParam.class
[PROCESS OUT] Loading from: pom/metrics/repository/McCabe.class
[PROCESS OUT] Loading from: pom/metrics/repository/CBOin.class
[PROCESS OUT] Loading from: pom/metrics/repository/NOH.class
[PROCESS OUT] Loading from: pom/metrics/repository/VGsum$McCabeComputer.class
[PROCESS OUT] (Beware that the classfile of pom.metrics.repository.VGsum$McCabeComputer is incomplete!)
[PROCESS OUT] util.lang.ConcreteReceiverGuard reports a runtime deprecation: calling method "pom.metrics.repository.ACAIC.<init>()" from class "jdk.internal.reflect.DirectConstructorHandleAccessor"
[PROCESS OUT] Please do not instantiate metrics directly to allow efficient caching, use the methods of "pom.metrics.MetricsRepository" to obtain metric instances.
[PROCESS OUT] util.lang.ConcreteReceiverGuard reports a runtime deprecation: calling method "pom.metrics.repository.ACMIC.<init>()" from class "jdk.internal.reflect.DirectConstructorHandleAccessor"
[PROCESS OUT] Please do not instantiate metrics directly to allow efficient caching, use the methods of "pom.metrics.MetricsRepository" to obtain metric instances.
[PROCESS OUT] util.lang.ConcreteReceiverGuard reports a runtime deprecation: calling method "pom.metrics.repository.AID.<init>()" from class "jdk.internal.reflect.DirectConstructorHandleAccessor"
[PROCESS OUT] Please do not instantiate metrics directly to allow efficient caching, use the methods of "pom.metrics.MetricsRepository" to obtain metric instances.
[PROCESS OUT] util.lang.ConcreteReceiverGuard reports a runtime deprecation: calling method "pom.metrics.repository.ANA.<init>()" from class "jdk.internal.reflect.DirectConstructorHandleAccessor"
[PROCESS OUT] Please do not instantiate metrics directly to allow efficient caching, use the methods of "pom.metrics.MetricsRepository" to obtain metric instances.
[PROCESS OUT] util.lang.ConcreteReceiverGuard reports a runtime deprecation: calling method "pom.metrics.repository.CAM.<init>()" from class "jdk.internal.reflect.DirectConstructorHandleAccessor"
[PROCESS OUT] Please do not instantiate metrics directly to allow efficient caching, use the methods of "pom.metrics.MetricsRepository" to obtain metric instances.
[PROCESS OUT] util.lang.ConcreteReceiverGuard reports a runtime deprecation: calling method "pom.metrics.repository.CBO.<init>()" from class "jdk.internal.reflect.DirectConstructorHandleAccessor"
[PROCESS OUT] Please do not instantiate metrics directly to allow efficient caching, use the methods of "pom.metrics.MetricsRepository" to obtain metric instances.
[PROCESS OUT] util.lang.ConcreteReceiverGuard reports a runtime deprecation: calling method "pom.metrics.repository.CBOin.<init>()" from class "jdk.internal.reflect.DirectConstructorHandleAccessor"
[PROCESS OUT] Please do not instantiate metrics directly to allow efficient caching, use the methods of "pom.metrics.MetricsRepository" to obtain metric instances.
[PROCESS OUT] util.lang.ConcreteReceiverGuard reports a runtime deprecation: calling method "pom.metrics.repository.CBOout.<init>()" from class "jdk.internal.reflect.DirectConstructorHandleAccessor"
[PROCESS OUT] Please do not instantiate metrics directly to allow efficient caching, use the methods of "pom.metrics.MetricsRepository" to obtain metric instances.
[PROCESS OUT] util.lang.ConcreteReceiverGuard reports a runtime deprecation: calling method "pom.metrics.repository.CIS.<init>()" from class "jdk.internal.reflect.DirectConstructorHandleAccessor"
[PROCESS OUT] Please do not instantiate metrics directly to allow efficient caching, use the methods of "pom.metrics.MetricsRepository" to obtain metric instances.
[PROCESS OUT] util.lang.ConcreteReceiverGuard reports a runtime deprecation: calling method "pom.metrics.repository.CLD.<init>()" from class "jdk.internal.reflect.DirectConstructorHandleAccessor"
[PROCESS OUT] Please do not instantiate metrics directly to allow efficient caching, use the methods of "pom.metrics.MetricsRepository" to obtain metric instances.
[PROCESS OUT] util.lang.ConcreteReceiverGuard reports a runtime deprecation: calling method "pom.metrics.repository.CP.<init>()" from class "jdk.internal.reflect.DirectConstructorHandleAccessor"
[PROCESS OUT] Please do not instantiate metrics directly to allow efficient caching, use the methods of "pom.metrics.MetricsRepository" to obtain metric instances.
[PROCESS OUT] util.lang.ConcreteReceiverGuard reports a runtime deprecation: calling method "pom.metrics.repository.DAM.<init>()" from class "jdk.internal.reflect.DirectConstructorHandleAccessor"
[PROCESS OUT] Please do not instantiate metrics directly to allow efficient caching, use the methods of "pom.metrics.MetricsRepository" to obtain metric instances.
[PROCESS OUT] util.lang.ConcreteReceiverGuard reports a runtime deprecation: calling method "pom.metrics.repository.DCAEC.<init>()" from class "jdk.internal.reflect.DirectConstructorHandleAccessor"
[PROCESS OUT] Please do not instantiate metrics directly to allow efficient caching, use the methods of "pom.metrics.MetricsRepository" to obtain metric instances.
[PROCESS OUT] util.lang.ConcreteReceiverGuard reports a runtime deprecation: calling method "pom.metrics.repository.DCC.<init>()" from class "jdk.internal.reflect.DirectConstructorHandleAccessor"
[PROCESS OUT] Please do not instantiate metrics directly to allow efficient caching, use the methods of "pom.metrics.MetricsRepository" to obtain metric instances.
[PROCESS OUT] util.lang.ConcreteReceiverGuard reports a runtime deprecation: calling method "pom.metrics.repository.DCMEC.<init>()" from class "jdk.internal.reflect.DirectConstructorHandleAccessor"
[PROCESS OUT] Please do not instantiate metrics directly to allow efficient caching, use the methods of "pom.metrics.MetricsRepository" to obtain metric instances.
[PROCESS OUT] util.lang.ConcreteReceiverGuard reports a runtime deprecation: calling method "pom.metrics.repository.DIT.<init>()" from class "jdk.internal.reflect.DirectConstructorHandleAccessor"
[PROCESS OUT] Please do not instantiate metrics directly to allow efficient caching, use the methods of "pom.metrics.MetricsRepository" to obtain metric instances.
[PROCESS OUT] util.lang.ConcreteReceiverGuard reports a runtime deprecation: calling method "pom.metrics.repository.DSC.<init>()" from class "jdk.internal.reflect.DirectConstructorHandleAccessor"
[PROCESS OUT] Please do not instantiate metrics directly to allow efficient caching, use the methods of "pom.metrics.MetricsRepository" to obtain metric instances.
[PROCESS OUT] util.lang.ConcreteReceiverGuard reports a runtime deprecation: calling method "pom.metrics.repository.EIC.<init>()" from class "jdk.internal.reflect.DirectConstructorHandleAccessor"
[PROCESS OUT] Please do not instantiate metrics directly to allow efficient caching, use the methods of "pom.metrics.MetricsRepository" to obtain metric instances.
[PROCESS OUT] util.lang.ConcreteReceiverGuard reports a runtime deprecation: calling method "pom.metrics.repository.EIP.<init>()" from class "jdk.internal.reflect.DirectConstructorHandleAccessor"
[PROCESS OUT] Please do not instantiate metrics directly to allow efficient caching, use the methods of "pom.metrics.MetricsRepository" to obtain metric instances.
[PROCESS OUT] util.lang.ConcreteReceiverGuard reports a runtime deprecation: calling method "pom.metrics.repository.FanOut.<init>()" from class "jdk.internal.reflect.DirectConstructorHandleAccessor"
[PROCESS OUT] Please do not instantiate metrics directly to allow efficient caching, use the methods of "pom.metrics.MetricsRepository" to obtain metric instances.
[PROCESS OUT] util.lang.ConcreteReceiverGuard reports a runtime deprecation: calling method "pom.metrics.repository.ICHClass.<init>()" from class "jdk.internal.reflect.DirectConstructorHandleAccessor"
[PROCESS OUT] Please do not instantiate metrics directly to allow efficient caching, use the methods of "pom.metrics.MetricsRepository" to obtain metric instances.
[PROCESS OUT] util.lang.ConcreteReceiverGuard reports a runtime deprecation: calling method "pom.metrics.repository.IR.<init>()" from class "jdk.internal.reflect.DirectConstructorHandleAccessor"
[PROCESS OUT] Please do not instantiate metrics directly to allow efficient caching, use the methods of "pom.metrics.MetricsRepository" to obtain metric instances.
[PROCESS OUT] util.lang.ConcreteReceiverGuard reports a runtime deprecation: calling method "pom.metrics.repository.LCOM1.<init>()" from class "jdk.internal.reflect.DirectConstructorHandleAccessor"
[PROCESS OUT] Please do not instantiate metrics directly to allow efficient caching, use the methods of "pom.metrics.MetricsRepository" to obtain metric instances.
[PROCESS OUT] util.lang.ConcreteReceiverGuard reports a runtime deprecation: calling method "pom.metrics.repository.LCOM2.<init>()" from class "jdk.internal.reflect.DirectConstructorHandleAccessor"
[PROCESS OUT] Please do not instantiate metrics directly to allow efficient caching, use the methods of "pom.metrics.MetricsRepository" to obtain metric instances.
[PROCESS OUT] util.lang.ConcreteReceiverGuard reports a runtime deprecation: calling method "pom.metrics.repository.LCOM5.<init>()" from class "jdk.internal.reflect.DirectConstructorHandleAccessor"
[PROCESS OUT] Please do not instantiate metrics directly to allow efficient caching, use the methods of "pom.metrics.MetricsRepository" to obtain metric instances.
[PROCESS OUT] util.lang.ConcreteReceiverGuard reports a runtime deprecation: calling method "pom.metrics.repository.LOC.<init>()" from class "jdk.internal.reflect.DirectConstructorHandleAccessor"
[PROCESS OUT] Please do not instantiate metrics directly to allow efficient caching, use the methods of "pom.metrics.MetricsRepository" to obtain metric instances.
[PROCESS OUT] util.lang.ConcreteReceiverGuard reports a runtime deprecation: calling method "pom.metrics.repository.MFA.<init>()" from class "jdk.internal.reflect.DirectConstructorHandleAccessor"
[PROCESS OUT] Please do not instantiate metrics directly to allow efficient caching, use the methods of "pom.metrics.MetricsRepository" to obtain metric instances.
[PROCESS OUT] util.lang.ConcreteReceiverGuard reports a runtime deprecation: calling method "pom.metrics.repository.MLOCsum.<init>()" from class "jdk.internal.reflect.DirectConstructorHandleAccessor"
[PROCESS OUT] Please do not instantiate metrics directly to allow efficient caching, use the methods of "pom.metrics.MetricsRepository" to obtain metric instances.
[PROCESS OUT] util.lang.ConcreteReceiverGuard reports a runtime deprecation: calling method "pom.metrics.repository.MOA.<init>()" from class "jdk.internal.reflect.DirectConstructorHandleAccessor"
[PROCESS OUT] Please do not instantiate metrics directly to allow efficient caching, use the methods of "pom.metrics.MetricsRepository" to obtain metric instances.
[PROCESS OUT] util.lang.ConcreteReceiverGuard reports a runtime deprecation: calling method "pom.metrics.repository.McCabe.<init>()" from class "jdk.internal.reflect.DirectConstructorHandleAccessor"
[PROCESS OUT] Please do not instantiate metrics directly to allow efficient caching, use the methods of "pom.metrics.MetricsRepository" to obtain metric instances.
[PROCESS OUT] util.lang.ConcreteReceiverGuard reports a runtime deprecation: calling method "pom.metrics.repository.NAD.<init>()" from class "jdk.internal.reflect.DirectConstructorHandleAccessor"
[PROCESS OUT] Please do not instantiate metrics directly to allow efficient caching, use the methods of "pom.metrics.MetricsRepository" to obtain metric instances.
[PROCESS OUT] util.lang.ConcreteReceiverGuard reports a runtime deprecation: calling method "pom.metrics.repository.NADExtended.<init>()" from class "jdk.internal.reflect.DirectConstructorHandleAccessor"
[PROCESS OUT] Please do not instantiate metrics directly to allow efficient caching, use the methods of "pom.metrics.MetricsRepository" to obtain metric instances.
[PROCESS OUT] util.lang.ConcreteReceiverGuard reports a runtime deprecation: calling method "pom.metrics.repository.NCM.<init>()" from class "jdk.internal.reflect.DirectConstructorHandleAccessor"
[PROCESS OUT] Please do not instantiate metrics directly to allow efficient caching, use the methods of "pom.metrics.MetricsRepository" to obtain metric instances.
[PROCESS OUT] util.lang.ConcreteReceiverGuard reports a runtime deprecation: calling method "pom.metrics.repository.NCP.<init>()" from class "jdk.internal.reflect.DirectConstructorHandleAccessor"
[PROCESS OUT] Please do not instantiate metrics directly to allow efficient caching, use the methods of "pom.metrics.MetricsRepository" to obtain metric instances.
[PROCESS OUT] util.lang.ConcreteReceiverGuard reports a runtime deprecation: calling method "pom.metrics.repository.NMA.<init>()" from class "jdk.internal.reflect.DirectConstructorHandleAccessor"
[PROCESS OUT] Please do not instantiate metrics directly to allow efficient caching, use the methods of "pom.metrics.MetricsRepository" to obtain metric instances.
[PROCESS OUT] util.lang.ConcreteReceiverGuard reports a runtime deprecation: calling method "pom.metrics.repository.NMD.<init>()" from class "jdk.internal.reflect.DirectConstructorHandleAccessor"
[PROCESS OUT] Please do not instantiate metrics directly to allow efficient caching, use the methods of "pom.metrics.MetricsRepository" to obtain metric instances.
[PROCESS OUT] 20/11/2025 11:41:10.923 - [WARNING] - Error resolving method: java.base@25/java.util.regex.Pattern$$Lambda/0x800000030.is(Unknown Source)
[PROCESS OUT] java.lang.ClassNotFoundException: java.util.regex.Pattern$$Lambda/0x800000030
[PROCESS OUT] 	at java.base/java.lang.Class.forName0(Native Method)
[PROCESS OUT] 	at java.base/java.lang.Class.forName(Class.java:467)
[PROCESS OUT] 	at java.base/java.lang.Class.forName(Class.java:458)
[PROCESS OUT] 	at ca.concordia.ptidej.spectra.Profile.MonitoringHandler.extractStats(MonitoringHandler.java:235)
[PROCESS OUT] 	at ca.concordia.ptidej.spectra.Profile.MonitoringHandler.run(MonitoringHandler.java:92)
[PROCESS OUT] 	at java.base/java.lang.Thread.run(Thread.java:1474)
[PROCESS OUT] util.lang.ConcreteReceiverGuard reports a runtime deprecation: calling method "pom.metrics.repository.NMDExtended.<init>()" from class "jdk.internal.reflect.DirectConstructorHandleAccessor"
[PROCESS OUT] Please do not instantiate metrics directly to allow efficient caching, use the methods of "pom.metrics.MetricsRepository" to obtain metric instances.
[PROCESS OUT] util.lang.ConcreteReceiverGuard reports a runtime deprecation: calling method "pom.metrics.repository.NMI.<init>()" from class "jdk.internal.reflect.DirectConstructorHandleAccessor"
[PROCESS OUT] Please do not instantiate metrics directly to allow efficient caching, use the methods of "pom.metrics.MetricsRepository" to obtain metric instances.
[PROCESS OUT] util.lang.ConcreteReceiverGuard reports a runtime deprecation: calling method "pom.metrics.repository.NMO.<init>()" from class "jdk.internal.reflect.DirectConstructorHandleAccessor"
[PROCESS OUT] Please do not instantiate metrics directly to allow efficient caching, use the methods of "pom.metrics.MetricsRepository" to obtain metric instances.
[PROCESS OUT] util.lang.ConcreteReceiverGuard reports a runtime deprecation: calling method "pom.metrics.repository.NOA.<init>()" from class "jdk.internal.reflect.DirectConstructorHandleAccessor"
[PROCESS OUT] Please do not instantiate metrics directly to allow efficient caching, use the methods of "pom.metrics.MetricsRepository" to obtain metric instances.
[PROCESS OUT] util.lang.ConcreteReceiverGuard reports a runtime deprecation: calling method "pom.metrics.repository.NOC.<init>()" from class "jdk.internal.reflect.DirectConstructorHandleAccessor"
[PROCESS OUT] Please do not instantiate metrics directly to allow efficient caching, use the methods of "pom.metrics.MetricsRepository" to obtain metric instances.
[PROCESS OUT] 20/11/2025 11:41:10.928 - [WARNING] - Error resolving method: java.base@25/java.lang.reflect.ProxyGenerator$ProxyMethod$$Lambda/0x0000000126022d90.accept(Unknown Source)
[PROCESS OUT] java.lang.ClassNotFoundException: java.lang.reflect.ProxyGenerator$ProxyMethod$$Lambda/0x0000000126022d90
[PROCESS OUT] 	at java.base/java.lang.Class.forName0(Native Method)
[PROCESS OUT] 	at java.base/java.lang.Class.forName(Class.java:467)
[PROCESS OUT] 	at java.base/java.lang.Class.forName(Class.java:458)
[PROCESS OUT] 	at ca.concordia.ptidej.spectra.Profile.MonitoringHandler.extractStats(MonitoringHandler.java:235)
[PROCESS OUT] 	at ca.concordia.ptidej.spectra.Profile.MonitoringHandler.run(MonitoringHandler.java:92)
[PROCESS OUT] 	at java.base/java.lang.Thread.run(Thread.java:1474)
[PROCESS OUT] util.lang.ConcreteReceiverGuard reports a runtime deprecation: calling method "pom.metrics.repository.NOD.<init>()" from class "jdk.internal.reflect.DirectConstructorHandleAccessor"
[PROCESS OUT] 20/11/2025 11:41:10.928 - [WARNING] - Error resolving method: java.base@25/java.lang.reflect.ProxyGenerator$ProxyMethod$$Lambda/0x0000000126022630.accept(Unknown Source)
[PROCESS OUT] java.lang.ClassNotFoundException: java.lang.reflect.ProxyGenerator$ProxyMethod$$Lambda/0x0000000126022630
[PROCESS OUT] 	at java.base/java.lang.Class.forName0(Native Method)
[PROCESS OUT] 	at java.base/java.lang.Class.forName(Class.java:467)
[PROCESS OUT] 	at java.base/java.lang.Class.forName(Class.java:458)
[PROCESS OUT] 	at ca.concordia.ptidej.spectra.Profile.MonitoringHandler.extractStats(MonitoringHandler.java:235)
[PROCESS OUT] 	at ca.concordia.ptidej.spectra.Profile.MonitoringHandler.run(MonitoringHandler.java:92)
[PROCESS OUT] 	at java.base/java.lang.Thread.run(Thread.java:1474)
[PROCESS OUT] Please do not instantiate metrics directly to allow efficient caching, use the methods of "pom.metrics.MetricsRepository" to obtain metric instances.
[PROCESS OUT] 20/11/2025 11:41:10.928 - [WARNING] - Error resolving method: java.base@25/java.lang.reflect.ProxyGenerator$$Lambda/0x00000001260221b0.accept(Unknown Source)
[PROCESS OUT] java.lang.ClassNotFoundException: java.lang.reflect.ProxyGenerator$$Lambda/0x00000001260221b0
[PROCESS OUT] 	at java.base/java.lang.Class.forName0(Native Method)
[PROCESS OUT] 	at java.base/java.lang.Class.forName(Class.java:467)
[PROCESS OUT] 	at java.base/java.lang.Class.forName(Class.java:458)
[PROCESS OUT] 	at ca.concordia.ptidej.spectra.Profile.MonitoringHandler.extractStats(MonitoringHandler.java:235)
[PROCESS OUT] 	at ca.concordia.ptidej.spectra.Profile.MonitoringHandler.run(MonitoringHandler.java:92)
[PROCESS OUT] 	at java.base/java.lang.Thread.run(Thread.java:1474)
[PROCESS OUT] 20/11/2025 11:41:10.929 - [WARNING] - Error resolving method: java.base@25/java.lang.reflect.Proxy$$Lambda/0x000000012601fc78.apply(Unknown Source)
[PROCESS OUT] java.lang.ClassNotFoundException: java.lang.reflect.Proxy$$Lambda/0x000000012601fc78
[PROCESS OUT] 	at java.base/java.lang.Class.forName0(Native Method)
[PROCESS OUT] 	at java.base/java.lang.Class.forName(Class.java:467)
[PROCESS OUT] 	at java.base/java.lang.Class.forName(Class.java:458)
[PROCESS OUT] 	at ca.concordia.ptidej.spectra.Profile.MonitoringHandler.extractStats(MonitoringHandler.java:235)
[PROCESS OUT] 	at ca.concordia.ptidej.spectra.Profile.MonitoringHandler.run(MonitoringHandler.java:92)
[PROCESS OUT] 	at java.base/java.lang.Thread.run(Thread.java:1474)
[PROCESS OUT] util.lang.ConcreteReceiverGuard reports a runtime deprecation: calling method "pom.metrics.repository.NOF.<init>()" from class "jdk.internal.reflect.DirectConstructorHandleAccessor"
[PROCESS OUT] Please do not instantiate metrics directly to allow efficient caching, use the methods of "pom.metrics.MetricsRepository" to obtain metric instances.
[PROCESS OUT] 20/11/2025 11:41:10.929 - [WARNING] - Error resolving method: java.base@25/java.lang.reflect.Proxy$$Lambda/0x000000012601fc78.apply(Unknown Source)
[PROCESS OUT] java.lang.ClassNotFoundException: java.lang.reflect.Proxy$$Lambda/0x000000012601fc78
[PROCESS OUT] 	at java.base/java.lang.Class.forName0(Native Method)
[PROCESS OUT] 	at java.base/java.lang.Class.forName(Class.java:467)
[PROCESS OUT] 	at java.base/java.lang.Class.forName(Class.java:458)
[PROCESS OUT] 	at ca.concordia.ptidej.spectra.Profile.MonitoringHandler.extractStats(MonitoringHandler.java:235)
[PROCESS OUT] 	at ca.concordia.ptidej.spectra.Profile.MonitoringHandler.run(MonitoringHandler.java:92)
[PROCESS OUT] 	at java.base/java.lang.Thread.run(Thread.java:1474)
[PROCESS OUT] 20/11/2025 11:41:10.930 - [WARNING] - Error resolving method: java.base@25/java.lang.reflect.ProxyGenerator$$Lambda/0x00000001260236a8.accept(Unknown Source)
[PROCESS OUT] java.lang.ClassNotFoundException: java.lang.reflect.ProxyGenerator$$Lambda/0x00000001260236a8
[PROCESS OUT] 	at java.base/java.lang.Class.forName0(Native Method)
[PROCESS OUT] 	at java.base/java.lang.Class.forName(Class.java:467)
[PROCESS OUT] 	at java.base/java.lang.Class.forName(Class.java:458)
[PROCESS OUT] 	at ca.concordia.ptidej.spectra.Profile.MonitoringHandler.extractStats(MonitoringHandler.java:235)
[PROCESS OUT] 	at ca.concordia.ptidej.spectra.Profile.MonitoringHandler.run(MonitoringHandler.java:92)
[PROCESS OUT] 	at java.base/java.lang.Thread.run(Thread.java:1474)
[PROCESS OUT] util.lang.ConcreteReceiverGuard reports a runtime deprecation: calling method "pom.metrics.repository.NOH.<init>()" from class "jdk.internal.reflect.DirectConstructorHandleAccessor"
[PROCESS OUT] Please do not instantiate metrics directly to allow efficient caching, use the methods of "pom.metrics.MetricsRepository" to obtain metric instances.
[PROCESS OUT] 20/11/2025 11:41:10.930 - [WARNING] - Error resolving method: java.base@25/java.lang.reflect.ProxyGenerator$$Lambda/0x00000001260221b0.accept(Unknown Source)
[PROCESS OUT] java.lang.ClassNotFoundException: java.lang.reflect.ProxyGenerator$$Lambda/0x00000001260221b0
[PROCESS OUT] 	at java.base/java.lang.Class.forName0(Native Method)
[PROCESS OUT] 	at java.base/java.lang.Class.forName(Class.java:467)
[PROCESS OUT] 	at java.base/java.lang.Class.forName(Class.java:458)
[PROCESS OUT] 	at ca.concordia.ptidej.spectra.Profile.MonitoringHandler.extractStats(MonitoringHandler.java:235)
[PROCESS OUT] 	at ca.concordia.ptidej.spectra.Profile.MonitoringHandler.run(MonitoringHandler.java:92)
[PROCESS OUT] 	at java.base/java.lang.Thread.run(Thread.java:1474)
[PROCESS OUT] 20/11/2025 11:41:10.930 - [WARNING] - Error resolving method: java.base@25/java.lang.reflect.Proxy$$Lambda/0x000000012601fc78.apply(Unknown Source)
[PROCESS OUT] java.lang.ClassNotFoundException: java.lang.reflect.Proxy$$Lambda/0x000000012601fc78
[PROCESS OUT] 	at java.base/java.lang.Class.forName0(Native Method)
[PROCESS OUT] 	at java.base/java.lang.Class.forName(Class.java:467)
[PROCESS OUT] 	at java.base/java.lang.Class.forName(Class.java:458)
[PROCESS OUT] 	at ca.concordia.ptidej.spectra.Profile.MonitoringHandler.extractStats(MonitoringHandler.java:235)
[PROCESS OUT] 	at ca.concordia.ptidej.spectra.Profile.MonitoringHandler.run(MonitoringHandler.java:92)
[PROCESS OUT] 	at java.base/java.lang.Thread.run(Thread.java:1474)
[PROCESS OUT] util.lang.ConcreteReceiverGuard reports a runtime deprecation: calling method "pom.metrics.repository.NOM.<init>()" from class "jdk.internal.reflect.DirectConstructorHandleAccessor"
[PROCESS OUT] Please do not instantiate metrics directly to allow efficient caching, use the methods of "pom.metrics.MetricsRepository" to obtain metric instances.
[PROCESS OUT] util.lang.ConcreteReceiverGuard reports a runtime deprecation: calling method "pom.metrics.repository.NOP.<init>()" from class "jdk.internal.reflect.DirectConstructorHandleAccessor"
[PROCESS OUT] Please do not instantiate metrics directly to allow efficient caching, use the methods of "pom.metrics.MetricsRepository" to obtain metric instances.
[PROCESS OUT] util.lang.ConcreteReceiverGuard reports a runtime deprecation: calling method "pom.metrics.repository.NOPM.<init>()" from class "jdk.internal.reflect.DirectConstructorHandleAccessor"
[PROCESS OUT] Please do not instantiate metrics directly to allow efficient caching, use the methods of "pom.metrics.MetricsRepository" to obtain metric instances.
[PROCESS OUT] util.lang.ConcreteReceiverGuard reports a runtime deprecation: calling method "pom.metrics.repository.NOParam.<init>()" from class "jdk.internal.reflect.DirectConstructorHandleAccessor"
[PROCESS OUT] Please do not instantiate metrics directly to allow efficient caching, use the methods of "pom.metrics.MetricsRepository" to obtain metric instances.
[PROCESS OUT] util.lang.ConcreteReceiverGuard reports a runtime deprecation: calling method "pom.metrics.repository.NOTC.<init>()" from class "jdk.internal.reflect.DirectConstructorHandleAccessor"
[PROCESS OUT] Please do not instantiate metrics directly to allow efficient caching, use the methods of "pom.metrics.MetricsRepository" to obtain metric instances.
[PROCESS OUT] util.lang.ConcreteReceiverGuard reports a runtime deprecation: calling method "pom.metrics.repository.NOTI.<init>()" from class "jdk.internal.reflect.DirectConstructorHandleAccessor"
[PROCESS OUT] Please do not instantiate metrics directly to allow efficient caching, use the methods of "pom.metrics.MetricsRepository" to obtain metric instances.
[PROCESS OUT] util.lang.ConcreteReceiverGuard reports a runtime deprecation: calling method "pom.metrics.repository.NPrM.<init>()" from class "jdk.internal.reflect.DirectConstructorHandleAccessor"
[PROCESS OUT] Please do not instantiate metrics directly to allow efficient caching, use the methods of "pom.metrics.MetricsRepository" to obtain metric instances.
[PROCESS OUT] 20/11/2025 11:41:10.939 - [WARNING] - Error resolving method: java.base@25/java.lang.invoke.LambdaForm$MH/0x00000001260ac400.invoke(LambdaForm$MH)
[PROCESS OUT] java.lang.ClassNotFoundException: java.lang.invoke.LambdaForm$MH/0x00000001260ac400
[PROCESS OUT] 	at java.base/java.lang.Class.forName0(Native Method)
[PROCESS OUT] 	at java.base/java.lang.Class.forName(Class.java:467)
[PROCESS OUT] 	at java.base/java.lang.Class.forName(Class.java:458)
[PROCESS OUT] 	at ca.concordia.ptidej.spectra.Profile.MonitoringHandler.extractStats(MonitoringHandler.java:235)
[PROCESS OUT] 	at ca.concordia.ptidej.spectra.Profile.MonitoringHandler.run(MonitoringHandler.java:92)
[PROCESS OUT] 	at java.base/java.lang.Thread.run(Thread.java:1474)
[PROCESS OUT] util.lang.ConcreteReceiverGuard reports a runtime deprecation: calling method "pom.metrics.repository.PIIR.<init>()" from class "jdk.internal.reflect.DirectConstructorHandleAccessor"
[PROCESS OUT] Please do not instantiate metrics directly to allow efficient caching, use the methods of "pom.metrics.MetricsRepository" to obtain metric instances.
[PROCESS OUT] util.lang.ConcreteReceiverGuard reports a runtime deprecation: calling method "pom.metrics.repository.PP.<init>()" from class "jdk.internal.reflect.DirectConstructorHandleAccessor"
[PROCESS OUT] Please do not instantiate metrics directly to allow efficient caching, use the methods of "pom.metrics.MetricsRepository" to obtain metric instances.
[PROCESS OUT] util.lang.ConcreteReceiverGuard reports a runtime deprecation: calling method "pom.metrics.repository.REIP.<init>()" from class "jdk.internal.reflect.DirectConstructorHandleAccessor"
[PROCESS OUT] Please do not instantiate metrics directly to allow efficient caching, use the methods of "pom.metrics.MetricsRepository" to obtain metric instances.
[PROCESS OUT] 20/11/2025 11:41:10.944 - [WARNING] - Error resolving method: java.base@25/java.lang.invoke.LambdaForm$MH/0x00000001260ac400.invoke(LambdaForm$MH)
[PROCESS OUT] java.lang.ClassNotFoundException: java.lang.invoke.LambdaForm$MH/0x00000001260ac400
[PROCESS OUT] 	at java.base/java.lang.Class.forName0(Native Method)
[PROCESS OUT] 	at java.base/java.lang.Class.forName(Class.java:467)
[PROCESS OUT] 	at java.base/java.lang.Class.forName(Class.java:458)
[PROCESS OUT] 	at ca.concordia.ptidej.spectra.Profile.MonitoringHandler.extractStats(MonitoringHandler.java:235)
[PROCESS OUT] 	at ca.concordia.ptidej.spectra.Profile.MonitoringHandler.run(MonitoringHandler.java:92)
[PROCESS OUT] 	at java.base/java.lang.Thread.run(Thread.java:1474)
[PROCESS OUT] util.lang.ConcreteReceiverGuard reports a runtime deprecation: calling method "pom.metrics.repository.RFC.<init>()" from class "jdk.internal.reflect.DirectConstructorHandleAccessor"
[PROCESS OUT] Please do not instantiate metrics directly to allow efficient caching, use the methods of "pom.metrics.MetricsRepository" to obtain metric instances.
[PROCESS OUT] util.lang.ConcreteReceiverGuard reports a runtime deprecation: calling method "pom.metrics.repository.RFC_New.<init>()" from class "jdk.internal.reflect.DirectConstructorHandleAccessor"
[PROCESS OUT] Please do not instantiate metrics directly to allow efficient caching, use the methods of "pom.metrics.MetricsRepository" to obtain metric instances.
[PROCESS OUT] util.lang.ConcreteReceiverGuard reports a runtime deprecation: calling method "pom.metrics.repository.RFP.<init>()" from class "jdk.internal.reflect.DirectConstructorHandleAccessor"
[PROCESS OUT] Please do not instantiate metrics directly to allow efficient caching, use the methods of "pom.metrics.MetricsRepository" to obtain metric instances.
[PROCESS OUT] util.lang.ConcreteReceiverGuard reports a runtime deprecation: calling method "pom.metrics.repository.RPII.<init>()" from class "jdk.internal.reflect.DirectConstructorHandleAccessor"
[PROCESS OUT] Please do not instantiate metrics directly to allow efficient caching, use the methods of "pom.metrics.MetricsRepository" to obtain metric instances.
[PROCESS OUT] util.lang.ConcreteReceiverGuard reports a runtime deprecation: calling method "pom.metrics.repository.RRFP.<init>()" from class "jdk.internal.reflect.DirectConstructorHandleAccessor"
[PROCESS OUT] Please do not instantiate metrics directly to allow efficient caching, use the methods of "pom.metrics.MetricsRepository" to obtain metric instances.
[PROCESS OUT] util.lang.ConcreteReceiverGuard reports a runtime deprecation: calling method "pom.metrics.repository.RRTP.<init>()" from class "jdk.internal.reflect.DirectConstructorHandleAccessor"
[PROCESS OUT] Please do not instantiate metrics directly to allow efficient caching, use the methods of "pom.metrics.MetricsRepository" to obtain metric instances.
[PROCESS OUT] util.lang.ConcreteReceiverGuard reports a runtime deprecation: calling method "pom.metrics.repository.RTP.<init>()" from class "jdk.internal.reflect.DirectConstructorHandleAccessor"
[PROCESS OUT] Please do not instantiate metrics directly to allow efficient caching, use the methods of "pom.metrics.MetricsRepository" to obtain metric instances.
[PROCESS OUT] util.lang.ConcreteReceiverGuard reports a runtime deprecation: calling method "pom.metrics.repository.SIX.<init>()" from class "jdk.internal.reflect.DirectConstructorHandleAccessor"
[PROCESS OUT] Please do not instantiate metrics directly to allow efficient caching, use the methods of "pom.metrics.MetricsRepository" to obtain metric instances.
[PROCESS OUT] util.lang.ConcreteReceiverGuard reports a runtime deprecation: calling method "pom.metrics.repository.TLOC.<init>()" from class "jdk.internal.reflect.DirectConstructorHandleAccessor"
[PROCESS OUT] Please do not instantiate metrics directly to allow efficient caching, use the methods of "pom.metrics.MetricsRepository" to obtain metric instances.
[PROCESS OUT] util.lang.ConcreteReceiverGuard reports a runtime deprecation: calling method "pom.metrics.repository.TestCaseLOC.<init>()" from class "jdk.internal.reflect.DirectConstructorHandleAccessor"
[PROCESS OUT] Please do not instantiate metrics directly to allow efficient caching, use the methods of "pom.metrics.MetricsRepository" to obtain metric instances.
[PROCESS OUT] util.lang.ConcreteReceiverGuard reports a runtime deprecation: calling method "pom.metrics.repository.USELESS.<init>()" from class "jdk.internal.reflect.DirectConstructorHandleAccessor"
[PROCESS OUT] Please do not instantiate metrics directly to allow efficient caching, use the methods of "pom.metrics.MetricsRepository" to obtain metric instances.
[PROCESS OUT] util.lang.ConcreteReceiverGuard reports a runtime deprecation: calling method "pom.metrics.repository.VGsum.<init>()" from class "jdk.internal.reflect.DirectConstructorHandleAccessor"
[PROCESS OUT] Please do not instantiate metrics directly to allow efficient caching, use the methods of "pom.metrics.MetricsRepository" to obtain metric instances.
[PROCESS OUT] util.lang.ConcreteReceiverGuard reports a runtime deprecation: calling method "pom.metrics.repository.WMC.<init>()" from class "jdk.internal.reflect.DirectConstructorHandleAccessor"
[PROCESS OUT] Please do not instantiate metrics directly to allow efficient caching, use the methods of "pom.metrics.MetricsRepository" to obtain metric instances.
[PROCESS OUT] util.lang.ConcreteReceiverGuard reports a runtime deprecation: calling method "pom.metrics.repository.WMC1.<init>()" from class "jdk.internal.reflect.DirectConstructorHandleAccessor"
[PROCESS OUT] Please do not instantiate metrics directly to allow efficient caching, use the methods of "pom.metrics.MetricsRepository" to obtain metric instances.
[PROCESS OUT] util.lang.ConcreteReceiverGuard reports a runtime deprecation: calling method "pom.metrics.repository.WMC_New.<init>()" from class "jdk.internal.reflect.DirectConstructorHandleAccessor"
[PROCESS OUT] Please do not instantiate metrics directly to allow efficient caching, use the methods of "pom.metrics.MetricsRepository" to obtain metric instances.
[PROCESS OUT] util.lang.ConcreteReceiverGuard reports a runtime deprecation: calling method "pom.metrics.repository.cohesionAttributes.<init>()" from class "jdk.internal.reflect.DirectConstructorHandleAccessor"
[PROCESS OUT] Please do not instantiate metrics directly to allow efficient caching, use the methods of "pom.metrics.MetricsRepository" to obtain metric instances.
[PROCESS OUT] util.lang.ConcreteReceiverGuard reports a runtime deprecation: calling method "pom.metrics.repository.connectivity.<init>()" from class "jdk.internal.reflect.DirectConstructorHandleAccessor"
[PROCESS OUT] Please do not instantiate metrics directly to allow efficient caching, use the methods of "pom.metrics.MetricsRepository" to obtain metric instances.
[PROCESS OUT] util.lang.ConcreteReceiverGuard reports a runtime deprecation: calling method "pom.metrics.repository.oneWayCoupling.<init>()" from class "jdk.internal.reflect.DirectConstructorHandleAccessor"
[PROCESS OUT] Please do not instantiate metrics directly to allow efficient caching, use the methods of "pom.metrics.MetricsRepository" to obtain metric instances.
[PROCESS OUT] 20/11/2025 11:41:10.966 - [WARNING] - Error resolving method: app//org.apache.logging.log4j.core.LoggerContext$$Lambda/0x00000001260b74c0.apply(Unknown Source)
[PROCESS OUT] java.lang.ClassNotFoundException: org.apache.logging.log4j.core.LoggerContext$$Lambda/0x00000001260b74c0
[PROCESS OUT] 	at java.base/java.lang.Class.forName0(Native Method)
[PROCESS OUT] 	at java.base/java.lang.Class.forName(Class.java:467)
[PROCESS OUT] 	at java.base/java.lang.Class.forName(Class.java:458)
[PROCESS OUT] 	at ca.concordia.ptidej.spectra.Profile.MonitoringHandler.extractStats(MonitoringHandler.java:235)
[PROCESS OUT] 	at ca.concordia.ptidej.spectra.Profile.MonitoringHandler.run(MonitoringHandler.java:92)
[PROCESS OUT] 	at java.base/java.lang.Thread.run(Thread.java:1474)
[PROCESS OUT] 20/11/2025 11:41:10.969 - [WARNING] - Error resolving method: app//org.apache.logging.log4j.core.LoggerContext$$Lambda/0x00000001260b74c0.apply(Unknown Source)
[PROCESS OUT] java.lang.ClassNotFoundException: org.apache.logging.log4j.core.LoggerContext$$Lambda/0x00000001260b74c0
[PROCESS OUT] 	at java.base/java.lang.Class.forName0(Native Method)
[PROCESS OUT] 	at java.base/java.lang.Class.forName(Class.java:467)
[PROCESS OUT] 	at java.base/java.lang.Class.forName(Class.java:458)
[PROCESS OUT] 	at ca.concordia.ptidej.spectra.Profile.MonitoringHandler.extractStats(MonitoringHandler.java:235)
[PROCESS OUT] 	at ca.concordia.ptidej.spectra.Profile.MonitoringHandler.run(MonitoringHandler.java:92)
[PROCESS OUT] 	at java.base/java.lang.Thread.run(Thread.java:1474)
[PROCESS OUT] 20/11/2025 11:41:10.973 - [WARNING] - Error resolving method: app//org.apache.logging.log4j.core.LoggerContext$$Lambda/0x00000001260b74c0.apply(Unknown Source)
[PROCESS OUT] java.lang.ClassNotFoundException: org.apache.logging.log4j.core.LoggerContext$$Lambda/0x00000001260b74c0
[PROCESS OUT] 	at java.base/java.lang.Class.forName0(Native Method)
[PROCESS OUT] 	at java.base/java.lang.Class.forName(Class.java:467)
[PROCESS OUT] 	at java.base/java.lang.Class.forName(Class.java:458)
[PROCESS OUT] 	at ca.concordia.ptidej.spectra.Profile.MonitoringHandler.extractStats(MonitoringHandler.java:235)
[PROCESS OUT] 	at ca.concordia.ptidej.spectra.Profile.MonitoringHandler.run(MonitoringHandler.java:92)
[PROCESS OUT] 	at java.base/java.lang.Thread.run(Thread.java:1474)
[PROCESS OUT] 20/11/2025 11:41:10.974 - [WARNING] - Error resolving method: app//org.apache.logging.log4j.core.LoggerContext$$Lambda/0x00000001260b74c0.apply(Unknown Source)
[PROCESS OUT] java.lang.ClassNotFoundException: org.apache.logging.log4j.core.LoggerContext$$Lambda/0x00000001260b74c0
[PROCESS OUT] 	at java.base/java.lang.Class.forName0(Native Method)
[PROCESS OUT] 	at java.base/java.lang.Class.forName(Class.java:467)
[PROCESS OUT] 	at java.base/java.lang.Class.forName(Class.java:458)
[PROCESS OUT] 	at ca.concordia.ptidej.spectra.Profile.MonitoringHandler.extractStats(MonitoringHandler.java:235)
[PROCESS OUT] 	at ca.concordia.ptidej.spectra.Profile.MonitoringHandler.run(MonitoringHandler.java:92)
[PROCESS OUT] 	at java.base/java.lang.Thread.run(Thread.java:1474)
[PROCESS OUT] 20/11/2025 11:41:10.974 - [WARNING] - Error resolving method: app//org.apache.logging.log4j.core.LoggerContext$$Lambda/0x00000001260b74c0.apply(Unknown Source)
[PROCESS OUT] java.lang.ClassNotFoundException: org.apache.logging.log4j.core.LoggerContext$$Lambda/0x00000001260b74c0
[PROCESS OUT] 	at java.base/java.lang.Class.forName0(Native Method)
[PROCESS OUT] 	at java.base/java.lang.Class.forName(Class.java:467)
[PROCESS OUT] 	at java.base/java.lang.Class.forName(Class.java:458)
[PROCESS OUT] 	at ca.concordia.ptidej.spectra.Profile.MonitoringHandler.extractStats(MonitoringHandler.java:235)
[PROCESS OUT] 	at ca.concordia.ptidej.spectra.Profile.MonitoringHandler.run(MonitoringHandler.java:92)
[PROCESS OUT] 	at java.base/java.lang.Thread.run(Thread.java:1474)
[PROCESS OUT] 20/11/2025 11:41:10.975 - [WARNING] - Error resolving method: app//org.apache.logging.log4j.core.LoggerContext$$Lambda/0x00000001260b74c0.apply(Unknown Source)
[PROCESS OUT] java.lang.ClassNotFoundException: org.apache.logging.log4j.core.LoggerContext$$Lambda/0x00000001260b74c0
[PROCESS OUT] 	at java.base/java.lang.Class.forName0(Native Method)
[PROCESS OUT] 	at java.base/java.lang.Class.forName(Class.java:467)
[PROCESS OUT] 	at java.base/java.lang.Class.forName(Class.java:458)
[PROCESS OUT] 	at ca.concordia.ptidej.spectra.Profile.MonitoringHandler.extractStats(MonitoringHandler.java:235)
[PROCESS OUT] 	at ca.concordia.ptidej.spectra.Profile.MonitoringHandler.run(MonitoringHandler.java:92)
[PROCESS OUT] 	at java.base/java.lang.Thread.run(Thread.java:1474)
[PROCESS OUT] 20/11/2025 11:41:10.977 - [WARNING] - Error resolving method: app//org.apache.logging.log4j.core.LoggerContext$$Lambda/0x00000001260b74c0.apply(Unknown Source)
[PROCESS OUT] java.lang.ClassNotFoundException: org.apache.logging.log4j.core.LoggerContext$$Lambda/0x00000001260b74c0
[PROCESS OUT] 	at java.base/java.lang.Class.forName0(Native Method)
[PROCESS OUT] 	at java.base/java.lang.Class.forName(Class.java:467)
[PROCESS OUT] 	at java.base/java.lang.Class.forName(Class.java:458)
[PROCESS OUT] 	at ca.concordia.ptidej.spectra.Profile.MonitoringHandler.extractStats(MonitoringHandler.java:235)
[PROCESS OUT] 	at ca.concordia.ptidej.spectra.Profile.MonitoringHandler.run(MonitoringHandler.java:92)
[PROCESS OUT] 	at java.base/java.lang.Thread.run(Thread.java:1474)
[PROCESS OUT] 20/11/2025 11:41:10.979 - [WARNING] - Error resolving method: app//org.apache.logging.log4j.core.LoggerContext$$Lambda/0x00000001260b74c0.apply(Unknown Source)
[PROCESS OUT] java.lang.ClassNotFoundException: org.apache.logging.log4j.core.LoggerContext$$Lambda/0x00000001260b74c0
[PROCESS OUT] 	at java.base/java.lang.Class.forName0(Native Method)
[PROCESS OUT] 	at java.base/java.lang.Class.forName(Class.java:467)
[PROCESS OUT] 	at java.base/java.lang.Class.forName(Class.java:458)
[PROCESS OUT] 	at ca.concordia.ptidej.spectra.Profile.MonitoringHandler.extractStats(MonitoringHandler.java:235)
[PROCESS OUT] 	at ca.concordia.ptidej.spectra.Profile.MonitoringHandler.run(MonitoringHandler.java:92)
[PROCESS OUT] 	at java.base/java.lang.Thread.run(Thread.java:1474)
[PROCESS OUT] .....Loading class files in: ../POM/target/test-classes/java.lang.jar
[PROCESS OUT] 20/11/2025 11:41:10.988 - [WARNING] - Error resolving method: app//org.apache.logging.log4j.core.LoggerContext$$Lambda/0x00000001260b74c0.apply(Unknown Source)
[PROCESS OUT] java.lang.ClassNotFoundException: org.apache.logging.log4j.core.LoggerContext$$Lambda/0x00000001260b74c0
[PROCESS OUT] 	at java.base/java.lang.Class.forName0(Native Method)
[PROCESS OUT] 	at java.base/java.lang.Class.forName(Class.java:467)
[PROCESS OUT] 	at java.base/java.lang.Class.forName(Class.java:458)
[PROCESS OUT] 	at ca.concordia.ptidej.spectra.Profile.MonitoringHandler.extractStats(MonitoringHandler.java:235)
[PROCESS OUT] 	at ca.concordia.ptidej.spectra.Profile.MonitoringHandler.run(MonitoringHandler.java:92)
[PROCESS OUT] 	at java.base/java.lang.Thread.run(Thread.java:1474)
[PROCESS OUT] 20/11/2025 11:41:10.989 - [WARNING] - Error resolving method: app//org.apache.logging.log4j.core.LoggerContext$$Lambda/0x00000001260b74c0.apply(Unknown Source)
[PROCESS OUT] java.lang.ClassNotFoundException: org.apache.logging.log4j.core.LoggerContext$$Lambda/0x00000001260b74c0
[PROCESS OUT] 	at java.base/java.lang.Class.forName0(Native Method)
[PROCESS OUT] 	at java.base/java.lang.Class.forName(Class.java:467)
[PROCESS OUT] 	at java.base/java.lang.Class.forName(Class.java:458)
[PROCESS OUT] 	at ca.concordia.ptidej.spectra.Profile.MonitoringHandler.extractStats(MonitoringHandler.java:235)
[PROCESS OUT] 	at ca.concordia.ptidej.spectra.Profile.MonitoringHandler.run(MonitoringHandler.java:92)
[PROCESS OUT] 	at java.base/java.lang.Thread.run(Thread.java:1474)
[PROCESS OUT] 20/11/2025 11:41:10.989 - [WARNING] - Error resolving method: app//org.apache.logging.log4j.core.LoggerContext$$Lambda/0x00000001260b74c0.apply(Unknown Source)
[PROCESS OUT] java.lang.ClassNotFoundException: org.apache.logging.log4j.core.LoggerContext$$Lambda/0x00000001260b74c0
[PROCESS OUT] 	at java.base/java.lang.Class.forName0(Native Method)
[PROCESS OUT] 	at java.base/java.lang.Class.forName(Class.java:467)
[PROCESS OUT] 	at java.base/java.lang.Class.forName(Class.java:458)
[PROCESS OUT] 	at ca.concordia.ptidej.spectra.Profile.MonitoringHandler.extractStats(MonitoringHandler.java:235)
[PROCESS OUT] 	at ca.concordia.ptidej.spectra.Profile.MonitoringHandler.run(MonitoringHandler.java:92)
[PROCESS OUT] 	at java.base/java.lang.Thread.run(Thread.java:1474)
[PROCESS OUT] 20/11/2025 11:41:10.993 - [WARNING] - Error resolving method: app//org.apache.logging.log4j.core.LoggerContext$$Lambda/0x00000001260b74c0.apply(Unknown Source)
[PROCESS OUT] java.lang.ClassNotFoundException: org.apache.logging.log4j.core.LoggerContext$$Lambda/0x00000001260b74c0
[PROCESS OUT] 	at java.base/java.lang.Class.forName0(Native Method)
[PROCESS OUT] 	at java.base/java.lang.Class.forName(Class.java:467)
[PROCESS OUT] 	at java.base/java.lang.Class.forName(Class.java:458)
[PROCESS OUT] 	at ca.concordia.ptidej.spectra.Profile.MonitoringHandler.extractStats(MonitoringHandler.java:235)
[PROCESS OUT] 	at ca.concordia.ptidej.spectra.Profile.MonitoringHandler.run(MonitoringHandler.java:92)
[PROCESS OUT] 	at java.base/java.lang.Thread.run(Thread.java:1474)
[PROCESS OUT] 20/11/2025 11:41:10.994 - [WARNING] - Error resolving method: app//org.apache.logging.log4j.core.LoggerContext$$Lambda/0x00000001260b74c0.apply(Unknown Source)
[PROCESS OUT] java.lang.ClassNotFoundException: org.apache.logging.log4j.core.LoggerContext$$Lambda/0x00000001260b74c0
[PROCESS OUT] 	at java.base/java.lang.Class.forName0(Native Method)
[PROCESS OUT] 	at java.base/java.lang.Class.forName(Class.java:467)
[PROCESS OUT] 	at java.base/java.lang.Class.forName(Class.java:458)
[PROCESS OUT] 	at ca.concordia.ptidej.spectra.Profile.MonitoringHandler.extractStats(MonitoringHandler.java:235)
[PROCESS OUT] 	at ca.concordia.ptidej.spectra.Profile.MonitoringHandler.run(MonitoringHandler.java:92)
[PROCESS OUT] 	at java.base/java.lang.Thread.run(Thread.java:1474)
[PROCESS OUT] 20/11/2025 11:41:10.995 - [WARNING] - Error resolving method: app//org.apache.logging.log4j.core.LoggerContext$$Lambda/0x00000001260b74c0.apply(Unknown Source)
[PROCESS OUT] java.lang.ClassNotFoundException: org.apache.logging.log4j.core.LoggerContext$$Lambda/0x00000001260b74c0
[PROCESS OUT] 	at java.base/java.lang.Class.forName0(Native Method)
[PROCESS OUT] 	at java.base/java.lang.Class.forName(Class.java:467)
[PROCESS OUT] 	at java.base/java.lang.Class.forName(Class.java:458)
[PROCESS OUT] 	at ca.concordia.ptidej.spectra.Profile.MonitoringHandler.extractStats(MonitoringHandler.java:235)
[PROCESS OUT] 	at ca.concordia.ptidej.spectra.Profile.MonitoringHandler.run(MonitoringHandler.java:92)
[PROCESS OUT] 	at java.base/java.lang.Thread.run(Thread.java:1474)
[PROCESS OUT] 20/11/2025 11:41:10.996 - [WARNING] - Error resolving method: app//org.apache.logging.log4j.core.LoggerContext$$Lambda/0x00000001260b74c0.apply(Unknown Source)
[PROCESS OUT] java.lang.ClassNotFoundException: org.apache.logging.log4j.core.LoggerContext$$Lambda/0x00000001260b74c0
[PROCESS OUT] 	at java.base/java.lang.Class.forName0(Native Method)
[PROCESS OUT] 	at java.base/java.lang.Class.forName(Class.java:467)
[PROCESS OUT] 	at java.base/java.lang.Class.forName(Class.java:458)
[PROCESS OUT] 	at ca.concordia.ptidej.spectra.Profile.MonitoringHandler.extractStats(MonitoringHandler.java:235)
[PROCESS OUT] 	at ca.concordia.ptidej.spectra.Profile.MonitoringHandler.run(MonitoringHandler.java:92)
[PROCESS OUT] 	at java.base/java.lang.Thread.run(Thread.java:1474)
[PROCESS OUT] 20/11/2025 11:41:10.998 - [WARNING] - Error resolving method: app//org.apache.logging.log4j.core.LoggerContext$$Lambda/0x00000001260b74c0.apply(Unknown Source)
[PROCESS OUT] java.lang.ClassNotFoundException: org.apache.logging.log4j.core.LoggerContext$$Lambda/0x00000001260b74c0
[PROCESS OUT] 	at java.base/java.lang.Class.forName0(Native Method)
[PROCESS OUT] 	at java.base/java.lang.Class.forName(Class.java:467)
[PROCESS OUT] 	at java.base/java.lang.Class.forName(Class.java:458)
[PROCESS OUT] 	at ca.concordia.ptidej.spectra.Profile.MonitoringHandler.extractStats(MonitoringHandler.java:235)
[PROCESS OUT] 	at ca.concordia.ptidej.spectra.Profile.MonitoringHandler.run(MonitoringHandler.java:92)
[PROCESS OUT] 	at java.base/java.lang.Thread.run(Thread.java:1474)
[PROCESS OUT] 20/11/2025 11:41:11.003 - [WARNING] - Error resolving method: app//org.apache.logging.log4j.core.LoggerContext$$Lambda/0x00000001260b74c0.apply(Unknown Source)
[PROCESS OUT] java.lang.ClassNotFoundException: org.apache.logging.log4j.core.LoggerContext$$Lambda/0x00000001260b74c0
[PROCESS OUT] 	at java.base/java.lang.Class.forName0(Native Method)
[PROCESS OUT] 	at java.base/java.lang.Class.forName(Class.java:467)
[PROCESS OUT] 	at java.base/java.lang.Class.forName(Class.java:458)
[PROCESS OUT] 	at ca.concordia.ptidej.spectra.Profile.MonitoringHandler.extractStats(MonitoringHandler.java:235)
[PROCESS OUT] 	at ca.concordia.ptidej.spectra.Profile.MonitoringHandler.run(MonitoringHandler.java:92)
[PROCESS OUT] 	at java.base/java.lang.Thread.run(Thread.java:1474)
[PROCESS OUT] 20/11/2025 11:41:11.129 - [WARNING] - Error resolving method: java.management@25/java.lang.management.ManagementFactory$$Lambda/0x00000001260c3988.accept(Unknown Source)
[PROCESS OUT] java.lang.ClassNotFoundException: java.lang.management.ManagementFactory$$Lambda/0x00000001260c3988
[PROCESS OUT] 	at java.base/java.lang.Class.forName0(Native Method)
[PROCESS OUT] 	at java.base/java.lang.Class.forName(Class.java:467)
[PROCESS OUT] 	at java.base/java.lang.Class.forName(Class.java:458)
[PROCESS OUT] 	at ca.concordia.ptidej.spectra.Profile.MonitoringHandler.extractStats(MonitoringHandler.java:235)
[PROCESS OUT] 	at ca.concordia.ptidej.spectra.Profile.MonitoringHandler.run(MonitoringHandler.java:92)
[PROCESS OUT] 	at java.base/java.lang.Thread.run(Thread.java:1474)
[PROCESS OUT] 20/11/2025 11:41:11.164 - [WARNING] - Error resolving method: java.management@25/java.lang.management.ManagementFactory$$Lambda/0x00000001260c3988.accept(Unknown Source)
[PROCESS OUT] java.lang.ClassNotFoundException: java.lang.management.ManagementFactory$$Lambda/0x00000001260c3988
[PROCESS OUT] 	at java.base/java.lang.Class.forName0(Native Method)
[PROCESS OUT] 	at java.base/java.lang.Class.forName(Class.java:467)
[PROCESS OUT] 	at java.base/java.lang.Class.forName(Class.java:458)
[PROCESS OUT] 	at ca.concordia.ptidej.spectra.Profile.MonitoringHandler.extractStats(MonitoringHandler.java:235)
[PROCESS OUT] 	at ca.concordia.ptidej.spectra.Profile.MonitoringHandler.run(MonitoringHandler.java:92)
[PROCESS OUT] 	at java.base/java.lang.Thread.run(Thread.java:1474)
[PROCESS OUT] 20/11/2025 11:41:11.165 - [WARNING] - Error resolving method: java.management@25/java.lang.management.ManagementFactory$$Lambda/0x00000001260c3988.accept(Unknown Source)
[PROCESS OUT] java.lang.ClassNotFoundException: java.lang.management.ManagementFactory$$Lambda/0x00000001260c3988
[PROCESS OUT] 	at java.base/java.lang.Class.forName0(Native Method)
[PROCESS OUT] 	at java.base/java.lang.Class.forName(Class.java:467)
[PROCESS OUT] 	at java.base/java.lang.Class.forName(Class.java:458)
[PROCESS OUT] 	at ca.concordia.ptidej.spectra.Profile.MonitoringHandler.extractStats(MonitoringHandler.java:235)
[PROCESS OUT] 	at ca.concordia.ptidej.spectra.Profile.MonitoringHandler.run(MonitoringHandler.java:92)
[PROCESS OUT] 	at java.base/java.lang.Thread.run(Thread.java:1474)
[PROCESS OUT] 20/11/2025 11:41:11.166 - [WARNING] - Error resolving method: java.management@25/java.lang.management.ManagementFactory$$Lambda/0x00000001260c3988.accept(Unknown Source)
[PROCESS OUT] java.lang.ClassNotFoundException: java.lang.management.ManagementFactory$$Lambda/0x00000001260c3988
[PROCESS OUT] 	at java.base/java.lang.Class.forName0(Native Method)
[PROCESS OUT] 	at java.base/java.lang.Class.forName(Class.java:467)
[PROCESS OUT] 	at java.base/java.lang.Class.forName(Class.java:458)
[PROCESS OUT] 	at ca.concordia.ptidej.spectra.Profile.MonitoringHandler.extractStats(MonitoringHandler.java:235)
[PROCESS OUT] 	at ca.concordia.ptidej.spectra.Profile.MonitoringHandler.run(MonitoringHandler.java:92)
[PROCESS OUT] 	at java.base/java.lang.Thread.run(Thread.java:1474)
[PROCESS OUT] 20/11/2025 11:41:11.168 - [WARNING] - Error resolving method: java.management@25/java.lang.management.ManagementFactory$$Lambda/0x00000001260c3988.accept(Unknown Source)
[PROCESS OUT] java.lang.ClassNotFoundException: java.lang.management.ManagementFactory$$Lambda/0x00000001260c3988
[PROCESS OUT] 	at java.base/java.lang.Class.forName0(Native Method)
[PROCESS OUT] 	at java.base/java.lang.Class.forName(Class.java:467)
[PROCESS OUT] 	at java.base/java.lang.Class.forName(Class.java:458)
[PROCESS OUT] 	at ca.concordia.ptidej.spectra.Profile.MonitoringHandler.extractStats(MonitoringHandler.java:235)
[PROCESS OUT] 	at ca.concordia.ptidej.spectra.Profile.MonitoringHandler.run(MonitoringHandler.java:92)
[PROCESS OUT] 	at java.base/java.lang.Thread.run(Thread.java:1474)
[PROCESS OUT] 20/11/2025 11:41:11.170 - [WARNING] - Error resolving method: java.management@25/java.lang.management.ManagementFactory$$Lambda/0x00000001260c3988.accept(Unknown Source)
[PROCESS OUT] java.lang.ClassNotFoundException: java.lang.management.ManagementFactory$$Lambda/0x00000001260c3988
[PROCESS OUT] 	at java.base/java.lang.Class.forName0(Native Method)
[PROCESS OUT] 	at java.base/java.lang.Class.forName(Class.java:467)
[PROCESS OUT] 	at java.base/java.lang.Class.forName(Class.java:458)
[PROCESS OUT] 	at ca.concordia.ptidej.spectra.Profile.MonitoringHandler.extractStats(MonitoringHandler.java:235)
[PROCESS OUT] 	at ca.concordia.ptidej.spectra.Profile.MonitoringHandler.run(MonitoringHandler.java:92)
[PROCESS OUT] 	at java.base/java.lang.Thread.run(Thread.java:1474)
[PROCESS OUT] 20/11/2025 11:41:11.172 - [WARNING] - Error resolving method: java.management@25/java.lang.management.ManagementFactory$$Lambda/0x00000001260c3988.accept(Unknown Source)
[PROCESS OUT] java.lang.ClassNotFoundException: java.lang.management.ManagementFactory$$Lambda/0x00000001260c3988
[PROCESS OUT] 	at java.base/java.lang.Class.forName0(Native Method)
[PROCESS OUT] 	at java.base/java.lang.Class.forName(Class.java:467)
[PROCESS OUT] 	at java.base/java.lang.Class.forName(Class.java:458)
[PROCESS OUT] 	at ca.concordia.ptidej.spectra.Profile.MonitoringHandler.extractStats(MonitoringHandler.java:235)
[PROCESS OUT] 	at ca.concordia.ptidej.spectra.Profile.MonitoringHandler.run(MonitoringHandler.java:92)
[PROCESS OUT] 	at java.base/java.lang.Thread.run(Thread.java:1474)
[PROCESS OUT] 20/11/2025 11:41:11.173 - [WARNING] - Error resolving method: java.management@25/java.lang.management.ManagementFactory$$Lambda/0x00000001260c3988.accept(Unknown Source)
[PROCESS OUT] java.lang.ClassNotFoundException: java.lang.management.ManagementFactory$$Lambda/0x00000001260c3988
[PROCESS OUT] 	at java.base/java.lang.Class.forName0(Native Method)
[PROCESS OUT] 	at java.base/java.lang.Class.forName(Class.java:467)
[PROCESS OUT] 	at java.base/java.lang.Class.forName(Class.java:458)
[PROCESS OUT] 	at ca.concordia.ptidej.spectra.Profile.MonitoringHandler.extractStats(MonitoringHandler.java:235)
[PROCESS OUT] 	at ca.concordia.ptidej.spectra.Profile.MonitoringHandler.run(MonitoringHandler.java:92)
[PROCESS OUT] 	at java.base/java.lang.Thread.run(Thread.java:1474)
[PROCESS OUT] 20/11/2025 11:41:11.174 - [WARNING] - Error resolving method: java.management@25/java.lang.management.ManagementFactory$$Lambda/0x00000001260c3988.accept(Unknown Source)
[PROCESS OUT] java.lang.ClassNotFoundException: java.lang.management.ManagementFactory$$Lambda/0x00000001260c3988
[PROCESS OUT] 	at java.base/java.lang.Class.forName0(Native Method)
[PROCESS OUT] 	at java.base/java.lang.Class.forName(Class.java:467)
[PROCESS OUT] 	at java.base/java.lang.Class.forName(Class.java:458)
[PROCESS OUT] 	at ca.concordia.ptidej.spectra.Profile.MonitoringHandler.extractStats(MonitoringHandler.java:235)
[PROCESS OUT] 	at ca.concordia.ptidej.spectra.Profile.MonitoringHandler.run(MonitoringHandler.java:92)
[PROCESS OUT] 	at java.base/java.lang.Thread.run(Thread.java:1474)
[PROCESS OUT] 20/11/2025 11:41:11.175 - [WARNING] - Error resolving method: java.management@25/java.lang.management.ManagementFactory$$Lambda/0x00000001260c3988.accept(Unknown Source)
[PROCESS OUT] java.lang.ClassNotFoundException: java.lang.management.ManagementFactory$$Lambda/0x00000001260c3988
[PROCESS OUT] 	at java.base/java.lang.Class.forName0(Native Method)
[PROCESS OUT] 	at java.base/java.lang.Class.forName(Class.java:467)
[PROCESS OUT] 	at java.base/java.lang.Class.forName(Class.java:458)
[PROCESS OUT] 	at ca.concordia.ptidej.spectra.Profile.MonitoringHandler.extractStats(MonitoringHandler.java:235)
[PROCESS OUT] 	at ca.concordia.ptidej.spectra.Profile.MonitoringHandler.run(MonitoringHandler.java:92)
[PROCESS OUT] 	at java.base/java.lang.Thread.run(Thread.java:1474)
[PROCESS OUT] 20/11/2025 11:41:11.176 - [WARNING] - Error resolving method: java.management@25/java.lang.management.ManagementFactory$$Lambda/0x00000001260c3988.accept(Unknown Source)
[PROCESS OUT] java.lang.ClassNotFoundException: java.lang.management.ManagementFactory$$Lambda/0x00000001260c3988
[PROCESS OUT] 	at java.base/java.lang.Class.forName0(Native Method)
[PROCESS OUT] 	at java.base/java.lang.Class.forName(Class.java:467)
[PROCESS OUT] 	at java.base/java.lang.Class.forName(Class.java:458)
[PROCESS OUT] 	at ca.concordia.ptidej.spectra.Profile.MonitoringHandler.extractStats(MonitoringHandler.java:235)
[PROCESS OUT] 	at ca.concordia.ptidej.spectra.Profile.MonitoringHandler.run(MonitoringHandler.java:92)
[PROCESS OUT] 	at java.base/java.lang.Thread.run(Thread.java:1474)
[PROCESS OUT] 20/11/2025 11:41:11.179 - [WARNING] - Error resolving method: java.management@25/java.lang.management.ManagementFactory$$Lambda/0x00000001260c3988.accept(Unknown Source)
[PROCESS OUT] java.lang.ClassNotFoundException: java.lang.management.ManagementFactory$$Lambda/0x00000001260c3988
[PROCESS OUT] 	at java.base/java.lang.Class.forName0(Native Method)
[PROCESS OUT] 	at java.base/java.lang.Class.forName(Class.java:467)
[PROCESS OUT] 	at java.base/java.lang.Class.forName(Class.java:458)
[PROCESS OUT] 	at ca.concordia.ptidej.spectra.Profile.MonitoringHandler.extractStats(MonitoringHandler.java:235)
[PROCESS OUT] 	at ca.concordia.ptidej.spectra.Profile.MonitoringHandler.run(MonitoringHandler.java:92)
[PROCESS OUT] 	at java.base/java.lang.Thread.run(Thread.java:1474)
[PROCESS OUT] 20/11/2025 11:41:11.180 - [WARNING] - Error resolving method: java.management@25/java.lang.management.ManagementFactory$$Lambda/0x00000001260c3988.accept(Unknown Source)
[PROCESS OUT] java.lang.ClassNotFoundException: java.lang.management.ManagementFactory$$Lambda/0x00000001260c3988
[PROCESS OUT] 	at java.base/java.lang.Class.forName0(Native Method)
[PROCESS OUT] 	at java.base/java.lang.Class.forName(Class.java:467)
[PROCESS OUT] 	at java.base/java.lang.Class.forName(Class.java:458)
[PROCESS OUT] 	at ca.concordia.ptidej.spectra.Profile.MonitoringHandler.extractStats(MonitoringHandler.java:235)
[PROCESS OUT] 	at ca.concordia.ptidej.spectra.Profile.MonitoringHandler.run(MonitoringHandler.java:92)
[PROCESS OUT] 	at java.base/java.lang.Thread.run(Thread.java:1474)
[PROCESS OUT] 20/11/2025 11:41:11.181 - [WARNING] - Error resolving method: java.management@25/java.lang.management.ManagementFactory$$Lambda/0x00000001260c3988.accept(Unknown Source)
[PROCESS OUT] java.lang.ClassNotFoundException: java.lang.management.ManagementFactory$$Lambda/0x00000001260c3988
[PROCESS OUT] 	at java.base/java.lang.Class.forName0(Native Method)
[PROCESS OUT] 	at java.base/java.lang.Class.forName(Class.java:467)
[PROCESS OUT] 	at java.base/java.lang.Class.forName(Class.java:458)
[PROCESS OUT] 	at ca.concordia.ptidej.spectra.Profile.MonitoringHandler.extractStats(MonitoringHandler.java:235)
[PROCESS OUT] 	at ca.concordia.ptidej.spectra.Profile.MonitoringHandler.run(MonitoringHandler.java:92)
[PROCESS OUT] 	at java.base/java.lang.Thread.run(Thread.java:1474)
[PROCESS OUT] 20/11/2025 11:41:11.183 - [WARNING] - Error resolving method: java.management@25/java.lang.management.ManagementFactory$$Lambda/0x00000001260c3988.accept(Unknown Source)
[PROCESS OUT] java.lang.ClassNotFoundException: java.lang.management.ManagementFactory$$Lambda/0x00000001260c3988
[PROCESS OUT] 	at java.base/java.lang.Class.forName0(Native Method)
[PROCESS OUT] 	at java.base/java.lang.Class.forName(Class.java:467)
[PROCESS OUT] 	at java.base/java.lang.Class.forName(Class.java:458)
[PROCESS OUT] 	at ca.concordia.ptidej.spectra.Profile.MonitoringHandler.extractStats(MonitoringHandler.java:235)
[PROCESS OUT] 	at ca.concordia.ptidej.spectra.Profile.MonitoringHandler.run(MonitoringHandler.java:92)
[PROCESS OUT] 	at java.base/java.lang.Thread.run(Thread.java:1474)
[PROCESS OUT] 20/11/2025 11:41:11.184 - [WARNING] - Error resolving method: java.management@25/java.lang.management.ManagementFactory$$Lambda/0x00000001260c3988.accept(Unknown Source)
[PROCESS OUT] java.lang.ClassNotFoundException: java.lang.management.ManagementFactory$$Lambda/0x00000001260c3988
[PROCESS OUT] 	at java.base/java.lang.Class.forName0(Native Method)
[PROCESS OUT] 	at java.base/java.lang.Class.forName(Class.java:467)
[PROCESS OUT] 	at java.base/java.lang.Class.forName(Class.java:458)
[PROCESS OUT] 	at ca.concordia.ptidej.spectra.Profile.MonitoringHandler.extractStats(MonitoringHandler.java:235)
[PROCESS OUT] 	at ca.concordia.ptidej.spectra.Profile.MonitoringHandler.run(MonitoringHandler.java:92)
[PROCESS OUT] 	at java.base/java.lang.Thread.run(Thread.java:1474)
[PROCESS OUT] 20/11/2025 11:41:11.184 - [WARNING] - Error resolving method: java.management@25/java.lang.management.ManagementFactory$$Lambda/0x00000001260c3740.apply(Unknown Source)
[PROCESS OUT] java.lang.ClassNotFoundException: java.lang.management.ManagementFactory$$Lambda/0x00000001260c3740
[PROCESS OUT] 	at java.base/java.lang.Class.forName0(Native Method)
[PROCESS OUT] 	at java.base/java.lang.Class.forName(Class.java:467)
[PROCESS OUT] 	at java.base/java.lang.Class.forName(Class.java:458)
[PROCESS OUT] 	at ca.concordia.ptidej.spectra.Profile.MonitoringHandler.extractStats(MonitoringHandler.java:235)
[PROCESS OUT] 	at ca.concordia.ptidej.spectra.Profile.MonitoringHandler.run(MonitoringHandler.java:92)
[PROCESS OUT] 	at java.base/java.lang.Thread.run(Thread.java:1474)
[PROCESS OUT] 20/11/2025 11:41:11.186 - [WARNING] - Error resolving method: java.management@25/java.lang.management.ManagementFactory$$Lambda/0x00000001260c3740.apply(Unknown Source)
[PROCESS OUT] java.lang.ClassNotFoundException: java.lang.management.ManagementFactory$$Lambda/0x00000001260c3740
[PROCESS OUT] 	at java.base/java.lang.Class.forName0(Native Method)
[PROCESS OUT] 	at java.base/java.lang.Class.forName(Class.java:467)
[PROCESS OUT] 	at java.base/java.lang.Class.forName(Class.java:458)
[PROCESS OUT] 	at ca.concordia.ptidej.spectra.Profile.MonitoringHandler.extractStats(MonitoringHandler.java:235)
[PROCESS OUT] 	at ca.concordia.ptidej.spectra.Profile.MonitoringHandler.run(MonitoringHandler.java:92)
[PROCESS OUT] 	at java.base/java.lang.Thread.run(Thread.java:1474)
[PROCESS OUT] 20/11/2025 11:41:11.187 - [WARNING] - Error resolving method: java.management@25/java.lang.management.ManagementFactory$$Lambda/0x00000001260c3740.apply(Unknown Source)
[PROCESS OUT] java.lang.ClassNotFoundException: java.lang.management.ManagementFactory$$Lambda/0x00000001260c3740
[PROCESS OUT] 	at java.base/java.lang.Class.forName0(Native Method)
[PROCESS OUT] 	at java.base/java.lang.Class.forName(Class.java:467)
[PROCESS OUT] 	at java.base/java.lang.Class.forName(Class.java:458)
[PROCESS OUT] 	at ca.concordia.ptidej.spectra.Profile.MonitoringHandler.extractStats(MonitoringHandler.java:235)
[PROCESS OUT] 	at ca.concordia.ptidej.spectra.Profile.MonitoringHandler.run(MonitoringHandler.java:92)
[PROCESS OUT] 	at java.base/java.lang.Thread.run(Thread.java:1474)
[PROCESS OUT] 20/11/2025 11:41:11.188 - [WARNING] - Error resolving method: java.management@25/java.lang.management.ManagementFactory$$Lambda/0x00000001260c3740.apply(Unknown Source)
[PROCESS OUT] java.lang.ClassNotFoundException: java.lang.management.ManagementFactory$$Lambda/0x00000001260c3740
[PROCESS OUT] 	at java.base/java.lang.Class.forName0(Native Method)
[PROCESS OUT] 	at java.base/java.lang.Class.forName(Class.java:467)
[PROCESS OUT] 	at java.base/java.lang.Class.forName(Class.java:458)
[PROCESS OUT] 	at ca.concordia.ptidej.spectra.Profile.MonitoringHandler.extractStats(MonitoringHandler.java:235)
[PROCESS OUT] 	at ca.concordia.ptidej.spectra.Profile.MonitoringHandler.run(MonitoringHandler.java:92)
[PROCESS OUT] 	at java.base/java.lang.Thread.run(Thread.java:1474)
[PROCESS OUT] 20/11/2025 11:41:11.189 - [WARNING] - Error resolving method: java.management@25/java.lang.management.ManagementFactory$$Lambda/0x00000001260c3740.apply(Unknown Source)
[PROCESS OUT] java.lang.ClassNotFoundException: java.lang.management.ManagementFactory$$Lambda/0x00000001260c3740
[PROCESS OUT] 	at java.base/java.lang.Class.forName0(Native Method)
[PROCESS OUT] 	at java.base/java.lang.Class.forName(Class.java:467)
[PROCESS OUT] 	at java.base/java.lang.Class.forName(Class.java:458)
[PROCESS OUT] 	at ca.concordia.ptidej.spectra.Profile.MonitoringHandler.extractStats(MonitoringHandler.java:235)
[PROCESS OUT] 	at ca.concordia.ptidej.spectra.Profile.MonitoringHandler.run(MonitoringHandler.java:92)
[PROCESS OUT] 	at java.base/java.lang.Thread.run(Thread.java:1474)
[PROCESS OUT] 20/11/2025 11:41:11.191 - [WARNING] - Error resolving method: java.management@25/java.lang.management.DefaultPlatformMBeanProvider$5$$Lambda/0x00000001260ce9d0.test(Unknown Source)
[PROCESS OUT] java.lang.ClassNotFoundException: java.lang.management.DefaultPlatformMBeanProvider$5$$Lambda/0x00000001260ce9d0
[PROCESS OUT] 	at java.base/java.lang.Class.forName0(Native Method)
[PROCESS OUT] 	at java.base/java.lang.Class.forName(Class.java:467)
[PROCESS OUT] 	at java.base/java.lang.Class.forName(Class.java:458)
[PROCESS OUT] 	at ca.concordia.ptidej.spectra.Profile.MonitoringHandler.extractStats(MonitoringHandler.java:235)
[PROCESS OUT] 	at ca.concordia.ptidej.spectra.Profile.MonitoringHandler.run(MonitoringHandler.java:92)
[PROCESS OUT] 	at java.base/java.lang.Thread.run(Thread.java:1474)
[PROCESS OUT] 20/11/2025 11:41:11.191 - [WARNING] - Error resolving method: java.management@25/java.lang.management.ManagementFactory$$Lambda/0x00000001260c3740.apply(Unknown Source)
[PROCESS OUT] java.lang.ClassNotFoundException: java.lang.management.ManagementFactory$$Lambda/0x00000001260c3740
[PROCESS OUT] 	at java.base/java.lang.Class.forName0(Native Method)
[PROCESS OUT] 	at java.base/java.lang.Class.forName(Class.java:467)
[PROCESS OUT] 	at java.base/java.lang.Class.forName(Class.java:458)
[PROCESS OUT] 	at ca.concordia.ptidej.spectra.Profile.MonitoringHandler.extractStats(MonitoringHandler.java:235)
[PROCESS OUT] 	at ca.concordia.ptidej.spectra.Profile.MonitoringHandler.run(MonitoringHandler.java:92)
[PROCESS OUT] 	at java.base/java.lang.Thread.run(Thread.java:1474)
[PROCESS OUT] 20/11/2025 11:41:11.198 - [WARNING] - Error resolving method: java.management@25/java.lang.management.ManagementFactory$$Lambda/0x00000001260c3988.accept(Unknown Source)
[PROCESS OUT] java.lang.ClassNotFoundException: java.lang.management.ManagementFactory$$Lambda/0x00000001260c3988
[PROCESS OUT] 	at java.base/java.lang.Class.forName0(Native Method)
[PROCESS OUT] 	at java.base/java.lang.Class.forName(Class.java:467)
[PROCESS OUT] 	at java.base/java.lang.Class.forName(Class.java:458)
[PROCESS OUT] 	at ca.concordia.ptidej.spectra.Profile.MonitoringHandler.extractStats(MonitoringHandler.java:235)
[PROCESS OUT] 	at ca.concordia.ptidej.spectra.Profile.MonitoringHandler.run(MonitoringHandler.java:92)
[PROCESS OUT] 	at java.base/java.lang.Thread.run(Thread.java:1474)
[PROCESS OUT] 20/11/2025 11:41:11.204 - [WARNING] - Error resolving method: java.management@25/java.lang.management.ManagementFactory$$Lambda/0x00000001260c3740.apply(Unknown Source)
[PROCESS OUT] java.lang.ClassNotFoundException: java.lang.management.ManagementFactory$$Lambda/0x00000001260c3740
[PROCESS OUT] 	at java.base/java.lang.Class.forName0(Native Method)
[PROCESS OUT] 	at java.base/java.lang.Class.forName(Class.java:467)
[PROCESS OUT] 	at java.base/java.lang.Class.forName(Class.java:458)
[PROCESS OUT] 	at ca.concordia.ptidej.spectra.Profile.MonitoringHandler.extractStats(MonitoringHandler.java:235)
[PROCESS OUT] 	at ca.concordia.ptidej.spectra.Profile.MonitoringHandler.run(MonitoringHandler.java:92)
[PROCESS OUT] 	at java.base/java.lang.Thread.run(Thread.java:1474)
[PROCESS OUT] 20/11/2025 11:41:11.206 - [WARNING] - Error resolving method: java.management@25/java.lang.management.ManagementFactory$$Lambda/0x00000001260c3988.accept(Unknown Source)
[PROCESS OUT] java.lang.ClassNotFoundException: java.lang.management.ManagementFactory$$Lambda/0x00000001260c3988
[PROCESS OUT] 	at java.base/java.lang.Class.forName0(Native Method)
[PROCESS OUT] 	at java.base/java.lang.Class.forName(Class.java:467)
[PROCESS OUT] 	at java.base/java.lang.Class.forName(Class.java:458)
[PROCESS OUT] 	at ca.concordia.ptidej.spectra.Profile.MonitoringHandler.extractStats(MonitoringHandler.java:235)
[PROCESS OUT] 	at ca.concordia.ptidej.spectra.Profile.MonitoringHandler.run(MonitoringHandler.java:92)
[PROCESS OUT] 	at java.base/java.lang.Thread.run(Thread.java:1474)
[PROCESS OUT] 20/11/2025 11:41:11.208 - [WARNING] - Error resolving method: java.management@25/java.lang.management.ManagementFactory$$Lambda/0x00000001260c3988.accept(Unknown Source)
[PROCESS OUT] java.lang.ClassNotFoundException: java.lang.management.ManagementFactory$$Lambda/0x00000001260c3988
[PROCESS OUT] 	at java.base/java.lang.Class.forName0(Native Method)
[PROCESS OUT] 	at java.base/java.lang.Class.forName(Class.java:467)
[PROCESS OUT] 	at java.base/java.lang.Class.forName(Class.java:458)
[PROCESS OUT] 	at ca.concordia.ptidej.spectra.Profile.MonitoringHandler.extractStats(MonitoringHandler.java:235)
[PROCESS OUT] 	at ca.concordia.ptidej.spectra.Profile.MonitoringHandler.run(MonitoringHandler.java:92)
[PROCESS OUT] 	at java.base/java.lang.Thread.run(Thread.java:1474)
[PROCESS OUT] 20/11/2025 11:41:11.209 - [WARNING] - Error resolving method: java.management@25/java.lang.management.ManagementFactory$$Lambda/0x00000001260c3988.accept(Unknown Source)
[PROCESS OUT] java.lang.ClassNotFoundException: java.lang.management.ManagementFactory$$Lambda/0x00000001260c3988
[PROCESS OUT] 	at java.base/java.lang.Class.forName0(Native Method)
[PROCESS OUT] 	at java.base/java.lang.Class.forName(Class.java:467)
[PROCESS OUT] 	at java.base/java.lang.Class.forName(Class.java:458)
[PROCESS OUT] 	at ca.concordia.ptidej.spectra.Profile.MonitoringHandler.extractStats(MonitoringHandler.java:235)
[PROCESS OUT] 	at ca.concordia.ptidej.spectra.Profile.MonitoringHandler.run(MonitoringHandler.java:92)
[PROCESS OUT] 	at java.base/java.lang.Thread.run(Thread.java:1474)
[PROCESS OUT] 20/11/2025 11:41:11.210 - [WARNING] - Error resolving method: java.management@25/java.lang.management.ManagementFactory$$Lambda/0x00000001260c3988.accept(Unknown Source)
[PROCESS OUT] java.lang.ClassNotFoundException: java.lang.management.ManagementFactory$$Lambda/0x00000001260c3988
[PROCESS OUT] 	at java.base/java.lang.Class.forName0(Native Method)
[PROCESS OUT] 	at java.base/java.lang.Class.forName(Class.java:467)
[PROCESS OUT] 	at java.base/java.lang.Class.forName(Class.java:458)
[PROCESS OUT] 	at ca.concordia.ptidej.spectra.Profile.MonitoringHandler.extractStats(MonitoringHandler.java:235)
[PROCESS OUT] 	at ca.concordia.ptidej.spectra.Profile.MonitoringHandler.run(MonitoringHandler.java:92)
[PROCESS OUT] 	at java.base/java.lang.Thread.run(Thread.java:1474)
[PROCESS OUT] util.lang.ConcreteReceiverGuard reports a runtime deprecation: calling method "padl.kernel.impl.CodeLevelModel.create()" from class "pom.test.classfile.general.TestClassPrimitives"
[PROCESS OUT] Please use the methods in "padl.generator.helper.ModelGenerator" to obtain code-level models.
[PROCESS OUT] 20/11/2025 11:41:11.213 - [WARNING] - Error resolving method: java.management@25/java.lang.management.ManagementFactory$$Lambda/0x00000001260c3988.accept(Unknown Source)
[PROCESS OUT] java.lang.ClassNotFoundException: java.lang.management.ManagementFactory$$Lambda/0x00000001260c3988
[PROCESS OUT] 	at java.base/java.lang.Class.forName0(Native Method)
[PROCESS OUT] 	at java.base/java.lang.Class.forName(Class.java:467)
[PROCESS OUT] 	at java.base/java.lang.Class.forName(Class.java:458)
[PROCESS OUT] 	at ca.concordia.ptidej.spectra.Profile.MonitoringHandler.extractStats(MonitoringHandler.java:235)
[PROCESS OUT] 	at ca.concordia.ptidej.spectra.Profile.MonitoringHandler.run(MonitoringHandler.java:92)
[PROCESS OUT] 	at java.base/java.lang.Thread.run(Thread.java:1474)
[PROCESS OUT] 20/11/2025 11:41:11.215 - [WARNING] - Error resolving method: java.management@25/java.lang.management.ManagementFactory$$Lambda/0x00000001260c3988.accept(Unknown Source)
[PROCESS OUT] java.lang.ClassNotFoundException: java.lang.management.ManagementFactory$$Lambda/0x00000001260c3988
[PROCESS OUT] 	at java.base/java.lang.Class.forName0(Native Method)
[PROCESS OUT] 	at java.base/java.lang.Class.forName(Class.java:467)
[PROCESS OUT] 	at java.base/java.lang.Class.forName(Class.java:458)
[PROCESS OUT] 	at ca.concordia.ptidej.spectra.Profile.MonitoringHandler.extractStats(MonitoringHandler.java:235)
[PROCESS OUT] 	at ca.concordia.ptidej.spectra.Profile.MonitoringHandler.run(MonitoringHandler.java:92)
[PROCESS OUT] 	at java.base/java.lang.Thread.run(Thread.java:1474)
[PROCESS OUT] 20/11/2025 11:41:11.217 - [WARNING] - Error resolving method: java.management@25/java.lang.management.ManagementFactory$$Lambda/0x00000001260c3740.apply(Unknown Source)
[PROCESS OUT] java.lang.ClassNotFoundException: java.lang.management.ManagementFactory$$Lambda/0x00000001260c3740
[PROCESS OUT] 	at java.base/java.lang.Class.forName0(Native Method)
[PROCESS OUT] 	at java.base/java.lang.Class.forName(Class.java:467)
[PROCESS OUT] 	at java.base/java.lang.Class.forName(Class.java:458)
[PROCESS OUT] 	at ca.concordia.ptidej.spectra.Profile.MonitoringHandler.extractStats(MonitoringHandler.java:235)
[PROCESS OUT] 	at ca.concordia.ptidej.spectra.Profile.MonitoringHandler.run(MonitoringHandler.java:92)
[PROCESS OUT] 	at java.base/java.lang.Thread.run(Thread.java:1474)
[PROCESS OUT] 20/11/2025 11:41:11.218 - [WARNING] - Error resolving method: java.management@25/java.lang.management.ManagementFactory$$Lambda/0x00000001260c3988.accept(Unknown Source)
[PROCESS OUT] java.lang.ClassNotFoundException: java.lang.management.ManagementFactory$$Lambda/0x00000001260c3988
[PROCESS OUT] 	at java.base/java.lang.Class.forName0(Native Method)
[PROCESS OUT] 	at java.base/java.lang.Class.forName(Class.java:467)
[PROCESS OUT] 	at java.base/java.lang.Class.forName(Class.java:458)
[PROCESS OUT] 	at ca.concordia.ptidej.spectra.Profile.MonitoringHandler.extractStats(MonitoringHandler.java:235)
[PROCESS OUT] 	at ca.concordia.ptidej.spectra.Profile.MonitoringHandler.run(MonitoringHandler.java:92)
[PROCESS OUT] 	at java.base/java.lang.Thread.run(Thread.java:1474)
[PROCESS OUT] 20/11/2025 11:41:11.220 - [WARNING] - Error resolving method: java.management@25/java.lang.management.ManagementFactory$$Lambda/0x00000001260c3988.accept(Unknown Source)
[PROCESS OUT] java.lang.ClassNotFoundException: java.lang.management.ManagementFactory$$Lambda/0x00000001260c3988
[PROCESS OUT] 	at java.base/java.lang.Class.forName0(Native Method)
[PROCESS OUT] 	at java.base/java.lang.Class.forName(Class.java:467)
[PROCESS OUT] 	at java.base/java.lang.Class.forName(Class.java:458)
[PROCESS OUT] 	at ca.concordia.ptidej.spectra.Profile.MonitoringHandler.extractStats(MonitoringHandler.java:235)
[PROCESS OUT] 	at ca.concordia.ptidej.spectra.Profile.MonitoringHandler.run(MonitoringHandler.java:92)
[PROCESS OUT] 	at java.base/java.lang.Thread.run(Thread.java:1474)
[PROCESS OUT] 20/11/2025 11:41:11.221 - [WARNING] - Error resolving method: java.management@25/java.lang.management.ManagementFactory$$Lambda/0x00000001260c3988.accept(Unknown Source)
[PROCESS OUT] java.lang.ClassNotFoundException: java.lang.management.ManagementFactory$$Lambda/0x00000001260c3988
[PROCESS OUT] 	at java.base/java.lang.Class.forName0(Native Method)
[PROCESS OUT] 	at java.base/java.lang.Class.forName(Class.java:467)
[PROCESS OUT] 	at java.base/java.lang.Class.forName(Class.java:458)
[PROCESS OUT] 	at ca.concordia.ptidej.spectra.Profile.MonitoringHandler.extractStats(MonitoringHandler.java:235)
[PROCESS OUT] 	at ca.concordia.ptidej.spectra.Profile.MonitoringHandler.run(MonitoringHandler.java:92)
[PROCESS OUT] 	at java.base/java.lang.Thread.run(Thread.java:1474)
[PROCESS OUT] 20/11/2025 11:41:11.222 - [WARNING] - Error resolving method: java.management@25/java.lang.management.ManagementFactory$$Lambda/0x00000001260c3988.accept(Unknown Source)
[PROCESS OUT] java.lang.ClassNotFoundException: java.lang.management.ManagementFactory$$Lambda/0x00000001260c3988
[PROCESS OUT] 	at java.base/java.lang.Class.forName0(Native Method)
[PROCESS OUT] 	at java.base/java.lang.Class.forName(Class.java:467)
[PROCESS OUT] 	at java.base/java.lang.Class.forName(Class.java:458)
[PROCESS OUT] 	at ca.concordia.ptidej.spectra.Profile.MonitoringHandler.extractStats(MonitoringHandler.java:235)
[PROCESS OUT] 	at ca.concordia.ptidej.spectra.Profile.MonitoringHandler.run(MonitoringHandler.java:92)
[PROCESS OUT] 	at java.base/java.lang.Thread.run(Thread.java:1474)
[PROCESS OUT] 20/11/2025 11:41:11.223 - [WARNING] - Error resolving method: java.management@25/java.lang.management.ManagementFactory$$Lambda/0x00000001260c3988.accept(Unknown Source)
[PROCESS OUT] java.lang.ClassNotFoundException: java.lang.management.ManagementFactory$$Lambda/0x00000001260c3988
[PROCESS OUT] 	at java.base/java.lang.Class.forName0(Native Method)
[PROCESS OUT] 	at java.base/java.lang.Class.forName(Class.java:467)
[PROCESS OUT] 	at java.base/java.lang.Class.forName(Class.java:458)
[PROCESS OUT] 	at ca.concordia.ptidej.spectra.Profile.MonitoringHandler.extractStats(MonitoringHandler.java:235)
[PROCESS OUT] 	at ca.concordia.ptidej.spectra.Profile.MonitoringHandler.run(MonitoringHandler.java:92)
[PROCESS OUT] 	at java.base/java.lang.Thread.run(Thread.java:1474)
[PROCESS OUT] 20/11/2025 11:41:11.224 - [WARNING] - Error resolving method: java.management@25/java.lang.management.ManagementFactory$$Lambda/0x00000001260c3988.accept(Unknown Source)
[PROCESS OUT] java.lang.ClassNotFoundException: java.lang.management.ManagementFactory$$Lambda/0x00000001260c3988
[PROCESS OUT] 	at java.base/java.lang.Class.forName0(Native Method)
[PROCESS OUT] 	at java.base/java.lang.Class.forName(Class.java:467)
[PROCESS OUT] 	at java.base/java.lang.Class.forName(Class.java:458)
[PROCESS OUT] 	at ca.concordia.ptidej.spectra.Profile.MonitoringHandler.extractStats(MonitoringHandler.java:235)
[PROCESS OUT] 	at ca.concordia.ptidej.spectra.Profile.MonitoringHandler.run(MonitoringHandler.java:92)
[PROCESS OUT] 	at java.base/java.lang.Thread.run(Thread.java:1474)
[PROCESS OUT] 20/11/2025 11:41:11.225 - [WARNING] - Error resolving method: java.management@25/java.lang.management.ManagementFactory$$Lambda/0x00000001260c3988.accept(Unknown Source)
[PROCESS OUT] java.lang.ClassNotFoundException: java.lang.management.ManagementFactory$$Lambda/0x00000001260c3988
[PROCESS OUT] 	at java.base/java.lang.Class.forName0(Native Method)
[PROCESS OUT] 	at java.base/java.lang.Class.forName(Class.java:467)
[PROCESS OUT] 	at java.base/java.lang.Class.forName(Class.java:458)
[PROCESS OUT] 	at ca.concordia.ptidej.spectra.Profile.MonitoringHandler.extractStats(MonitoringHandler.java:235)
[PROCESS OUT] 	at ca.concordia.ptidej.spectra.Profile.MonitoringHandler.run(MonitoringHandler.java:92)
[PROCESS OUT] 	at java.base/java.lang.Thread.run(Thread.java:1474)
[PROCESS OUT] 20/11/2025 11:41:11.226 - [WARNING] - Error resolving method: java.management@25/java.lang.management.ManagementFactory$$Lambda/0x00000001260c3988.accept(Unknown Source)
[PROCESS OUT] java.lang.ClassNotFoundException: java.lang.management.ManagementFactory$$Lambda/0x00000001260c3988
[PROCESS OUT] 	at java.base/java.lang.Class.forName0(Native Method)
[PROCESS OUT] 	at java.base/java.lang.Class.forName(Class.java:467)
[PROCESS OUT] 	at java.base/java.lang.Class.forName(Class.java:458)
[PROCESS OUT] 	at ca.concordia.ptidej.spectra.Profile.MonitoringHandler.extractStats(MonitoringHandler.java:235)
[PROCESS OUT] 	at ca.concordia.ptidej.spectra.Profile.MonitoringHandler.run(MonitoringHandler.java:92)
[PROCESS OUT] 	at java.base/java.lang.Thread.run(Thread.java:1474)
[PROCESS OUT] 20/11/2025 11:41:11.228 - [WARNING] - Error resolving method: java.management@25/java.lang.management.ManagementFactory$$Lambda/0x00000001260c3988.accept(Unknown Source)
[PROCESS OUT] java.lang.ClassNotFoundException: java.lang.management.ManagementFactory$$Lambda/0x00000001260c3988
[PROCESS OUT] 	at java.base/java.lang.Class.forName0(Native Method)
[PROCESS OUT] 	at java.base/java.lang.Class.forName(Class.java:467)
[PROCESS OUT] 	at java.base/java.lang.Class.forName(Class.java:458)
[PROCESS OUT] 	at ca.concordia.ptidej.spectra.Profile.MonitoringHandler.extractStats(MonitoringHandler.java:235)
[PROCESS OUT] 	at ca.concordia.ptidej.spectra.Profile.MonitoringHandler.run(MonitoringHandler.java:92)
[PROCESS OUT] 	at java.base/java.lang.Thread.run(Thread.java:1474)
[PROCESS OUT] 20/11/2025 11:41:11.229 - [WARNING] - Error resolving method: java.management@25/java.lang.management.ManagementFactory$$Lambda/0x00000001260c3988.accept(Unknown Source)
[PROCESS OUT] java.lang.ClassNotFoundException: java.lang.management.ManagementFactory$$Lambda/0x00000001260c3988
[PROCESS OUT] 	at java.base/java.lang.Class.forName0(Native Method)
[PROCESS OUT] 	at java.base/java.lang.Class.forName(Class.java:467)
[PROCESS OUT] 	at java.base/java.lang.Class.forName(Class.java:458)
[PROCESS OUT] 	at ca.concordia.ptidej.spectra.Profile.MonitoringHandler.extractStats(MonitoringHandler.java:235)
[PROCESS OUT] 	at ca.concordia.ptidej.spectra.Profile.MonitoringHandler.run(MonitoringHandler.java:92)
[PROCESS OUT] 	at java.base/java.lang.Thread.run(Thread.java:1474)
[PROCESS OUT] 20/11/2025 11:41:11.230 - [WARNING] - Error resolving method: java.management@25/java.lang.management.ManagementFactory$$Lambda/0x00000001260c3988.accept(Unknown Source)
[PROCESS OUT] java.lang.ClassNotFoundException: java.lang.management.ManagementFactory$$Lambda/0x00000001260c3988
[PROCESS OUT] 	at java.base/java.lang.Class.forName0(Native Method)
[PROCESS OUT] 	at java.base/java.lang.Class.forName(Class.java:467)
[PROCESS OUT] 	at java.base/java.lang.Class.forName(Class.java:458)
[PROCESS OUT] 	at ca.concordia.ptidej.spectra.Profile.MonitoringHandler.extractStats(MonitoringHandler.java:235)
[PROCESS OUT] 	at ca.concordia.ptidej.spectra.Profile.MonitoringHandler.run(MonitoringHandler.java:92)
[PROCESS OUT] 	at java.base/java.lang.Thread.run(Thread.java:1474)
[PROCESS OUT] 20/11/2025 11:41:11.232 - [WARNING] - Error resolving method: java.management@25/java.lang.management.ManagementFactory$$Lambda/0x00000001260c3988.accept(Unknown Source)
[PROCESS OUT] java.lang.ClassNotFoundException: java.lang.management.ManagementFactory$$Lambda/0x00000001260c3988
[PROCESS OUT] 	at java.base/java.lang.Class.forName0(Native Method)
[PROCESS OUT] 	at java.base/java.lang.Class.forName(Class.java:467)
[PROCESS OUT] 	at java.base/java.lang.Class.forName(Class.java:458)
[PROCESS OUT] 	at ca.concordia.ptidej.spectra.Profile.MonitoringHandler.extractStats(MonitoringHandler.java:235)
[PROCESS OUT] 	at ca.concordia.ptidej.spectra.Profile.MonitoringHandler.run(MonitoringHandler.java:92)
[PROCESS OUT] 	at java.base/java.lang.Thread.run(Thread.java:1474)
[PROCESS OUT] 20/11/2025 11:41:11.233 - [WARNING] - Error resolving method: java.management@25/java.lang.management.ManagementFactory$$Lambda/0x00000001260c3988.accept(Unknown Source)
[PROCESS OUT] java.lang.ClassNotFoundException: java.lang.management.ManagementFactory$$Lambda/0x00000001260c3988
[PROCESS OUT] 	at java.base/java.lang.Class.forName0(Native Method)
[PROCESS OUT] 	at java.base/java.lang.Class.forName(Class.java:467)
[PROCESS OUT] 	at java.base/java.lang.Class.forName(Class.java:458)
[PROCESS OUT] 	at ca.concordia.ptidej.spectra.Profile.MonitoringHandler.extractStats(MonitoringHandler.java:235)
[PROCESS OUT] 	at ca.concordia.ptidej.spectra.Profile.MonitoringHandler.run(MonitoringHandler.java:92)
[PROCESS OUT] 	at java.base/java.lang.Thread.run(Thread.java:1474)
[PROCESS OUT] 20/11/2025 11:41:11.234 - [WARNING] - Error resolving method: java.management@25/java.lang.management.ManagementFactory$$Lambda/0x00000001260c3988.accept(Unknown Source)
[PROCESS OUT] java.lang.ClassNotFoundException: java.lang.management.ManagementFactory$$Lambda/0x00000001260c3988
[PROCESS OUT] 	at java.base/java.lang.Class.forName0(Native Method)
[PROCESS OUT] 	at java.base/java.lang.Class.forName(Class.java:467)
[PROCESS OUT] 	at java.base/java.lang.Class.forName(Class.java:458)
[PROCESS OUT] 	at ca.concordia.ptidej.spectra.Profile.MonitoringHandler.extractStats(MonitoringHandler.java:235)
[PROCESS OUT] 	at ca.concordia.ptidej.spectra.Profile.MonitoringHandler.run(MonitoringHandler.java:92)
[PROCESS OUT] 	at java.base/java.lang.Thread.run(Thread.java:1474)
[PROCESS OUT] 20/11/2025 11:41:11.235 - [WARNING] - Error resolving method: java.management@25/java.lang.management.ManagementFactory$$Lambda/0x00000001260c3988.accept(Unknown Source)
[PROCESS OUT] java.lang.ClassNotFoundException: java.lang.management.ManagementFactory$$Lambda/0x00000001260c3988
[PROCESS OUT] 	at java.base/java.lang.Class.forName0(Native Method)
[PROCESS OUT] 	at java.base/java.lang.Class.forName(Class.java:467)
[PROCESS OUT] 	at java.base/java.lang.Class.forName(Class.java:458)
[PROCESS OUT] 	at ca.concordia.ptidej.spectra.Profile.MonitoringHandler.extractStats(MonitoringHandler.java:235)
[PROCESS OUT] 	at ca.concordia.ptidej.spectra.Profile.MonitoringHandler.run(MonitoringHandler.java:92)
[PROCESS OUT] 	at java.base/java.lang.Thread.run(Thread.java:1474)
[PROCESS OUT] 20/11/2025 11:41:11.236 - [WARNING] - Error resolving method: java.management@25/java.lang.management.ManagementFactory$$Lambda/0x00000001260c3988.accept(Unknown Source)
[PROCESS OUT] java.lang.ClassNotFoundException: java.lang.management.ManagementFactory$$Lambda/0x00000001260c3988
[PROCESS OUT] 	at java.base/java.lang.Class.forName0(Native Method)
[PROCESS OUT] 	at java.base/java.lang.Class.forName(Class.java:467)
[PROCESS OUT] 	at java.base/java.lang.Class.forName(Class.java:458)
[PROCESS OUT] 	at ca.concordia.ptidej.spectra.Profile.MonitoringHandler.extractStats(MonitoringHandler.java:235)
[PROCESS OUT] 	at ca.concordia.ptidej.spectra.Profile.MonitoringHandler.run(MonitoringHandler.java:92)
[PROCESS OUT] 	at java.base/java.lang.Thread.run(Thread.java:1474)
[PROCESS OUT] 20/11/2025 11:41:11.238 - [WARNING] - Error resolving method: java.management@25/java.lang.management.ManagementFactory$$Lambda/0x00000001260c3988.accept(Unknown Source)
[PROCESS OUT] java.lang.ClassNotFoundException: java.lang.management.ManagementFactory$$Lambda/0x00000001260c3988
[PROCESS OUT] 	at java.base/java.lang.Class.forName0(Native Method)
[PROCESS OUT] 	at java.base/java.lang.Class.forName(Class.java:467)
[PROCESS OUT] 	at java.base/java.lang.Class.forName(Class.java:458)
[PROCESS OUT] 	at ca.concordia.ptidej.spectra.Profile.MonitoringHandler.extractStats(MonitoringHandler.java:235)
[PROCESS OUT] 	at ca.concordia.ptidej.spectra.Profile.MonitoringHandler.run(MonitoringHandler.java:92)
[PROCESS OUT] 	at java.base/java.lang.Thread.run(Thread.java:1474)
[PROCESS OUT] 20/11/2025 11:41:11.239 - [WARNING] - Error resolving method: java.management@25/java.lang.management.ManagementFactory$$Lambda/0x00000001260c3988.accept(Unknown Source)
[PROCESS OUT] java.lang.ClassNotFoundException: java.lang.management.ManagementFactory$$Lambda/0x00000001260c3988
[PROCESS OUT] 	at java.base/java.lang.Class.forName0(Native Method)
[PROCESS OUT] 	at java.base/java.lang.Class.forName(Class.java:467)
[PROCESS OUT] 	at java.base/java.lang.Class.forName(Class.java:458)
[PROCESS OUT] 	at ca.concordia.ptidej.spectra.Profile.MonitoringHandler.extractStats(MonitoringHandler.java:235)
[PROCESS OUT] 	at ca.concordia.ptidej.spectra.Profile.MonitoringHandler.run(MonitoringHandler.java:92)
[PROCESS OUT] 	at java.base/java.lang.Thread.run(Thread.java:1474)
[PROCESS OUT] 20/11/2025 11:41:11.240 - [WARNING] - Error resolving method: java.management@25/java.lang.management.ManagementFactory$$Lambda/0x00000001260c3988.accept(Unknown Source)
[PROCESS OUT] java.lang.ClassNotFoundException: java.lang.management.ManagementFactory$$Lambda/0x00000001260c3988
[PROCESS OUT] 	at java.base/java.lang.Class.forName0(Native Method)
[PROCESS OUT] 	at java.base/java.lang.Class.forName(Class.java:467)
[PROCESS OUT] 	at java.base/java.lang.Class.forName(Class.java:458)
[PROCESS OUT] 	at ca.concordia.ptidej.spectra.Profile.MonitoringHandler.extractStats(MonitoringHandler.java:235)
[PROCESS OUT] 	at ca.concordia.ptidej.spectra.Profile.MonitoringHandler.run(MonitoringHandler.java:92)
[PROCESS OUT] 	at java.base/java.lang.Thread.run(Thread.java:1474)
[PROCESS OUT] 20/11/2025 11:41:11.241 - [WARNING] - Error resolving method: java.management@25/java.lang.management.ManagementFactory$$Lambda/0x00000001260c3988.accept(Unknown Source)
[PROCESS OUT] java.lang.ClassNotFoundException: java.lang.management.ManagementFactory$$Lambda/0x00000001260c3988
[PROCESS OUT] 	at java.base/java.lang.Class.forName0(Native Method)
[PROCESS OUT] 	at java.base/java.lang.Class.forName(Class.java:467)
[PROCESS OUT] 	at java.base/java.lang.Class.forName(Class.java:458)
[PROCESS OUT] 	at ca.concordia.ptidej.spectra.Profile.MonitoringHandler.extractStats(MonitoringHandler.java:235)
[PROCESS OUT] 	at ca.concordia.ptidej.spectra.Profile.MonitoringHandler.run(MonitoringHandler.java:92)
[PROCESS OUT] 	at java.base/java.lang.Thread.run(Thread.java:1474)
[PROCESS OUT] 20/11/2025 11:41:11.242 - [WARNING] - Error resolving method: java.management@25/java.lang.management.ManagementFactory$$Lambda/0x00000001260c3988.accept(Unknown Source)
[PROCESS OUT] java.lang.ClassNotFoundException: java.lang.management.ManagementFactory$$Lambda/0x00000001260c3988
[PROCESS OUT] 	at java.base/java.lang.Class.forName0(Native Method)
[PROCESS OUT] 	at java.base/java.lang.Class.forName(Class.java:467)
[PROCESS OUT] 	at java.base/java.lang.Class.forName(Class.java:458)
[PROCESS OUT] 	at ca.concordia.ptidej.spectra.Profile.MonitoringHandler.extractStats(MonitoringHandler.java:235)
[PROCESS OUT] 	at ca.concordia.ptidej.spectra.Profile.MonitoringHandler.run(MonitoringHandler.java:92)
[PROCESS OUT] 	at java.base/java.lang.Thread.run(Thread.java:1474)
[PROCESS OUT] 20/11/2025 11:41:11.243 - [WARNING] - Error resolving method: java.management@25/java.lang.management.ManagementFactory$$Lambda/0x00000001260c3988.accept(Unknown Source)
[PROCESS OUT] java.lang.ClassNotFoundException: java.lang.management.ManagementFactory$$Lambda/0x00000001260c3988
[PROCESS OUT] 	at java.base/java.lang.Class.forName0(Native Method)
[PROCESS OUT] 	at java.base/java.lang.Class.forName(Class.java:467)
[PROCESS OUT] 	at java.base/java.lang.Class.forName(Class.java:458)
[PROCESS OUT] 	at ca.concordia.ptidej.spectra.Profile.MonitoringHandler.extractStats(MonitoringHandler.java:235)
[PROCESS OUT] 	at ca.concordia.ptidej.spectra.Profile.MonitoringHandler.run(MonitoringHandler.java:92)
[PROCESS OUT] 	at java.base/java.lang.Thread.run(Thread.java:1474)
[PROCESS OUT] 20/11/2025 11:41:11.245 - [WARNING] - Error resolving method: java.management@25/java.lang.management.ManagementFactory$$Lambda/0x00000001260c3988.accept(Unknown Source)
[PROCESS OUT] java.lang.ClassNotFoundException: java.lang.management.ManagementFactory$$Lambda/0x00000001260c3988
[PROCESS OUT] 	at java.base/java.lang.Class.forName0(Native Method)
[PROCESS OUT] 	at java.base/java.lang.Class.forName(Class.java:467)
[PROCESS OUT] 	at java.base/java.lang.Class.forName(Class.java:458)
[PROCESS OUT] 	at ca.concordia.ptidej.spectra.Profile.MonitoringHandler.extractStats(MonitoringHandler.java:235)
[PROCESS OUT] 	at ca.concordia.ptidej.spectra.Profile.MonitoringHandler.run(MonitoringHandler.java:92)
[PROCESS OUT] 	at java.base/java.lang.Thread.run(Thread.java:1474)
[PROCESS OUT] 20/11/2025 11:41:11.247 - [WARNING] - Error resolving method: java.management@25/java.lang.management.ManagementFactory$$Lambda/0x00000001260c3988.accept(Unknown Source)
[PROCESS OUT] java.lang.ClassNotFoundException: java.lang.management.ManagementFactory$$Lambda/0x00000001260c3988
[PROCESS OUT] 	at java.base/java.lang.Class.forName0(Native Method)
[PROCESS OUT] 	at java.base/java.lang.Class.forName(Class.java:467)
[PROCESS OUT] 	at java.base/java.lang.Class.forName(Class.java:458)
[PROCESS OUT] 	at ca.concordia.ptidej.spectra.Profile.MonitoringHandler.extractStats(MonitoringHandler.java:235)
[PROCESS OUT] 	at ca.concordia.ptidej.spectra.Profile.MonitoringHandler.run(MonitoringHandler.java:92)
[PROCESS OUT] 	at java.base/java.lang.Thread.run(Thread.java:1474)
[PROCESS OUT] 20/11/2025 11:41:11.248 - [WARNING] - Error resolving method: java.management@25/java.lang.management.ManagementFactory$$Lambda/0x00000001260c3988.accept(Unknown Source)
[PROCESS OUT] java.lang.ClassNotFoundException: java.lang.management.ManagementFactory$$Lambda/0x00000001260c3988
[PROCESS OUT] 	at java.base/java.lang.Class.forName0(Native Method)
[PROCESS OUT] 	at java.base/java.lang.Class.forName(Class.java:467)
[PROCESS OUT] 	at java.base/java.lang.Class.forName(Class.java:458)
[PROCESS OUT] 	at ca.concordia.ptidej.spectra.Profile.MonitoringHandler.extractStats(MonitoringHandler.java:235)
[PROCESS OUT] 	at ca.concordia.ptidej.spectra.Profile.MonitoringHandler.run(MonitoringHandler.java:92)
[PROCESS OUT] 	at java.base/java.lang.Thread.run(Thread.java:1474)
[PROCESS OUT] 20/11/2025 11:41:11.249 - [WARNING] - Error resolving method: java.management@25/java.lang.management.ManagementFactory$$Lambda/0x00000001260c3988.accept(Unknown Source)
[PROCESS OUT] java.lang.ClassNotFoundException: java.lang.management.ManagementFactory$$Lambda/0x00000001260c3988
[PROCESS OUT] 	at java.base/java.lang.Class.forName0(Native Method)
[PROCESS OUT] 	at java.base/java.lang.Class.forName(Class.java:467)
[PROCESS OUT] 	at java.base/java.lang.Class.forName(Class.java:458)
[PROCESS OUT] 	at ca.concordia.ptidej.spectra.Profile.MonitoringHandler.extractStats(MonitoringHandler.java:235)
[PROCESS OUT] 	at ca.concordia.ptidej.spectra.Profile.MonitoringHandler.run(MonitoringHandler.java:92)
[PROCESS OUT] 	at java.base/java.lang.Thread.run(Thread.java:1474)
[PROCESS OUT] 20/11/2025 11:41:11.251 - [WARNING] - Error resolving method: java.management@25/java.lang.management.ManagementFactory$$Lambda/0x00000001260c3988.accept(Unknown Source)
[PROCESS OUT] java.lang.ClassNotFoundException: java.lang.management.ManagementFactory$$Lambda/0x00000001260c3988
[PROCESS OUT] 	at java.base/java.lang.Class.forName0(Native Method)
[PROCESS OUT] 	at java.base/java.lang.Class.forName(Class.java:467)
[PROCESS OUT] 	at java.base/java.lang.Class.forName(Class.java:458)
[PROCESS OUT] 	at ca.concordia.ptidej.spectra.Profile.MonitoringHandler.extractStats(MonitoringHandler.java:235)
[PROCESS OUT] 	at ca.concordia.ptidej.spectra.Profile.MonitoringHandler.run(MonitoringHandler.java:92)
[PROCESS OUT] 	at java.base/java.lang.Thread.run(Thread.java:1474)
[PROCESS OUT] 20/11/2025 11:41:11.252 - [WARNING] - Error resolving method: java.management@25/java.lang.management.ManagementFactory$$Lambda/0x00000001260c3988.accept(Unknown Source)
[PROCESS OUT] java.lang.ClassNotFoundException: java.lang.management.ManagementFactory$$Lambda/0x00000001260c3988
[PROCESS OUT] 	at java.base/java.lang.Class.forName0(Native Method)
[PROCESS OUT] 	at java.base/java.lang.Class.forName(Class.java:467)
[PROCESS OUT] 	at java.base/java.lang.Class.forName(Class.java:458)
[PROCESS OUT] 	at ca.concordia.ptidej.spectra.Profile.MonitoringHandler.extractStats(MonitoringHandler.java:235)
[PROCESS OUT] 	at ca.concordia.ptidej.spectra.Profile.MonitoringHandler.run(MonitoringHandler.java:92)
[PROCESS OUT] 	at java.base/java.lang.Thread.run(Thread.java:1474)
[PROCESS OUT] 20/11/2025 11:41:11.254 - [WARNING] - Error resolving method: java.management@25/java.lang.management.ManagementFactory$$Lambda/0x00000001260c3988.accept(Unknown Source)
[PROCESS OUT] java.lang.ClassNotFoundException: java.lang.management.ManagementFactory$$Lambda/0x00000001260c3988
[PROCESS OUT] 	at java.base/java.lang.Class.forName0(Native Method)
[PROCESS OUT] 	at java.base/java.lang.Class.forName(Class.java:467)
[PROCESS OUT] 	at java.base/java.lang.Class.forName(Class.java:458)
[PROCESS OUT] 	at ca.concordia.ptidej.spectra.Profile.MonitoringHandler.extractStats(MonitoringHandler.java:235)
[PROCESS OUT] 	at ca.concordia.ptidej.spectra.Profile.MonitoringHandler.run(MonitoringHandler.java:92)
[PROCESS OUT] 	at java.base/java.lang.Thread.run(Thread.java:1474)
[PROCESS OUT] 20/11/2025 11:41:11.255 - [WARNING] - Error resolving method: java.management@25/java.lang.management.ManagementFactory$$Lambda/0x00000001260c3988.accept(Unknown Source)
[PROCESS OUT] java.lang.ClassNotFoundException: java.lang.management.ManagementFactory$$Lambda/0x00000001260c3988
[PROCESS OUT] 	at java.base/java.lang.Class.forName0(Native Method)
[PROCESS OUT] 	at java.base/java.lang.Class.forName(Class.java:467)
[PROCESS OUT] 	at java.base/java.lang.Class.forName(Class.java:458)
[PROCESS OUT] 	at ca.concordia.ptidej.spectra.Profile.MonitoringHandler.extractStats(MonitoringHandler.java:235)
[PROCESS OUT] 	at ca.concordia.ptidej.spectra.Profile.MonitoringHandler.run(MonitoringHandler.java:92)
[PROCESS OUT] 	at java.base/java.lang.Thread.run(Thread.java:1474)
[PROCESS OUT] 20/11/2025 11:41:11.256 - [WARNING] - Error resolving method: java.management@25/java.lang.management.ManagementFactory$$Lambda/0x00000001260c3988.accept(Unknown Source)
[PROCESS OUT] java.lang.ClassNotFoundException: java.lang.management.ManagementFactory$$Lambda/0x00000001260c3988
[PROCESS OUT] 	at java.base/java.lang.Class.forName0(Native Method)
[PROCESS OUT] 	at java.base/java.lang.Class.forName(Class.java:467)
[PROCESS OUT] 	at java.base/java.lang.Class.forName(Class.java:458)
[PROCESS OUT] 	at ca.concordia.ptidej.spectra.Profile.MonitoringHandler.extractStats(MonitoringHandler.java:235)
[PROCESS OUT] 	at ca.concordia.ptidej.spectra.Profile.MonitoringHandler.run(MonitoringHandler.java:92)
[PROCESS OUT] 	at java.base/java.lang.Thread.run(Thread.java:1474)
[PROCESS OUT] 20/11/2025 11:41:11.258 - [WARNING] - Error resolving method: java.management@25/java.lang.management.ManagementFactory$$Lambda/0x00000001260c3988.accept(Unknown Source)
[PROCESS OUT] java.lang.ClassNotFoundException: java.lang.management.ManagementFactory$$Lambda/0x00000001260c3988
[PROCESS OUT] 	at java.base/java.lang.Class.forName0(Native Method)
[PROCESS OUT] 	at java.base/java.lang.Class.forName(Class.java:467)
[PROCESS OUT] 	at java.base/java.lang.Class.forName(Class.java:458)
[PROCESS OUT] 	at ca.concordia.ptidej.spectra.Profile.MonitoringHandler.extractStats(MonitoringHandler.java:235)
[PROCESS OUT] 	at ca.concordia.ptidej.spectra.Profile.MonitoringHandler.run(MonitoringHandler.java:92)
[PROCESS OUT] 	at java.base/java.lang.Thread.run(Thread.java:1474)
[PROCESS OUT] 20/11/2025 11:41:11.259 - [WARNING] - Error resolving method: java.management@25/java.lang.management.ManagementFactory$$Lambda/0x00000001260c3988.accept(Unknown Source)
[PROCESS OUT] java.lang.ClassNotFoundException: java.lang.management.ManagementFactory$$Lambda/0x00000001260c3988
[PROCESS OUT] 	at java.base/java.lang.Class.forName0(Native Method)
[PROCESS OUT] 	at java.base/java.lang.Class.forName(Class.java:467)
[PROCESS OUT] 	at java.base/java.lang.Class.forName(Class.java:458)
[PROCESS OUT] 	at ca.concordia.ptidej.spectra.Profile.MonitoringHandler.extractStats(MonitoringHandler.java:235)
[PROCESS OUT] 	at ca.concordia.ptidej.spectra.Profile.MonitoringHandler.run(MonitoringHandler.java:92)
[PROCESS OUT] 	at java.base/java.lang.Thread.run(Thread.java:1474)
[PROCESS OUT] 20/11/2025 11:41:11.260 - [WARNING] - Error resolving method: java.management@25/java.lang.management.ManagementFactory$$Lambda/0x00000001260c3988.accept(Unknown Source)
[PROCESS OUT] java.lang.ClassNotFoundException: java.lang.management.ManagementFactory$$Lambda/0x00000001260c3988
[PROCESS OUT] 	at java.base/java.lang.Class.forName0(Native Method)
[PROCESS OUT] 	at java.base/java.lang.Class.forName(Class.java:467)
[PROCESS OUT] 	at java.base/java.lang.Class.forName(Class.java:458)
[PROCESS OUT] 	at ca.concordia.ptidej.spectra.Profile.MonitoringHandler.extractStats(MonitoringHandler.java:235)
[PROCESS OUT] 	at ca.concordia.ptidej.spectra.Profile.MonitoringHandler.run(MonitoringHandler.java:92)
[PROCESS OUT] 	at java.base/java.lang.Thread.run(Thread.java:1474)
[PROCESS OUT] 20/11/2025 11:41:11.262 - [WARNING] - Error resolving method: java.management@25/java.lang.management.ManagementFactory$$Lambda/0x00000001260c3988.accept(Unknown Source)
[PROCESS OUT] java.lang.ClassNotFoundException: java.lang.management.ManagementFactory$$Lambda/0x00000001260c3988
[PROCESS OUT] 	at java.base/java.lang.Class.forName0(Native Method)
[PROCESS OUT] 	at java.base/java.lang.Class.forName(Class.java:467)
[PROCESS OUT] 	at java.base/java.lang.Class.forName(Class.java:458)
[PROCESS OUT] 	at ca.concordia.ptidej.spectra.Profile.MonitoringHandler.extractStats(MonitoringHandler.java:235)
[PROCESS OUT] 	at ca.concordia.ptidej.spectra.Profile.MonitoringHandler.run(MonitoringHandler.java:92)
[PROCESS OUT] 	at java.base/java.lang.Thread.run(Thread.java:1474)
[PROCESS OUT] 20/11/2025 11:41:11.263 - [WARNING] - Error resolving method: java.management@25/java.lang.management.ManagementFactory$$Lambda/0x00000001260c3988.accept(Unknown Source)
[PROCESS OUT] java.lang.ClassNotFoundException: java.lang.management.ManagementFactory$$Lambda/0x00000001260c3988
[PROCESS OUT] 	at java.base/java.lang.Class.forName0(Native Method)
[PROCESS OUT] 	at java.base/java.lang.Class.forName(Class.java:467)
[PROCESS OUT] 	at java.base/java.lang.Class.forName(Class.java:458)
[PROCESS OUT] 	at ca.concordia.ptidej.spectra.Profile.MonitoringHandler.extractStats(MonitoringHandler.java:235)
[PROCESS OUT] 	at ca.concordia.ptidej.spectra.Profile.MonitoringHandler.run(MonitoringHandler.java:92)
[PROCESS OUT] 	at java.base/java.lang.Thread.run(Thread.java:1474)
[PROCESS OUT] 20/11/2025 11:41:11.263 - [WARNING] - Error resolving method: java.management@25/java.lang.management.ManagementFactory$$Lambda/0x00000001260c3988.accept(Unknown Source)
[PROCESS OUT] java.lang.ClassNotFoundException: java.lang.management.ManagementFactory$$Lambda/0x00000001260c3988
[PROCESS OUT] 	at java.base/java.lang.Class.forName0(Native Method)
[PROCESS OUT] 	at java.base/java.lang.Class.forName(Class.java:467)
[PROCESS OUT] 	at java.base/java.lang.Class.forName(Class.java:458)
[PROCESS OUT] 	at ca.concordia.ptidej.spectra.Profile.MonitoringHandler.extractStats(MonitoringHandler.java:235)
[PROCESS OUT] 	at ca.concordia.ptidej.spectra.Profile.MonitoringHandler.run(MonitoringHandler.java:92)
[PROCESS OUT] 	at java.base/java.lang.Thread.run(Thread.java:1474)
[PROCESS OUT] 20/11/2025 11:41:11.264 - [WARNING] - Error resolving method: java.management@25/java.lang.management.ManagementFactory$$Lambda/0x00000001260c3988.accept(Unknown Source)
[PROCESS OUT] java.lang.ClassNotFoundException: java.lang.management.ManagementFactory$$Lambda/0x00000001260c3988
[PROCESS OUT] 	at java.base/java.lang.Class.forName0(Native Method)
[PROCESS OUT] 	at java.base/java.lang.Class.forName(Class.java:467)
[PROCESS OUT] 	at java.base/java.lang.Class.forName(Class.java:458)
[PROCESS OUT] 	at ca.concordia.ptidej.spectra.Profile.MonitoringHandler.extractStats(MonitoringHandler.java:235)
[PROCESS OUT] 	at ca.concordia.ptidej.spectra.Profile.MonitoringHandler.run(MonitoringHandler.java:92)
[PROCESS OUT] 	at java.base/java.lang.Thread.run(Thread.java:1474)
[PROCESS OUT] 20/11/2025 11:41:11.265 - [WARNING] - Error resolving method: java.management@25/java.lang.management.ManagementFactory$$Lambda/0x00000001260c3988.accept(Unknown Source)
[PROCESS OUT] java.lang.ClassNotFoundException: java.lang.management.ManagementFactory$$Lambda/0x00000001260c3988
[PROCESS OUT] 	at java.base/java.lang.Class.forName0(Native Method)
[PROCESS OUT] 	at java.base/java.lang.Class.forName(Class.java:467)
[PROCESS OUT] 	at java.base/java.lang.Class.forName(Class.java:458)
[PROCESS OUT] 	at ca.concordia.ptidej.spectra.Profile.MonitoringHandler.extractStats(MonitoringHandler.java:235)
[PROCESS OUT] 	at ca.concordia.ptidej.spectra.Profile.MonitoringHandler.run(MonitoringHandler.java:92)
[PROCESS OUT] 	at java.base/java.lang.Thread.run(Thread.java:1474)
[PROCESS OUT] 20/11/2025 11:41:11.265 - [WARNING] - Error resolving method: java.management@25/java.lang.management.ManagementFactory$$Lambda/0x00000001260c3988.accept(Unknown Source)
[PROCESS OUT] java.lang.ClassNotFoundException: java.lang.management.ManagementFactory$$Lambda/0x00000001260c3988
[PROCESS OUT] 	at java.base/java.lang.Class.forName0(Native Method)
[PROCESS OUT] 	at java.base/java.lang.Class.forName(Class.java:467)
[PROCESS OUT] 	at java.base/java.lang.Class.forName(Class.java:458)
[PROCESS OUT] 	at ca.concordia.ptidej.spectra.Profile.MonitoringHandler.extractStats(MonitoringHandler.java:235)
[PROCESS OUT] 	at ca.concordia.ptidej.spectra.Profile.MonitoringHandler.run(MonitoringHandler.java:92)
[PROCESS OUT] 	at java.base/java.lang.Thread.run(Thread.java:1474)
[PROCESS OUT] 20/11/2025 11:41:11.266 - [WARNING] - Error resolving method: java.management@25/java.lang.management.ManagementFactory$$Lambda/0x00000001260c3988.accept(Unknown Source)
[PROCESS OUT] java.lang.ClassNotFoundException: java.lang.management.ManagementFactory$$Lambda/0x00000001260c3988
[PROCESS OUT] 	at java.base/java.lang.Class.forName0(Native Method)
[PROCESS OUT] 	at java.base/java.lang.Class.forName(Class.java:467)
[PROCESS OUT] 	at java.base/java.lang.Class.forName(Class.java:458)
[PROCESS OUT] 	at ca.concordia.ptidej.spectra.Profile.MonitoringHandler.extractStats(MonitoringHandler.java:235)
[PROCESS OUT] 	at ca.concordia.ptidej.spectra.Profile.MonitoringHandler.run(MonitoringHandler.java:92)
[PROCESS OUT] 	at java.base/java.lang.Thread.run(Thread.java:1474)
[PROCESS OUT] 20/11/2025 11:41:11.267 - [WARNING] - Error resolving method: java.management@25/java.lang.management.ManagementFactory$$Lambda/0x00000001260c3988.accept(Unknown Source)
[PROCESS OUT] java.lang.ClassNotFoundException: java.lang.management.ManagementFactory$$Lambda/0x00000001260c3988
[PROCESS OUT] 	at java.base/java.lang.Class.forName0(Native Method)
[PROCESS OUT] 	at java.base/java.lang.Class.forName(Class.java:467)
[PROCESS OUT] 	at java.base/java.lang.Class.forName(Class.java:458)
[PROCESS OUT] 	at ca.concordia.ptidej.spectra.Profile.MonitoringHandler.extractStats(MonitoringHandler.java:235)
[PROCESS OUT] 	at ca.concordia.ptidej.spectra.Profile.MonitoringHandler.run(MonitoringHandler.java:92)
[PROCESS OUT] 	at java.base/java.lang.Thread.run(Thread.java:1474)
[PROCESS OUT] 20/11/2025 11:41:11.278 - [WARNING] - Error resolving method: java.management@25/java.lang.management.ManagementFactory$$Lambda/0x00000001260c3988.accept(Unknown Source)
[PROCESS OUT] java.lang.ClassNotFoundException: java.lang.management.ManagementFactory$$Lambda/0x00000001260c3988
[PROCESS OUT] 	at java.base/java.lang.Class.forName0(Native Method)
[PROCESS OUT] 	at java.base/java.lang.Class.forName(Class.java:467)
[PROCESS OUT] 	at java.base/java.lang.Class.forName(Class.java:458)
[PROCESS OUT] 	at ca.concordia.ptidej.spectra.Profile.MonitoringHandler.extractStats(MonitoringHandler.java:235)
[PROCESS OUT] 	at ca.concordia.ptidej.spectra.Profile.MonitoringHandler.run(MonitoringHandler.java:92)
[PROCESS OUT] 	at java.base/java.lang.Thread.run(Thread.java:1474)
[PROCESS OUT] 20/11/2025 11:41:11.279 - [WARNING] - Error resolving method: java.management@25/java.lang.management.ManagementFactory$$Lambda/0x00000001260c3988.accept(Unknown Source)
[PROCESS OUT] java.lang.ClassNotFoundException: java.lang.management.ManagementFactory$$Lambda/0x00000001260c3988
[PROCESS OUT] 	at java.base/java.lang.Class.forName0(Native Method)
[PROCESS OUT] 	at java.base/java.lang.Class.forName(Class.java:467)
[PROCESS OUT] 	at java.base/java.lang.Class.forName(Class.java:458)
[PROCESS OUT] 	at ca.concordia.ptidej.spectra.Profile.MonitoringHandler.extractStats(MonitoringHandler.java:235)
[PROCESS OUT] 	at ca.concordia.ptidej.spectra.Profile.MonitoringHandler.run(MonitoringHandler.java:92)
[PROCESS OUT] 	at java.base/java.lang.Thread.run(Thread.java:1474)
[PROCESS OUT] 20/11/2025 11:41:11.282 - [WARNING] - Error resolving method: java.management@25/java.lang.management.ManagementFactory$$Lambda/0x00000001260c3988.accept(Unknown Source)
[PROCESS OUT] java.lang.ClassNotFoundException: java.lang.management.ManagementFactory$$Lambda/0x00000001260c3988
[PROCESS OUT] 	at java.base/java.lang.Class.forName0(Native Method)
[PROCESS OUT] 	at java.base/java.lang.Class.forName(Class.java:467)
[PROCESS OUT] 	at java.base/java.lang.Class.forName(Class.java:458)
[PROCESS OUT] 	at ca.concordia.ptidej.spectra.Profile.MonitoringHandler.extractStats(MonitoringHandler.java:235)
[PROCESS OUT] 	at ca.concordia.ptidej.spectra.Profile.MonitoringHandler.run(MonitoringHandler.java:92)
[PROCESS OUT] 	at java.base/java.lang.Thread.run(Thread.java:1474)
[PROCESS OUT] 20/11/2025 11:41:11.284 - [WARNING] - Error resolving method: java.management@25/java.lang.management.ManagementFactory$$Lambda/0x00000001260c3988.accept(Unknown Source)
[PROCESS OUT] java.lang.ClassNotFoundException: java.lang.management.ManagementFactory$$Lambda/0x00000001260c3988
[PROCESS OUT] 	at java.base/java.lang.Class.forName0(Native Method)
[PROCESS OUT] 	at java.base/java.lang.Class.forName(Class.java:467)
[PROCESS OUT] 	at java.base/java.lang.Class.forName(Class.java:458)
[PROCESS OUT] 	at ca.concordia.ptidej.spectra.Profile.MonitoringHandler.extractStats(MonitoringHandler.java:235)
[PROCESS OUT] 	at ca.concordia.ptidej.spectra.Profile.MonitoringHandler.run(MonitoringHandler.java:92)
[PROCESS OUT] 	at java.base/java.lang.Thread.run(Thread.java:1474)
[PROCESS OUT] 20/11/2025 11:41:11.287 - [WARNING] - Error resolving method: java.management@25/java.lang.management.ManagementFactory$$Lambda/0x00000001260c3988.accept(Unknown Source)
[PROCESS OUT] java.lang.ClassNotFoundException: java.lang.management.ManagementFactory$$Lambda/0x00000001260c3988
[PROCESS OUT] 	at java.base/java.lang.Class.forName0(Native Method)
[PROCESS OUT] 	at java.base/java.lang.Class.forName(Class.java:467)
[PROCESS OUT] 	at java.base/java.lang.Class.forName(Class.java:458)
[PROCESS OUT] 	at ca.concordia.ptidej.spectra.Profile.MonitoringHandler.extractStats(MonitoringHandler.java:235)
[PROCESS OUT] 	at ca.concordia.ptidej.spectra.Profile.MonitoringHandler.run(MonitoringHandler.java:92)
[PROCESS OUT] 	at java.base/java.lang.Thread.run(Thread.java:1474)
[PROCESS OUT] 20/11/2025 11:41:11.288 - [WARNING] - Error resolving method: java.management@25/java.lang.management.ManagementFactory$$Lambda/0x00000001260c3988.accept(Unknown Source)
[PROCESS OUT] java.lang.ClassNotFoundException: java.lang.management.ManagementFactory$$Lambda/0x00000001260c3988
[PROCESS OUT] 	at java.base/java.lang.Class.forName0(Native Method)
[PROCESS OUT] 	at java.base/java.lang.Class.forName(Class.java:467)
[PROCESS OUT] 	at java.base/java.lang.Class.forName(Class.java:458)
[PROCESS OUT] 	at ca.concordia.ptidej.spectra.Profile.MonitoringHandler.extractStats(MonitoringHandler.java:235)
[PROCESS OUT] 	at ca.concordia.ptidej.spectra.Profile.MonitoringHandler.run(MonitoringHandler.java:92)
[PROCESS OUT] 	at java.base/java.lang.Thread.run(Thread.java:1474)
[PROCESS OUT] 20/11/2025 11:41:11.289 - [WARNING] - Error resolving method: java.management@25/java.lang.management.ManagementFactory$$Lambda/0x00000001260c3988.accept(Unknown Source)
[PROCESS OUT] java.lang.ClassNotFoundException: java.lang.management.ManagementFactory$$Lambda/0x00000001260c3988
[PROCESS OUT] 	at java.base/java.lang.Class.forName0(Native Method)
[PROCESS OUT] 	at java.base/java.lang.Class.forName(Class.java:467)
[PROCESS OUT] 	at java.base/java.lang.Class.forName(Class.java:458)
[PROCESS OUT] 	at ca.concordia.ptidej.spectra.Profile.MonitoringHandler.extractStats(MonitoringHandler.java:235)
[PROCESS OUT] 	at ca.concordia.ptidej.spectra.Profile.MonitoringHandler.run(MonitoringHandler.java:92)
[PROCESS OUT] 	at java.base/java.lang.Thread.run(Thread.java:1474)
[PROCESS OUT] 20/11/2025 11:41:11.292 - [WARNING] - Error resolving method: java.management@25/java.lang.management.ManagementFactory$$Lambda/0x00000001260c3988.accept(Unknown Source)
[PROCESS OUT] java.lang.ClassNotFoundException: java.lang.management.ManagementFactory$$Lambda/0x00000001260c3988
[PROCESS OUT] 	at java.base/java.lang.Class.forName0(Native Method)
[PROCESS OUT] 	at java.base/java.lang.Class.forName(Class.java:467)
[PROCESS OUT] 	at java.base/java.lang.Class.forName(Class.java:458)
[PROCESS OUT] 	at ca.concordia.ptidej.spectra.Profile.MonitoringHandler.extractStats(MonitoringHandler.java:235)
[PROCESS OUT] 	at ca.concordia.ptidej.spectra.Profile.MonitoringHandler.run(MonitoringHandler.java:92)
[PROCESS OUT] 	at java.base/java.lang.Thread.run(Thread.java:1474)
[PROCESS OUT] 20/11/2025 11:41:11.293 - [WARNING] - Error resolving method: java.base@25/java.lang.invoke.LambdaForm$DMH/0x00000001260b0800.<clinit>(LambdaForm$DMH)
[PROCESS OUT] java.lang.ClassNotFoundException: java.lang.invoke.LambdaForm$DMH/0x00000001260b0800
[PROCESS OUT] 	at java.base/java.lang.Class.forName0(Native Method)
[PROCESS OUT] 	at java.base/java.lang.Class.forName(Class.java:467)
[PROCESS OUT] 	at java.base/java.lang.Class.forName(Class.java:458)
[PROCESS OUT] 	at ca.concordia.ptidej.spectra.Profile.MonitoringHandler.extractStats(MonitoringHandler.java:235)
[PROCESS OUT] 	at ca.concordia.ptidej.spectra.Profile.MonitoringHandler.run(MonitoringHandler.java:92)
[PROCESS OUT] 	at java.base/java.lang.Thread.run(Thread.java:1474)
[PROCESS OUT] 20/11/2025 11:41:11.294 - [WARNING] - Error resolving method: java.management@25/java.lang.management.ManagementFactory$$Lambda/0x00000001260c3988.accept(Unknown Source)
[PROCESS OUT] java.lang.ClassNotFoundException: java.lang.management.ManagementFactory$$Lambda/0x00000001260c3988
[PROCESS OUT] 	at java.base/java.lang.Class.forName0(Native Method)
[PROCESS OUT] 	at java.base/java.lang.Class.forName(Class.java:467)
[PROCESS OUT] 	at java.base/java.lang.Class.forName(Class.java:458)
[PROCESS OUT] 	at ca.concordia.ptidej.spectra.Profile.MonitoringHandler.extractStats(MonitoringHandler.java:235)
[PROCESS OUT] 	at ca.concordia.ptidej.spectra.Profile.MonitoringHandler.run(MonitoringHandler.java:92)
[PROCESS OUT] 	at java.base/java.lang.Thread.run(Thread.java:1474)
[PROCESS OUT] 20/11/2025 11:41:11.299 - [WARNING] - Error resolving method: java.management@25/java.lang.management.ManagementFactory$$Lambda/0x00000001260c3988.accept(Unknown Source)
[PROCESS OUT] java.lang.ClassNotFoundException: java.lang.management.ManagementFactory$$Lambda/0x00000001260c3988
[PROCESS OUT] 	at java.base/java.lang.Class.forName0(Native Method)
[PROCESS OUT] 	at java.base/java.lang.Class.forName(Class.java:467)
[PROCESS OUT] 	at java.base/java.lang.Class.forName(Class.java:458)
[PROCESS OUT] 	at ca.concordia.ptidej.spectra.Profile.MonitoringHandler.extractStats(MonitoringHandler.java:235)
[PROCESS OUT] 	at ca.concordia.ptidej.spectra.Profile.MonitoringHandler.run(MonitoringHandler.java:92)
[PROCESS OUT] 	at java.base/java.lang.Thread.run(Thread.java:1474)
[PROCESS OUT] 20/11/2025 11:41:11.300 - [WARNING] - Error resolving method: java.management@25/java.lang.management.ManagementFactory$$Lambda/0x00000001260c3988.accept(Unknown Source)
[PROCESS OUT] java.lang.ClassNotFoundException: java.lang.management.ManagementFactory$$Lambda/0x00000001260c3988
[PROCESS OUT] 	at java.base/java.lang.Class.forName0(Native Method)
[PROCESS OUT] 	at java.base/java.lang.Class.forName(Class.java:467)
[PROCESS OUT] 	at java.base/java.lang.Class.forName(Class.java:458)
[PROCESS OUT] 	at ca.concordia.ptidej.spectra.Profile.MonitoringHandler.extractStats(MonitoringHandler.java:235)
[PROCESS OUT] 	at ca.concordia.ptidej.spectra.Profile.MonitoringHandler.run(MonitoringHandler.java:92)
[PROCESS OUT] 	at java.base/java.lang.Thread.run(Thread.java:1474)
[PROCESS OUT] 20/11/2025 11:41:11.301 - [WARNING] - Error resolving method: java.management@25/java.lang.management.ManagementFactory$$Lambda/0x00000001260c3988.accept(Unknown Source)
[PROCESS OUT] java.lang.ClassNotFoundException: java.lang.management.ManagementFactory$$Lambda/0x00000001260c3988
[PROCESS OUT] 	at java.base/java.lang.Class.forName0(Native Method)
[PROCESS OUT] 	at java.base/java.lang.Class.forName(Class.java:467)
[PROCESS OUT] 	at java.base/java.lang.Class.forName(Class.java:458)
[PROCESS OUT] 	at ca.concordia.ptidej.spectra.Profile.MonitoringHandler.extractStats(MonitoringHandler.java:235)
[PROCESS OUT] 	at ca.concordia.ptidej.spectra.Profile.MonitoringHandler.run(MonitoringHandler.java:92)
[PROCESS OUT] 	at java.base/java.lang.Thread.run(Thread.java:1474)
[PROCESS OUT] 20/11/2025 11:41:11.307 - [WARNING] - Error resolving method: java.management@25/java.lang.management.ManagementFactory$$Lambda/0x00000001260c3988.accept(Unknown Source)
[PROCESS OUT] java.lang.ClassNotFoundException: java.lang.management.ManagementFactory$$Lambda/0x00000001260c3988
[PROCESS OUT] 	at java.base/java.lang.Class.forName0(Native Method)
[PROCESS OUT] 	at java.base/java.lang.Class.forName(Class.java:467)
[PROCESS OUT] 	at java.base/java.lang.Class.forName(Class.java:458)
[PROCESS OUT] 	at ca.concordia.ptidej.spectra.Profile.MonitoringHandler.extractStats(MonitoringHandler.java:235)
[PROCESS OUT] 	at ca.concordia.ptidej.spectra.Profile.MonitoringHandler.run(MonitoringHandler.java:92)
[PROCESS OUT] 	at java.base/java.lang.Thread.run(Thread.java:1474)
[PROCESS OUT] 20/11/2025 11:41:11.308 - [WARNING] - Error resolving method: java.management@25/java.lang.management.ManagementFactory$$Lambda/0x00000001260c3988.accept(Unknown Source)
[PROCESS OUT] java.lang.ClassNotFoundException: java.lang.management.ManagementFactory$$Lambda/0x00000001260c3988
[PROCESS OUT] 	at java.base/java.lang.Class.forName0(Native Method)
[PROCESS OUT] 	at java.base/java.lang.Class.forName(Class.java:467)
[PROCESS OUT] 	at java.base/java.lang.Class.forName(Class.java:458)
[PROCESS OUT] 	at ca.concordia.ptidej.spectra.Profile.MonitoringHandler.extractStats(MonitoringHandler.java:235)
[PROCESS OUT] 	at ca.concordia.ptidej.spectra.Profile.MonitoringHandler.run(MonitoringHandler.java:92)
[PROCESS OUT] 	at java.base/java.lang.Thread.run(Thread.java:1474)
[PROCESS OUT] 20/11/2025 11:41:11.309 - [WARNING] - Error resolving method: java.management@25/java.lang.management.ManagementFactory$$Lambda/0x00000001260c3988.accept(Unknown Source)
[PROCESS OUT] java.lang.ClassNotFoundException: java.lang.management.ManagementFactory$$Lambda/0x00000001260c3988
[PROCESS OUT] 	at java.base/java.lang.Class.forName0(Native Method)
[PROCESS OUT] 	at java.base/java.lang.Class.forName(Class.java:467)
[PROCESS OUT] 	at java.base/java.lang.Class.forName(Class.java:458)
[PROCESS OUT] 	at ca.concordia.ptidej.spectra.Profile.MonitoringHandler.extractStats(MonitoringHandler.java:235)
[PROCESS OUT] 	at ca.concordia.ptidej.spectra.Profile.MonitoringHandler.run(MonitoringHandler.java:92)
[PROCESS OUT] 	at java.base/java.lang.Thread.run(Thread.java:1474)
[PROCESS OUT] 20/11/2025 11:41:11.310 - [WARNING] - Error resolving method: java.management@25/java.lang.management.ManagementFactory$$Lambda/0x00000001260c3988.accept(Unknown Source)
[PROCESS OUT] java.lang.ClassNotFoundException: java.lang.management.ManagementFactory$$Lambda/0x00000001260c3988
[PROCESS OUT] 	at java.base/java.lang.Class.forName0(Native Method)
[PROCESS OUT] 	at java.base/java.lang.Class.forName(Class.java:467)
[PROCESS OUT] 	at java.base/java.lang.Class.forName(Class.java:458)
[PROCESS OUT] 	at ca.concordia.ptidej.spectra.Profile.MonitoringHandler.extractStats(MonitoringHandler.java:235)
[PROCESS OUT] 	at ca.concordia.ptidej.spectra.Profile.MonitoringHandler.run(MonitoringHandler.java:92)
[PROCESS OUT] 	at java.base/java.lang.Thread.run(Thread.java:1474)
[PROCESS OUT] 20/11/2025 11:41:11.312 - [WARNING] - Error resolving method: java.management@25/java.lang.management.ManagementFactory$$Lambda/0x00000001260c3988.accept(Unknown Source)
[PROCESS OUT] java.lang.ClassNotFoundException: java.lang.management.ManagementFactory$$Lambda/0x00000001260c3988
[PROCESS OUT] 	at java.base/java.lang.Class.forName0(Native Method)
[PROCESS OUT] 	at java.base/java.lang.Class.forName(Class.java:467)
[PROCESS OUT] 	at java.base/java.lang.Class.forName(Class.java:458)
[PROCESS OUT] 	at ca.concordia.ptidej.spectra.Profile.MonitoringHandler.extractStats(MonitoringHandler.java:235)
[PROCESS OUT] 	at ca.concordia.ptidej.spectra.Profile.MonitoringHandler.run(MonitoringHandler.java:92)
[PROCESS OUT] 	at java.base/java.lang.Thread.run(Thread.java:1474)
[PROCESS OUT] 20/11/2025 11:41:11.313 - [WARNING] - Error resolving method: java.management@25/java.lang.management.ManagementFactory$$Lambda/0x00000001260c3988.accept(Unknown Source)
[PROCESS OUT] java.lang.ClassNotFoundException: java.lang.management.ManagementFactory$$Lambda/0x00000001260c3988
[PROCESS OUT] 	at java.base/java.lang.Class.forName0(Native Method)
[PROCESS OUT] 	at java.base/java.lang.Class.forName(Class.java:467)
[PROCESS OUT] 	at java.base/java.lang.Class.forName(Class.java:458)
[PROCESS OUT] 	at ca.concordia.ptidej.spectra.Profile.MonitoringHandler.extractStats(MonitoringHandler.java:235)
[PROCESS OUT] 	at ca.concordia.ptidej.spectra.Profile.MonitoringHandler.run(MonitoringHandler.java:92)
[PROCESS OUT] 	at java.base/java.lang.Thread.run(Thread.java:1474)
[PROCESS OUT] 20/11/2025 11:41:11.314 - [WARNING] - Error resolving method: java.management@25/java.lang.management.ManagementFactory$$Lambda/0x00000001260c3988.accept(Unknown Source)
[PROCESS OUT] java.lang.ClassNotFoundException: java.lang.management.ManagementFactory$$Lambda/0x00000001260c3988
[PROCESS OUT] 	at java.base/java.lang.Class.forName0(Native Method)
[PROCESS OUT] 	at java.base/java.lang.Class.forName(Class.java:467)
[PROCESS OUT] 	at java.base/java.lang.Class.forName(Class.java:458)
[PROCESS OUT] 	at ca.concordia.ptidej.spectra.Profile.MonitoringHandler.extractStats(MonitoringHandler.java:235)
[PROCESS OUT] 	at ca.concordia.ptidej.spectra.Profile.MonitoringHandler.run(MonitoringHandler.java:92)
[PROCESS OUT] 	at java.base/java.lang.Thread.run(Thread.java:1474)
[PROCESS OUT] 20/11/2025 11:41:11.338 - [WARNING] - Error resolving method: java.management@25/java.lang.management.ManagementFactory$$Lambda/0x00000001260c3988.accept(Unknown Source)
[PROCESS OUT] java.lang.ClassNotFoundException: java.lang.management.ManagementFactory$$Lambda/0x00000001260c3988
[PROCESS OUT] 	at java.base/java.lang.Class.forName0(Native Method)
[PROCESS OUT] 	at java.base/java.lang.Class.forName(Class.java:467)
[PROCESS OUT] 	at java.base/java.lang.Class.forName(Class.java:458)
[PROCESS OUT] 	at ca.concordia.ptidej.spectra.Profile.MonitoringHandler.extractStats(MonitoringHandler.java:235)
[PROCESS OUT] 	at ca.concordia.ptidej.spectra.Profile.MonitoringHandler.run(MonitoringHandler.java:92)
[PROCESS OUT] 	at java.base/java.lang.Thread.run(Thread.java:1474)
[PROCESS OUT] 20/11/2025 11:41:11.339 - [WARNING] - Error resolving method: java.management@25/java.lang.management.ManagementFactory$$Lambda/0x00000001260c3988.accept(Unknown Source)
[PROCESS OUT] java.lang.ClassNotFoundException: java.lang.management.ManagementFactory$$Lambda/0x00000001260c3988
[PROCESS OUT] 	at java.base/java.lang.Class.forName0(Native Method)
[PROCESS OUT] 	at java.base/java.lang.Class.forName(Class.java:467)
[PROCESS OUT] 	at java.base/java.lang.Class.forName(Class.java:458)
[PROCESS OUT] 	at ca.concordia.ptidej.spectra.Profile.MonitoringHandler.extractStats(MonitoringHandler.java:235)
[PROCESS OUT] 	at ca.concordia.ptidej.spectra.Profile.MonitoringHandler.run(MonitoringHandler.java:92)
[PROCESS OUT] 	at java.base/java.lang.Thread.run(Thread.java:1474)
[PROCESS OUT] 20/11/2025 11:41:11.340 - [WARNING] - Error resolving method: java.management@25/java.lang.management.ManagementFactory$$Lambda/0x00000001260c3988.accept(Unknown Source)
[PROCESS OUT] java.lang.ClassNotFoundException: java.lang.management.ManagementFactory$$Lambda/0x00000001260c3988
[PROCESS OUT] 	at java.base/java.lang.Class.forName0(Native Method)
[PROCESS OUT] 	at java.base/java.lang.Class.forName(Class.java:467)
[PROCESS OUT] 	at java.base/java.lang.Class.forName(Class.java:458)
[PROCESS OUT] 	at ca.concordia.ptidej.spectra.Profile.MonitoringHandler.extractStats(MonitoringHandler.java:235)
[PROCESS OUT] 	at ca.concordia.ptidej.spectra.Profile.MonitoringHandler.run(MonitoringHandler.java:92)
[PROCESS OUT] 	at java.base/java.lang.Thread.run(Thread.java:1474)
[PROCESS OUT] 20/11/2025 11:41:11.342 - [WARNING] - Error resolving method: java.management@25/java.lang.management.ManagementFactory$$Lambda/0x00000001260c3988.accept(Unknown Source)
[PROCESS OUT] java.lang.ClassNotFoundException: java.lang.management.ManagementFactory$$Lambda/0x00000001260c3988
[PROCESS OUT] 	at java.base/java.lang.Class.forName0(Native Method)
[PROCESS OUT] 	at java.base/java.lang.Class.forName(Class.java:467)
[PROCESS OUT] 	at java.base/java.lang.Class.forName(Class.java:458)
[PROCESS OUT] 	at ca.concordia.ptidej.spectra.Profile.MonitoringHandler.extractStats(MonitoringHandler.java:235)
[PROCESS OUT] 	at ca.concordia.ptidej.spectra.Profile.MonitoringHandler.run(MonitoringHandler.java:92)
[PROCESS OUT] 	at java.base/java.lang.Thread.run(Thread.java:1474)
[PROCESS OUT] 20/11/2025 11:41:11.343 - [WARNING] - Error resolving method: java.management@25/java.lang.management.ManagementFactory$$Lambda/0x00000001260c3988.accept(Unknown Source)
[PROCESS OUT] java.lang.ClassNotFoundException: java.lang.management.ManagementFactory$$Lambda/0x00000001260c3988
[PROCESS OUT] 	at java.base/java.lang.Class.forName0(Native Method)
[PROCESS OUT] 	at java.base/java.lang.Class.forName(Class.java:467)
[PROCESS OUT] 	at java.base/java.lang.Class.forName(Class.java:458)
[PROCESS OUT] 	at ca.concordia.ptidej.spectra.Profile.MonitoringHandler.extractStats(MonitoringHandler.java:235)
[PROCESS OUT] 	at ca.concordia.ptidej.spectra.Profile.MonitoringHandler.run(MonitoringHandler.java:92)
[PROCESS OUT] 	at java.base/java.lang.Thread.run(Thread.java:1474)
[PROCESS OUT] 20/11/2025 11:41:11.345 - [WARNING] - Error resolving method: java.management@25/java.lang.management.ManagementFactory$$Lambda/0x00000001260c3988.accept(Unknown Source)
[PROCESS OUT] java.lang.ClassNotFoundException: java.lang.management.ManagementFactory$$Lambda/0x00000001260c3988
[PROCESS OUT] 	at java.base/java.lang.Class.forName0(Native Method)
[PROCESS OUT] 	at java.base/java.lang.Class.forName(Class.java:467)
[PROCESS OUT] 	at java.base/java.lang.Class.forName(Class.java:458)
[PROCESS OUT] 	at ca.concordia.ptidej.spectra.Profile.MonitoringHandler.extractStats(MonitoringHandler.java:235)
[PROCESS OUT] 	at ca.concordia.ptidej.spectra.Profile.MonitoringHandler.run(MonitoringHandler.java:92)
[PROCESS OUT] 	at java.base/java.lang.Thread.run(Thread.java:1474)
[PROCESS OUT] 20/11/2025 11:41:11.346 - [WARNING] - Error resolving method: java.base@25/java.lang.invoke.LambdaForm$DMH/0x00000001260b0c00.newInvokeSpecial(LambdaForm$DMH)
[PROCESS OUT] java.lang.ClassNotFoundException: java.lang.invoke.LambdaForm$DMH/0x00000001260b0c00
[PROCESS OUT] 	at java.base/java.lang.Class.forName0(Native Method)
[PROCESS OUT] 	at java.base/java.lang.Class.forName(Class.java:467)
[PROCESS OUT] 	at java.base/java.lang.Class.forName(Class.java:458)
[PROCESS OUT] 	at ca.concordia.ptidej.spectra.Profile.MonitoringHandler.extractStats(MonitoringHandler.java:235)
[PROCESS OUT] 	at ca.concordia.ptidej.spectra.Profile.MonitoringHandler.run(MonitoringHandler.java:92)
[PROCESS OUT] 	at java.base/java.lang.Thread.run(Thread.java:1474)
[PROCESS OUT] 20/11/2025 11:41:11.346 - [WARNING] - Error resolving method: java.management@25/java.lang.management.ManagementFactory$$Lambda/0x00000001260c3988.accept(Unknown Source)
[PROCESS OUT] java.lang.ClassNotFoundException: java.lang.management.ManagementFactory$$Lambda/0x00000001260c3988
[PROCESS OUT] 	at java.base/java.lang.Class.forName0(Native Method)
[PROCESS OUT] 	at java.base/java.lang.Class.forName(Class.java:467)
[PROCESS OUT] 	at java.base/java.lang.Class.forName(Class.java:458)
[PROCESS OUT] 	at ca.concordia.ptidej.spectra.Profile.MonitoringHandler.extractStats(MonitoringHandler.java:235)
[PROCESS OUT] 	at ca.concordia.ptidej.spectra.Profile.MonitoringHandler.run(MonitoringHandler.java:92)
[PROCESS OUT] 	at java.base/java.lang.Thread.run(Thread.java:1474)
[PROCESS OUT] 20/11/2025 11:41:11.347 - [WARNING] - Error resolving method: java.management@25/java.lang.management.ManagementFactory$$Lambda/0x00000001260c3988.accept(Unknown Source)
[PROCESS OUT] java.lang.ClassNotFoundException: java.lang.management.ManagementFactory$$Lambda/0x00000001260c3988
[PROCESS OUT] 	at java.base/java.lang.Class.forName0(Native Method)
[PROCESS OUT] 	at java.base/java.lang.Class.forName(Class.java:467)
[PROCESS OUT] 	at java.base/java.lang.Class.forName(Class.java:458)
[PROCESS OUT] 	at ca.concordia.ptidej.spectra.Profile.MonitoringHandler.extractStats(MonitoringHandler.java:235)
[PROCESS OUT] 	at ca.concordia.ptidej.spectra.Profile.MonitoringHandler.run(MonitoringHandler.java:92)
[PROCESS OUT] 	at java.base/java.lang.Thread.run(Thread.java:1474)
[PROCESS OUT] 20/11/2025 11:41:11.348 - [WARNING] - Error resolving method: java.management@25/java.lang.management.ManagementFactory$$Lambda/0x00000001260c3988.accept(Unknown Source)
[PROCESS OUT] java.lang.ClassNotFoundException: java.lang.management.ManagementFactory$$Lambda/0x00000001260c3988
[PROCESS OUT] 	at java.base/java.lang.Class.forName0(Native Method)
[PROCESS OUT] 	at java.base/java.lang.Class.forName(Class.java:467)
[PROCESS OUT] 	at java.base/java.lang.Class.forName(Class.java:458)
[PROCESS OUT] 	at ca.concordia.ptidej.spectra.Profile.MonitoringHandler.extractStats(MonitoringHandler.java:235)
[PROCESS OUT] 	at ca.concordia.ptidej.spectra.Profile.MonitoringHandler.run(MonitoringHandler.java:92)
[PROCESS OUT] 	at java.base/java.lang.Thread.run(Thread.java:1474)
[PROCESS OUT] 20/11/2025 11:41:11.349 - [WARNING] - Error resolving method: java.management@25/java.lang.management.ManagementFactory$$Lambda/0x00000001260c3988.accept(Unknown Source)
[PROCESS OUT] java.lang.ClassNotFoundException: java.lang.management.ManagementFactory$$Lambda/0x00000001260c3988
[PROCESS OUT] 	at java.base/java.lang.Class.forName0(Native Method)
[PROCESS OUT] 	at java.base/java.lang.Class.forName(Class.java:467)
[PROCESS OUT] 	at java.base/java.lang.Class.forName(Class.java:458)
[PROCESS OUT] 	at ca.concordia.ptidej.spectra.Profile.MonitoringHandler.extractStats(MonitoringHandler.java:235)
[PROCESS OUT] 	at ca.concordia.ptidej.spectra.Profile.MonitoringHandler.run(MonitoringHandler.java:92)
[PROCESS OUT] 	at java.base/java.lang.Thread.run(Thread.java:1474)
[PROCESS OUT] 20/11/2025 11:41:11.350 - [WARNING] - Error resolving method: java.management@25/java.lang.management.ManagementFactory$$Lambda/0x00000001260c3988.accept(Unknown Source)
[PROCESS OUT] java.lang.ClassNotFoundException: java.lang.management.ManagementFactory$$Lambda/0x00000001260c3988
[PROCESS OUT] 	at java.base/java.lang.Class.forName0(Native Method)
[PROCESS OUT] 	at java.base/java.lang.Class.forName(Class.java:467)
[PROCESS OUT] 	at java.base/java.lang.Class.forName(Class.java:458)
[PROCESS OUT] 	at ca.concordia.ptidej.spectra.Profile.MonitoringHandler.extractStats(MonitoringHandler.java:235)
[PROCESS OUT] 	at ca.concordia.ptidej.spectra.Profile.MonitoringHandler.run(MonitoringHandler.java:92)
[PROCESS OUT] 	at java.base/java.lang.Thread.run(Thread.java:1474)
[PROCESS OUT] 20/11/2025 11:41:11.351 - [WARNING] - Error resolving method: java.management@25/java.lang.management.ManagementFactory$$Lambda/0x00000001260c3988.accept(Unknown Source)
[PROCESS OUT] java.lang.ClassNotFoundException: java.lang.management.ManagementFactory$$Lambda/0x00000001260c3988
[PROCESS OUT] 	at java.base/java.lang.Class.forName0(Native Method)
[PROCESS OUT] 	at java.base/java.lang.Class.forName(Class.java:467)
[PROCESS OUT] 	at java.base/java.lang.Class.forName(Class.java:458)
[PROCESS OUT] 	at ca.concordia.ptidej.spectra.Profile.MonitoringHandler.extractStats(MonitoringHandler.java:235)
[PROCESS OUT] 	at ca.concordia.ptidej.spectra.Profile.MonitoringHandler.run(MonitoringHandler.java:92)
[PROCESS OUT] 	at java.base/java.lang.Thread.run(Thread.java:1474)
[PROCESS OUT] 20/11/2025 11:41:11.352 - [WARNING] - Error resolving method: java.management@25/java.lang.management.ManagementFactory$$Lambda/0x00000001260c3988.accept(Unknown Source)
[PROCESS OUT] java.lang.ClassNotFoundException: java.lang.management.ManagementFactory$$Lambda/0x00000001260c3988
[PROCESS OUT] 	at java.base/java.lang.Class.forName0(Native Method)
[PROCESS OUT] 	at java.base/java.lang.Class.forName(Class.java:467)
[PROCESS OUT] 	at java.base/java.lang.Class.forName(Class.java:458)
[PROCESS OUT] 	at ca.concordia.ptidej.spectra.Profile.MonitoringHandler.extractStats(MonitoringHandler.java:235)
[PROCESS OUT] 	at ca.concordia.ptidej.spectra.Profile.MonitoringHandler.run(MonitoringHandler.java:92)
[PROCESS OUT] 	at java.base/java.lang.Thread.run(Thread.java:1474)
[PROCESS OUT] 20/11/2025 11:41:11.354 - [WARNING] - Error resolving method: java.management@25/java.lang.management.ManagementFactory$$Lambda/0x00000001260c3988.accept(Unknown Source)
[PROCESS OUT] java.lang.ClassNotFoundException: java.lang.management.ManagementFactory$$Lambda/0x00000001260c3988
[PROCESS OUT] 	at java.base/java.lang.Class.forName0(Native Method)
[PROCESS OUT] 	at java.base/java.lang.Class.forName(Class.java:467)
[PROCESS OUT] 	at java.base/java.lang.Class.forName(Class.java:458)
[PROCESS OUT] 	at ca.concordia.ptidej.spectra.Profile.MonitoringHandler.extractStats(MonitoringHandler.java:235)
[PROCESS OUT] 	at ca.concordia.ptidej.spectra.Profile.MonitoringHandler.run(MonitoringHandler.java:92)
[PROCESS OUT] 	at java.base/java.lang.Thread.run(Thread.java:1474)
[PROCESS OUT] 20/11/2025 11:41:11.355 - [WARNING] - Error resolving method: java.management@25/java.lang.management.ManagementFactory$$Lambda/0x00000001260c3988.accept(Unknown Source)
[PROCESS OUT] java.lang.ClassNotFoundException: java.lang.management.ManagementFactory$$Lambda/0x00000001260c3988
[PROCESS OUT] 	at java.base/java.lang.Class.forName0(Native Method)
[PROCESS OUT] 	at java.base/java.lang.Class.forName(Class.java:467)
[PROCESS OUT] 	at java.base/java.lang.Class.forName(Class.java:458)
[PROCESS OUT] 	at ca.concordia.ptidej.spectra.Profile.MonitoringHandler.extractStats(MonitoringHandler.java:235)
[PROCESS OUT] 	at ca.concordia.ptidej.spectra.Profile.MonitoringHandler.run(MonitoringHandler.java:92)
[PROCESS OUT] 	at java.base/java.lang.Thread.run(Thread.java:1474)
[PROCESS OUT] 20/11/2025 11:41:11.356 - [WARNING] - Error resolving method: java.management@25/java.lang.management.ManagementFactory$$Lambda/0x00000001260c3988.accept(Unknown Source)
[PROCESS OUT] java.lang.ClassNotFoundException: java.lang.management.ManagementFactory$$Lambda/0x00000001260c3988
[PROCESS OUT] 	at java.base/java.lang.Class.forName0(Native Method)
[PROCESS OUT] 	at java.base/java.lang.Class.forName(Class.java:467)
[PROCESS OUT] 	at java.base/java.lang.Class.forName(Class.java:458)
[PROCESS OUT] 	at ca.concordia.ptidej.spectra.Profile.MonitoringHandler.extractStats(MonitoringHandler.java:235)
[PROCESS OUT] 	at ca.concordia.ptidej.spectra.Profile.MonitoringHandler.run(MonitoringHandler.java:92)
[PROCESS OUT] 	at java.base/java.lang.Thread.run(Thread.java:1474)
[PROCESS OUT] 20/11/2025 11:41:11.357 - [WARNING] - Error resolving method: java.management@25/java.lang.management.ManagementFactory$$Lambda/0x00000001260c3988.accept(Unknown Source)
[PROCESS OUT] java.lang.ClassNotFoundException: java.lang.management.ManagementFactory$$Lambda/0x00000001260c3988
[PROCESS OUT] 	at java.base/java.lang.Class.forName0(Native Method)
[PROCESS OUT] 	at java.base/java.lang.Class.forName(Class.java:467)
[PROCESS OUT] 	at java.base/java.lang.Class.forName(Class.java:458)
[PROCESS OUT] 	at ca.concordia.ptidej.spectra.Profile.MonitoringHandler.extractStats(MonitoringHandler.java:235)
[PROCESS OUT] 	at ca.concordia.ptidej.spectra.Profile.MonitoringHandler.run(MonitoringHandler.java:92)
[PROCESS OUT] 	at java.base/java.lang.Thread.run(Thread.java:1474)
[PROCESS OUT] 20/11/2025 11:41:11.358 - [WARNING] - Error resolving method: java.management@25/java.lang.management.ManagementFactory$$Lambda/0x00000001260c3988.accept(Unknown Source)
[PROCESS OUT] java.lang.ClassNotFoundException: java.lang.management.ManagementFactory$$Lambda/0x00000001260c3988
[PROCESS OUT] 	at java.base/java.lang.Class.forName0(Native Method)
[PROCESS OUT] 	at java.base/java.lang.Class.forName(Class.java:467)
[PROCESS OUT] 	at java.base/java.lang.Class.forName(Class.java:458)
[PROCESS OUT] 	at ca.concordia.ptidej.spectra.Profile.MonitoringHandler.extractStats(MonitoringHandler.java:235)
[PROCESS OUT] 	at ca.concordia.ptidej.spectra.Profile.MonitoringHandler.run(MonitoringHandler.java:92)
[PROCESS OUT] 	at java.base/java.lang.Thread.run(Thread.java:1474)
[PROCESS OUT] 20/11/2025 11:41:11.359 - [WARNING] - Error resolving method: java.management@25/java.lang.management.ManagementFactory$$Lambda/0x00000001260c3988.accept(Unknown Source)
[PROCESS OUT] java.lang.ClassNotFoundException: java.lang.management.ManagementFactory$$Lambda/0x00000001260c3988
[PROCESS OUT] 	at java.base/java.lang.Class.forName0(Native Method)
[PROCESS OUT] 	at java.base/java.lang.Class.forName(Class.java:467)
[PROCESS OUT] 	at java.base/java.lang.Class.forName(Class.java:458)
[PROCESS OUT] 	at ca.concordia.ptidej.spectra.Profile.MonitoringHandler.extractStats(MonitoringHandler.java:235)
[PROCESS OUT] 	at ca.concordia.ptidej.spectra.Profile.MonitoringHandler.run(MonitoringHandler.java:92)
[PROCESS OUT] 	at java.base/java.lang.Thread.run(Thread.java:1474)
[PROCESS OUT] 20/11/2025 11:41:11.361 - [WARNING] - Error resolving method: java.management@25/java.lang.management.ManagementFactory$$Lambda/0x00000001260c3740.apply(Unknown Source)
[PROCESS OUT] java.lang.ClassNotFoundException: java.lang.management.ManagementFactory$$Lambda/0x00000001260c3740
[PROCESS OUT] 	at java.base/java.lang.Class.forName0(Native Method)
[PROCESS OUT] 	at java.base/java.lang.Class.forName(Class.java:467)
[PROCESS OUT] 	at java.base/java.lang.Class.forName(Class.java:458)
[PROCESS OUT] 	at ca.concordia.ptidej.spectra.Profile.MonitoringHandler.extractStats(MonitoringHandler.java:235)
[PROCESS OUT] 	at ca.concordia.ptidej.spectra.Profile.MonitoringHandler.run(MonitoringHandler.java:92)
[PROCESS OUT] 	at java.base/java.lang.Thread.run(Thread.java:1474)
[PROCESS OUT] 20/11/2025 11:41:11.362 - [WARNING] - Error resolving method: java.management@25/java.lang.management.DefaultPlatformMBeanProvider$10$$Lambda/0x00000001260dde68.accept(Unknown Source)
[PROCESS OUT] java.lang.ClassNotFoundException: java.lang.management.DefaultPlatformMBeanProvider$10$$Lambda/0x00000001260dde68
[PROCESS OUT] 	at java.base/java.lang.Class.forName0(Native Method)
[PROCESS OUT] 	at java.base/java.lang.Class.forName(Class.java:467)
[PROCESS OUT] 	at java.base/java.lang.Class.forName(Class.java:458)
[PROCESS OUT] 	at ca.concordia.ptidej.spectra.Profile.MonitoringHandler.extractStats(MonitoringHandler.java:235)
[PROCESS OUT] 	at ca.concordia.ptidej.spectra.Profile.MonitoringHandler.run(MonitoringHandler.java:92)
[PROCESS OUT] 	at java.base/java.lang.Thread.run(Thread.java:1474)
[PROCESS OUT] 20/11/2025 11:41:11.363 - [WARNING] - Error resolving method: java.management@25/java.lang.management.ManagementFactory$$Lambda/0x00000001260c3740.apply(Unknown Source)
[PROCESS OUT] java.lang.ClassNotFoundException: java.lang.management.ManagementFactory$$Lambda/0x00000001260c3740
[PROCESS OUT] 	at java.base/java.lang.Class.forName0(Native Method)
[PROCESS OUT] 	at java.base/java.lang.Class.forName(Class.java:467)
[PROCESS OUT] 	at java.base/java.lang.Class.forName(Class.java:458)
[PROCESS OUT] 	at ca.concordia.ptidej.spectra.Profile.MonitoringHandler.extractStats(MonitoringHandler.java:235)
[PROCESS OUT] 	at ca.concordia.ptidej.spectra.Profile.MonitoringHandler.run(MonitoringHandler.java:92)
[PROCESS OUT] 	at java.base/java.lang.Thread.run(Thread.java:1474)
[PROCESS OUT] 20/11/2025 11:41:11.364 - [WARNING] - Error resolving method: java.management@25/java.lang.management.ManagementFactory$$Lambda/0x00000001260c3740.apply(Unknown Source)
[PROCESS OUT] java.lang.ClassNotFoundException: java.lang.management.ManagementFactory$$Lambda/0x00000001260c3740
[PROCESS OUT] 	at java.base/java.lang.Class.forName0(Native Method)
[PROCESS OUT] 	at java.base/java.lang.Class.forName(Class.java:467)
[PROCESS OUT] 	at java.base/java.lang.Class.forName(Class.java:458)
[PROCESS OUT] 	at ca.concordia.ptidej.spectra.Profile.MonitoringHandler.extractStats(MonitoringHandler.java:235)
[PROCESS OUT] 	at ca.concordia.ptidej.spectra.Profile.MonitoringHandler.run(MonitoringHandler.java:92)
[PROCESS OUT] 	at java.base/java.lang.Thread.run(Thread.java:1474)
[PROCESS OUT] 20/11/2025 11:41:11.366 - [WARNING] - Error resolving method: java.management@25/java.lang.management.ManagementFactory$$Lambda/0x00000001260c3740.apply(Unknown Source)
[PROCESS OUT] java.lang.ClassNotFoundException: java.lang.management.ManagementFactory$$Lambda/0x00000001260c3740
[PROCESS OUT] 	at java.base/java.lang.Class.forName0(Native Method)
[PROCESS OUT] 	at java.base/java.lang.Class.forName(Class.java:467)
[PROCESS OUT] 	at java.base/java.lang.Class.forName(Class.java:458)
[PROCESS OUT] 	at ca.concordia.ptidej.spectra.Profile.MonitoringHandler.extractStats(MonitoringHandler.java:235)
[PROCESS OUT] 	at ca.concordia.ptidej.spectra.Profile.MonitoringHandler.run(MonitoringHandler.java:92)
[PROCESS OUT] 	at java.base/java.lang.Thread.run(Thread.java:1474)
[PROCESS OUT] 20/11/2025 11:41:11.367 - [WARNING] - Error resolving method: java.management@25/java.lang.management.ManagementFactory$$Lambda/0x00000001260c3740.apply(Unknown Source)
[PROCESS OUT] java.lang.ClassNotFoundException: java.lang.management.ManagementFactory$$Lambda/0x00000001260c3740
[PROCESS OUT] 	at java.base/java.lang.Class.forName0(Native Method)
[PROCESS OUT] 	at java.base/java.lang.Class.forName(Class.java:467)
[PROCESS OUT] 	at java.base/java.lang.Class.forName(Class.java:458)
[PROCESS OUT] 	at ca.concordia.ptidej.spectra.Profile.MonitoringHandler.extractStats(MonitoringHandler.java:235)
[PROCESS OUT] 	at ca.concordia.ptidej.spectra.Profile.MonitoringHandler.run(MonitoringHandler.java:92)
[PROCESS OUT] 	at java.base/java.lang.Thread.run(Thread.java:1474)
[PROCESS OUT] 20/11/2025 11:41:11.368 - [WARNING] - Error resolving method: java.base@25/java.lang.invoke.LambdaForm$MH/0x0000000126040400.invoke(LambdaForm$MH)
[PROCESS OUT] java.lang.ClassNotFoundException: java.lang.invoke.LambdaForm$MH/0x0000000126040400
[PROCESS OUT] 	at java.base/java.lang.Class.forName0(Native Method)
[PROCESS OUT] 	at java.base/java.lang.Class.forName(Class.java:467)
[PROCESS OUT] 	at java.base/java.lang.Class.forName(Class.java:458)
[PROCESS OUT] 	at ca.concordia.ptidej.spectra.Profile.MonitoringHandler.extractStats(MonitoringHandler.java:235)
[PROCESS OUT] 	at ca.concordia.ptidej.spectra.Profile.MonitoringHandler.run(MonitoringHandler.java:92)
[PROCESS OUT] 	at java.base/java.lang.Thread.run(Thread.java:1474)
[PROCESS OUT] 20/11/2025 11:41:11.435 - [WARNING] - Error resolving method: java.base@25/java.lang.invoke.LambdaForm$MH/0x0000000126104400.invoke(LambdaForm$MH)
[PROCESS OUT] java.lang.ClassNotFoundException: java.lang.invoke.LambdaForm$MH/0x0000000126104400
[PROCESS OUT] 	at java.base/java.lang.Class.forName0(Native Method)
[PROCESS OUT] 	at java.base/java.lang.Class.forName(Class.java:467)
[PROCESS OUT] 	at java.base/java.lang.Class.forName(Class.java:458)
[PROCESS OUT] 	at ca.concordia.ptidej.spectra.Profile.MonitoringHandler.extractStats(MonitoringHandler.java:235)
[PROCESS OUT] 	at ca.concordia.ptidej.spectra.Profile.MonitoringHandler.run(MonitoringHandler.java:92)
[PROCESS OUT] 	at java.base/java.lang.Thread.run(Thread.java:1474)
[PROCESS OUT] 20/11/2025 11:41:11.435 - [WARNING] - Error resolving method: java.base@25/java.lang.String$$StringConcat/0x0000000126104000.coder(Unknown Source)
[PROCESS OUT] java.lang.ClassNotFoundException: java.lang.String$$StringConcat/0x0000000126104000
[PROCESS OUT] 	at java.base/java.lang.Class.forName0(Native Method)
[PROCESS OUT] 	at java.base/java.lang.Class.forName(Class.java:467)
[PROCESS OUT] 	at java.base/java.lang.Class.forName(Class.java:458)
[PROCESS OUT] 	at ca.concordia.ptidej.spectra.Profile.MonitoringHandler.extractStats(MonitoringHandler.java:235)
[PROCESS OUT] 	at ca.concordia.ptidej.spectra.Profile.MonitoringHandler.run(MonitoringHandler.java:92)
[PROCESS OUT] 	at java.base/java.lang.Thread.run(Thread.java:1474)
[PROCESS OUT] 20/11/2025 11:41:11.435 - [WARNING] - Error resolving method: java.base@25/java.lang.String$$StringConcat/0x0000000126104000.concat(Unknown Source)
[PROCESS OUT] java.lang.ClassNotFoundException: java.lang.String$$StringConcat/0x0000000126104000
[PROCESS OUT] 	at java.base/java.lang.Class.forName0(Native Method)
[PROCESS OUT] 	at java.base/java.lang.Class.forName(Class.java:467)
[PROCESS OUT] 	at java.base/java.lang.Class.forName(Class.java:458)
[PROCESS OUT] 	at ca.concordia.ptidej.spectra.Profile.MonitoringHandler.extractStats(MonitoringHandler.java:235)
[PROCESS OUT] 	at ca.concordia.ptidej.spectra.Profile.MonitoringHandler.run(MonitoringHandler.java:92)
[PROCESS OUT] 	at java.base/java.lang.Thread.run(Thread.java:1474)
[PROCESS OUT] 20/11/2025 11:41:11.435 - [WARNING] - Error resolving method: java.base@25/java.lang.invoke.LambdaForm$MH/0x0000000126104400.invoke(LambdaForm$MH)
[PROCESS OUT] java.lang.ClassNotFoundException: java.lang.invoke.LambdaForm$MH/0x0000000126104400
[PROCESS OUT] 	at java.base/java.lang.Class.forName0(Native Method)
[PROCESS OUT] 	at java.base/java.lang.Class.forName(Class.java:467)
[PROCESS OUT] 	at java.base/java.lang.Class.forName(Class.java:458)
[PROCESS OUT] 	at ca.concordia.ptidej.spectra.Profile.MonitoringHandler.extractStats(MonitoringHandler.java:235)
[PROCESS OUT] 	at ca.concordia.ptidej.spectra.Profile.MonitoringHandler.run(MonitoringHandler.java:92)
[PROCESS OUT] 	at java.base/java.lang.Thread.run(Thread.java:1474)
[PROCESS OUT] 20/11/2025 11:41:11.437 - [WARNING] - Error resolving method: java.base@25/java.lang.String$$StringConcat/0x0000000126104000.prepend(Unknown Source)
[PROCESS OUT] java.lang.ClassNotFoundException: java.lang.String$$StringConcat/0x0000000126104000
[PROCESS OUT] 	at java.base/java.lang.Class.forName0(Native Method)
[PROCESS OUT] 	at java.base/java.lang.Class.forName(Class.java:467)
[PROCESS OUT] 	at java.base/java.lang.Class.forName(Class.java:458)
[PROCESS OUT] 	at ca.concordia.ptidej.spectra.Profile.MonitoringHandler.extractStats(MonitoringHandler.java:235)
[PROCESS OUT] 	at ca.concordia.ptidej.spectra.Profile.MonitoringHandler.run(MonitoringHandler.java:92)
[PROCESS OUT] 	at java.base/java.lang.Thread.run(Thread.java:1474)
[PROCESS OUT] 20/11/2025 11:41:11.438 - [WARNING] - Error resolving method: java.base@25/java.lang.String$$StringConcat/0x0000000126104000.concat(Unknown Source)
[PROCESS OUT] java.lang.ClassNotFoundException: java.lang.String$$StringConcat/0x0000000126104000
[PROCESS OUT] 	at java.base/java.lang.Class.forName0(Native Method)
[PROCESS OUT] 	at java.base/java.lang.Class.forName(Class.java:467)
[PROCESS OUT] 	at java.base/java.lang.Class.forName(Class.java:458)
[PROCESS OUT] 	at ca.concordia.ptidej.spectra.Profile.MonitoringHandler.extractStats(MonitoringHandler.java:235)
[PROCESS OUT] 	at ca.concordia.ptidej.spectra.Profile.MonitoringHandler.run(MonitoringHandler.java:92)
[PROCESS OUT] 	at java.base/java.lang.Thread.run(Thread.java:1474)
[PROCESS OUT] 20/11/2025 11:41:11.438 - [WARNING] - Error resolving method: java.base@25/java.lang.invoke.LambdaForm$MH/0x0000000126104400.invoke(LambdaForm$MH)
[PROCESS OUT] java.lang.ClassNotFoundException: java.lang.invoke.LambdaForm$MH/0x0000000126104400
[PROCESS OUT] 	at java.base/java.lang.Class.forName0(Native Method)
[PROCESS OUT] 	at java.base/java.lang.Class.forName(Class.java:467)
[PROCESS OUT] 	at java.base/java.lang.Class.forName(Class.java:458)
[PROCESS OUT] 	at ca.concordia.ptidej.spectra.Profile.MonitoringHandler.extractStats(MonitoringHandler.java:235)
[PROCESS OUT] 	at ca.concordia.ptidej.spectra.Profile.MonitoringHandler.run(MonitoringHandler.java:92)
[PROCESS OUT] 	at java.base/java.lang.Thread.run(Thread.java:1474)
[PROCESS OUT] 20/11/2025 11:41:11.450 - [WARNING] - Error resolving method: java.base@25/java.lang.invoke.LambdaForm$MH/0x0000000126040000.invoke(LambdaForm$MH)
[PROCESS OUT] java.lang.ClassNotFoundException: java.lang.invoke.LambdaForm$MH/0x0000000126040000
[PROCESS OUT] 	at java.base/java.lang.Class.forName0(Native Method)
[PROCESS OUT] 	at java.base/java.lang.Class.forName(Class.java:467)
[PROCESS OUT] 	at java.base/java.lang.Class.forName(Class.java:458)
[PROCESS OUT] 	at ca.concordia.ptidej.spectra.Profile.MonitoringHandler.extractStats(MonitoringHandler.java:235)
[PROCESS OUT] 	at ca.concordia.ptidej.spectra.Profile.MonitoringHandler.run(MonitoringHandler.java:92)
[PROCESS OUT] 	at java.base/java.lang.Thread.run(Thread.java:1474)
[PROCESS OUT] 20/11/2025 11:41:11.456 - [WARNING] - Error resolving method: java.base@25/java.lang.String$$StringConcat/0x0000000126104000.prepend(Unknown Source)
[PROCESS OUT] java.lang.ClassNotFoundException: java.lang.String$$StringConcat/0x0000000126104000
[PROCESS OUT] 	at java.base/java.lang.Class.forName0(Native Method)
[PROCESS OUT] 	at java.base/java.lang.Class.forName(Class.java:467)
[PROCESS OUT] 	at java.base/java.lang.Class.forName(Class.java:458)
[PROCESS OUT] 	at ca.concordia.ptidej.spectra.Profile.MonitoringHandler.extractStats(MonitoringHandler.java:235)
[PROCESS OUT] 	at ca.concordia.ptidej.spectra.Profile.MonitoringHandler.run(MonitoringHandler.java:92)
[PROCESS OUT] 	at java.base/java.lang.Thread.run(Thread.java:1474)
[PROCESS OUT] 20/11/2025 11:41:11.456 - [WARNING] - Error resolving method: java.base@25/java.lang.String$$StringConcat/0x0000000126104000.concat(Unknown Source)
[PROCESS OUT] java.lang.ClassNotFoundException: java.lang.String$$StringConcat/0x0000000126104000
[PROCESS OUT] 	at java.base/java.lang.Class.forName0(Native Method)
[PROCESS OUT] 	at java.base/java.lang.Class.forName(Class.java:467)
[PROCESS OUT] 	at java.base/java.lang.Class.forName(Class.java:458)
[PROCESS OUT] 	at ca.concordia.ptidej.spectra.Profile.MonitoringHandler.extractStats(MonitoringHandler.java:235)
[PROCESS OUT] 	at ca.concordia.ptidej.spectra.Profile.MonitoringHandler.run(MonitoringHandler.java:92)
[PROCESS OUT] 	at java.base/java.lang.Thread.run(Thread.java:1474)
[PROCESS OUT] 20/11/2025 11:41:11.457 - [WARNING] - Error resolving method: java.base@25/java.lang.invoke.LambdaForm$MH/0x0000000126104400.invoke(LambdaForm$MH)
[PROCESS OUT] java.lang.ClassNotFoundException: java.lang.invoke.LambdaForm$MH/0x0000000126104400
[PROCESS OUT] 	at java.base/java.lang.Class.forName0(Native Method)
[PROCESS OUT] 	at java.base/java.lang.Class.forName(Class.java:467)
[PROCESS OUT] 	at java.base/java.lang.Class.forName(Class.java:458)
[PROCESS OUT] 	at ca.concordia.ptidej.spectra.Profile.MonitoringHandler.extractStats(MonitoringHandler.java:235)
[PROCESS OUT] 	at ca.concordia.ptidej.spectra.Profile.MonitoringHandler.run(MonitoringHandler.java:92)
[PROCESS OUT] 	at java.base/java.lang.Thread.run(Thread.java:1474)
[PROCESS OUT] 20/11/2025 11:41:11.458 - [WARNING] - Error resolving method: java.base@25/java.lang.String$$StringConcat/0x0000000126114800.prepend(Unknown Source)
[PROCESS OUT] java.lang.ClassNotFoundException: java.lang.String$$StringConcat/0x0000000126114800
[PROCESS OUT] 	at java.base/java.lang.Class.forName0(Native Method)
[PROCESS OUT] 	at java.base/java.lang.Class.forName(Class.java:467)
[PROCESS OUT] 	at java.base/java.lang.Class.forName(Class.java:458)
[PROCESS OUT] 	at ca.concordia.ptidej.spectra.Profile.MonitoringHandler.extractStats(MonitoringHandler.java:235)
[PROCESS OUT] 	at ca.concordia.ptidej.spectra.Profile.MonitoringHandler.run(MonitoringHandler.java:92)
[PROCESS OUT] 	at java.base/java.lang.Thread.run(Thread.java:1474)
[PROCESS OUT] 20/11/2025 11:41:11.458 - [WARNING] - Error resolving method: java.base@25/java.lang.String$$StringConcat/0x0000000126114800.concat(Unknown Source)
[PROCESS OUT] java.lang.ClassNotFoundException: java.lang.String$$StringConcat/0x0000000126114800
[PROCESS OUT] 	at java.base/java.lang.Class.forName0(Native Method)
[PROCESS OUT] 	at java.base/java.lang.Class.forName(Class.java:467)
[PROCESS OUT] 	at java.base/java.lang.Class.forName(Class.java:458)
[PROCESS OUT] 	at ca.concordia.ptidej.spectra.Profile.MonitoringHandler.extractStats(MonitoringHandler.java:235)
[PROCESS OUT] 	at ca.concordia.ptidej.spectra.Profile.MonitoringHandler.run(MonitoringHandler.java:92)
[PROCESS OUT] 	at java.base/java.lang.Thread.run(Thread.java:1474)
[PROCESS OUT] 20/11/2025 11:41:11.459 - [WARNING] - Error resolving method: java.base@25/java.lang.invoke.LambdaForm$MH/0x0000000126114c00.invoke(LambdaForm$MH)
[PROCESS OUT] java.lang.ClassNotFoundException: java.lang.invoke.LambdaForm$MH/0x0000000126114c00
[PROCESS OUT] 	at java.base/java.lang.Class.forName0(Native Method)
[PROCESS OUT] 	at java.base/java.lang.Class.forName(Class.java:467)
[PROCESS OUT] 	at java.base/java.lang.Class.forName(Class.java:458)
[PROCESS OUT] 	at ca.concordia.ptidej.spectra.Profile.MonitoringHandler.extractStats(MonitoringHandler.java:235)
[PROCESS OUT] 	at ca.concordia.ptidej.spectra.Profile.MonitoringHandler.run(MonitoringHandler.java:92)
[PROCESS OUT] 	at java.base/java.lang.Thread.run(Thread.java:1474)
[PROCESS OUT] 20/11/2025 11:41:11.462 - [WARNING] - Error resolving method: java.base@25/java.lang.String$$StringConcat/0x0000000126044800.concat(Unknown Source)
[PROCESS OUT] java.lang.ClassNotFoundException: java.lang.String$$StringConcat/0x0000000126044800
[PROCESS OUT] 	at java.base/java.lang.Class.forName0(Native Method)
[PROCESS OUT] 	at java.base/java.lang.Class.forName(Class.java:467)
[PROCESS OUT] 	at java.base/java.lang.Class.forName(Class.java:458)
[PROCESS OUT] 	at ca.concordia.ptidej.spectra.Profile.MonitoringHandler.extractStats(MonitoringHandler.java:235)
[PROCESS OUT] 	at ca.concordia.ptidej.spectra.Profile.MonitoringHandler.run(MonitoringHandler.java:92)
[PROCESS OUT] 	at java.base/java.lang.Thread.run(Thread.java:1474)
[PROCESS OUT] 20/11/2025 11:41:11.462 - [WARNING] - Error resolving method: java.base@25/java.lang.invoke.LambdaForm$MH/0x0000000126044c00.invoke(LambdaForm$MH)
[PROCESS OUT] java.lang.ClassNotFoundException: java.lang.invoke.LambdaForm$MH/0x0000000126044c00
[PROCESS OUT] 	at java.base/java.lang.Class.forName0(Native Method)
[PROCESS OUT] 	at java.base/java.lang.Class.forName(Class.java:467)
[PROCESS OUT] 	at java.base/java.lang.Class.forName(Class.java:458)
[PROCESS OUT] 	at ca.concordia.ptidej.spectra.Profile.MonitoringHandler.extractStats(MonitoringHandler.java:235)
[PROCESS OUT] 	at ca.concordia.ptidej.spectra.Profile.MonitoringHandler.run(MonitoringHandler.java:92)
[PROCESS OUT] 	at java.base/java.lang.Thread.run(Thread.java:1474)
[PROCESS OUT] 20/11/2025 11:41:11.465 - [WARNING] - Error resolving method: java.base@25/java.lang.String$$StringConcat/0x0000000126104000.length(Unknown Source)
[PROCESS OUT] java.lang.ClassNotFoundException: java.lang.String$$StringConcat/0x0000000126104000
[PROCESS OUT] 	at java.base/java.lang.Class.forName0(Native Method)
[PROCESS OUT] 	at java.base/java.lang.Class.forName(Class.java:467)
[PROCESS OUT] 	at java.base/java.lang.Class.forName(Class.java:458)
[PROCESS OUT] 	at ca.concordia.ptidej.spectra.Profile.MonitoringHandler.extractStats(MonitoringHandler.java:235)
[PROCESS OUT] 	at ca.concordia.ptidej.spectra.Profile.MonitoringHandler.run(MonitoringHandler.java:92)
[PROCESS OUT] 	at java.base/java.lang.Thread.run(Thread.java:1474)
[PROCESS OUT] 20/11/2025 11:41:11.465 - [WARNING] - Error resolving method: java.base@25/java.lang.String$$StringConcat/0x0000000126104000.concat(Unknown Source)
[PROCESS OUT] java.lang.ClassNotFoundException: java.lang.String$$StringConcat/0x0000000126104000
[PROCESS OUT] 	at java.base/java.lang.Class.forName0(Native Method)
[PROCESS OUT] 	at java.base/java.lang.Class.forName(Class.java:467)
[PROCESS OUT] 	at java.base/java.lang.Class.forName(Class.java:458)
[PROCESS OUT] 	at ca.concordia.ptidej.spectra.Profile.MonitoringHandler.extractStats(MonitoringHandler.java:235)
[PROCESS OUT] 	at ca.concordia.ptidej.spectra.Profile.MonitoringHandler.run(MonitoringHandler.java:92)
[PROCESS OUT] 	at java.base/java.lang.Thread.run(Thread.java:1474)
[PROCESS OUT] 20/11/2025 11:41:11.465 - [WARNING] - Error resolving method: java.base@25/java.lang.invoke.LambdaForm$MH/0x0000000126104400.invoke(LambdaForm$MH)
[PROCESS OUT] java.lang.ClassNotFoundException: java.lang.invoke.LambdaForm$MH/0x0000000126104400
[PROCESS OUT] 	at java.base/java.lang.Class.forName0(Native Method)
[PROCESS OUT] 	at java.base/java.lang.Class.forName(Class.java:467)
[PROCESS OUT] 	at java.base/java.lang.Class.forName(Class.java:458)
[PROCESS OUT] 	at ca.concordia.ptidej.spectra.Profile.MonitoringHandler.extractStats(MonitoringHandler.java:235)
[PROCESS OUT] 	at ca.concordia.ptidej.spectra.Profile.MonitoringHandler.run(MonitoringHandler.java:92)
[PROCESS OUT] 	at java.base/java.lang.Thread.run(Thread.java:1474)
[PROCESS OUT] 20/11/2025 11:41:11.466 - [WARNING] - Error resolving method: java.base@25/java.lang.String$$StringConcat/0x0000000126104000.prepend(Unknown Source)
[PROCESS OUT] java.lang.ClassNotFoundException: java.lang.String$$StringConcat/0x0000000126104000
[PROCESS OUT] 	at java.base/java.lang.Class.forName0(Native Method)
[PROCESS OUT] 	at java.base/java.lang.Class.forName(Class.java:467)
[PROCESS OUT] 	at java.base/java.lang.Class.forName(Class.java:458)
[PROCESS OUT] 	at ca.concordia.ptidej.spectra.Profile.MonitoringHandler.extractStats(MonitoringHandler.java:235)
[PROCESS OUT] 	at ca.concordia.ptidej.spectra.Profile.MonitoringHandler.run(MonitoringHandler.java:92)
[PROCESS OUT] 	at java.base/java.lang.Thread.run(Thread.java:1474)
[PROCESS OUT] 20/11/2025 11:41:11.466 - [WARNING] - Error resolving method: java.base@25/java.lang.String$$StringConcat/0x0000000126104000.concat(Unknown Source)
[PROCESS OUT] java.lang.ClassNotFoundException: java.lang.String$$StringConcat/0x0000000126104000
[PROCESS OUT] 	at java.base/java.lang.Class.forName0(Native Method)
[PROCESS OUT] 	at java.base/java.lang.Class.forName(Class.java:467)
[PROCESS OUT] 	at java.base/java.lang.Class.forName(Class.java:458)
[PROCESS OUT] 	at ca.concordia.ptidej.spectra.Profile.MonitoringHandler.extractStats(MonitoringHandler.java:235)
[PROCESS OUT] 	at ca.concordia.ptidej.spectra.Profile.MonitoringHandler.run(MonitoringHandler.java:92)
[PROCESS OUT] 	at java.base/java.lang.Thread.run(Thread.java:1474)
[PROCESS OUT] 20/11/2025 11:41:11.467 - [WARNING] - Error resolving method: java.base@25/java.lang.invoke.LambdaForm$MH/0x0000000126104400.invoke(LambdaForm$MH)
[PROCESS OUT] java.lang.ClassNotFoundException: java.lang.invoke.LambdaForm$MH/0x0000000126104400
[PROCESS OUT] 	at java.base/java.lang.Class.forName0(Native Method)
[PROCESS OUT] 	at java.base/java.lang.Class.forName(Class.java:467)
[PROCESS OUT] 	at java.base/java.lang.Class.forName(Class.java:458)
[PROCESS OUT] 	at ca.concordia.ptidej.spectra.Profile.MonitoringHandler.extractStats(MonitoringHandler.java:235)
[PROCESS OUT] 	at ca.concordia.ptidej.spectra.Profile.MonitoringHandler.run(MonitoringHandler.java:92)
[PROCESS OUT] 	at java.base/java.lang.Thread.run(Thread.java:1474)
[PROCESS OUT] 20/11/2025 11:41:11.471 - [WARNING] - Error resolving method: java.base@25/java.lang.String$$StringConcat/0x0000000126044800.concat(Unknown Source)
[PROCESS OUT] java.lang.ClassNotFoundException: java.lang.String$$StringConcat/0x0000000126044800
[PROCESS OUT] 	at java.base/java.lang.Class.forName0(Native Method)
[PROCESS OUT] 	at java.base/java.lang.Class.forName(Class.java:467)
[PROCESS OUT] 	at java.base/java.lang.Class.forName(Class.java:458)
[PROCESS OUT] 	at ca.concordia.ptidej.spectra.Profile.MonitoringHandler.extractStats(MonitoringHandler.java:235)
[PROCESS OUT] 	at ca.concordia.ptidej.spectra.Profile.MonitoringHandler.run(MonitoringHandler.java:92)
[PROCESS OUT] 	at java.base/java.lang.Thread.run(Thread.java:1474)
[PROCESS OUT] 20/11/2025 11:41:11.471 - [WARNING] - Error resolving method: java.base@25/java.lang.invoke.LambdaForm$MH/0x0000000126044c00.invoke(LambdaForm$MH)
[PROCESS OUT] java.lang.ClassNotFoundException: java.lang.invoke.LambdaForm$MH/0x0000000126044c00
[PROCESS OUT] 	at java.base/java.lang.Class.forName0(Native Method)
[PROCESS OUT] 	at java.base/java.lang.Class.forName(Class.java:467)
[PROCESS OUT] 	at java.base/java.lang.Class.forName(Class.java:458)
[PROCESS OUT] 	at ca.concordia.ptidej.spectra.Profile.MonitoringHandler.extractStats(MonitoringHandler.java:235)
[PROCESS OUT] 	at ca.concordia.ptidej.spectra.Profile.MonitoringHandler.run(MonitoringHandler.java:92)
[PROCESS OUT] 	at java.base/java.lang.Thread.run(Thread.java:1474)
[PROCESS OUT] 20/11/2025 11:41:11.473 - [WARNING] - Error resolving method: java.base@25/java.lang.String$$StringConcat/0x0000000126104000.length(Unknown Source)
[PROCESS OUT] java.lang.ClassNotFoundException: java.lang.String$$StringConcat/0x0000000126104000
[PROCESS OUT] 	at java.base/java.lang.Class.forName0(Native Method)
[PROCESS OUT] 	at java.base/java.lang.Class.forName(Class.java:467)
[PROCESS OUT] 	at java.base/java.lang.Class.forName(Class.java:458)
[PROCESS OUT] 	at ca.concordia.ptidej.spectra.Profile.MonitoringHandler.extractStats(MonitoringHandler.java:235)
[PROCESS OUT] 	at ca.concordia.ptidej.spectra.Profile.MonitoringHandler.run(MonitoringHandler.java:92)
[PROCESS OUT] 	at java.base/java.lang.Thread.run(Thread.java:1474)
[PROCESS OUT] 20/11/2025 11:41:11.473 - [WARNING] - Error resolving method: java.base@25/java.lang.String$$StringConcat/0x0000000126104000.concat(Unknown Source)
[PROCESS OUT] java.lang.ClassNotFoundException: java.lang.String$$StringConcat/0x0000000126104000
[PROCESS OUT] 	at java.base/java.lang.Class.forName0(Native Method)
[PROCESS OUT] 	at java.base/java.lang.Class.forName(Class.java:467)
[PROCESS OUT] 	at java.base/java.lang.Class.forName(Class.java:458)
[PROCESS OUT] 	at ca.concordia.ptidej.spectra.Profile.MonitoringHandler.extractStats(MonitoringHandler.java:235)
[PROCESS OUT] 	at ca.concordia.ptidej.spectra.Profile.MonitoringHandler.run(MonitoringHandler.java:92)
[PROCESS OUT] 	at java.base/java.lang.Thread.run(Thread.java:1474)
[PROCESS OUT] 20/11/2025 11:41:11.473 - [WARNING] - Error resolving method: java.base@25/java.lang.invoke.LambdaForm$MH/0x0000000126104400.invoke(LambdaForm$MH)
[PROCESS OUT] java.lang.ClassNotFoundException: java.lang.invoke.LambdaForm$MH/0x0000000126104400
[PROCESS OUT] 	at java.base/java.lang.Class.forName0(Native Method)
[PROCESS OUT] 	at java.base/java.lang.Class.forName(Class.java:467)
[PROCESS OUT] 	at java.base/java.lang.Class.forName(Class.java:458)
[PROCESS OUT] 	at ca.concordia.ptidej.spectra.Profile.MonitoringHandler.extractStats(MonitoringHandler.java:235)
[PROCESS OUT] 	at ca.concordia.ptidej.spectra.Profile.MonitoringHandler.run(MonitoringHandler.java:92)
[PROCESS OUT] 	at java.base/java.lang.Thread.run(Thread.java:1474)
[PROCESS OUT] 20/11/2025 11:41:11.476 - [WARNING] - Error resolving method: java.base@25/java.lang.invoke.LambdaForm$MH/0x0000000126042000.invoke(LambdaForm$MH)
[PROCESS OUT] java.lang.ClassNotFoundException: java.lang.invoke.LambdaForm$MH/0x0000000126042000
[PROCESS OUT] 	at java.base/java.lang.Class.forName0(Native Method)
[PROCESS OUT] 	at java.base/java.lang.Class.forName(Class.java:467)
[PROCESS OUT] 	at java.base/java.lang.Class.forName(Class.java:458)
[PROCESS OUT] 	at ca.concordia.ptidej.spectra.Profile.MonitoringHandler.extractStats(MonitoringHandler.java:235)
[PROCESS OUT] 	at ca.concordia.ptidej.spectra.Profile.MonitoringHandler.run(MonitoringHandler.java:92)
[PROCESS OUT] 	at java.base/java.lang.Thread.run(Thread.java:1474)
[PROCESS OUT] 20/11/2025 11:41:11.478 - [WARNING] - Error resolving method: app//org.apache.bcel.classfile.AnnotationEntry$$Lambda/0x0000000126116d48.apply(Unknown Source)
[PROCESS OUT] java.lang.ClassNotFoundException: org.apache.bcel.classfile.AnnotationEntry$$Lambda/0x0000000126116d48
[PROCESS OUT] 	at java.base/java.lang.Class.forName0(Native Method)
[PROCESS OUT] 	at java.base/java.lang.Class.forName(Class.java:467)
[PROCESS OUT] 	at java.base/java.lang.Class.forName(Class.java:458)
[PROCESS OUT] 	at ca.concordia.ptidej.spectra.Profile.MonitoringHandler.extractStats(MonitoringHandler.java:235)
[PROCESS OUT] 	at ca.concordia.ptidej.spectra.Profile.MonitoringHandler.run(MonitoringHandler.java:92)
[PROCESS OUT] 	at java.base/java.lang.Thread.run(Thread.java:1474)
[PROCESS OUT] 20/11/2025 11:41:11.479 - [WARNING] - Error resolving method: java.base@25/java.lang.String$$StringConcat/0x0000000126044800.length(Unknown Source)
[PROCESS OUT] java.lang.ClassNotFoundException: java.lang.String$$StringConcat/0x0000000126044800
[PROCESS OUT] 	at java.base/java.lang.Class.forName0(Native Method)
[PROCESS OUT] 	at java.base/java.lang.Class.forName(Class.java:467)
[PROCESS OUT] 	at java.base/java.lang.Class.forName(Class.java:458)
[PROCESS OUT] 	at ca.concordia.ptidej.spectra.Profile.MonitoringHandler.extractStats(MonitoringHandler.java:235)
[PROCESS OUT] 	at ca.concordia.ptidej.spectra.Profile.MonitoringHandler.run(MonitoringHandler.java:92)
[PROCESS OUT] 	at java.base/java.lang.Thread.run(Thread.java:1474)
[PROCESS OUT] 20/11/2025 11:41:11.480 - [WARNING] - Error resolving method: java.base@25/java.lang.String$$StringConcat/0x0000000126044800.concat(Unknown Source)
[PROCESS OUT] java.lang.ClassNotFoundException: java.lang.String$$StringConcat/0x0000000126044800
[PROCESS OUT] 	at java.base/java.lang.Class.forName0(Native Method)
[PROCESS OUT] 	at java.base/java.lang.Class.forName(Class.java:467)
[PROCESS OUT] 	at java.base/java.lang.Class.forName(Class.java:458)
[PROCESS OUT] 	at ca.concordia.ptidej.spectra.Profile.MonitoringHandler.extractStats(MonitoringHandler.java:235)
[PROCESS OUT] 	at ca.concordia.ptidej.spectra.Profile.MonitoringHandler.run(MonitoringHandler.java:92)
[PROCESS OUT] 	at java.base/java.lang.Thread.run(Thread.java:1474)
[PROCESS OUT] 20/11/2025 11:41:11.480 - [WARNING] - Error resolving method: java.base@25/java.lang.invoke.LambdaForm$MH/0x0000000126044c00.invoke(LambdaForm$MH)
[PROCESS OUT] java.lang.ClassNotFoundException: java.lang.invoke.LambdaForm$MH/0x0000000126044c00
[PROCESS OUT] 	at java.base/java.lang.Class.forName0(Native Method)
[PROCESS OUT] 	at java.base/java.lang.Class.forName(Class.java:467)
[PROCESS OUT] 	at java.base/java.lang.Class.forName(Class.java:458)
[PROCESS OUT] 	at ca.concordia.ptidej.spectra.Profile.MonitoringHandler.extractStats(MonitoringHandler.java:235)
[PROCESS OUT] 	at ca.concordia.ptidej.spectra.Profile.MonitoringHandler.run(MonitoringHandler.java:92)
[PROCESS OUT] 	at java.base/java.lang.Thread.run(Thread.java:1474)
[PROCESS OUT] 20/11/2025 11:41:11.480 - [WARNING] - Error resolving method: java.base@25/java.lang.String$$StringConcat/0x0000000126044800.prepend(Unknown Source)
[PROCESS OUT] java.lang.ClassNotFoundException: java.lang.String$$StringConcat/0x0000000126044800
[PROCESS OUT] 	at java.base/java.lang.Class.forName0(Native Method)
[PROCESS OUT] 	at java.base/java.lang.Class.forName(Class.java:467)
[PROCESS OUT] 	at java.base/java.lang.Class.forName(Class.java:458)
[PROCESS OUT] 	at ca.concordia.ptidej.spectra.Profile.MonitoringHandler.extractStats(MonitoringHandler.java:235)
[PROCESS OUT] 	at ca.concordia.ptidej.spectra.Profile.MonitoringHandler.run(MonitoringHandler.java:92)
[PROCESS OUT] 	at java.base/java.lang.Thread.run(Thread.java:1474)
[PROCESS OUT] 20/11/2025 11:41:11.480 - [WARNING] - Error resolving method: java.base@25/java.lang.String$$StringConcat/0x0000000126044800.concat(Unknown Source)
[PROCESS OUT] java.lang.ClassNotFoundException: java.lang.String$$StringConcat/0x0000000126044800
[PROCESS OUT] 	at java.base/java.lang.Class.forName0(Native Method)
[PROCESS OUT] 	at java.base/java.lang.Class.forName(Class.java:467)
[PROCESS OUT] 	at java.base/java.lang.Class.forName(Class.java:458)
[PROCESS OUT] 	at ca.concordia.ptidej.spectra.Profile.MonitoringHandler.extractStats(MonitoringHandler.java:235)
[PROCESS OUT] 	at ca.concordia.ptidej.spectra.Profile.MonitoringHandler.run(MonitoringHandler.java:92)
[PROCESS OUT] 	at java.base/java.lang.Thread.run(Thread.java:1474)
[PROCESS OUT] 20/11/2025 11:41:11.480 - [WARNING] - Error resolving method: java.base@25/java.lang.invoke.LambdaForm$MH/0x0000000126044c00.invoke(LambdaForm$MH)
[PROCESS OUT] java.lang.ClassNotFoundException: java.lang.invoke.LambdaForm$MH/0x0000000126044c00
[PROCESS OUT] 	at java.base/java.lang.Class.forName0(Native Method)
[PROCESS OUT] 	at java.base/java.lang.Class.forName(Class.java:467)
[PROCESS OUT] 	at java.base/java.lang.Class.forName(Class.java:458)
[PROCESS OUT] 	at ca.concordia.ptidej.spectra.Profile.MonitoringHandler.extractStats(MonitoringHandler.java:235)
[PROCESS OUT] 	at ca.concordia.ptidej.spectra.Profile.MonitoringHandler.run(MonitoringHandler.java:92)
[PROCESS OUT] 	at java.base/java.lang.Thread.run(Thread.java:1474)
[PROCESS OUT] 20/11/2025 11:41:11.486 - [WARNING] - Error resolving method: java.base@25/java.lang.String$$StringConcat/0x0000000126044800.length(Unknown Source)
[PROCESS OUT] java.lang.ClassNotFoundException: java.lang.String$$StringConcat/0x0000000126044800
[PROCESS OUT] 	at java.base/java.lang.Class.forName0(Native Method)
[PROCESS OUT] 	at java.base/java.lang.Class.forName(Class.java:467)
[PROCESS OUT] 	at java.base/java.lang.Class.forName(Class.java:458)
[PROCESS OUT] 	at ca.concordia.ptidej.spectra.Profile.MonitoringHandler.extractStats(MonitoringHandler.java:235)
[PROCESS OUT] 	at ca.concordia.ptidej.spectra.Profile.MonitoringHandler.run(MonitoringHandler.java:92)
[PROCESS OUT] 	at java.base/java.lang.Thread.run(Thread.java:1474)
[PROCESS OUT] 20/11/2025 11:41:11.486 - [WARNING] - Error resolving method: java.base@25/java.lang.String$$StringConcat/0x0000000126044800.concat(Unknown Source)
[PROCESS OUT] java.lang.ClassNotFoundException: java.lang.String$$StringConcat/0x0000000126044800
[PROCESS OUT] 	at java.base/java.lang.Class.forName0(Native Method)
[PROCESS OUT] 	at java.base/java.lang.Class.forName(Class.java:467)
[PROCESS OUT] 	at java.base/java.lang.Class.forName(Class.java:458)
[PROCESS OUT] 	at ca.concordia.ptidej.spectra.Profile.MonitoringHandler.extractStats(MonitoringHandler.java:235)
[PROCESS OUT] 	at ca.concordia.ptidej.spectra.Profile.MonitoringHandler.run(MonitoringHandler.java:92)
[PROCESS OUT] 	at java.base/java.lang.Thread.run(Thread.java:1474)
[PROCESS OUT] 20/11/2025 11:41:11.486 - [WARNING] - Error resolving method: java.base@25/java.lang.invoke.LambdaForm$MH/0x0000000126044c00.invoke(LambdaForm$MH)
[PROCESS OUT] java.lang.ClassNotFoundException: java.lang.invoke.LambdaForm$MH/0x0000000126044c00
[PROCESS OUT] 	at java.base/java.lang.Class.forName0(Native Method)
[PROCESS OUT] 	at java.base/java.lang.Class.forName(Class.java:467)
[PROCESS OUT] 	at java.base/java.lang.Class.forName(Class.java:458)
[PROCESS OUT] 	at ca.concordia.ptidej.spectra.Profile.MonitoringHandler.extractStats(MonitoringHandler.java:235)
[PROCESS OUT] 	at ca.concordia.ptidej.spectra.Profile.MonitoringHandler.run(MonitoringHandler.java:92)
[PROCESS OUT] 	at java.base/java.lang.Thread.run(Thread.java:1474)
[PROCESS OUT] 20/11/2025 11:41:11.487 - [WARNING] - Error resolving method: app//org.apache.bcel.classfile.AnnotationEntry$$Lambda/0x00000001261168a0.test(Unknown Source)
[PROCESS OUT] java.lang.ClassNotFoundException: org.apache.bcel.classfile.AnnotationEntry$$Lambda/0x00000001261168a0
[PROCESS OUT] 	at java.base/java.lang.Class.forName0(Native Method)
[PROCESS OUT] 	at java.base/java.lang.Class.forName(Class.java:467)
[PROCESS OUT] 	at java.base/java.lang.Class.forName(Class.java:458)
[PROCESS OUT] 	at ca.concordia.ptidej.spectra.Profile.MonitoringHandler.extractStats(MonitoringHandler.java:235)
[PROCESS OUT] 	at ca.concordia.ptidej.spectra.Profile.MonitoringHandler.run(MonitoringHandler.java:92)
[PROCESS OUT] 	at java.base/java.lang.Thread.run(Thread.java:1474)
[PROCESS OUT] 20/11/2025 11:41:11.489 - [WARNING] - Error resolving method: java.base@25/java.lang.String$$StringConcat/0x0000000126044800.concat(Unknown Source)
[PROCESS OUT] java.lang.ClassNotFoundException: java.lang.String$$StringConcat/0x0000000126044800
[PROCESS OUT] 	at java.base/java.lang.Class.forName0(Native Method)
[PROCESS OUT] 	at java.base/java.lang.Class.forName(Class.java:467)
[PROCESS OUT] 	at java.base/java.lang.Class.forName(Class.java:458)
[PROCESS OUT] 	at ca.concordia.ptidej.spectra.Profile.MonitoringHandler.extractStats(MonitoringHandler.java:235)
[PROCESS OUT] 	at ca.concordia.ptidej.spectra.Profile.MonitoringHandler.run(MonitoringHandler.java:92)
[PROCESS OUT] 	at java.base/java.lang.Thread.run(Thread.java:1474)
[PROCESS OUT] 20/11/2025 11:41:11.489 - [WARNING] - Error resolving method: java.base@25/java.lang.invoke.LambdaForm$MH/0x0000000126044c00.invoke(LambdaForm$MH)
[PROCESS OUT] java.lang.ClassNotFoundException: java.lang.invoke.LambdaForm$MH/0x0000000126044c00
[PROCESS OUT] 	at java.base/java.lang.Class.forName0(Native Method)
[PROCESS OUT] 	at java.base/java.lang.Class.forName(Class.java:467)
[PROCESS OUT] 	at java.base/java.lang.Class.forName(Class.java:458)
[PROCESS OUT] 	at ca.concordia.ptidej.spectra.Profile.MonitoringHandler.extractStats(MonitoringHandler.java:235)
[PROCESS OUT] 	at ca.concordia.ptidej.spectra.Profile.MonitoringHandler.run(MonitoringHandler.java:92)
[PROCESS OUT] 	at java.base/java.lang.Thread.run(Thread.java:1474)
[PROCESS OUT] 20/11/2025 11:41:11.492 - [WARNING] - Error resolving method: java.base@25/java.lang.String$$StringConcat/0x0000000126044800.concat(Unknown Source)
[PROCESS OUT] java.lang.ClassNotFoundException: java.lang.String$$StringConcat/0x0000000126044800
[PROCESS OUT] 	at java.base/java.lang.Class.forName0(Native Method)
[PROCESS OUT] 	at java.base/java.lang.Class.forName(Class.java:467)
[PROCESS OUT] 	at java.base/java.lang.Class.forName(Class.java:458)
[PROCESS OUT] 	at ca.concordia.ptidej.spectra.Profile.MonitoringHandler.extractStats(MonitoringHandler.java:235)
[PROCESS OUT] 	at ca.concordia.ptidej.spectra.Profile.MonitoringHandler.run(MonitoringHandler.java:92)
[PROCESS OUT] 	at java.base/java.lang.Thread.run(Thread.java:1474)
[PROCESS OUT] 20/11/2025 11:41:11.492 - [WARNING] - Error resolving method: java.base@25/java.lang.invoke.LambdaForm$MH/0x0000000126044c00.invoke(LambdaForm$MH)
[PROCESS OUT] java.lang.ClassNotFoundException: java.lang.invoke.LambdaForm$MH/0x0000000126044c00
[PROCESS OUT] 	at java.base/java.lang.Class.forName0(Native Method)
[PROCESS OUT] 	at java.base/java.lang.Class.forName(Class.java:467)
[PROCESS OUT] 	at java.base/java.lang.Class.forName(Class.java:458)
[PROCESS OUT] 	at ca.concordia.ptidej.spectra.Profile.MonitoringHandler.extractStats(MonitoringHandler.java:235)
[PROCESS OUT] 	at ca.concordia.ptidej.spectra.Profile.MonitoringHandler.run(MonitoringHandler.java:92)
[PROCESS OUT] 	at java.base/java.lang.Thread.run(Thread.java:1474)
[PROCESS OUT] 20/11/2025 11:41:11.499 - [WARNING] - Error resolving method: java.base@25/java.lang.String$$StringConcat/0x0000000126044800.length(Unknown Source)
[PROCESS OUT] java.lang.ClassNotFoundException: java.lang.String$$StringConcat/0x0000000126044800
[PROCESS OUT] 	at java.base/java.lang.Class.forName0(Native Method)
[PROCESS OUT] 	at java.base/java.lang.Class.forName(Class.java:467)
[PROCESS OUT] 	at java.base/java.lang.Class.forName(Class.java:458)
[PROCESS OUT] 	at ca.concordia.ptidej.spectra.Profile.MonitoringHandler.extractStats(MonitoringHandler.java:235)
[PROCESS OUT] 	at ca.concordia.ptidej.spectra.Profile.MonitoringHandler.run(MonitoringHandler.java:92)
[PROCESS OUT] 	at java.base/java.lang.Thread.run(Thread.java:1474)
[PROCESS OUT] 20/11/2025 11:41:11.499 - [WARNING] - Error resolving method: java.base@25/java.lang.String$$StringConcat/0x0000000126044800.concat(Unknown Source)
[PROCESS OUT] java.lang.ClassNotFoundException: java.lang.String$$StringConcat/0x0000000126044800
[PROCESS OUT] 	at java.base/java.lang.Class.forName0(Native Method)
[PROCESS OUT] 	at java.base/java.lang.Class.forName(Class.java:467)
[PROCESS OUT] 	at java.base/java.lang.Class.forName(Class.java:458)
[PROCESS OUT] 	at ca.concordia.ptidej.spectra.Profile.MonitoringHandler.extractStats(MonitoringHandler.java:235)
[PROCESS OUT] 	at ca.concordia.ptidej.spectra.Profile.MonitoringHandler.run(MonitoringHandler.java:92)
[PROCESS OUT] 	at java.base/java.lang.Thread.run(Thread.java:1474)
[PROCESS OUT] 20/11/2025 11:41:11.499 - [WARNING] - Error resolving method: java.base@25/java.lang.invoke.LambdaForm$MH/0x0000000126044c00.invoke(LambdaForm$MH)
[PROCESS OUT] java.lang.ClassNotFoundException: java.lang.invoke.LambdaForm$MH/0x0000000126044c00
[PROCESS OUT] 	at java.base/java.lang.Class.forName0(Native Method)
[PROCESS OUT] 	at java.base/java.lang.Class.forName(Class.java:467)
[PROCESS OUT] 	at java.base/java.lang.Class.forName(Class.java:458)
[PROCESS OUT] 	at ca.concordia.ptidej.spectra.Profile.MonitoringHandler.extractStats(MonitoringHandler.java:235)
[PROCESS OUT] 	at ca.concordia.ptidej.spectra.Profile.MonitoringHandler.run(MonitoringHandler.java:92)
[PROCESS OUT] 	at java.base/java.lang.Thread.run(Thread.java:1474)
[PROCESS OUT] 23:41:11.681 [JoularJX Agent Thread] ERROR util.io.LoggerWriter - Cannot find called method!
[PROCESS OUT] 23:41:11.689 [JoularJX Agent Thread] ERROR util.io.LoggerWriter - 
[PROCESS OUT] 
[PROCESS OUT] Cannot find called method!
[PROCESS OUT] 23:41:11.689 [JoularJX Agent Thread] ERROR util.io.LoggerWriter - 	
[PROCESS OUT] 23:41:11.689 [JoularJX Agent Thread] ERROR util.io.LoggerWriter - Method name   :
[PROCESS OUT] 	Method name   :class$(java.lang.String)
[PROCESS OUT] 23:41:11.689 [JoularJX Agent Thread] ERROR util.io.LoggerWriter - 	
[PROCESS OUT] 23:41:11.690 [JoularJX Agent Thread] ERROR util.io.LoggerWriter - Return type   :
[PROCESS OUT] 	Return type   :java.lang.Class
[PROCESS OUT] 23:41:11.690 [JoularJX Agent Thread] ERROR util.io.LoggerWriter - 	
[PROCESS OUT] 23:41:11.690 [JoularJX Agent Thread] ERROR util.io.LoggerWriter - Declaring type: 
[PROCESS OUT] 23:41:11.691 [JoularJX Agent Thread] ERROR util.io.LoggerWriter - ClassLoader
[PROCESS OUT] 23:41:11.691 [JoularJX Agent Thread] ERROR util.io.LoggerWriter - 
[PROCESS OUT] 
[PROCESS OUT] 	Declaring type: ClassLoader
[PROCESS OUT] 23:41:11.691 [JoularJX Agent Thread] ERROR util.io.LoggerWriter - Missing called method can happen if there is a compile error: a method is called but undefined in the class of the instance on which it is called.
[PROCESS OUT] 23:41:11.691 [JoularJX Agent Thread] ERROR util.io.LoggerWriter - 
[PROCESS OUT] 
[PROCESS OUT] Missing called method can happen if there is a compile error: a method is called but undefined in the class of the instance on which it is called.
[PROCESS OUT] 23:41:11.720 [JoularJX Agent Thread] ERROR util.io.LoggerWriter - Cannot find called method!
[PROCESS OUT] 23:41:11.720 [JoularJX Agent Thread] ERROR util.io.LoggerWriter - 
[PROCESS OUT] 
[PROCESS OUT] Cannot find called method!
[PROCESS OUT] 23:41:11.721 [JoularJX Agent Thread] ERROR util.io.LoggerWriter - 	
[PROCESS OUT] 23:41:11.721 [JoularJX Agent Thread] ERROR util.io.LoggerWriter - Method name   :
[PROCESS OUT] 	Method name   :access$0(java.lang.ClassLoader$NativeLibrary)
[PROCESS OUT] 23:41:11.721 [JoularJX Agent Thread] ERROR util.io.LoggerWriter - 	
[PROCESS OUT] 23:41:11.721 [JoularJX Agent Thread] ERROR util.io.LoggerWriter - Return type   :
[PROCESS OUT] 	Return type   :java.lang.Class
[PROCESS OUT] 23:41:11.722 [JoularJX Agent Thread] ERROR util.io.LoggerWriter - 	
[PROCESS OUT] 23:41:11.722 [JoularJX Agent Thread] ERROR util.io.LoggerWriter - Declaring type: 
[PROCESS OUT] 23:41:11.722 [JoularJX Agent Thread] ERROR util.io.LoggerWriter - NativeLibrary
[PROCESS OUT] 23:41:11.722 [JoularJX Agent Thread] ERROR util.io.LoggerWriter - 
[PROCESS OUT] 
[PROCESS OUT] 	Declaring type: NativeLibrary
[PROCESS OUT] 23:41:11.722 [JoularJX Agent Thread] ERROR util.io.LoggerWriter - Missing called method can happen if there is a compile error: a method is called but undefined in the class of the instance on which it is called.
[PROCESS OUT] 23:41:11.722 [JoularJX Agent Thread] ERROR util.io.LoggerWriter - 
[PROCESS OUT] 
[PROCESS OUT] Missing called method can happen if there is a compile error: a method is called but undefined in the class of the instance on which it is called.
[PROCESS OUT] 23:41:11.725 [JoularJX Agent Thread] ERROR util.io.LoggerWriter - Cannot find called method!
[PROCESS OUT] 23:41:11.725 [JoularJX Agent Thread] ERROR util.io.LoggerWriter - 
[PROCESS OUT] 
[PROCESS OUT] Cannot find called method!
[PROCESS OUT] 23:41:11.726 [JoularJX Agent Thread] ERROR util.io.LoggerWriter - 	
[PROCESS OUT] 23:41:11.726 [JoularJX Agent Thread] ERROR util.io.LoggerWriter - Method name   :
[PROCESS OUT] 	Method name   :access$0()
[PROCESS OUT] 23:41:11.726 [JoularJX Agent Thread] ERROR util.io.LoggerWriter - 	
[PROCESS OUT] 23:41:11.726 [JoularJX Agent Thread] ERROR util.io.LoggerWriter - Return type   :
[PROCESS OUT] 	Return type   :java.util.Vector
[PROCESS OUT] 23:41:11.726 [JoularJX Agent Thread] ERROR util.io.LoggerWriter - 	
[PROCESS OUT] 23:41:11.727 [JoularJX Agent Thread] ERROR util.io.LoggerWriter - Declaring type: 
[PROCESS OUT] 23:41:11.727 [JoularJX Agent Thread] ERROR util.io.LoggerWriter - ClassLoader
[PROCESS OUT] 23:41:11.727 [JoularJX Agent Thread] ERROR util.io.LoggerWriter - 
[PROCESS OUT] 
[PROCESS OUT] 	Declaring type: ClassLoader
[PROCESS OUT] 23:41:11.727 [JoularJX Agent Thread] ERROR util.io.LoggerWriter - Missing called method can happen if there is a compile error: a method is called but undefined in the class of the instance on which it is called.
[PROCESS OUT] 23:41:11.727 [JoularJX Agent Thread] ERROR util.io.LoggerWriter - 
[PROCESS OUT] 
[PROCESS OUT] Missing called method can happen if there is a compile error: a method is called but undefined in the class of the instance on which it is called.
[PROCESS OUT] 23:41:11.728 [JoularJX Agent Thread] ERROR util.io.LoggerWriter - Cannot find called method!
[PROCESS OUT] 23:41:11.728 [JoularJX Agent Thread] ERROR util.io.LoggerWriter - 
[PROCESS OUT] 
[PROCESS OUT] Cannot find called method!
[PROCESS OUT] 23:41:11.728 [JoularJX Agent Thread] ERROR util.io.LoggerWriter - 	
[PROCESS OUT] 23:41:11.728 [JoularJX Agent Thread] ERROR util.io.LoggerWriter - Method name   :
[PROCESS OUT] 	Method name   :access$0()
[PROCESS OUT] 23:41:11.728 [JoularJX Agent Thread] ERROR util.io.LoggerWriter - 	
[PROCESS OUT] 23:41:11.729 [JoularJX Agent Thread] ERROR util.io.LoggerWriter - Return type   :
[PROCESS OUT] 	Return type   :java.util.Vector
[PROCESS OUT] 23:41:11.729 [JoularJX Agent Thread] ERROR util.io.LoggerWriter - 	
[PROCESS OUT] 23:41:11.729 [JoularJX Agent Thread] ERROR util.io.LoggerWriter - Declaring type: 
[PROCESS OUT] 23:41:11.729 [JoularJX Agent Thread] ERROR util.io.LoggerWriter - ClassLoader
[PROCESS OUT] 23:41:11.729 [JoularJX Agent Thread] ERROR util.io.LoggerWriter - 
[PROCESS OUT] 
[PROCESS OUT] 	Declaring type: ClassLoader
[PROCESS OUT] 23:41:11.729 [JoularJX Agent Thread] ERROR util.io.LoggerWriter - Missing called method can happen if there is a compile error: a method is called but undefined in the class of the instance on which it is called.
[PROCESS OUT] 23:41:11.729 [JoularJX Agent Thread] ERROR util.io.LoggerWriter - 
[PROCESS OUT] 
[PROCESS OUT] Missing called method can happen if there is a compile error: a method is called but undefined in the class of the instance on which it is called.
[PROCESS OUT] 23:41:11.729 [JoularJX Agent Thread] ERROR util.io.LoggerWriter - Cannot find called method!
[PROCESS OUT] 23:41:11.729 [JoularJX Agent Thread] ERROR util.io.LoggerWriter - 
[PROCESS OUT] 
[PROCESS OUT] Cannot find called method!
[PROCESS OUT] 23:41:11.730 [JoularJX Agent Thread] ERROR util.io.LoggerWriter - 	
[PROCESS OUT] 23:41:11.730 [JoularJX Agent Thread] ERROR util.io.LoggerWriter - Method name   :
[PROCESS OUT] 	Method name   :access$0()
[PROCESS OUT] 23:41:11.730 [JoularJX Agent Thread] ERROR util.io.LoggerWriter - 	
[PROCESS OUT] 23:41:11.730 [JoularJX Agent Thread] ERROR util.io.LoggerWriter - Return type   :
[PROCESS OUT] 	Return type   :java.util.Vector
[PROCESS OUT] 23:41:11.730 [JoularJX Agent Thread] ERROR util.io.LoggerWriter - 	
[PROCESS OUT] 23:41:11.730 [JoularJX Agent Thread] ERROR util.io.LoggerWriter - Declaring type: 
[PROCESS OUT] 23:41:11.730 [JoularJX Agent Thread] ERROR util.io.LoggerWriter - ClassLoader
[PROCESS OUT] 23:41:11.731 [JoularJX Agent Thread] ERROR util.io.LoggerWriter - 
[PROCESS OUT] 
[PROCESS OUT] 	Declaring type: ClassLoader
[PROCESS OUT] 23:41:11.731 [JoularJX Agent Thread] ERROR util.io.LoggerWriter - Missing called method can happen if there is a compile error: a method is called but undefined in the class of the instance on which it is called.
[PROCESS OUT] 23:41:11.731 [JoularJX Agent Thread] ERROR util.io.LoggerWriter - 
[PROCESS OUT] 
[PROCESS OUT] Missing called method can happen if there is a compile error: a method is called but undefined in the class of the instance on which it is called.
[PROCESS OUT] 23:41:11.731 [JoularJX Agent Thread] ERROR util.io.LoggerWriter - Cannot find called method!
[PROCESS OUT] 23:41:11.731 [JoularJX Agent Thread] ERROR util.io.LoggerWriter - 
[PROCESS OUT] 
[PROCESS OUT] Cannot find called method!
[PROCESS OUT] 23:41:11.731 [JoularJX Agent Thread] ERROR util.io.LoggerWriter - 	
[PROCESS OUT] 23:41:11.731 [JoularJX Agent Thread] ERROR util.io.LoggerWriter - Method name   :
[PROCESS OUT] 	Method name   :access$0()
[PROCESS OUT] 23:41:11.732 [JoularJX Agent Thread] ERROR util.io.LoggerWriter - 	
[PROCESS OUT] 23:41:11.732 [JoularJX Agent Thread] ERROR util.io.LoggerWriter - Return type   :
[PROCESS OUT] 	Return type   :java.util.Vector
[PROCESS OUT] 23:41:11.732 [JoularJX Agent Thread] ERROR util.io.LoggerWriter - 	
[PROCESS OUT] 23:41:11.732 [JoularJX Agent Thread] ERROR util.io.LoggerWriter - Declaring type: 
[PROCESS OUT] 23:41:11.732 [JoularJX Agent Thread] ERROR util.io.LoggerWriter - ClassLoader
[PROCESS OUT] 23:41:11.733 [JoularJX Agent Thread] ERROR util.io.LoggerWriter - 
[PROCESS OUT] 
[PROCESS OUT] 	Declaring type: ClassLoader
[PROCESS OUT] 23:41:11.733 [JoularJX Agent Thread] ERROR util.io.LoggerWriter - Missing called method can happen if there is a compile error: a method is called but undefined in the class of the instance on which it is called.
[PROCESS OUT] 23:41:11.733 [JoularJX Agent Thread] ERROR util.io.LoggerWriter - 
[PROCESS OUT] 
[PROCESS OUT] Missing called method can happen if there is a compile error: a method is called but undefined in the class of the instance on which it is called.
[PROCESS OUT] 23:41:11.733 [JoularJX Agent Thread] ERROR util.io.LoggerWriter - Cannot find called method!
[PROCESS OUT] 23:41:11.733 [JoularJX Agent Thread] ERROR util.io.LoggerWriter - 
[PROCESS OUT] 
[PROCESS OUT] Cannot find called method!
[PROCESS OUT] 23:41:11.734 [JoularJX Agent Thread] ERROR util.io.LoggerWriter - 	
[PROCESS OUT] 23:41:11.734 [JoularJX Agent Thread] ERROR util.io.LoggerWriter - Method name   :
[PROCESS OUT] 	Method name   :access$1()
[PROCESS OUT] 23:41:11.734 [JoularJX Agent Thread] ERROR util.io.LoggerWriter - 	
[PROCESS OUT] 23:41:11.734 [JoularJX Agent Thread] ERROR util.io.LoggerWriter - Return type   :
[PROCESS OUT] 	Return type   :java.util.Stack
[PROCESS OUT] 23:41:11.734 [JoularJX Agent Thread] ERROR util.io.LoggerWriter - 	
[PROCESS OUT] 23:41:11.734 [JoularJX Agent Thread] ERROR util.io.LoggerWriter - Declaring type: 
[PROCESS OUT] 23:41:11.735 [JoularJX Agent Thread] ERROR util.io.LoggerWriter - ClassLoader
[PROCESS OUT] 23:41:11.735 [JoularJX Agent Thread] ERROR util.io.LoggerWriter - 
[PROCESS OUT] 
[PROCESS OUT] 	Declaring type: ClassLoader
[PROCESS OUT] 23:41:11.735 [JoularJX Agent Thread] ERROR util.io.LoggerWriter - Missing called method can happen if there is a compile error: a method is called but undefined in the class of the instance on which it is called.
[PROCESS OUT] 23:41:11.735 [JoularJX Agent Thread] ERROR util.io.LoggerWriter - 
[PROCESS OUT] 
[PROCESS OUT] Missing called method can happen if there is a compile error: a method is called but undefined in the class of the instance on which it is called.
[PROCESS OUT] 23:41:11.735 [JoularJX Agent Thread] ERROR util.io.LoggerWriter - Cannot find called method!
[PROCESS OUT] 23:41:11.735 [JoularJX Agent Thread] ERROR util.io.LoggerWriter - 
[PROCESS OUT] 
[PROCESS OUT] Cannot find called method!
[PROCESS OUT] 23:41:11.735 [JoularJX Agent Thread] ERROR util.io.LoggerWriter - 	
[PROCESS OUT] 23:41:11.736 [JoularJX Agent Thread] ERROR util.io.LoggerWriter - Method name   :
[PROCESS OUT] 	Method name   :access$1()
[PROCESS OUT] 23:41:11.736 [JoularJX Agent Thread] ERROR util.io.LoggerWriter - 	
[PROCESS OUT] 23:41:11.736 [JoularJX Agent Thread] ERROR util.io.LoggerWriter - Return type   :
[PROCESS OUT] 	Return type   :java.util.Stack
[PROCESS OUT] 23:41:11.736 [JoularJX Agent Thread] ERROR util.io.LoggerWriter - 	
[PROCESS OUT] 23:41:11.736 [JoularJX Agent Thread] ERROR util.io.LoggerWriter - Declaring type: 
[PROCESS OUT] 23:41:11.736 [JoularJX Agent Thread] ERROR util.io.LoggerWriter - ClassLoader
[PROCESS OUT] 23:41:11.736 [JoularJX Agent Thread] ERROR util.io.LoggerWriter - 
[PROCESS OUT] 
[PROCESS OUT] 	Declaring type: ClassLoader
[PROCESS OUT] 23:41:11.737 [JoularJX Agent Thread] ERROR util.io.LoggerWriter - Missing called method can happen if there is a compile error: a method is called but undefined in the class of the instance on which it is called.
[PROCESS OUT] 23:41:11.737 [JoularJX Agent Thread] ERROR util.io.LoggerWriter - 
[PROCESS OUT] 
[PROCESS OUT] Missing called method can happen if there is a compile error: a method is called but undefined in the class of the instance on which it is called.
[PROCESS OUT] 23:41:11.737 [JoularJX Agent Thread] ERROR util.io.LoggerWriter - Cannot find called method!
[PROCESS OUT] 23:41:11.737 [JoularJX Agent Thread] ERROR util.io.LoggerWriter - 
[PROCESS OUT] 
[PROCESS OUT] Cannot find called method!
[PROCESS OUT] 23:41:11.738 [JoularJX Agent Thread] ERROR util.io.LoggerWriter - 	
[PROCESS OUT] 23:41:11.738 [JoularJX Agent Thread] ERROR util.io.LoggerWriter - Method name   :
[PROCESS OUT] 	Method name   :access$1()
[PROCESS OUT] 23:41:11.738 [JoularJX Agent Thread] ERROR util.io.LoggerWriter - 	
[PROCESS OUT] 23:41:11.738 [JoularJX Agent Thread] ERROR util.io.LoggerWriter - Return type   :
[PROCESS OUT] 	Return type   :java.util.Stack
[PROCESS OUT] 23:41:11.738 [JoularJX Agent Thread] ERROR util.io.LoggerWriter - 	
[PROCESS OUT] 23:41:11.738 [JoularJX Agent Thread] ERROR util.io.LoggerWriter - Declaring type: 
[PROCESS OUT] 23:41:11.738 [JoularJX Agent Thread] ERROR util.io.LoggerWriter - ClassLoader
[PROCESS OUT] 23:41:11.738 [JoularJX Agent Thread] ERROR util.io.LoggerWriter - 
[PROCESS OUT] 
[PROCESS OUT] 	Declaring type: ClassLoader
[PROCESS OUT] 23:41:11.739 [JoularJX Agent Thread] ERROR util.io.LoggerWriter - Missing called method can happen if there is a compile error: a method is called but undefined in the class of the instance on which it is called.
[PROCESS OUT] 23:41:11.739 [JoularJX Agent Thread] ERROR util.io.LoggerWriter - 
[PROCESS OUT] 
[PROCESS OUT] Missing called method can happen if there is a compile error: a method is called but undefined in the class of the instance on which it is called.
[PROCESS OUT] 23:41:11.883 [JoularJX Agent Thread] ERROR util.io.LoggerWriter - Cannot find called method!
[PROCESS OUT] 23:41:11.883 [JoularJX Agent Thread] ERROR util.io.LoggerWriter - 
[PROCESS OUT] 
[PROCESS OUT] Cannot find called method!
[PROCESS OUT] 23:41:11.884 [JoularJX Agent Thread] ERROR util.io.LoggerWriter - 	
[PROCESS OUT] 23:41:11.884 [JoularJX Agent Thread] ERROR util.io.LoggerWriter - Method name   :
[PROCESS OUT] 	Method name   :class$(java.lang.String)
[PROCESS OUT] 23:41:11.884 [JoularJX Agent Thread] ERROR util.io.LoggerWriter - 	
[PROCESS OUT] 23:41:11.884 [JoularJX Agent Thread] ERROR util.io.LoggerWriter - Return type   :
[PROCESS OUT] 	Return type   :java.lang.Class
[PROCESS OUT] 23:41:11.884 [JoularJX Agent Thread] ERROR util.io.LoggerWriter - 	
[PROCESS OUT] 23:41:11.885 [JoularJX Agent Thread] ERROR util.io.LoggerWriter - Declaring type: 
[PROCESS OUT] 23:41:11.885 [JoularJX Agent Thread] ERROR util.io.LoggerWriter - SecurityManager
[PROCESS OUT] 23:41:11.885 [JoularJX Agent Thread] ERROR util.io.LoggerWriter - 
[PROCESS OUT] 
[PROCESS OUT] 	Declaring type: SecurityManager
[PROCESS OUT] 23:41:11.885 [JoularJX Agent Thread] ERROR util.io.LoggerWriter - Missing called method can happen if there is a compile error: a method is called but undefined in the class of the instance on which it is called.
[PROCESS OUT] 23:41:11.885 [JoularJX Agent Thread] ERROR util.io.LoggerWriter - 
[PROCESS OUT] 
[PROCESS OUT] Missing called method can happen if there is a compile error: a method is called but undefined in the class of the instance on which it is called.
[PROCESS OUT] 23:41:11.995 [JoularJX Agent Thread] ERROR util.io.LoggerWriter - Cannot find called method!
[PROCESS OUT] 23:41:11.995 [JoularJX Agent Thread] ERROR util.io.LoggerWriter - 
[PROCESS OUT] 
[PROCESS OUT] Cannot find called method!
[PROCESS OUT] 23:41:11.996 [JoularJX Agent Thread] ERROR util.io.LoggerWriter - 	
[PROCESS OUT] 23:41:11.996 [JoularJX Agent Thread] ERROR util.io.LoggerWriter - Method name   :
[PROCESS OUT] 	Method name   :<init>(java.lang.ThreadLocal$1, java.lang.ThreadLocal$ThreadLocalMap)
[PROCESS OUT] 23:41:11.996 [JoularJX Agent Thread] ERROR util.io.LoggerWriter - 	
[PROCESS OUT] 23:41:11.996 [JoularJX Agent Thread] ERROR util.io.LoggerWriter - Return type   :
[PROCESS OUT] 	Return type   :void
[PROCESS OUT] 23:41:11.997 [JoularJX Agent Thread] ERROR util.io.LoggerWriter - 	
[PROCESS OUT] 23:41:11.997 [JoularJX Agent Thread] ERROR util.io.LoggerWriter - Declaring type: 
[PROCESS OUT] 23:41:11.997 [JoularJX Agent Thread] ERROR util.io.LoggerWriter - ThreadLocalMap
[PROCESS OUT] 23:41:11.997 [JoularJX Agent Thread] ERROR util.io.LoggerWriter - 
[PROCESS OUT] 
[PROCESS OUT] 	Declaring type: ThreadLocalMap
[PROCESS OUT] 23:41:11.998 [JoularJX Agent Thread] ERROR util.io.LoggerWriter - Missing called method can happen if there is a compile error: a method is called but undefined in the class of the instance on which it is called.
[PROCESS OUT] 23:41:11.998 [JoularJX Agent Thread] ERROR util.io.LoggerWriter - 
[PROCESS OUT] 
[PROCESS OUT] Missing called method can happen if there is a compile error: a method is called but undefined in the class of the instance on which it is called.
[PROCESS OUT] 23:41:11.999 [JoularJX Agent Thread] ERROR util.io.LoggerWriter - Cannot find called method!
[PROCESS OUT] 23:41:11.999 [JoularJX Agent Thread] ERROR util.io.LoggerWriter - 
[PROCESS OUT] 
[PROCESS OUT] Cannot find called method!
[PROCESS OUT] 23:41:12.000 [JoularJX Agent Thread] ERROR util.io.LoggerWriter - 	
[PROCESS OUT] 23:41:12.000 [JoularJX Agent Thread] ERROR util.io.LoggerWriter - Method name   :
[PROCESS OUT] 	Method name   :access$0(java.lang.ThreadLocal$ThreadLocalMap, java.lang.ThreadLocal)
[PROCESS OUT] 23:41:12.000 [JoularJX Agent Thread] ERROR util.io.LoggerWriter - 	
[PROCESS OUT] 23:41:12.000 [JoularJX Agent Thread] ERROR util.io.LoggerWriter - Return type   :
[PROCESS OUT] 	Return type   :java.lang.Object
[PROCESS OUT] 23:41:12.001 [JoularJX Agent Thread] ERROR util.io.LoggerWriter - 	
[PROCESS OUT] 23:41:12.001 [JoularJX Agent Thread] ERROR util.io.LoggerWriter - Declaring type: 
[PROCESS OUT] 23:41:12.001 [JoularJX Agent Thread] ERROR util.io.LoggerWriter - ThreadLocalMap
[PROCESS OUT] 23:41:12.001 [JoularJX Agent Thread] ERROR util.io.LoggerWriter - 
[PROCESS OUT] 
[PROCESS OUT] 	Declaring type: ThreadLocalMap
[PROCESS OUT] 23:41:12.001 [JoularJX Agent Thread] ERROR util.io.LoggerWriter - Missing called method can happen if there is a compile error: a method is called but undefined in the class of the instance on which it is called.
[PROCESS OUT] 23:41:12.002 [JoularJX Agent Thread] ERROR util.io.LoggerWriter - 
[PROCESS OUT] 
[PROCESS OUT] Missing called method can happen if there is a compile error: a method is called but undefined in the class of the instance on which it is called.
[PROCESS OUT] 23:41:12.003 [JoularJX Agent Thread] ERROR util.io.LoggerWriter - Cannot find called method!
[PROCESS OUT] 23:41:12.003 [JoularJX Agent Thread] ERROR util.io.LoggerWriter - 
[PROCESS OUT] 
[PROCESS OUT] Cannot find called method!
[PROCESS OUT] 23:41:12.004 [JoularJX Agent Thread] ERROR util.io.LoggerWriter - 	
[PROCESS OUT] 23:41:12.004 [JoularJX Agent Thread] ERROR util.io.LoggerWriter - Method name   :
[PROCESS OUT] 	Method name   :access$1(java.lang.ThreadLocal$ThreadLocalMap, java.lang.ThreadLocal, java.lang.Object)
[PROCESS OUT] 23:41:12.004 [JoularJX Agent Thread] ERROR util.io.LoggerWriter - 	
[PROCESS OUT] 23:41:12.004 [JoularJX Agent Thread] ERROR util.io.LoggerWriter - Return type   :
[PROCESS OUT] 	Return type   :void
[PROCESS OUT] 23:41:12.004 [JoularJX Agent Thread] ERROR util.io.LoggerWriter - 	
[PROCESS OUT] 23:41:12.005 [JoularJX Agent Thread] ERROR util.io.LoggerWriter - Declaring type: 
[PROCESS OUT] 23:41:12.005 [JoularJX Agent Thread] ERROR util.io.LoggerWriter - ThreadLocalMap
[PROCESS OUT] 23:41:12.005 [JoularJX Agent Thread] ERROR util.io.LoggerWriter - 
[PROCESS OUT] 
[PROCESS OUT] 	Declaring type: ThreadLocalMap
[PROCESS OUT] 23:41:12.005 [JoularJX Agent Thread] ERROR util.io.LoggerWriter - Missing called method can happen if there is a compile error: a method is called but undefined in the class of the instance on which it is called.
[PROCESS OUT] 23:41:12.005 [JoularJX Agent Thread] ERROR util.io.LoggerWriter - 
[PROCESS OUT] 
[PROCESS OUT] Missing called method can happen if there is a compile error: a method is called but undefined in the class of the instance on which it is called.
[PROCESS OUT] 23:41:12.010 [JoularJX Agent Thread] ERROR util.io.LoggerWriter - Cannot find called method!
[PROCESS OUT] 23:41:12.010 [JoularJX Agent Thread] ERROR util.io.LoggerWriter - 
[PROCESS OUT] 
[PROCESS OUT] Cannot find called method!
[PROCESS OUT] 23:41:12.010 [JoularJX Agent Thread] ERROR util.io.LoggerWriter - 	
[PROCESS OUT] 23:41:12.010 [JoularJX Agent Thread] ERROR util.io.LoggerWriter - Method name   :
[PROCESS OUT] 	Method name   :access$0(java.lang.ThreadLocal)
[PROCESS OUT] 23:41:12.010 [JoularJX Agent Thread] ERROR util.io.LoggerWriter - 	
[PROCESS OUT] 23:41:12.011 [JoularJX Agent Thread] ERROR util.io.LoggerWriter - Return type   :
[PROCESS OUT] 	Return type   :int
[PROCESS OUT] 23:41:12.011 [JoularJX Agent Thread] ERROR util.io.LoggerWriter - 	
[PROCESS OUT] 23:41:12.011 [JoularJX Agent Thread] ERROR util.io.LoggerWriter - Declaring type: 
[PROCESS OUT] 23:41:12.011 [JoularJX Agent Thread] ERROR util.io.LoggerWriter - ThreadLocal
[PROCESS OUT] 23:41:12.011 [JoularJX Agent Thread] ERROR util.io.LoggerWriter - 
[PROCESS OUT] 
[PROCESS OUT] 	Declaring type: ThreadLocal
[PROCESS OUT] 23:41:12.011 [JoularJX Agent Thread] ERROR util.io.LoggerWriter - Missing called method can happen if there is a compile error: a method is called but undefined in the class of the instance on which it is called.
[PROCESS OUT] 23:41:12.011 [JoularJX Agent Thread] ERROR util.io.LoggerWriter - 
[PROCESS OUT] 
[PROCESS OUT] Missing called method can happen if there is a compile error: a method is called but undefined in the class of the instance on which it is called.
[PROCESS OUT] 23:41:12.012 [JoularJX Agent Thread] ERROR util.io.LoggerWriter - Cannot find called method!
[PROCESS OUT] 23:41:12.012 [JoularJX Agent Thread] ERROR util.io.LoggerWriter - 
[PROCESS OUT] 
[PROCESS OUT] Cannot find called method!
[PROCESS OUT] 23:41:12.012 [JoularJX Agent Thread] ERROR util.io.LoggerWriter - 	
[PROCESS OUT] 23:41:12.013 [JoularJX Agent Thread] ERROR util.io.LoggerWriter - Method name   :
[PROCESS OUT] 	Method name   :access$0(java.lang.ThreadLocal)
[PROCESS OUT] 23:41:12.013 [JoularJX Agent Thread] ERROR util.io.LoggerWriter - 	
[PROCESS OUT] 23:41:12.013 [JoularJX Agent Thread] ERROR util.io.LoggerWriter - Return type   :
[PROCESS OUT] 	Return type   :int
[PROCESS OUT] 23:41:12.013 [JoularJX Agent Thread] ERROR util.io.LoggerWriter - 	
[PROCESS OUT] 23:41:12.013 [JoularJX Agent Thread] ERROR util.io.LoggerWriter - Declaring type: 
[PROCESS OUT] 23:41:12.013 [JoularJX Agent Thread] ERROR util.io.LoggerWriter - ThreadLocal
[PROCESS OUT] 23:41:12.014 [JoularJX Agent Thread] ERROR util.io.LoggerWriter - 
[PROCESS OUT] 
[PROCESS OUT] 	Declaring type: ThreadLocal
[PROCESS OUT] 23:41:12.014 [JoularJX Agent Thread] ERROR util.io.LoggerWriter - Missing called method can happen if there is a compile error: a method is called but undefined in the class of the instance on which it is called.
[PROCESS OUT] 23:41:12.014 [JoularJX Agent Thread] ERROR util.io.LoggerWriter - 
[PROCESS OUT] 
[PROCESS OUT] Missing called method can happen if there is a compile error: a method is called but undefined in the class of the instance on which it is called.
[PROCESS OUT] 23:41:12.016 [JoularJX Agent Thread] ERROR util.io.LoggerWriter - Cannot find called method!
[PROCESS OUT] 23:41:12.016 [JoularJX Agent Thread] ERROR util.io.LoggerWriter - 
[PROCESS OUT] 
[PROCESS OUT] Cannot find called method!
[PROCESS OUT] 23:41:12.016 [JoularJX Agent Thread] ERROR util.io.LoggerWriter - 	
[PROCESS OUT] 23:41:12.016 [JoularJX Agent Thread] ERROR util.io.LoggerWriter - Method name   :
[PROCESS OUT] 	Method name   :access$0(java.lang.ThreadLocal)
[PROCESS OUT] 23:41:12.016 [JoularJX Agent Thread] ERROR util.io.LoggerWriter - 	
[PROCESS OUT] 23:41:12.016 [JoularJX Agent Thread] ERROR util.io.LoggerWriter - Return type   :
[PROCESS OUT] 	Return type   :int
[PROCESS OUT] 23:41:12.016 [JoularJX Agent Thread] ERROR util.io.LoggerWriter - 	
[PROCESS OUT] 23:41:12.017 [JoularJX Agent Thread] ERROR util.io.LoggerWriter - Declaring type: 
[PROCESS OUT] 23:41:12.017 [JoularJX Agent Thread] ERROR util.io.LoggerWriter - ThreadLocal
[PROCESS OUT] 23:41:12.017 [JoularJX Agent Thread] ERROR util.io.LoggerWriter - 
[PROCESS OUT] 
[PROCESS OUT] 	Declaring type: ThreadLocal
[PROCESS OUT] 23:41:12.017 [JoularJX Agent Thread] ERROR util.io.LoggerWriter - Missing called method can happen if there is a compile error: a method is called but undefined in the class of the instance on which it is called.
[PROCESS OUT] 23:41:12.017 [JoularJX Agent Thread] ERROR util.io.LoggerWriter - 
[PROCESS OUT] 
[PROCESS OUT] Missing called method can happen if there is a compile error: a method is called but undefined in the class of the instance on which it is called.
[PROCESS OUT] 23:41:12.019 [JoularJX Agent Thread] ERROR util.io.LoggerWriter - Cannot find called method!
[PROCESS OUT] 23:41:12.019 [JoularJX Agent Thread] ERROR util.io.LoggerWriter - 
[PROCESS OUT] 
[PROCESS OUT] Cannot find called method!
[PROCESS OUT] 23:41:12.019 [JoularJX Agent Thread] ERROR util.io.LoggerWriter - 	
[PROCESS OUT] 23:41:12.019 [JoularJX Agent Thread] ERROR util.io.LoggerWriter - Method name   :
[PROCESS OUT] 	Method name   :access$0(java.lang.ThreadLocal)
[PROCESS OUT] 23:41:12.019 [JoularJX Agent Thread] ERROR util.io.LoggerWriter - 	
[PROCESS OUT] 23:41:12.019 [JoularJX Agent Thread] ERROR util.io.LoggerWriter - Return type   :
[PROCESS OUT] 	Return type   :int
[PROCESS OUT] 23:41:12.019 [JoularJX Agent Thread] ERROR util.io.LoggerWriter - 	
[PROCESS OUT] 23:41:12.019 [JoularJX Agent Thread] ERROR util.io.LoggerWriter - Declaring type: 
[PROCESS OUT] 23:41:12.019 [JoularJX Agent Thread] ERROR util.io.LoggerWriter - ThreadLocal
[PROCESS OUT] 23:41:12.020 [JoularJX Agent Thread] ERROR util.io.LoggerWriter - 
[PROCESS OUT] 
[PROCESS OUT] 	Declaring type: ThreadLocal
[PROCESS OUT] 23:41:12.020 [JoularJX Agent Thread] ERROR util.io.LoggerWriter - Missing called method can happen if there is a compile error: a method is called but undefined in the class of the instance on which it is called.
[PROCESS OUT] 23:41:12.020 [JoularJX Agent Thread] ERROR util.io.LoggerWriter - 
[PROCESS OUT] 
[PROCESS OUT] Missing called method can happen if there is a compile error: a method is called but undefined in the class of the instance on which it is called.
[PROCESS OUT] 23:41:12.028 [JoularJX Agent Thread] ERROR util.io.LoggerWriter - Cannot find called method!
[PROCESS OUT] 23:41:12.028 [JoularJX Agent Thread] ERROR util.io.LoggerWriter - 
[PROCESS OUT] 
[PROCESS OUT] Cannot find called method!
[PROCESS OUT] 23:41:12.028 [JoularJX Agent Thread] ERROR util.io.LoggerWriter - 	
[PROCESS OUT] 23:41:12.028 [JoularJX Agent Thread] ERROR util.io.LoggerWriter - Method name   :
[PROCESS OUT] 	Method name   :access$0(java.lang.ThreadLocal)
[PROCESS OUT] 23:41:12.029 [JoularJX Agent Thread] ERROR util.io.LoggerWriter - 	
[PROCESS OUT] 23:41:12.029 [JoularJX Agent Thread] ERROR util.io.LoggerWriter - Return type   :
[PROCESS OUT] 	Return type   :int
[PROCESS OUT] 23:41:12.029 [JoularJX Agent Thread] ERROR util.io.LoggerWriter - 	
[PROCESS OUT] 23:41:12.029 [JoularJX Agent Thread] ERROR util.io.LoggerWriter - Declaring type: 
[PROCESS OUT] 23:41:12.029 [JoularJX Agent Thread] ERROR util.io.LoggerWriter - ThreadLocal
[PROCESS OUT] 23:41:12.029 [JoularJX Agent Thread] ERROR util.io.LoggerWriter - 
[PROCESS OUT] 
[PROCESS OUT] 	Declaring type: ThreadLocal
[PROCESS OUT] 23:41:12.029 [JoularJX Agent Thread] ERROR util.io.LoggerWriter - Missing called method can happen if there is a compile error: a method is called but undefined in the class of the instance on which it is called.
[PROCESS OUT] 23:41:12.029 [JoularJX Agent Thread] ERROR util.io.LoggerWriter - 
[PROCESS OUT] 
[PROCESS OUT] Missing called method can happen if there is a compile error: a method is called but undefined in the class of the instance on which it is called.
[PROCESS OUT] 23:41:12.032 [JoularJX Agent Thread] ERROR util.io.LoggerWriter - Cannot find called method!
[PROCESS OUT] 23:41:12.032 [JoularJX Agent Thread] ERROR util.io.LoggerWriter - 
[PROCESS OUT] 
[PROCESS OUT] Cannot find called method!
[PROCESS OUT] 23:41:12.032 [JoularJX Agent Thread] ERROR util.io.LoggerWriter - 	
[PROCESS OUT] 23:41:12.033 [JoularJX Agent Thread] ERROR util.io.LoggerWriter - Method name   :
[PROCESS OUT] 	Method name   :access$0(java.lang.ThreadLocal)
[PROCESS OUT] 23:41:12.033 [JoularJX Agent Thread] ERROR util.io.LoggerWriter - 	
[PROCESS OUT] 23:41:12.033 [JoularJX Agent Thread] ERROR util.io.LoggerWriter - Return type   :
[PROCESS OUT] 	Return type   :int
[PROCESS OUT] 23:41:12.033 [JoularJX Agent Thread] ERROR util.io.LoggerWriter - 	
[PROCESS OUT] 23:41:12.033 [JoularJX Agent Thread] ERROR util.io.LoggerWriter - Declaring type: 
[PROCESS OUT] 23:41:12.034 [JoularJX Agent Thread] ERROR util.io.LoggerWriter - ThreadLocal
[PROCESS OUT] 23:41:12.034 [JoularJX Agent Thread] ERROR util.io.LoggerWriter - 
[PROCESS OUT] 
[PROCESS OUT] 	Declaring type: ThreadLocal
[PROCESS OUT] 23:41:12.035 [JoularJX Agent Thread] ERROR util.io.LoggerWriter - Missing called method can happen if there is a compile error: a method is called but undefined in the class of the instance on which it is called.
[PROCESS OUT] 23:41:12.035 [JoularJX Agent Thread] ERROR util.io.LoggerWriter - 
[PROCESS OUT] 
[PROCESS OUT] Missing called method can happen if there is a compile error: a method is called but undefined in the class of the instance on which it is called.
[PROCESS OUT] ..........Loading class files in: ../POM/target/test-classes/Metric Specific for Java/bin/pom/test/rsc/
[PROCESS OUT] Loading from: ../POM/target/test-classes/Metric Specific for Java/bin/pom/test/rsc/MyFather.class
[PROCESS OUT] Loading from: ../POM/target/test-classes/Metric Specific for Java/bin/pom/test/rsc/MethodDumpv2.class
[PROCESS OUT] Loading from: ../POM/target/test-classes/Metric Specific for Java/bin/pom/test/rsc/F2.class
[PROCESS OUT] Loading from: ../POM/target/test-classes/Metric Specific for Java/bin/pom/test/rsc/MethodDump.class
[PROCESS OUT] Loading from: ../POM/target/test-classes/Metric Specific for Java/bin/pom/test/rsc/H.class
[PROCESS OUT] Loading from: ../POM/target/test-classes/Metric Specific for Java/bin/pom/test/rsc/B2.class
[PROCESS OUT] Loading from: ../POM/target/test-classes/Metric Specific for Java/bin/pom/test/rsc/B.class
[PROCESS OUT] Loading from: ../POM/target/test-classes/Metric Specific for Java/bin/pom/test/rsc/E2.class
[PROCESS OUT] Loading from: ../POM/target/test-classes/Metric Specific for Java/bin/pom/test/rsc/D.class
[PROCESS OUT] Loading from: ../POM/target/test-classes/Metric Specific for Java/bin/pom/test/rsc/G2.class
[PROCESS OUT] Loading from: ../POM/target/test-classes/Metric Specific for Java/bin/pom/test/rsc/A.class
[PROCESS OUT] Loading from: ../POM/target/test-classes/Metric Specific for Java/bin/pom/test/rsc/C2.class
[PROCESS OUT] Loading from: ../POM/target/test-classes/Metric Specific for Java/bin/pom/test/rsc/C.class
[PROCESS OUT] Loading from: ../POM/target/test-classes/Metric Specific for Java/bin/pom/test/rsc/MyInterface.class
[PROCESS OUT] util.lang.ConcreteReceiverGuard reports a runtime deprecation: calling method "padl.kernel.impl.CodeLevelModel.create()" from class "pom.test.classfile.general.TestCouplingCohesionMetrics"
[PROCESS OUT] Please use the methods in "padl.generator.helper.ModelGenerator" to obtain code-level models.
[PROCESS OUT] ...........Loading class files in: ../POM/target/test-classes/Metric Specific for Java/bin/pom/test/rsc/
[PROCESS OUT] Loading from: ../POM/target/test-classes/Metric Specific for Java/bin/pom/test/rsc/MyFather.class
[PROCESS OUT] Loading from: ../POM/target/test-classes/Metric Specific for Java/bin/pom/test/rsc/MethodDumpv2.class
[PROCESS OUT] Loading from: ../POM/target/test-classes/Metric Specific for Java/bin/pom/test/rsc/F2.class
[PROCESS OUT] Loading from: ../POM/target/test-classes/Metric Specific for Java/bin/pom/test/rsc/MethodDump.class
[PROCESS OUT] Loading from: ../POM/target/test-classes/Metric Specific for Java/bin/pom/test/rsc/H.class
[PROCESS OUT] Loading from: ../POM/target/test-classes/Metric Specific for Java/bin/pom/test/rsc/B2.class
[PROCESS OUT] Loading from: ../POM/target/test-classes/Metric Specific for Java/bin/pom/test/rsc/B.class
[PROCESS OUT] Loading from: ../POM/target/test-classes/Metric Specific for Java/bin/pom/test/rsc/E2.class
[PROCESS OUT] Loading from: ../POM/target/test-classes/Metric Specific for Java/bin/pom/test/rsc/D.class
[PROCESS OUT] Loading from: ../POM/target/test-classes/Metric Specific for Java/bin/pom/test/rsc/G2.class
[PROCESS OUT] Loading from: ../POM/target/test-classes/Metric Specific for Java/bin/pom/test/rsc/A.class
[PROCESS OUT] Loading from: ../POM/target/test-classes/Metric Specific for Java/bin/pom/test/rsc/C2.class
[PROCESS OUT] Loading from: ../POM/target/test-classes/Metric Specific for Java/bin/pom/test/rsc/C.class
[PROCESS OUT] Loading from: ../POM/target/test-classes/Metric Specific for Java/bin/pom/test/rsc/MyInterface.class
[PROCESS OUT] util.lang.ConcreteReceiverGuard reports a runtime deprecation: calling method "padl.kernel.impl.CodeLevelModel.create()" from class "pom.test.classfile.general.TestMethodPrimitives"
[PROCESS OUT] Please use the methods in "padl.generator.helper.ModelGenerator" to obtain code-level models.
[PROCESS OUT] .Loading class files in: ../POM/target/test-classes/Metric Specific for Java/bin/pom/test/rsc/
[PROCESS OUT] Loading from: ../POM/target/test-classes/Metric Specific for Java/bin/pom/test/rsc/MyFather.class
[PROCESS OUT] Loading from: ../POM/target/test-classes/Metric Specific for Java/bin/pom/test/rsc/MethodDumpv2.class
[PROCESS OUT] Loading from: ../POM/target/test-classes/Metric Specific for Java/bin/pom/test/rsc/F2.class
[PROCESS OUT] Loading from: ../POM/target/test-classes/Metric Specific for Java/bin/pom/test/rsc/MethodDump.class
[PROCESS OUT] Loading from: ../POM/target/test-classes/Metric Specific for Java/bin/pom/test/rsc/H.class
[PROCESS OUT] Loading from: ../POM/target/test-classes/Metric Specific for Java/bin/pom/test/rsc/B2.class
[PROCESS OUT] Loading from: ../POM/target/test-classes/Metric Specific for Java/bin/pom/test/rsc/B.class
[PROCESS OUT] Loading from: ../POM/target/test-classes/Metric Specific for Java/bin/pom/test/rsc/E2.class
[PROCESS OUT] Loading from: ../POM/target/test-classes/Metric Specific for Java/bin/pom/test/rsc/D.class
[PROCESS OUT] Loading from: ../POM/target/test-classes/Metric Specific for Java/bin/pom/test/rsc/G2.class
[PROCESS OUT] Loading from: ../POM/target/test-classes/Metric Specific for Java/bin/pom/test/rsc/A.class
[PROCESS OUT] Loading from: ../POM/target/test-classes/Metric Specific for Java/bin/pom/test/rsc/C2.class
[PROCESS OUT] Loading from: ../POM/target/test-classes/Metric Specific for Java/bin/pom/test/rsc/C.class
[PROCESS OUT] Loading from: ../POM/target/test-classes/Metric Specific for Java/bin/pom/test/rsc/MyInterface.class
[PROCESS OUT] util.lang.ConcreteReceiverGuard reports a runtime deprecation: calling method "padl.kernel.impl.CodeLevelModel.create()" from class "pom.test.classfile.general.TestMethodPrimitives"
[PROCESS OUT] Please use the methods in "padl.generator.helper.ModelGenerator" to obtain code-level models.
[PROCESS OUT] .Loading class files in: ../POM/target/test-classes/Metric Specific for Java/bin/pom/test/rsc/
[PROCESS OUT] Loading from: ../POM/target/test-classes/Metric Specific for Java/bin/pom/test/rsc/MyFather.class
[PROCESS OUT] Loading from: ../POM/target/test-classes/Metric Specific for Java/bin/pom/test/rsc/MethodDumpv2.class
[PROCESS OUT] Loading from: ../POM/target/test-classes/Metric Specific for Java/bin/pom/test/rsc/F2.class
[PROCESS OUT] Loading from: ../POM/target/test-classes/Metric Specific for Java/bin/pom/test/rsc/MethodDump.class
[PROCESS OUT] Loading from: ../POM/target/test-classes/Metric Specific for Java/bin/pom/test/rsc/H.class
[PROCESS OUT] Loading from: ../POM/target/test-classes/Metric Specific for Java/bin/pom/test/rsc/B2.class
[PROCESS OUT] Loading from: ../POM/target/test-classes/Metric Specific for Java/bin/pom/test/rsc/B.class
[PROCESS OUT] Loading from: ../POM/target/test-classes/Metric Specific for Java/bin/pom/test/rsc/E2.class
[PROCESS OUT] Loading from: ../POM/target/test-classes/Metric Specific for Java/bin/pom/test/rsc/D.class
[PROCESS OUT] Loading from: ../POM/target/test-classes/Metric Specific for Java/bin/pom/test/rsc/G2.class
[PROCESS OUT] Loading from: ../POM/target/test-classes/Metric Specific for Java/bin/pom/test/rsc/A.class
[PROCESS OUT] Loading from: ../POM/target/test-classes/Metric Specific for Java/bin/pom/test/rsc/C2.class
[PROCESS OUT] Loading from: ../POM/target/test-classes/Metric Specific for Java/bin/pom/test/rsc/C.class
[PROCESS OUT] Loading from: ../POM/target/test-classes/Metric Specific for Java/bin/pom/test/rsc/MyInterface.class
[PROCESS OUT] util.lang.ConcreteReceiverGuard reports a runtime deprecation: calling method "padl.kernel.impl.CodeLevelModel.create()" from class "pom.test.classfile.general.TestMethodPrimitives"
[PROCESS OUT] Please use the methods in "padl.generator.helper.ModelGenerator" to obtain code-level models.
[PROCESS OUT] .Loading class files in: ../POM/target/test-classes/java.lang.jar
[PROCESS OUT] util.lang.ConcreteReceiverGuard reports a runtime deprecation: calling method "padl.kernel.impl.CodeLevelModel.create()" from class "pom.test.classfile.general.TestMetricRepository"
[PROCESS OUT] Please use the methods in "padl.generator.helper.ModelGenerator" to obtain code-level models.
[PROCESS OUT] 23:41:12.691 [JoularJX Agent Thread] ERROR util.io.LoggerWriter - Cannot find called method!
[PROCESS OUT] 23:41:12.692 [JoularJX Agent Thread] ERROR util.io.LoggerWriter - 
[PROCESS OUT] 
[PROCESS OUT] Cannot find called method!
[PROCESS OUT] 23:41:12.692 [JoularJX Agent Thread] ERROR util.io.LoggerWriter - 	
[PROCESS OUT] 23:41:12.692 [JoularJX Agent Thread] ERROR util.io.LoggerWriter - Method name   :
[PROCESS OUT] 	Method name   :class$(java.lang.String)
[PROCESS OUT] 23:41:12.693 [JoularJX Agent Thread] ERROR util.io.LoggerWriter - 	
[PROCESS OUT] 23:41:12.693 [JoularJX Agent Thread] ERROR util.io.LoggerWriter - Return type   :
[PROCESS OUT] 	Return type   :java.lang.Class
[PROCESS OUT] 23:41:12.694 [JoularJX Agent Thread] ERROR util.io.LoggerWriter - 	
[PROCESS OUT] 23:41:12.695 [JoularJX Agent Thread] ERROR util.io.LoggerWriter - Declaring type: 
[PROCESS OUT] 23:41:12.707 [JoularJX Agent Thread] ERROR util.io.LoggerWriter - ClassLoader
[PROCESS OUT] 23:41:12.707 [JoularJX Agent Thread] ERROR util.io.LoggerWriter - 
[PROCESS OUT] 
[PROCESS OUT] 	Declaring type: ClassLoader
[PROCESS OUT] 23:41:12.708 [JoularJX Agent Thread] ERROR util.io.LoggerWriter - Missing called method can happen if there is a compile error: a method is called but undefined in the class of the instance on which it is called.
[PROCESS OUT] 23:41:12.708 [JoularJX Agent Thread] ERROR util.io.LoggerWriter - 
[PROCESS OUT] 
[PROCESS OUT] Missing called method can happen if there is a compile error: a method is called but undefined in the class of the instance on which it is called.
[PROCESS OUT] 23:41:12.721 [JoularJX Agent Thread] ERROR util.io.LoggerWriter - Cannot find called method!
[PROCESS OUT] 23:41:12.722 [JoularJX Agent Thread] ERROR util.io.LoggerWriter - 
[PROCESS OUT] 
[PROCESS OUT] Cannot find called method!
[PROCESS OUT] 23:41:12.722 [JoularJX Agent Thread] ERROR util.io.LoggerWriter - 	
[PROCESS OUT] 23:41:12.722 [JoularJX Agent Thread] ERROR util.io.LoggerWriter - Method name   :
[PROCESS OUT] 	Method name   :access$0(java.lang.ClassLoader$NativeLibrary)
[PROCESS OUT] 23:41:12.723 [JoularJX Agent Thread] ERROR util.io.LoggerWriter - 	
[PROCESS OUT] 23:41:12.723 [JoularJX Agent Thread] ERROR util.io.LoggerWriter - Return type   :
[PROCESS OUT] 	Return type   :java.lang.Class
[PROCESS OUT] 23:41:12.724 [JoularJX Agent Thread] ERROR util.io.LoggerWriter - 	
[PROCESS OUT] 23:41:12.724 [JoularJX Agent Thread] ERROR util.io.LoggerWriter - Declaring type: 
[PROCESS OUT] 23:41:12.724 [JoularJX Agent Thread] ERROR util.io.LoggerWriter - NativeLibrary
[PROCESS OUT] 23:41:12.724 [JoularJX Agent Thread] ERROR util.io.LoggerWriter - 
[PROCESS OUT] 
[PROCESS OUT] 	Declaring type: NativeLibrary
[PROCESS OUT] 23:41:12.724 [JoularJX Agent Thread] ERROR util.io.LoggerWriter - Missing called method can happen if there is a compile error: a method is called but undefined in the class of the instance on which it is called.
[PROCESS OUT] 23:41:12.724 [JoularJX Agent Thread] ERROR util.io.LoggerWriter - 
[PROCESS OUT] 
[PROCESS OUT] Missing called method can happen if there is a compile error: a method is called but undefined in the class of the instance on which it is called.
[PROCESS OUT] 23:41:12.727 [JoularJX Agent Thread] ERROR util.io.LoggerWriter - Cannot find called method!
[PROCESS OUT] 23:41:12.728 [JoularJX Agent Thread] ERROR util.io.LoggerWriter - 
[PROCESS OUT] 
[PROCESS OUT] Cannot find called method!
[PROCESS OUT] 23:41:12.731 [JoularJX Agent Thread] ERROR util.io.LoggerWriter - 	
[PROCESS OUT] 23:41:12.731 [JoularJX Agent Thread] ERROR util.io.LoggerWriter - Method name   :
[PROCESS OUT] 	Method name   :access$0()
[PROCESS OUT] 23:41:12.734 [JoularJX Agent Thread] ERROR util.io.LoggerWriter - 	
[PROCESS OUT] 23:41:12.929 [JoularJX Agent Thread] ERROR util.io.LoggerWriter - Return type   :
[PROCESS OUT] 	Return type   :java.util.Vector
[PROCESS OUT] 23:41:12.939 [JoularJX Agent Thread] ERROR util.io.LoggerWriter - 	
[PROCESS OUT] 23:41:12.939 [JoularJX Agent Thread] ERROR util.io.LoggerWriter - Declaring type: 
[PROCESS OUT] 23:41:12.942 [JoularJX Agent Thread] ERROR util.io.LoggerWriter - ClassLoader
[PROCESS OUT] 23:41:12.947 [JoularJX Agent Thread] ERROR util.io.LoggerWriter - 
[PROCESS OUT] 
[PROCESS OUT] 	Declaring type: ClassLoader
[PROCESS OUT] 23:41:12.948 [JoularJX Agent Thread] ERROR util.io.LoggerWriter - Missing called method can happen if there is a compile error: a method is called but undefined in the class of the instance on which it is called.
[PROCESS OUT] 23:41:12.948 [JoularJX Agent Thread] ERROR util.io.LoggerWriter - 
[PROCESS OUT] 
[PROCESS OUT] Missing called method can happen if there is a compile error: a method is called but undefined in the class of the instance on which it is called.
[PROCESS OUT] 23:41:12.950 [JoularJX Agent Thread] ERROR util.io.LoggerWriter - Cannot find called method!
[PROCESS OUT] 23:41:12.951 [JoularJX Agent Thread] ERROR util.io.LoggerWriter - 
[PROCESS OUT] 
[PROCESS OUT] Cannot find called method!
[PROCESS OUT] 23:41:12.952 [JoularJX Agent Thread] ERROR util.io.LoggerWriter - 	
[PROCESS OUT] 23:41:12.953 [JoularJX Agent Thread] ERROR util.io.LoggerWriter - Method name   :
[PROCESS OUT] 	Method name   :access$0()
[PROCESS OUT] 23:41:12.953 [JoularJX Agent Thread] ERROR util.io.LoggerWriter - 	
[PROCESS OUT] 23:41:12.955 [JoularJX Agent Thread] ERROR util.io.LoggerWriter - Return type   :
[PROCESS OUT] 	Return type   :java.util.Vector
[PROCESS OUT] 23:41:12.956 [JoularJX Agent Thread] ERROR util.io.LoggerWriter - 	
[PROCESS OUT] 23:41:12.957 [JoularJX Agent Thread] ERROR util.io.LoggerWriter - Declaring type: 
[PROCESS OUT] 23:41:12.957 [JoularJX Agent Thread] ERROR util.io.LoggerWriter - ClassLoader
[PROCESS OUT] 23:41:12.957 [JoularJX Agent Thread] ERROR util.io.LoggerWriter - 
[PROCESS OUT] 
[PROCESS OUT] 	Declaring type: ClassLoader
[PROCESS OUT] 23:41:12.960 [JoularJX Agent Thread] ERROR util.io.LoggerWriter - Missing called method can happen if there is a compile error: a method is called but undefined in the class of the instance on which it is called.
[PROCESS OUT] 23:41:12.965 [JoularJX Agent Thread] ERROR util.io.LoggerWriter - 
[PROCESS OUT] 
[PROCESS OUT] Missing called method can happen if there is a compile error: a method is called but undefined in the class of the instance on which it is called.
[PROCESS OUT] 23:41:12.965 [JoularJX Agent Thread] ERROR util.io.LoggerWriter - Cannot find called method!
[PROCESS OUT] 23:41:12.965 [JoularJX Agent Thread] ERROR util.io.LoggerWriter - 
[PROCESS OUT] 
[PROCESS OUT] Cannot find called method!
[PROCESS OUT] 23:41:12.965 [JoularJX Agent Thread] ERROR util.io.LoggerWriter - 	
[PROCESS OUT] 23:41:12.966 [JoularJX Agent Thread] ERROR util.io.LoggerWriter - Method name   :
[PROCESS OUT] 	Method name   :access$0()
[PROCESS OUT] 23:41:12.966 [JoularJX Agent Thread] ERROR util.io.LoggerWriter - 	
[PROCESS OUT] 23:41:12.966 [JoularJX Agent Thread] ERROR util.io.LoggerWriter - Return type   :
[PROCESS OUT] 	Return type   :java.util.Vector
[PROCESS OUT] 23:41:12.968 [JoularJX Agent Thread] ERROR util.io.LoggerWriter - 	
[PROCESS OUT] 23:41:12.968 [JoularJX Agent Thread] ERROR util.io.LoggerWriter - Declaring type: 
[PROCESS OUT] 23:41:12.968 [JoularJX Agent Thread] ERROR util.io.LoggerWriter - ClassLoader
[PROCESS OUT] 23:41:12.968 [JoularJX Agent Thread] ERROR util.io.LoggerWriter - 
[PROCESS OUT] 
[PROCESS OUT] 	Declaring type: ClassLoader
[PROCESS OUT] 23:41:12.968 [JoularJX Agent Thread] ERROR util.io.LoggerWriter - Missing called method can happen if there is a compile error: a method is called but undefined in the class of the instance on which it is called.
[PROCESS OUT] 23:41:12.969 [JoularJX Agent Thread] ERROR util.io.LoggerWriter - 
[PROCESS OUT] 
[PROCESS OUT] Missing called method can happen if there is a compile error: a method is called but undefined in the class of the instance on which it is called.
[PROCESS OUT] 23:41:12.970 [JoularJX Agent Thread] ERROR util.io.LoggerWriter - Cannot find called method!
[PROCESS OUT] 23:41:12.970 [JoularJX Agent Thread] ERROR util.io.LoggerWriter - 
[PROCESS OUT] 
[PROCESS OUT] Cannot find called method!
[PROCESS OUT] 23:41:12.970 [JoularJX Agent Thread] ERROR util.io.LoggerWriter - 	
[PROCESS OUT] 23:41:12.970 [JoularJX Agent Thread] ERROR util.io.LoggerWriter - Method name   :
[PROCESS OUT] 	Method name   :access$0()
[PROCESS OUT] 23:41:12.970 [JoularJX Agent Thread] ERROR util.io.LoggerWriter - 	
[PROCESS OUT] 23:41:12.970 [JoularJX Agent Thread] ERROR util.io.LoggerWriter - Return type   :
[PROCESS OUT] 	Return type   :java.util.Vector
[PROCESS OUT] 23:41:12.970 [JoularJX Agent Thread] ERROR util.io.LoggerWriter - 	
[PROCESS OUT] 23:41:12.970 [JoularJX Agent Thread] ERROR util.io.LoggerWriter - Declaring type: 
[PROCESS OUT] 23:41:12.970 [JoularJX Agent Thread] ERROR util.io.LoggerWriter - ClassLoader
[PROCESS OUT] 23:41:12.970 [JoularJX Agent Thread] ERROR util.io.LoggerWriter - 
[PROCESS OUT] 
[PROCESS OUT] 	Declaring type: ClassLoader
[PROCESS OUT] 23:41:12.970 [JoularJX Agent Thread] ERROR util.io.LoggerWriter - Missing called method can happen if there is a compile error: a method is called but undefined in the class of the instance on which it is called.
[PROCESS OUT] 23:41:12.970 [JoularJX Agent Thread] ERROR util.io.LoggerWriter - 
[PROCESS OUT] 
[PROCESS OUT] Missing called method can happen if there is a compile error: a method is called but undefined in the class of the instance on which it is called.
[PROCESS OUT] 23:41:12.971 [JoularJX Agent Thread] ERROR util.io.LoggerWriter - Cannot find called method!
[PROCESS OUT] 23:41:12.971 [JoularJX Agent Thread] ERROR util.io.LoggerWriter - 
[PROCESS OUT] 
[PROCESS OUT] Cannot find called method!
[PROCESS OUT] 23:41:12.972 [JoularJX Agent Thread] ERROR util.io.LoggerWriter - 	
[PROCESS OUT] 23:41:12.972 [JoularJX Agent Thread] ERROR util.io.LoggerWriter - Method name   :
[PROCESS OUT] 	Method name   :access$1()
[PROCESS OUT] 23:41:12.972 [JoularJX Agent Thread] ERROR util.io.LoggerWriter - 	
[PROCESS OUT] 23:41:12.972 [JoularJX Agent Thread] ERROR util.io.LoggerWriter - Return type   :
[PROCESS OUT] 	Return type   :java.util.Stack
[PROCESS OUT] 23:41:12.972 [JoularJX Agent Thread] ERROR util.io.LoggerWriter - 	
[PROCESS OUT] 23:41:12.972 [JoularJX Agent Thread] ERROR util.io.LoggerWriter - Declaring type: 
[PROCESS OUT] 23:41:12.972 [JoularJX Agent Thread] ERROR util.io.LoggerWriter - ClassLoader
[PROCESS OUT] 23:41:12.972 [JoularJX Agent Thread] ERROR util.io.LoggerWriter - 
[PROCESS OUT] 
[PROCESS OUT] 	Declaring type: ClassLoader
[PROCESS OUT] 23:41:12.972 [JoularJX Agent Thread] ERROR util.io.LoggerWriter - Missing called method can happen if there is a compile error: a method is called but undefined in the class of the instance on which it is called.
[PROCESS OUT] 23:41:12.972 [JoularJX Agent Thread] ERROR util.io.LoggerWriter - 
[PROCESS OUT] 
[PROCESS OUT] Missing called method can happen if there is a compile error: a method is called but undefined in the class of the instance on which it is called.
[PROCESS OUT] 23:41:12.973 [JoularJX Agent Thread] ERROR util.io.LoggerWriter - Cannot find called method!
[PROCESS OUT] 23:41:12.973 [JoularJX Agent Thread] ERROR util.io.LoggerWriter - 
[PROCESS OUT] 
[PROCESS OUT] Cannot find called method!
[PROCESS OUT] 23:41:12.974 [JoularJX Agent Thread] ERROR util.io.LoggerWriter - 	
[PROCESS OUT] 23:41:12.974 [JoularJX Agent Thread] ERROR util.io.LoggerWriter - Method name   :
[PROCESS OUT] 	Method name   :access$1()
[PROCESS OUT] 23:41:12.983 [JoularJX Agent Thread] ERROR util.io.LoggerWriter - 	
[PROCESS OUT] 23:41:12.983 [JoularJX Agent Thread] ERROR util.io.LoggerWriter - Return type   :
[PROCESS OUT] 	Return type   :java.util.Stack
[PROCESS OUT] 23:41:12.984 [JoularJX Agent Thread] ERROR util.io.LoggerWriter - 	
[PROCESS OUT] 23:41:12.984 [JoularJX Agent Thread] ERROR util.io.LoggerWriter - Declaring type: 
[PROCESS OUT] 23:41:12.984 [JoularJX Agent Thread] ERROR util.io.LoggerWriter - ClassLoader
[PROCESS OUT] 23:41:12.985 [JoularJX Agent Thread] ERROR util.io.LoggerWriter - 
[PROCESS OUT] 
[PROCESS OUT] 	Declaring type: ClassLoader
[PROCESS OUT] 23:41:12.985 [JoularJX Agent Thread] ERROR util.io.LoggerWriter - Missing called method can happen if there is a compile error: a method is called but undefined in the class of the instance on which it is called.
[PROCESS OUT] 23:41:12.985 [JoularJX Agent Thread] ERROR util.io.LoggerWriter - 
[PROCESS OUT] 
[PROCESS OUT] Missing called method can happen if there is a compile error: a method is called but undefined in the class of the instance on which it is called.
[PROCESS OUT] 23:41:12.985 [JoularJX Agent Thread] ERROR util.io.LoggerWriter - Cannot find called method!
[PROCESS OUT] 23:41:12.986 [JoularJX Agent Thread] ERROR util.io.LoggerWriter - 
[PROCESS OUT] 
[PROCESS OUT] Cannot find called method!
[PROCESS OUT] 23:41:12.987 [JoularJX Agent Thread] ERROR util.io.LoggerWriter - 	
[PROCESS OUT] 23:41:12.987 [JoularJX Agent Thread] ERROR util.io.LoggerWriter - Method name   :
[PROCESS OUT] 	Method name   :access$1()
[PROCESS OUT] 23:41:12.987 [JoularJX Agent Thread] ERROR util.io.LoggerWriter - 	
[PROCESS OUT] 23:41:12.988 [JoularJX Agent Thread] ERROR util.io.LoggerWriter - Return type   :
[PROCESS OUT] 	Return type   :java.util.Stack
[PROCESS OUT] 23:41:12.989 [JoularJX Agent Thread] ERROR util.io.LoggerWriter - 	
[PROCESS OUT] 23:41:12.989 [JoularJX Agent Thread] ERROR util.io.LoggerWriter - Declaring type: 
[PROCESS OUT] 23:41:12.990 [JoularJX Agent Thread] ERROR util.io.LoggerWriter - ClassLoader
[PROCESS OUT] 23:41:12.990 [JoularJX Agent Thread] ERROR util.io.LoggerWriter - 
[PROCESS OUT] 
[PROCESS OUT] 	Declaring type: ClassLoader
[PROCESS OUT] 23:41:12.990 [JoularJX Agent Thread] ERROR util.io.LoggerWriter - Missing called method can happen if there is a compile error: a method is called but undefined in the class of the instance on which it is called.
[PROCESS OUT] 23:41:12.990 [JoularJX Agent Thread] ERROR util.io.LoggerWriter - 
[PROCESS OUT] 
[PROCESS OUT] Missing called method can happen if there is a compile error: a method is called but undefined in the class of the instance on which it is called.
[PROCESS OUT] 23:41:13.182 [JoularJX Agent Thread] ERROR util.io.LoggerWriter - Cannot find called method!
[PROCESS OUT] 23:41:13.183 [JoularJX Agent Thread] ERROR util.io.LoggerWriter - 
[PROCESS OUT] 
[PROCESS OUT] Cannot find called method!
[PROCESS OUT] 23:41:13.183 [JoularJX Agent Thread] ERROR util.io.LoggerWriter - 	
[PROCESS OUT] 23:41:13.183 [JoularJX Agent Thread] ERROR util.io.LoggerWriter - Method name   :
[PROCESS OUT] 	Method name   :class$(java.lang.String)
[PROCESS OUT] 23:41:13.183 [JoularJX Agent Thread] ERROR util.io.LoggerWriter - 	
[PROCESS OUT] 23:41:13.183 [JoularJX Agent Thread] ERROR util.io.LoggerWriter - Return type   :
[PROCESS OUT] 	Return type   :java.lang.Class
[PROCESS OUT] 23:41:13.183 [JoularJX Agent Thread] ERROR util.io.LoggerWriter - 	
[PROCESS OUT] 23:41:13.183 [JoularJX Agent Thread] ERROR util.io.LoggerWriter - Declaring type: 
[PROCESS OUT] 23:41:13.183 [JoularJX Agent Thread] ERROR util.io.LoggerWriter - SecurityManager
[PROCESS OUT] 23:41:13.183 [JoularJX Agent Thread] ERROR util.io.LoggerWriter - 
[PROCESS OUT] 
[PROCESS OUT] 	Declaring type: SecurityManager
[PROCESS OUT] 23:41:13.184 [JoularJX Agent Thread] ERROR util.io.LoggerWriter - Missing called method can happen if there is a compile error: a method is called but undefined in the class of the instance on which it is called.
[PROCESS OUT] 23:41:13.184 [JoularJX Agent Thread] ERROR util.io.LoggerWriter - 
[PROCESS OUT] 
[PROCESS OUT] Missing called method can happen if there is a compile error: a method is called but undefined in the class of the instance on which it is called.
[PROCESS OUT] 23:41:13.260 [JoularJX Agent Thread] ERROR util.io.LoggerWriter - Cannot find called method!
[PROCESS OUT] 23:41:13.262 [JoularJX Agent Thread] ERROR util.io.LoggerWriter - 
[PROCESS OUT] 
[PROCESS OUT] Cannot find called method!
[PROCESS OUT] 23:41:13.263 [JoularJX Agent Thread] ERROR util.io.LoggerWriter - 	
[PROCESS OUT] 23:41:13.263 [JoularJX Agent Thread] ERROR util.io.LoggerWriter - Method name   :
[PROCESS OUT] 	Method name   :<init>(java.lang.ThreadLocal$1, java.lang.ThreadLocal$ThreadLocalMap)
[PROCESS OUT] 23:41:13.264 [JoularJX Agent Thread] ERROR util.io.LoggerWriter - 	
[PROCESS OUT] 23:41:13.264 [JoularJX Agent Thread] ERROR util.io.LoggerWriter - Return type   :
[PROCESS OUT] 	Return type   :void
[PROCESS OUT] 23:41:13.265 [JoularJX Agent Thread] ERROR util.io.LoggerWriter - 	
[PROCESS OUT] 23:41:13.266 [JoularJX Agent Thread] ERROR util.io.LoggerWriter - Declaring type: 
[PROCESS OUT] 23:41:13.266 [JoularJX Agent Thread] ERROR util.io.LoggerWriter - ThreadLocalMap
[PROCESS OUT] 23:41:13.266 [JoularJX Agent Thread] ERROR util.io.LoggerWriter - 
[PROCESS OUT] 
[PROCESS OUT] 	Declaring type: ThreadLocalMap
[PROCESS OUT] 23:41:13.267 [JoularJX Agent Thread] ERROR util.io.LoggerWriter - Missing called method can happen if there is a compile error: a method is called but undefined in the class of the instance on which it is called.
[PROCESS OUT] 23:41:13.267 [JoularJX Agent Thread] ERROR util.io.LoggerWriter - 
[PROCESS OUT] 
[PROCESS OUT] Missing called method can happen if there is a compile error: a method is called but undefined in the class of the instance on which it is called.
[PROCESS OUT] 23:41:13.270 [JoularJX Agent Thread] ERROR util.io.LoggerWriter - Cannot find called method!
[PROCESS OUT] 23:41:13.271 [JoularJX Agent Thread] ERROR util.io.LoggerWriter - 
[PROCESS OUT] 
[PROCESS OUT] Cannot find called method!
[PROCESS OUT] 23:41:13.271 [JoularJX Agent Thread] ERROR util.io.LoggerWriter - 	
[PROCESS OUT] 23:41:13.272 [JoularJX Agent Thread] ERROR util.io.LoggerWriter - Method name   :
[PROCESS OUT] 	Method name   :access$0(java.lang.ThreadLocal$ThreadLocalMap, java.lang.ThreadLocal)
[PROCESS OUT] 23:41:13.272 [JoularJX Agent Thread] ERROR util.io.LoggerWriter - 	
[PROCESS OUT] 23:41:13.272 [JoularJX Agent Thread] ERROR util.io.LoggerWriter - Return type   :
[PROCESS OUT] 	Return type   :java.lang.Object
[PROCESS OUT] 23:41:13.272 [JoularJX Agent Thread] ERROR util.io.LoggerWriter - 	
[PROCESS OUT] 23:41:13.272 [JoularJX Agent Thread] ERROR util.io.LoggerWriter - Declaring type: 
[PROCESS OUT] 23:41:13.272 [JoularJX Agent Thread] ERROR util.io.LoggerWriter - ThreadLocalMap
[PROCESS OUT] 23:41:13.272 [JoularJX Agent Thread] ERROR util.io.LoggerWriter - 
[PROCESS OUT] 
[PROCESS OUT] 	Declaring type: ThreadLocalMap
[PROCESS OUT] 23:41:13.272 [JoularJX Agent Thread] ERROR util.io.LoggerWriter - Missing called method can happen if there is a compile error: a method is called but undefined in the class of the instance on which it is called.
[PROCESS OUT] 23:41:13.272 [JoularJX Agent Thread] ERROR util.io.LoggerWriter - 
[PROCESS OUT] 
[PROCESS OUT] Missing called method can happen if there is a compile error: a method is called but undefined in the class of the instance on which it is called.
[PROCESS OUT] 23:41:13.277 [JoularJX Agent Thread] ERROR util.io.LoggerWriter - Cannot find called method!
[PROCESS OUT] 23:41:13.278 [JoularJX Agent Thread] ERROR util.io.LoggerWriter - 
[PROCESS OUT] 
[PROCESS OUT] Cannot find called method!
[PROCESS OUT] 23:41:13.279 [JoularJX Agent Thread] ERROR util.io.LoggerWriter - 	
[PROCESS OUT] 23:41:13.280 [JoularJX Agent Thread] ERROR util.io.LoggerWriter - Method name   :
[PROCESS OUT] 	Method name   :access$1(java.lang.ThreadLocal$ThreadLocalMap, java.lang.ThreadLocal, java.lang.Object)
[PROCESS OUT] 23:41:13.285 [JoularJX Agent Thread] ERROR util.io.LoggerWriter - 	
[PROCESS OUT] 23:41:13.287 [JoularJX Agent Thread] ERROR util.io.LoggerWriter - Return type   :
[PROCESS OUT] 	Return type   :void
[PROCESS OUT] 23:41:13.287 [JoularJX Agent Thread] ERROR util.io.LoggerWriter - 	
[PROCESS OUT] 23:41:13.288 [JoularJX Agent Thread] ERROR util.io.LoggerWriter - Declaring type: 
[PROCESS OUT] 23:41:13.288 [JoularJX Agent Thread] ERROR util.io.LoggerWriter - ThreadLocalMap
[PROCESS OUT] 23:41:13.288 [JoularJX Agent Thread] ERROR util.io.LoggerWriter - 
[PROCESS OUT] 
[PROCESS OUT] 	Declaring type: ThreadLocalMap
[PROCESS OUT] 23:41:13.288 [JoularJX Agent Thread] ERROR util.io.LoggerWriter - Missing called method can happen if there is a compile error: a method is called but undefined in the class of the instance on which it is called.
[PROCESS OUT] 23:41:13.288 [JoularJX Agent Thread] ERROR util.io.LoggerWriter - 
[PROCESS OUT] 
[PROCESS OUT] Missing called method can happen if there is a compile error: a method is called but undefined in the class of the instance on which it is called.
[PROCESS OUT] 23:41:13.293 [JoularJX Agent Thread] ERROR util.io.LoggerWriter - Cannot find called method!
[PROCESS OUT] 23:41:13.293 [JoularJX Agent Thread] ERROR util.io.LoggerWriter - 
[PROCESS OUT] 
[PROCESS OUT] Cannot find called method!
[PROCESS OUT] 23:41:13.294 [JoularJX Agent Thread] ERROR util.io.LoggerWriter - 	
[PROCESS OUT] 23:41:13.295 [JoularJX Agent Thread] ERROR util.io.LoggerWriter - Method name   :
[PROCESS OUT] 	Method name   :access$0(java.lang.ThreadLocal)
[PROCESS OUT] 23:41:13.295 [JoularJX Agent Thread] ERROR util.io.LoggerWriter - 	
[PROCESS OUT] 23:41:13.297 [JoularJX Agent Thread] ERROR util.io.LoggerWriter - Return type   :
[PROCESS OUT] 	Return type   :int
[PROCESS OUT] 23:41:13.298 [JoularJX Agent Thread] ERROR util.io.LoggerWriter - 	
[PROCESS OUT] 23:41:13.299 [JoularJX Agent Thread] ERROR util.io.LoggerWriter - Declaring type: 
[PROCESS OUT] 23:41:13.299 [JoularJX Agent Thread] ERROR util.io.LoggerWriter - ThreadLocal
[PROCESS OUT] 23:41:13.299 [JoularJX Agent Thread] ERROR util.io.LoggerWriter - 
[PROCESS OUT] 
[PROCESS OUT] 	Declaring type: ThreadLocal
[PROCESS OUT] 23:41:13.300 [JoularJX Agent Thread] ERROR util.io.LoggerWriter - Missing called method can happen if there is a compile error: a method is called but undefined in the class of the instance on which it is called.
[PROCESS OUT] 23:41:13.300 [JoularJX Agent Thread] ERROR util.io.LoggerWriter - 
[PROCESS OUT] 
[PROCESS OUT] Missing called method can happen if there is a compile error: a method is called but undefined in the class of the instance on which it is called.
[PROCESS OUT] 23:41:13.302 [JoularJX Agent Thread] ERROR util.io.LoggerWriter - Cannot find called method!
[PROCESS OUT] 23:41:13.303 [JoularJX Agent Thread] ERROR util.io.LoggerWriter - 
[PROCESS OUT] 
[PROCESS OUT] Cannot find called method!
[PROCESS OUT] 23:41:13.303 [JoularJX Agent Thread] ERROR util.io.LoggerWriter - 	
[PROCESS OUT] 23:41:13.303 [JoularJX Agent Thread] ERROR util.io.LoggerWriter - Method name   :
[PROCESS OUT] 	Method name   :access$0(java.lang.ThreadLocal)
[PROCESS OUT] 23:41:13.303 [JoularJX Agent Thread] ERROR util.io.LoggerWriter - 	
[PROCESS OUT] 23:41:13.303 [JoularJX Agent Thread] ERROR util.io.LoggerWriter - Return type   :
[PROCESS OUT] 	Return type   :int
[PROCESS OUT] 23:41:13.304 [JoularJX Agent Thread] ERROR util.io.LoggerWriter - 	
[PROCESS OUT] 23:41:13.310 [JoularJX Agent Thread] ERROR util.io.LoggerWriter - Declaring type: 
[PROCESS OUT] 23:41:13.315 [JoularJX Agent Thread] ERROR util.io.LoggerWriter - ThreadLocal
[PROCESS OUT] 23:41:13.316 [JoularJX Agent Thread] ERROR util.io.LoggerWriter - 
[PROCESS OUT] 
[PROCESS OUT] 	Declaring type: ThreadLocal
[PROCESS OUT] 23:41:13.316 [JoularJX Agent Thread] ERROR util.io.LoggerWriter - Missing called method can happen if there is a compile error: a method is called but undefined in the class of the instance on which it is called.
[PROCESS OUT] 23:41:13.316 [JoularJX Agent Thread] ERROR util.io.LoggerWriter - 
[PROCESS OUT] 
[PROCESS OUT] Missing called method can happen if there is a compile error: a method is called but undefined in the class of the instance on which it is called.
[PROCESS OUT] 23:41:13.320 [JoularJX Agent Thread] ERROR util.io.LoggerWriter - Cannot find called method!
[PROCESS OUT] 23:41:13.320 [JoularJX Agent Thread] ERROR util.io.LoggerWriter - 
[PROCESS OUT] 
[PROCESS OUT] Cannot find called method!
[PROCESS OUT] 23:41:13.320 [JoularJX Agent Thread] ERROR util.io.LoggerWriter - 	
[PROCESS OUT] 23:41:13.321 [JoularJX Agent Thread] ERROR util.io.LoggerWriter - Method name   :
[PROCESS OUT] 	Method name   :access$0(java.lang.ThreadLocal)
[PROCESS OUT] 23:41:13.321 [JoularJX Agent Thread] ERROR util.io.LoggerWriter - 	
[PROCESS OUT] 23:41:13.321 [JoularJX Agent Thread] ERROR util.io.LoggerWriter - Return type   :
[PROCESS OUT] 	Return type   :int
[PROCESS OUT] 23:41:13.321 [JoularJX Agent Thread] ERROR util.io.LoggerWriter - 	
[PROCESS OUT] 23:41:13.321 [JoularJX Agent Thread] ERROR util.io.LoggerWriter - Declaring type: 
[PROCESS OUT] 23:41:13.321 [JoularJX Agent Thread] ERROR util.io.LoggerWriter - ThreadLocal
[PROCESS OUT] 23:41:13.321 [JoularJX Agent Thread] ERROR util.io.LoggerWriter - 
[PROCESS OUT] 
[PROCESS OUT] 	Declaring type: ThreadLocal
[PROCESS OUT] 23:41:13.321 [JoularJX Agent Thread] ERROR util.io.LoggerWriter - Missing called method can happen if there is a compile error: a method is called but undefined in the class of the instance on which it is called.
[PROCESS OUT] 23:41:13.321 [JoularJX Agent Thread] ERROR util.io.LoggerWriter - 
[PROCESS OUT] 
[PROCESS OUT] Missing called method can happen if there is a compile error: a method is called but undefined in the class of the instance on which it is called.
[PROCESS OUT] 23:41:13.322 [JoularJX Agent Thread] ERROR util.io.LoggerWriter - Cannot find called method!
[PROCESS OUT] 23:41:13.322 [JoularJX Agent Thread] ERROR util.io.LoggerWriter - 
[PROCESS OUT] 
[PROCESS OUT] Cannot find called method!
[PROCESS OUT] 23:41:13.322 [JoularJX Agent Thread] ERROR util.io.LoggerWriter - 	
[PROCESS OUT] 23:41:13.322 [JoularJX Agent Thread] ERROR util.io.LoggerWriter - Method name   :
[PROCESS OUT] 	Method name   :access$0(java.lang.ThreadLocal)
[PROCESS OUT] 23:41:13.323 [JoularJX Agent Thread] ERROR util.io.LoggerWriter - 	
[PROCESS OUT] 23:41:13.323 [JoularJX Agent Thread] ERROR util.io.LoggerWriter - Return type   :
[PROCESS OUT] 	Return type   :int
[PROCESS OUT] 23:41:13.323 [JoularJX Agent Thread] ERROR util.io.LoggerWriter - 	
[PROCESS OUT] 23:41:13.323 [JoularJX Agent Thread] ERROR util.io.LoggerWriter - Declaring type: 
[PROCESS OUT] 23:41:13.323 [JoularJX Agent Thread] ERROR util.io.LoggerWriter - ThreadLocal
[PROCESS OUT] 23:41:13.323 [JoularJX Agent Thread] ERROR util.io.LoggerWriter - 
[PROCESS OUT] 
[PROCESS OUT] 	Declaring type: ThreadLocal
[PROCESS OUT] 23:41:13.323 [JoularJX Agent Thread] ERROR util.io.LoggerWriter - Missing called method can happen if there is a compile error: a method is called but undefined in the class of the instance on which it is called.
[PROCESS OUT] 23:41:13.323 [JoularJX Agent Thread] ERROR util.io.LoggerWriter - 
[PROCESS OUT] 
[PROCESS OUT] Missing called method can happen if there is a compile error: a method is called but undefined in the class of the instance on which it is called.
[PROCESS OUT] 23:41:13.326 [JoularJX Agent Thread] ERROR util.io.LoggerWriter - Cannot find called method!
[PROCESS OUT] 23:41:13.326 [JoularJX Agent Thread] ERROR util.io.LoggerWriter - 
[PROCESS OUT] 
[PROCESS OUT] Cannot find called method!
[PROCESS OUT] 23:41:13.326 [JoularJX Agent Thread] ERROR util.io.LoggerWriter - 	
[PROCESS OUT] 23:41:13.326 [JoularJX Agent Thread] ERROR util.io.LoggerWriter - Method name   :
[PROCESS OUT] 	Method name   :access$0(java.lang.ThreadLocal)
[PROCESS OUT] 23:41:13.327 [JoularJX Agent Thread] ERROR util.io.LoggerWriter - 	
[PROCESS OUT] 23:41:13.327 [JoularJX Agent Thread] ERROR util.io.LoggerWriter - Return type   :
[PROCESS OUT] 	Return type   :int
[PROCESS OUT] 23:41:13.327 [JoularJX Agent Thread] ERROR util.io.LoggerWriter - 	
[PROCESS OUT] 23:41:13.327 [JoularJX Agent Thread] ERROR util.io.LoggerWriter - Declaring type: 
[PROCESS OUT] 23:41:13.327 [JoularJX Agent Thread] ERROR util.io.LoggerWriter - ThreadLocal
[PROCESS OUT] 23:41:13.327 [JoularJX Agent Thread] ERROR util.io.LoggerWriter - 
[PROCESS OUT] 
[PROCESS OUT] 	Declaring type: ThreadLocal
[PROCESS OUT] 23:41:13.327 [JoularJX Agent Thread] ERROR util.io.LoggerWriter - Missing called method can happen if there is a compile error: a method is called but undefined in the class of the instance on which it is called.
[PROCESS OUT] 23:41:13.327 [JoularJX Agent Thread] ERROR util.io.LoggerWriter - 
[PROCESS OUT] 
[PROCESS OUT] Missing called method can happen if there is a compile error: a method is called but undefined in the class of the instance on which it is called.
[PROCESS OUT] 23:41:13.328 [JoularJX Agent Thread] ERROR util.io.LoggerWriter - Cannot find called method!
[PROCESS OUT] 23:41:13.328 [JoularJX Agent Thread] ERROR util.io.LoggerWriter - 
[PROCESS OUT] 
[PROCESS OUT] Cannot find called method!
[PROCESS OUT] 23:41:13.328 [JoularJX Agent Thread] ERROR util.io.LoggerWriter - 	
[PROCESS OUT] 23:41:13.328 [JoularJX Agent Thread] ERROR util.io.LoggerWriter - Method name   :
[PROCESS OUT] 	Method name   :access$0(java.lang.ThreadLocal)
[PROCESS OUT] 23:41:13.329 [JoularJX Agent Thread] ERROR util.io.LoggerWriter - 	
[PROCESS OUT] 23:41:13.329 [JoularJX Agent Thread] ERROR util.io.LoggerWriter - Return type   :
[PROCESS OUT] 	Return type   :int
[PROCESS OUT] 23:41:13.329 [JoularJX Agent Thread] ERROR util.io.LoggerWriter - 	
[PROCESS OUT] 23:41:13.330 [JoularJX Agent Thread] ERROR util.io.LoggerWriter - Declaring type: 
[PROCESS OUT] 23:41:13.330 [JoularJX Agent Thread] ERROR util.io.LoggerWriter - ThreadLocal
[PROCESS OUT] 23:41:13.330 [JoularJX Agent Thread] ERROR util.io.LoggerWriter - 
[PROCESS OUT] 
[PROCESS OUT] 	Declaring type: ThreadLocal
[PROCESS OUT] 23:41:13.330 [JoularJX Agent Thread] ERROR util.io.LoggerWriter - Missing called method can happen if there is a compile error: a method is called but undefined in the class of the instance on which it is called.
[PROCESS OUT] 23:41:13.330 [JoularJX Agent Thread] ERROR util.io.LoggerWriter - 
[PROCESS OUT] 
[PROCESS OUT] Missing called method can happen if there is a compile error: a method is called but undefined in the class of the instance on which it is called.
[PROCESS OUT] .util.lang.ConcreteReceiverGuard reports a runtime deprecation: calling method "pom.metrics.repository.USELESS.<init>()" from class "pom.test.classfile.general.TestMetricRepository"
[PROCESS OUT] Please do not instantiate metrics directly to allow efficient caching, use the methods of "pom.metrics.MetricsRepository" to obtain metric instances.
[PROCESS OUT] .util.lang.ConcreteReceiverGuard reports a runtime deprecation: calling method "padl.kernel.impl.CodeLevelModel.create()" from class "pom.test.classfile.general.TestNMIandNMOwithPattern4J"
[PROCESS OUT] Please use the methods in "padl.generator.helper.ModelGenerator" to obtain code-level models.
[PROCESS OUT] 20/11/2025 11:41:14.632 - [WARNING] - Error resolving method: java.base@25/java.lang.invoke.LambdaForm$DMH/0x0000000126120400.invokeInterface(LambdaForm$DMH)
[PROCESS OUT] java.lang.ClassNotFoundException: java.lang.invoke.LambdaForm$DMH/0x0000000126120400
[PROCESS OUT] 	at java.base/java.lang.Class.forName0(Native Method)
[PROCESS OUT] 	at java.base/java.lang.Class.forName(Class.java:467)
[PROCESS OUT] 	at java.base/java.lang.Class.forName(Class.java:458)
[PROCESS OUT] 	at ca.concordia.ptidej.spectra.Profile.MonitoringHandler.extractStats(MonitoringHandler.java:235)
[PROCESS OUT] 	at ca.concordia.ptidej.spectra.Profile.MonitoringHandler.run(MonitoringHandler.java:91)
[PROCESS OUT] 	at java.base/java.lang.Thread.run(Thread.java:1474)
[PROCESS OUT] 20/11/2025 11:41:14.633 - [WARNING] - Error resolving method: java.base@25/java.lang.invoke.LambdaForm$MH/0x000000012613d400.invoke(LambdaForm$MH)
[PROCESS OUT] java.lang.ClassNotFoundException: java.lang.invoke.LambdaForm$MH/0x000000012613d400
[PROCESS OUT] 	at java.base/java.lang.Class.forName0(Native Method)
[PROCESS OUT] 	at java.base/java.lang.Class.forName(Class.java:467)
[PROCESS OUT] 	at java.base/java.lang.Class.forName(Class.java:458)
[PROCESS OUT] 	at ca.concordia.ptidej.spectra.Profile.MonitoringHandler.extractStats(MonitoringHandler.java:235)
[PROCESS OUT] 	at ca.concordia.ptidej.spectra.Profile.MonitoringHandler.run(MonitoringHandler.java:91)
[PROCESS OUT] 	at java.base/java.lang.Thread.run(Thread.java:1474)
[PROCESS OUT] 20/11/2025 11:41:14.642 - [WARNING] - Error resolving method: java.base@25/java.lang.invoke.LambdaForm$MH/0x0000000126042000.invoke(LambdaForm$MH)
[PROCESS OUT] java.lang.ClassNotFoundException: java.lang.invoke.LambdaForm$MH/0x0000000126042000
[PROCESS OUT] 	at java.base/java.lang.Class.forName0(Native Method)
[PROCESS OUT] 	at java.base/java.lang.Class.forName(Class.java:467)
[PROCESS OUT] 	at java.base/java.lang.Class.forName(Class.java:458)
[PROCESS OUT] 	at ca.concordia.ptidej.spectra.Profile.MonitoringHandler.extractStats(MonitoringHandler.java:235)
[PROCESS OUT] 	at ca.concordia.ptidej.spectra.Profile.MonitoringHandler.run(MonitoringHandler.java:91)
[PROCESS OUT] 	at java.base/java.lang.Thread.run(Thread.java:1474)
[PROCESS OUT] 20/11/2025 11:41:14.642 - [WARNING] - Error resolving method: java.base@25/java.lang.invoke.LambdaForm$MH/0x0000000126123800.invoke(LambdaForm$MH)
[PROCESS OUT] java.lang.ClassNotFoundException: java.lang.invoke.LambdaForm$MH/0x0000000126123800
[PROCESS OUT] 	at java.base/java.lang.Class.forName0(Native Method)
[PROCESS OUT] 	at java.base/java.lang.Class.forName(Class.java:467)
[PROCESS OUT] 	at java.base/java.lang.Class.forName(Class.java:458)
[PROCESS OUT] 	at ca.concordia.ptidej.spectra.Profile.MonitoringHandler.extractStats(MonitoringHandler.java:235)
[PROCESS OUT] 	at ca.concordia.ptidej.spectra.Profile.MonitoringHandler.run(MonitoringHandler.java:91)
[PROCESS OUT] 	at java.base/java.lang.Thread.run(Thread.java:1474)
[PROCESS OUT] 20/11/2025 11:41:14.642 - [WARNING] - Error resolving method: java.base@25/java.lang.invoke.LambdaForm$MH/0x0000000126043000.invokeExact_MT(LambdaForm$MH)
[PROCESS OUT] java.lang.ClassNotFoundException: java.lang.invoke.LambdaForm$MH/0x0000000126043000
[PROCESS OUT] 	at java.base/java.lang.Class.forName0(Native Method)
[PROCESS OUT] 	at java.base/java.lang.Class.forName(Class.java:467)
[PROCESS OUT] 	at java.base/java.lang.Class.forName(Class.java:458)
[PROCESS OUT] 	at ca.concordia.ptidej.spectra.Profile.MonitoringHandler.extractStats(MonitoringHandler.java:235)
[PROCESS OUT] 	at ca.concordia.ptidej.spectra.Profile.MonitoringHandler.run(MonitoringHandler.java:91)
[PROCESS OUT] 	at java.base/java.lang.Thread.run(Thread.java:1474)
[PROCESS OUT] 20/11/2025 11:41:14.648 - [WARNING] - Error resolving method: java.base@25/java.lang.String$$StringConcat/0x0000000126044800.prepend(Unknown Source)
[PROCESS OUT] java.lang.ClassNotFoundException: java.lang.String$$StringConcat/0x0000000126044800
[PROCESS OUT] 	at java.base/java.lang.Class.forName0(Native Method)
[PROCESS OUT] 	at java.base/java.lang.Class.forName(Class.java:467)
[PROCESS OUT] 	at java.base/java.lang.Class.forName(Class.java:458)
[PROCESS OUT] 	at ca.concordia.ptidej.spectra.Profile.MonitoringHandler.extractStats(MonitoringHandler.java:235)
[PROCESS OUT] 	at ca.concordia.ptidej.spectra.Profile.MonitoringHandler.run(MonitoringHandler.java:91)
[PROCESS OUT] 	at java.base/java.lang.Thread.run(Thread.java:1474)
[PROCESS OUT] 20/11/2025 11:41:14.648 - [WARNING] - Error resolving method: java.base@25/java.lang.String$$StringConcat/0x0000000126044800.concat(Unknown Source)
[PROCESS OUT] java.lang.ClassNotFoundException: java.lang.String$$StringConcat/0x0000000126044800
[PROCESS OUT] 	at java.base/java.lang.Class.forName0(Native Method)
[PROCESS OUT] 	at java.base/java.lang.Class.forName(Class.java:467)
[PROCESS OUT] 	at java.base/java.lang.Class.forName(Class.java:458)
[PROCESS OUT] 	at ca.concordia.ptidej.spectra.Profile.MonitoringHandler.extractStats(MonitoringHandler.java:235)
[PROCESS OUT] 	at ca.concordia.ptidej.spectra.Profile.MonitoringHandler.run(MonitoringHandler.java:91)
[PROCESS OUT] 	at java.base/java.lang.Thread.run(Thread.java:1474)
[PROCESS OUT] 20/11/2025 11:41:14.649 - [WARNING] - Error resolving method: java.base@25/java.lang.invoke.LambdaForm$MH/0x0000000126044c00.invoke(LambdaForm$MH)
[PROCESS OUT] java.lang.ClassNotFoundException: java.lang.invoke.LambdaForm$MH/0x0000000126044c00
[PROCESS OUT] 	at java.base/java.lang.Class.forName0(Native Method)
[PROCESS OUT] 	at java.base/java.lang.Class.forName(Class.java:467)
[PROCESS OUT] 	at java.base/java.lang.Class.forName(Class.java:458)
[PROCESS OUT] 	at ca.concordia.ptidej.spectra.Profile.MonitoringHandler.extractStats(MonitoringHandler.java:235)
[PROCESS OUT] 	at ca.concordia.ptidej.spectra.Profile.MonitoringHandler.run(MonitoringHandler.java:91)
[PROCESS OUT] 	at java.base/java.lang.Thread.run(Thread.java:1474)
[PROCESS OUT] 20/11/2025 11:41:14.652 - [WARNING] - Error resolving method: java.base@25/java.lang.invoke.LambdaForm$MH/0x0000000126042000.invoke(LambdaForm$MH)
[PROCESS OUT] java.lang.ClassNotFoundException: java.lang.invoke.LambdaForm$MH/0x0000000126042000
[PROCESS OUT] 	at java.base/java.lang.Class.forName0(Native Method)
[PROCESS OUT] 	at java.base/java.lang.Class.forName(Class.java:467)
[PROCESS OUT] 	at java.base/java.lang.Class.forName(Class.java:458)
[PROCESS OUT] 	at ca.concordia.ptidej.spectra.Profile.MonitoringHandler.extractStats(MonitoringHandler.java:235)
[PROCESS OUT] 	at ca.concordia.ptidej.spectra.Profile.MonitoringHandler.run(MonitoringHandler.java:91)
[PROCESS OUT] 	at java.base/java.lang.Thread.run(Thread.java:1474)
[PROCESS OUT] 20/11/2025 11:41:14.652 - [WARNING] - Error resolving method: java.base@25/java.lang.invoke.LambdaForm$MH/0x000000012613c800.invoke(LambdaForm$MH)
[PROCESS OUT] java.lang.ClassNotFoundException: java.lang.invoke.LambdaForm$MH/0x000000012613c800
[PROCESS OUT] 	at java.base/java.lang.Class.forName0(Native Method)
[PROCESS OUT] 	at java.base/java.lang.Class.forName(Class.java:467)
[PROCESS OUT] 	at java.base/java.lang.Class.forName(Class.java:458)
[PROCESS OUT] 	at ca.concordia.ptidej.spectra.Profile.MonitoringHandler.extractStats(MonitoringHandler.java:235)
[PROCESS OUT] 	at ca.concordia.ptidej.spectra.Profile.MonitoringHandler.run(MonitoringHandler.java:91)
[PROCESS OUT] 	at java.base/java.lang.Thread.run(Thread.java:1474)
[PROCESS OUT] 20/11/2025 11:41:14.658 - [WARNING] - Error resolving method: java.base@25/java.lang.invoke.LambdaForm$DMH/0x0000000126120400.invokeInterface(LambdaForm$DMH)
[PROCESS OUT] java.lang.ClassNotFoundException: java.lang.invoke.LambdaForm$DMH/0x0000000126120400
[PROCESS OUT] 	at java.base/java.lang.Class.forName0(Native Method)
[PROCESS OUT] 	at java.base/java.lang.Class.forName(Class.java:467)
[PROCESS OUT] 	at java.base/java.lang.Class.forName(Class.java:458)
[PROCESS OUT] 	at ca.concordia.ptidej.spectra.Profile.MonitoringHandler.extractStats(MonitoringHandler.java:235)
[PROCESS OUT] 	at ca.concordia.ptidej.spectra.Profile.MonitoringHandler.run(MonitoringHandler.java:91)
[PROCESS OUT] 	at java.base/java.lang.Thread.run(Thread.java:1474)
[PROCESS OUT] 20/11/2025 11:41:14.659 - [WARNING] - Error resolving method: java.base@25/java.lang.invoke.LambdaForm$MH/0x000000012613cc00.invoke(LambdaForm$MH)
[PROCESS OUT] java.lang.ClassNotFoundException: java.lang.invoke.LambdaForm$MH/0x000000012613cc00
[PROCESS OUT] 	at java.base/java.lang.Class.forName0(Native Method)
[PROCESS OUT] 	at java.base/java.lang.Class.forName(Class.java:467)
[PROCESS OUT] 	at java.base/java.lang.Class.forName(Class.java:458)
[PROCESS OUT] 	at ca.concordia.ptidej.spectra.Profile.MonitoringHandler.extractStats(MonitoringHandler.java:235)
[PROCESS OUT] 	at ca.concordia.ptidej.spectra.Profile.MonitoringHandler.run(MonitoringHandler.java:91)
[PROCESS OUT] 	at java.base/java.lang.Thread.run(Thread.java:1474)
[PROCESS OUT] 20/11/2025 11:41:14.659 - [WARNING] - Error resolving method: java.base@25/java.lang.invoke.LambdaForm$DMH/0x0000000126120400.invokeInterface(LambdaForm$DMH)
[PROCESS OUT] java.lang.ClassNotFoundException: java.lang.invoke.LambdaForm$DMH/0x0000000126120400
[PROCESS OUT] 	at java.base/java.lang.Class.forName0(Native Method)
[PROCESS OUT] 	at java.base/java.lang.Class.forName(Class.java:467)
[PROCESS OUT] 	at java.base/java.lang.Class.forName(Class.java:458)
[PROCESS OUT] 	at ca.concordia.ptidej.spectra.Profile.MonitoringHandler.extractStats(MonitoringHandler.java:235)
[PROCESS OUT] 	at ca.concordia.ptidej.spectra.Profile.MonitoringHandler.run(MonitoringHandler.java:91)
[PROCESS OUT] 	at java.base/java.lang.Thread.run(Thread.java:1474)
[PROCESS OUT] 20/11/2025 11:41:14.659 - [WARNING] - Error resolving method: java.base@25/java.lang.invoke.LambdaForm$MH/0x000000012612c400.invoke(LambdaForm$MH)
[PROCESS OUT] java.lang.ClassNotFoundException: java.lang.invoke.LambdaForm$MH/0x000000012612c400
[PROCESS OUT] 	at java.base/java.lang.Class.forName0(Native Method)
[PROCESS OUT] 	at java.base/java.lang.Class.forName(Class.java:467)
[PROCESS OUT] 	at java.base/java.lang.Class.forName(Class.java:458)
[PROCESS OUT] 	at ca.concordia.ptidej.spectra.Profile.MonitoringHandler.extractStats(MonitoringHandler.java:235)
[PROCESS OUT] 	at ca.concordia.ptidej.spectra.Profile.MonitoringHandler.run(MonitoringHandler.java:91)
[PROCESS OUT] 	at java.base/java.lang.Thread.run(Thread.java:1474)
[PROCESS OUT] 20/11/2025 11:41:14.666 - [WARNING] - Error resolving method: java.base@25/java.lang.invoke.LambdaForm$DMH/0x0000000126120400.invokeInterface(LambdaForm$DMH)
[PROCESS OUT] java.lang.ClassNotFoundException: java.lang.invoke.LambdaForm$DMH/0x0000000126120400
[PROCESS OUT] 	at java.base/java.lang.Class.forName0(Native Method)
[PROCESS OUT] 	at java.base/java.lang.Class.forName(Class.java:467)
[PROCESS OUT] 	at java.base/java.lang.Class.forName(Class.java:458)
[PROCESS OUT] 	at ca.concordia.ptidej.spectra.Profile.MonitoringHandler.extractStats(MonitoringHandler.java:235)
[PROCESS OUT] 	at ca.concordia.ptidej.spectra.Profile.MonitoringHandler.run(MonitoringHandler.java:91)
[PROCESS OUT] 	at java.base/java.lang.Thread.run(Thread.java:1474)
[PROCESS OUT] 20/11/2025 11:41:14.667 - [WARNING] - Error resolving method: java.base@25/java.lang.invoke.LambdaForm$MH/0x000000012613d400.invoke(LambdaForm$MH)
[PROCESS OUT] java.lang.ClassNotFoundException: java.lang.invoke.LambdaForm$MH/0x000000012613d400
[PROCESS OUT] 	at java.base/java.lang.Class.forName0(Native Method)
[PROCESS OUT] 	at java.base/java.lang.Class.forName(Class.java:467)
[PROCESS OUT] 	at java.base/java.lang.Class.forName(Class.java:458)
[PROCESS OUT] 	at ca.concordia.ptidej.spectra.Profile.MonitoringHandler.extractStats(MonitoringHandler.java:235)
[PROCESS OUT] 	at ca.concordia.ptidej.spectra.Profile.MonitoringHandler.run(MonitoringHandler.java:91)
[PROCESS OUT] 	at java.base/java.lang.Thread.run(Thread.java:1474)
[PROCESS OUT] 20/11/2025 11:41:14.671 - [WARNING] - Error resolving method: java.base@25/java.lang.String$$StringConcat/0x0000000126044800.prepend(Unknown Source)
[PROCESS OUT] java.lang.ClassNotFoundException: java.lang.String$$StringConcat/0x0000000126044800
[PROCESS OUT] 	at java.base/java.lang.Class.forName0(Native Method)
[PROCESS OUT] 	at java.base/java.lang.Class.forName(Class.java:467)
[PROCESS OUT] 	at java.base/java.lang.Class.forName(Class.java:458)
[PROCESS OUT] 	at ca.concordia.ptidej.spectra.Profile.MonitoringHandler.extractStats(MonitoringHandler.java:235)
[PROCESS OUT] 	at ca.concordia.ptidej.spectra.Profile.MonitoringHandler.run(MonitoringHandler.java:91)
[PROCESS OUT] 	at java.base/java.lang.Thread.run(Thread.java:1474)
[PROCESS OUT] 20/11/2025 11:41:14.671 - [WARNING] - Error resolving method: java.base@25/java.lang.String$$StringConcat/0x0000000126044800.concat(Unknown Source)
[PROCESS OUT] java.lang.ClassNotFoundException: java.lang.String$$StringConcat/0x0000000126044800
[PROCESS OUT] 	at java.base/java.lang.Class.forName0(Native Method)
[PROCESS OUT] 	at java.base/java.lang.Class.forName(Class.java:467)
[PROCESS OUT] 	at java.base/java.lang.Class.forName(Class.java:458)
[PROCESS OUT] 	at ca.concordia.ptidej.spectra.Profile.MonitoringHandler.extractStats(MonitoringHandler.java:235)
[PROCESS OUT] 	at ca.concordia.ptidej.spectra.Profile.MonitoringHandler.run(MonitoringHandler.java:91)
[PROCESS OUT] 	at java.base/java.lang.Thread.run(Thread.java:1474)
[PROCESS OUT] 20/11/2025 11:41:14.671 - [WARNING] - Error resolving method: java.base@25/java.lang.invoke.LambdaForm$MH/0x0000000126044c00.invoke(LambdaForm$MH)
[PROCESS OUT] java.lang.ClassNotFoundException: java.lang.invoke.LambdaForm$MH/0x0000000126044c00
[PROCESS OUT] 	at java.base/java.lang.Class.forName0(Native Method)
[PROCESS OUT] 	at java.base/java.lang.Class.forName(Class.java:467)
[PROCESS OUT] 	at java.base/java.lang.Class.forName(Class.java:458)
[PROCESS OUT] 	at ca.concordia.ptidej.spectra.Profile.MonitoringHandler.extractStats(MonitoringHandler.java:235)
[PROCESS OUT] 	at ca.concordia.ptidej.spectra.Profile.MonitoringHandler.run(MonitoringHandler.java:91)
[PROCESS OUT] 	at java.base/java.lang.Thread.run(Thread.java:1474)
[PROCESS OUT] 20/11/2025 11:41:14.673 - [WARNING] - Error resolving method: java.base@25/java.lang.invoke.LambdaForm$MH/0x0000000126042000.invoke(LambdaForm$MH)
[PROCESS OUT] java.lang.ClassNotFoundException: java.lang.invoke.LambdaForm$MH/0x0000000126042000
[PROCESS OUT] 	at java.base/java.lang.Class.forName0(Native Method)
[PROCESS OUT] 	at java.base/java.lang.Class.forName(Class.java:467)
[PROCESS OUT] 	at java.base/java.lang.Class.forName(Class.java:458)
[PROCESS OUT] 	at ca.concordia.ptidej.spectra.Profile.MonitoringHandler.extractStats(MonitoringHandler.java:235)
[PROCESS OUT] 	at ca.concordia.ptidej.spectra.Profile.MonitoringHandler.run(MonitoringHandler.java:91)
[PROCESS OUT] 	at java.base/java.lang.Thread.run(Thread.java:1474)
[PROCESS OUT] 20/11/2025 11:41:14.674 - [WARNING] - Error resolving method: java.base@25/java.lang.invoke.LambdaForm$MH/0x0000000126142800.invoke(LambdaForm$MH)
[PROCESS OUT] java.lang.ClassNotFoundException: java.lang.invoke.LambdaForm$MH/0x0000000126142800
[PROCESS OUT] 	at java.base/java.lang.Class.forName0(Native Method)
[PROCESS OUT] 	at java.base/java.lang.Class.forName(Class.java:467)
[PROCESS OUT] 	at java.base/java.lang.Class.forName(Class.java:458)
[PROCESS OUT] 	at ca.concordia.ptidej.spectra.Profile.MonitoringHandler.extractStats(MonitoringHandler.java:235)
[PROCESS OUT] 	at ca.concordia.ptidej.spectra.Profile.MonitoringHandler.run(MonitoringHandler.java:91)
[PROCESS OUT] 	at java.base/java.lang.Thread.run(Thread.java:1474)
[PROCESS OUT] 20/11/2025 11:41:14.674 - [WARNING] - Error resolving method: java.base@25/java.lang.invoke.LambdaForm$MH/0x0000000126043000.invokeExact_MT(LambdaForm$MH)
[PROCESS OUT] java.lang.ClassNotFoundException: java.lang.invoke.LambdaForm$MH/0x0000000126043000
[PROCESS OUT] 	at java.base/java.lang.Class.forName0(Native Method)
[PROCESS OUT] 	at java.base/java.lang.Class.forName(Class.java:467)
[PROCESS OUT] 	at java.base/java.lang.Class.forName(Class.java:458)
[PROCESS OUT] 	at ca.concordia.ptidej.spectra.Profile.MonitoringHandler.extractStats(MonitoringHandler.java:235)
[PROCESS OUT] 	at ca.concordia.ptidej.spectra.Profile.MonitoringHandler.run(MonitoringHandler.java:91)
[PROCESS OUT] 	at java.base/java.lang.Thread.run(Thread.java:1474)
[PROCESS OUT] 20/11/2025 11:41:14.685 - [WARNING] - Error resolving method: java.base@25/java.lang.invoke.LambdaForm$DMH/0x0000000126120400.invokeInterface(LambdaForm$DMH)
[PROCESS OUT] java.lang.ClassNotFoundException: java.lang.invoke.LambdaForm$DMH/0x0000000126120400
[PROCESS OUT] 	at java.base/java.lang.Class.forName0(Native Method)
[PROCESS OUT] 	at java.base/java.lang.Class.forName(Class.java:467)
[PROCESS OUT] 	at java.base/java.lang.Class.forName(Class.java:458)
[PROCESS OUT] 	at ca.concordia.ptidej.spectra.Profile.MonitoringHandler.extractStats(MonitoringHandler.java:235)
[PROCESS OUT] 	at ca.concordia.ptidej.spectra.Profile.MonitoringHandler.run(MonitoringHandler.java:91)
[PROCESS OUT] 	at java.base/java.lang.Thread.run(Thread.java:1474)
[PROCESS OUT] 20/11/2025 11:41:14.685 - [WARNING] - Error resolving method: java.base@25/java.lang.invoke.LambdaForm$MH/0x000000012613cc00.invoke(LambdaForm$MH)
[PROCESS OUT] java.lang.ClassNotFoundException: java.lang.invoke.LambdaForm$MH/0x000000012613cc00
[PROCESS OUT] 	at java.base/java.lang.Class.forName0(Native Method)
[PROCESS OUT] 	at java.base/java.lang.Class.forName(Class.java:467)
[PROCESS OUT] 	at java.base/java.lang.Class.forName(Class.java:458)
[PROCESS OUT] 	at ca.concordia.ptidej.spectra.Profile.MonitoringHandler.extractStats(MonitoringHandler.java:235)
[PROCESS OUT] 	at ca.concordia.ptidej.spectra.Profile.MonitoringHandler.run(MonitoringHandler.java:91)
[PROCESS OUT] 	at java.base/java.lang.Thread.run(Thread.java:1474)
[PROCESS OUT] 20/11/2025 11:41:14.685 - [WARNING] - Error resolving method: java.base@25/java.lang.invoke.LambdaForm$DMH/0x0000000126120400.invokeInterface(LambdaForm$DMH)
[PROCESS OUT] java.lang.ClassNotFoundException: java.lang.invoke.LambdaForm$DMH/0x0000000126120400
[PROCESS OUT] 	at java.base/java.lang.Class.forName0(Native Method)
[PROCESS OUT] 	at java.base/java.lang.Class.forName(Class.java:467)
[PROCESS OUT] 	at java.base/java.lang.Class.forName(Class.java:458)
[PROCESS OUT] 	at ca.concordia.ptidej.spectra.Profile.MonitoringHandler.extractStats(MonitoringHandler.java:235)
[PROCESS OUT] 	at ca.concordia.ptidej.spectra.Profile.MonitoringHandler.run(MonitoringHandler.java:91)
[PROCESS OUT] 	at java.base/java.lang.Thread.run(Thread.java:1474)
[PROCESS OUT] 20/11/2025 11:41:14.685 - [WARNING] - Error resolving method: java.base@25/java.lang.invoke.LambdaForm$MH/0x000000012613cc00.invoke(LambdaForm$MH)
[PROCESS OUT] java.lang.ClassNotFoundException: java.lang.invoke.LambdaForm$MH/0x000000012613cc00
[PROCESS OUT] 	at java.base/java.lang.Class.forName0(Native Method)
[PROCESS OUT] 	at java.base/java.lang.Class.forName(Class.java:467)
[PROCESS OUT] 	at java.base/java.lang.Class.forName(Class.java:458)
[PROCESS OUT] 	at ca.concordia.ptidej.spectra.Profile.MonitoringHandler.extractStats(MonitoringHandler.java:235)
[PROCESS OUT] 	at ca.concordia.ptidej.spectra.Profile.MonitoringHandler.run(MonitoringHandler.java:91)
[PROCESS OUT] 	at java.base/java.lang.Thread.run(Thread.java:1474)
[PROCESS OUT] 20/11/2025 11:41:14.686 - [WARNING] - Error resolving method: java.base@25/java.lang.invoke.LambdaForm$DMH/0x0000000126122c00.invokeVirtual(LambdaForm$DMH)
[PROCESS OUT] java.lang.ClassNotFoundException: java.lang.invoke.LambdaForm$DMH/0x0000000126122c00
[PROCESS OUT] 	at java.base/java.lang.Class.forName0(Native Method)
[PROCESS OUT] 	at java.base/java.lang.Class.forName(Class.java:467)
[PROCESS OUT] 	at java.base/java.lang.Class.forName(Class.java:458)
[PROCESS OUT] 	at ca.concordia.ptidej.spectra.Profile.MonitoringHandler.extractStats(MonitoringHandler.java:235)
[PROCESS OUT] 	at ca.concordia.ptidej.spectra.Profile.MonitoringHandler.run(MonitoringHandler.java:91)
[PROCESS OUT] 	at java.base/java.lang.Thread.run(Thread.java:1474)
[PROCESS OUT] 20/11/2025 11:41:14.686 - [WARNING] - Error resolving method: java.base@25/java.lang.invoke.LambdaForm$MH/0x0000000126141400.invoke(LambdaForm$MH)
[PROCESS OUT] java.lang.ClassNotFoundException: java.lang.invoke.LambdaForm$MH/0x0000000126141400
[PROCESS OUT] 	at java.base/java.lang.Class.forName0(Native Method)
[PROCESS OUT] 	at java.base/java.lang.Class.forName(Class.java:467)
[PROCESS OUT] 	at java.base/java.lang.Class.forName(Class.java:458)
[PROCESS OUT] 	at ca.concordia.ptidej.spectra.Profile.MonitoringHandler.extractStats(MonitoringHandler.java:235)
[PROCESS OUT] 	at ca.concordia.ptidej.spectra.Profile.MonitoringHandler.run(MonitoringHandler.java:91)
[PROCESS OUT] 	at java.base/java.lang.Thread.run(Thread.java:1474)
[PROCESS OUT] 20/11/2025 11:41:14.686 - [WARNING] - Error resolving method: java.base@25/java.lang.invoke.LambdaForm$MH/0x0000000126043000.invokeExact_MT(LambdaForm$MH)
[PROCESS OUT] java.lang.ClassNotFoundException: java.lang.invoke.LambdaForm$MH/0x0000000126043000
[PROCESS OUT] 	at java.base/java.lang.Class.forName0(Native Method)
[PROCESS OUT] 	at java.base/java.lang.Class.forName(Class.java:467)
[PROCESS OUT] 	at java.base/java.lang.Class.forName(Class.java:458)
[PROCESS OUT] 	at ca.concordia.ptidej.spectra.Profile.MonitoringHandler.extractStats(MonitoringHandler.java:235)
[PROCESS OUT] 	at ca.concordia.ptidej.spectra.Profile.MonitoringHandler.run(MonitoringHandler.java:91)
[PROCESS OUT] 	at java.base/java.lang.Thread.run(Thread.java:1474)
[PROCESS OUT] 20/11/2025 11:41:14.689 - [WARNING] - Error resolving method: java.base@25/java.lang.invoke.LambdaForm$DMH/0x0000000126120400.invokeInterface(LambdaForm$DMH)
[PROCESS OUT] java.lang.ClassNotFoundException: java.lang.invoke.LambdaForm$DMH/0x0000000126120400
[PROCESS OUT] 	at java.base/java.lang.Class.forName0(Native Method)
[PROCESS OUT] 	at java.base/java.lang.Class.forName(Class.java:467)
[PROCESS OUT] 	at java.base/java.lang.Class.forName(Class.java:458)
[PROCESS OUT] 	at ca.concordia.ptidej.spectra.Profile.MonitoringHandler.extractStats(MonitoringHandler.java:235)
[PROCESS OUT] 	at ca.concordia.ptidej.spectra.Profile.MonitoringHandler.run(MonitoringHandler.java:91)
[PROCESS OUT] 	at java.base/java.lang.Thread.run(Thread.java:1474)
[PROCESS OUT] 20/11/2025 11:41:14.689 - [WARNING] - Error resolving method: java.base@25/java.lang.invoke.LambdaForm$MH/0x000000012613d400.invoke(LambdaForm$MH)
[PROCESS OUT] java.lang.ClassNotFoundException: java.lang.invoke.LambdaForm$MH/0x000000012613d400
[PROCESS OUT] 	at java.base/java.lang.Class.forName0(Native Method)
[PROCESS OUT] 	at java.base/java.lang.Class.forName(Class.java:467)
[PROCESS OUT] 	at java.base/java.lang.Class.forName(Class.java:458)
[PROCESS OUT] 	at ca.concordia.ptidej.spectra.Profile.MonitoringHandler.extractStats(MonitoringHandler.java:235)
[PROCESS OUT] 	at ca.concordia.ptidej.spectra.Profile.MonitoringHandler.run(MonitoringHandler.java:91)
[PROCESS OUT] 	at java.base/java.lang.Thread.run(Thread.java:1474)
[PROCESS OUT] 20/11/2025 11:41:14.697 - [WARNING] - Error resolving method: java.base@25/java.lang.invoke.LambdaForm$DMH/0x0000000126120400.invokeInterface(LambdaForm$DMH)
[PROCESS OUT] java.lang.ClassNotFoundException: java.lang.invoke.LambdaForm$DMH/0x0000000126120400
[PROCESS OUT] 	at java.base/java.lang.Class.forName0(Native Method)
[PROCESS OUT] 	at java.base/java.lang.Class.forName(Class.java:467)
[PROCESS OUT] 	at java.base/java.lang.Class.forName(Class.java:458)
[PROCESS OUT] 	at ca.concordia.ptidej.spectra.Profile.MonitoringHandler.extractStats(MonitoringHandler.java:235)
[PROCESS OUT] 	at ca.concordia.ptidej.spectra.Profile.MonitoringHandler.run(MonitoringHandler.java:91)
[PROCESS OUT] 	at java.base/java.lang.Thread.run(Thread.java:1474)
[PROCESS OUT] 20/11/2025 11:41:14.697 - [WARNING] - Error resolving method: java.base@25/java.lang.invoke.LambdaForm$MH/0x000000012613d400.invoke(LambdaForm$MH)
[PROCESS OUT] java.lang.ClassNotFoundException: java.lang.invoke.LambdaForm$MH/0x000000012613d400
[PROCESS OUT] 	at java.base/java.lang.Class.forName0(Native Method)
[PROCESS OUT] 	at java.base/java.lang.Class.forName(Class.java:467)
[PROCESS OUT] 	at java.base/java.lang.Class.forName(Class.java:458)
[PROCESS OUT] 	at ca.concordia.ptidej.spectra.Profile.MonitoringHandler.extractStats(MonitoringHandler.java:235)
[PROCESS OUT] 	at ca.concordia.ptidej.spectra.Profile.MonitoringHandler.run(MonitoringHandler.java:91)
[PROCESS OUT] 	at java.base/java.lang.Thread.run(Thread.java:1474)
[PROCESS OUT] 20/11/2025 11:41:14.698 - [WARNING] - Error resolving method: java.base@25/java.lang.invoke.LambdaForm$DMH/0x0000000126120400.invokeInterface(LambdaForm$DMH)
[PROCESS OUT] java.lang.ClassNotFoundException: java.lang.invoke.LambdaForm$DMH/0x0000000126120400
[PROCESS OUT] 	at java.base/java.lang.Class.forName0(Native Method)
[PROCESS OUT] 	at java.base/java.lang.Class.forName(Class.java:467)
[PROCESS OUT] 	at java.base/java.lang.Class.forName(Class.java:458)
[PROCESS OUT] 	at ca.concordia.ptidej.spectra.Profile.MonitoringHandler.extractStats(MonitoringHandler.java:235)
[PROCESS OUT] 	at ca.concordia.ptidej.spectra.Profile.MonitoringHandler.run(MonitoringHandler.java:91)
[PROCESS OUT] 	at java.base/java.lang.Thread.run(Thread.java:1474)
[PROCESS OUT] 20/11/2025 11:41:14.698 - [WARNING] - Error resolving method: java.base@25/java.lang.invoke.LambdaForm$MH/0x000000012613cc00.invoke(LambdaForm$MH)
[PROCESS OUT] java.lang.ClassNotFoundException: java.lang.invoke.LambdaForm$MH/0x000000012613cc00
[PROCESS OUT] 	at java.base/java.lang.Class.forName0(Native Method)
[PROCESS OUT] 	at java.base/java.lang.Class.forName(Class.java:467)
[PROCESS OUT] 	at java.base/java.lang.Class.forName(Class.java:458)
[PROCESS OUT] 	at ca.concordia.ptidej.spectra.Profile.MonitoringHandler.extractStats(MonitoringHandler.java:235)
[PROCESS OUT] 	at ca.concordia.ptidej.spectra.Profile.MonitoringHandler.run(MonitoringHandler.java:91)
[PROCESS OUT] 	at java.base/java.lang.Thread.run(Thread.java:1474)
[PROCESS OUT] 20/11/2025 11:41:14.700 - [WARNING] - Error resolving method: java.base@25/java.lang.String$$StringConcat/0x0000000126044800.prepend(Unknown Source)
[PROCESS OUT] java.lang.ClassNotFoundException: java.lang.String$$StringConcat/0x0000000126044800
[PROCESS OUT] 	at java.base/java.lang.Class.forName0(Native Method)
[PROCESS OUT] 	at java.base/java.lang.Class.forName(Class.java:467)
[PROCESS OUT] 	at java.base/java.lang.Class.forName(Class.java:458)
[PROCESS OUT] 	at ca.concordia.ptidej.spectra.Profile.MonitoringHandler.extractStats(MonitoringHandler.java:235)
[PROCESS OUT] 	at ca.concordia.ptidej.spectra.Profile.MonitoringHandler.run(MonitoringHandler.java:91)
[PROCESS OUT] 	at java.base/java.lang.Thread.run(Thread.java:1474)
[PROCESS OUT] 20/11/2025 11:41:14.700 - [WARNING] - Error resolving method: java.base@25/java.lang.String$$StringConcat/0x0000000126044800.concat(Unknown Source)
[PROCESS OUT] java.lang.ClassNotFoundException: java.lang.String$$StringConcat/0x0000000126044800
[PROCESS OUT] 	at java.base/java.lang.Class.forName0(Native Method)
[PROCESS OUT] 	at java.base/java.lang.Class.forName(Class.java:467)
[PROCESS OUT] 	at java.base/java.lang.Class.forName(Class.java:458)
[PROCESS OUT] 	at ca.concordia.ptidej.spectra.Profile.MonitoringHandler.extractStats(MonitoringHandler.java:235)
[PROCESS OUT] 	at ca.concordia.ptidej.spectra.Profile.MonitoringHandler.run(MonitoringHandler.java:91)
[PROCESS OUT] 	at java.base/java.lang.Thread.run(Thread.java:1474)
[PROCESS OUT] 20/11/2025 11:41:14.700 - [WARNING] - Error resolving method: java.base@25/java.lang.invoke.LambdaForm$MH/0x0000000126044c00.invoke(LambdaForm$MH)
[PROCESS OUT] java.lang.ClassNotFoundException: java.lang.invoke.LambdaForm$MH/0x0000000126044c00
[PROCESS OUT] 	at java.base/java.lang.Class.forName0(Native Method)
[PROCESS OUT] 	at java.base/java.lang.Class.forName(Class.java:467)
[PROCESS OUT] 	at java.base/java.lang.Class.forName(Class.java:458)
[PROCESS OUT] 	at ca.concordia.ptidej.spectra.Profile.MonitoringHandler.extractStats(MonitoringHandler.java:235)
[PROCESS OUT] 	at ca.concordia.ptidej.spectra.Profile.MonitoringHandler.run(MonitoringHandler.java:91)
[PROCESS OUT] 	at java.base/java.lang.Thread.run(Thread.java:1474)
[PROCESS OUT] 20/11/2025 11:41:14.701 - [WARNING] - Error resolving method: java.base@25/java.lang.invoke.LambdaForm$DMH/0x0000000126120400.invokeInterface(LambdaForm$DMH)
[PROCESS OUT] java.lang.ClassNotFoundException: java.lang.invoke.LambdaForm$DMH/0x0000000126120400
[PROCESS OUT] 	at java.base/java.lang.Class.forName0(Native Method)
[PROCESS OUT] 	at java.base/java.lang.Class.forName(Class.java:467)
[PROCESS OUT] 	at java.base/java.lang.Class.forName(Class.java:458)
[PROCESS OUT] 	at ca.concordia.ptidej.spectra.Profile.MonitoringHandler.extractStats(MonitoringHandler.java:235)
[PROCESS OUT] 	at ca.concordia.ptidej.spectra.Profile.MonitoringHandler.run(MonitoringHandler.java:91)
[PROCESS OUT] 	at java.base/java.lang.Thread.run(Thread.java:1474)
[PROCESS OUT] 20/11/2025 11:41:14.702 - [WARNING] - Error resolving method: java.base@25/java.lang.invoke.LambdaForm$MH/0x000000012613d400.invoke(LambdaForm$MH)
[PROCESS OUT] java.lang.ClassNotFoundException: java.lang.invoke.LambdaForm$MH/0x000000012613d400
[PROCESS OUT] 	at java.base/java.lang.Class.forName0(Native Method)
[PROCESS OUT] 	at java.base/java.lang.Class.forName(Class.java:467)
[PROCESS OUT] 	at java.base/java.lang.Class.forName(Class.java:458)
[PROCESS OUT] 	at ca.concordia.ptidej.spectra.Profile.MonitoringHandler.extractStats(MonitoringHandler.java:235)
[PROCESS OUT] 	at ca.concordia.ptidej.spectra.Profile.MonitoringHandler.run(MonitoringHandler.java:91)
[PROCESS OUT] 	at java.base/java.lang.Thread.run(Thread.java:1474)
[PROCESS OUT] 20/11/2025 11:41:14.702 - [WARNING] - Error resolving method: java.base@25/java.lang.invoke.LambdaForm$DMH/0x0000000126120400.invokeInterface(LambdaForm$DMH)
[PROCESS OUT] java.lang.ClassNotFoundException: java.lang.invoke.LambdaForm$DMH/0x0000000126120400
[PROCESS OUT] 	at java.base/java.lang.Class.forName0(Native Method)
[PROCESS OUT] 	at java.base/java.lang.Class.forName(Class.java:467)
[PROCESS OUT] 	at java.base/java.lang.Class.forName(Class.java:458)
[PROCESS OUT] 	at ca.concordia.ptidej.spectra.Profile.MonitoringHandler.extractStats(MonitoringHandler.java:235)
[PROCESS OUT] 	at ca.concordia.ptidej.spectra.Profile.MonitoringHandler.run(MonitoringHandler.java:91)
[PROCESS OUT] 	at java.base/java.lang.Thread.run(Thread.java:1474)
[PROCESS OUT] 20/11/2025 11:41:14.703 - [WARNING] - Error resolving method: java.base@25/java.lang.invoke.LambdaForm$MH/0x000000012613d400.invoke(LambdaForm$MH)
[PROCESS OUT] java.lang.ClassNotFoundException: java.lang.invoke.LambdaForm$MH/0x000000012613d400
[PROCESS OUT] 	at java.base/java.lang.Class.forName0(Native Method)
[PROCESS OUT] 	at java.base/java.lang.Class.forName(Class.java:467)
[PROCESS OUT] 	at java.base/java.lang.Class.forName(Class.java:458)
[PROCESS OUT] 	at ca.concordia.ptidej.spectra.Profile.MonitoringHandler.extractStats(MonitoringHandler.java:235)
[PROCESS OUT] 	at ca.concordia.ptidej.spectra.Profile.MonitoringHandler.run(MonitoringHandler.java:91)
[PROCESS OUT] 	at java.base/java.lang.Thread.run(Thread.java:1474)
[PROCESS OUT] 20/11/2025 11:41:14.762 - [WARNING] - Error resolving method: java.base@25/java.lang.invoke.LambdaForm$DMH/0x0000000126120400.invokeInterface(LambdaForm$DMH)
[PROCESS OUT] java.lang.ClassNotFoundException: java.lang.invoke.LambdaForm$DMH/0x0000000126120400
[PROCESS OUT] 	at java.base/java.lang.Class.forName0(Native Method)
[PROCESS OUT] 	at java.base/java.lang.Class.forName(Class.java:467)
[PROCESS OUT] 	at java.base/java.lang.Class.forName(Class.java:458)
[PROCESS OUT] 	at ca.concordia.ptidej.spectra.Profile.MonitoringHandler.extractStats(MonitoringHandler.java:235)
[PROCESS OUT] 	at ca.concordia.ptidej.spectra.Profile.MonitoringHandler.run(MonitoringHandler.java:92)
[PROCESS OUT] 	at java.base/java.lang.Thread.run(Thread.java:1474)
[PROCESS OUT] 20/11/2025 11:41:14.762 - [WARNING] - Error resolving method: java.base@25/java.lang.invoke.LambdaForm$MH/0x000000012613d400.invoke(LambdaForm$MH)
[PROCESS OUT] java.lang.ClassNotFoundException: java.lang.invoke.LambdaForm$MH/0x000000012613d400
[PROCESS OUT] 	at java.base/java.lang.Class.forName0(Native Method)
[PROCESS OUT] 	at java.base/java.lang.Class.forName(Class.java:467)
[PROCESS OUT] 	at java.base/java.lang.Class.forName(Class.java:458)
[PROCESS OUT] 	at ca.concordia.ptidej.spectra.Profile.MonitoringHandler.extractStats(MonitoringHandler.java:235)
[PROCESS OUT] 	at ca.concordia.ptidej.spectra.Profile.MonitoringHandler.run(MonitoringHandler.java:92)
[PROCESS OUT] 	at java.base/java.lang.Thread.run(Thread.java:1474)
[PROCESS OUT] 20/11/2025 11:41:14.763 - [WARNING] - Error resolving method: java.base@25/java.lang.String$$StringConcat/0x0000000126123c00.concat(Unknown Source)
[PROCESS OUT] java.lang.ClassNotFoundException: java.lang.String$$StringConcat/0x0000000126123c00
[PROCESS OUT] 	at java.base/java.lang.Class.forName0(Native Method)
[PROCESS OUT] 	at java.base/java.lang.Class.forName(Class.java:467)
[PROCESS OUT] 	at java.base/java.lang.Class.forName(Class.java:458)
[PROCESS OUT] 	at ca.concordia.ptidej.spectra.Profile.MonitoringHandler.extractStats(MonitoringHandler.java:235)
[PROCESS OUT] 	at ca.concordia.ptidej.spectra.Profile.MonitoringHandler.run(MonitoringHandler.java:92)
[PROCESS OUT] 	at java.base/java.lang.Thread.run(Thread.java:1474)
[PROCESS OUT] 20/11/2025 11:41:14.763 - [WARNING] - Error resolving method: java.base@25/java.lang.invoke.LambdaForm$MH/0x000000012612c000.invoke(LambdaForm$MH)
[PROCESS OUT] java.lang.ClassNotFoundException: java.lang.invoke.LambdaForm$MH/0x000000012612c000
[PROCESS OUT] 	at java.base/java.lang.Class.forName0(Native Method)
[PROCESS OUT] 	at java.base/java.lang.Class.forName(Class.java:467)
[PROCESS OUT] 	at java.base/java.lang.Class.forName(Class.java:458)
[PROCESS OUT] 	at ca.concordia.ptidej.spectra.Profile.MonitoringHandler.extractStats(MonitoringHandler.java:235)
[PROCESS OUT] 	at ca.concordia.ptidej.spectra.Profile.MonitoringHandler.run(MonitoringHandler.java:92)
[PROCESS OUT] 	at java.base/java.lang.Thread.run(Thread.java:1474)
[PROCESS OUT] 20/11/2025 11:41:14.764 - [WARNING] - Error resolving method: java.base@25/java.lang.String$$StringConcat/0x0000000126123c00.length(Unknown Source)
[PROCESS OUT] java.lang.ClassNotFoundException: java.lang.String$$StringConcat/0x0000000126123c00
[PROCESS OUT] 	at java.base/java.lang.Class.forName0(Native Method)
[PROCESS OUT] 	at java.base/java.lang.Class.forName(Class.java:467)
[PROCESS OUT] 	at java.base/java.lang.Class.forName(Class.java:458)
[PROCESS OUT] 	at ca.concordia.ptidej.spectra.Profile.MonitoringHandler.extractStats(MonitoringHandler.java:235)
[PROCESS OUT] 	at ca.concordia.ptidej.spectra.Profile.MonitoringHandler.run(MonitoringHandler.java:92)
[PROCESS OUT] 	at java.base/java.lang.Thread.run(Thread.java:1474)
[PROCESS OUT] 20/11/2025 11:41:14.764 - [WARNING] - Error resolving method: java.base@25/java.lang.String$$StringConcat/0x0000000126123c00.concat(Unknown Source)
[PROCESS OUT] java.lang.ClassNotFoundException: java.lang.String$$StringConcat/0x0000000126123c00
[PROCESS OUT] 	at java.base/java.lang.Class.forName0(Native Method)
[PROCESS OUT] 	at java.base/java.lang.Class.forName(Class.java:467)
[PROCESS OUT] 	at java.base/java.lang.Class.forName(Class.java:458)
[PROCESS OUT] 	at ca.concordia.ptidej.spectra.Profile.MonitoringHandler.extractStats(MonitoringHandler.java:235)
[PROCESS OUT] 	at ca.concordia.ptidej.spectra.Profile.MonitoringHandler.run(MonitoringHandler.java:92)
[PROCESS OUT] 	at java.base/java.lang.Thread.run(Thread.java:1474)
[PROCESS OUT] 20/11/2025 11:41:14.765 - [WARNING] - Error resolving method: java.base@25/java.lang.invoke.LambdaForm$MH/0x000000012612c000.invoke(LambdaForm$MH)
[PROCESS OUT] java.lang.ClassNotFoundException: java.lang.invoke.LambdaForm$MH/0x000000012612c000
[PROCESS OUT] 	at java.base/java.lang.Class.forName0(Native Method)
[PROCESS OUT] 	at java.base/java.lang.Class.forName(Class.java:467)
[PROCESS OUT] 	at java.base/java.lang.Class.forName(Class.java:458)
[PROCESS OUT] 	at ca.concordia.ptidej.spectra.Profile.MonitoringHandler.extractStats(MonitoringHandler.java:235)
[PROCESS OUT] 	at ca.concordia.ptidej.spectra.Profile.MonitoringHandler.run(MonitoringHandler.java:92)
[PROCESS OUT] 	at java.base/java.lang.Thread.run(Thread.java:1474)
[PROCESS OUT] 20/11/2025 11:41:14.770 - [WARNING] - Error resolving method: java.base@25/java.lang.String$$StringConcat/0x0000000126044800.concat(Unknown Source)
[PROCESS OUT] java.lang.ClassNotFoundException: java.lang.String$$StringConcat/0x0000000126044800
[PROCESS OUT] 	at java.base/java.lang.Class.forName0(Native Method)
[PROCESS OUT] 	at java.base/java.lang.Class.forName(Class.java:467)
[PROCESS OUT] 	at java.base/java.lang.Class.forName(Class.java:458)
[PROCESS OUT] 	at ca.concordia.ptidej.spectra.Profile.MonitoringHandler.extractStats(MonitoringHandler.java:235)
[PROCESS OUT] 	at ca.concordia.ptidej.spectra.Profile.MonitoringHandler.run(MonitoringHandler.java:92)
[PROCESS OUT] 	at java.base/java.lang.Thread.run(Thread.java:1474)
[PROCESS OUT] 20/11/2025 11:41:14.770 - [WARNING] - Error resolving method: java.base@25/java.lang.invoke.LambdaForm$MH/0x0000000126044c00.invoke(LambdaForm$MH)
[PROCESS OUT] java.lang.ClassNotFoundException: java.lang.invoke.LambdaForm$MH/0x0000000126044c00
[PROCESS OUT] 	at java.base/java.lang.Class.forName0(Native Method)
[PROCESS OUT] 	at java.base/java.lang.Class.forName(Class.java:467)
[PROCESS OUT] 	at java.base/java.lang.Class.forName(Class.java:458)
[PROCESS OUT] 	at ca.concordia.ptidej.spectra.Profile.MonitoringHandler.extractStats(MonitoringHandler.java:235)
[PROCESS OUT] 	at ca.concordia.ptidej.spectra.Profile.MonitoringHandler.run(MonitoringHandler.java:92)
[PROCESS OUT] 	at java.base/java.lang.Thread.run(Thread.java:1474)
[PROCESS OUT] 20/11/2025 11:41:14.771 - [WARNING] - Error resolving method: java.base@25/java.lang.invoke.LambdaForm$MH/0x0000000126042000.invoke(LambdaForm$MH)
[PROCESS OUT] java.lang.ClassNotFoundException: java.lang.invoke.LambdaForm$MH/0x0000000126042000
[PROCESS OUT] 	at java.base/java.lang.Class.forName0(Native Method)
[PROCESS OUT] 	at java.base/java.lang.Class.forName(Class.java:467)
[PROCESS OUT] 	at java.base/java.lang.Class.forName(Class.java:458)
[PROCESS OUT] 	at ca.concordia.ptidej.spectra.Profile.MonitoringHandler.extractStats(MonitoringHandler.java:235)
[PROCESS OUT] 	at ca.concordia.ptidej.spectra.Profile.MonitoringHandler.run(MonitoringHandler.java:92)
[PROCESS OUT] 	at java.base/java.lang.Thread.run(Thread.java:1474)
[PROCESS OUT] 20/11/2025 11:41:14.771 - [WARNING] - Error resolving method: java.base@25/java.lang.invoke.LambdaForm$MH/0x0000000126123800.invoke(LambdaForm$MH)
[PROCESS OUT] java.lang.ClassNotFoundException: java.lang.invoke.LambdaForm$MH/0x0000000126123800
[PROCESS OUT] 	at java.base/java.lang.Class.forName0(Native Method)
[PROCESS OUT] 	at java.base/java.lang.Class.forName(Class.java:467)
[PROCESS OUT] 	at java.base/java.lang.Class.forName(Class.java:458)
[PROCESS OUT] 	at ca.concordia.ptidej.spectra.Profile.MonitoringHandler.extractStats(MonitoringHandler.java:235)
[PROCESS OUT] 	at ca.concordia.ptidej.spectra.Profile.MonitoringHandler.run(MonitoringHandler.java:92)
[PROCESS OUT] 	at java.base/java.lang.Thread.run(Thread.java:1474)
[PROCESS OUT] 20/11/2025 11:41:14.771 - [WARNING] - Error resolving method: java.base@25/java.lang.invoke.LambdaForm$MH/0x0000000126043000.invokeExact_MT(LambdaForm$MH)
[PROCESS OUT] java.lang.ClassNotFoundException: java.lang.invoke.LambdaForm$MH/0x0000000126043000
[PROCESS OUT] 	at java.base/java.lang.Class.forName0(Native Method)
[PROCESS OUT] 	at java.base/java.lang.Class.forName(Class.java:467)
[PROCESS OUT] 	at java.base/java.lang.Class.forName(Class.java:458)
[PROCESS OUT] 	at ca.concordia.ptidej.spectra.Profile.MonitoringHandler.extractStats(MonitoringHandler.java:235)
[PROCESS OUT] 	at ca.concordia.ptidej.spectra.Profile.MonitoringHandler.run(MonitoringHandler.java:92)
[PROCESS OUT] 	at java.base/java.lang.Thread.run(Thread.java:1474)
[PROCESS OUT] 20/11/2025 11:41:14.772 - [WARNING] - Error resolving method: java.base@25/java.lang.invoke.LambdaForm$MH/0x0000000126040400.invoke(LambdaForm$MH)
[PROCESS OUT] java.lang.ClassNotFoundException: java.lang.invoke.LambdaForm$MH/0x0000000126040400
[PROCESS OUT] 	at java.base/java.lang.Class.forName0(Native Method)
[PROCESS OUT] 	at java.base/java.lang.Class.forName(Class.java:467)
[PROCESS OUT] 	at java.base/java.lang.Class.forName(Class.java:458)
[PROCESS OUT] 	at ca.concordia.ptidej.spectra.Profile.MonitoringHandler.extractStats(MonitoringHandler.java:235)
[PROCESS OUT] 	at ca.concordia.ptidej.spectra.Profile.MonitoringHandler.run(MonitoringHandler.java:92)
[PROCESS OUT] 	at java.base/java.lang.Thread.run(Thread.java:1474)
[PROCESS OUT] 20/11/2025 11:41:14.775 - [WARNING] - Error resolving method: java.base@25/java.lang.String$$StringConcat/0x0000000126044800.length(Unknown Source)
[PROCESS OUT] java.lang.ClassNotFoundException: java.lang.String$$StringConcat/0x0000000126044800
[PROCESS OUT] 	at java.base/java.lang.Class.forName0(Native Method)
[PROCESS OUT] 	at java.base/java.lang.Class.forName(Class.java:467)
[PROCESS OUT] 	at java.base/java.lang.Class.forName(Class.java:458)
[PROCESS OUT] 	at ca.concordia.ptidej.spectra.Profile.MonitoringHandler.extractStats(MonitoringHandler.java:235)
[PROCESS OUT] 	at ca.concordia.ptidej.spectra.Profile.MonitoringHandler.run(MonitoringHandler.java:92)
[PROCESS OUT] 	at java.base/java.lang.Thread.run(Thread.java:1474)
[PROCESS OUT] 20/11/2025 11:41:14.775 - [WARNING] - Error resolving method: java.base@25/java.lang.String$$StringConcat/0x0000000126044800.concat(Unknown Source)
[PROCESS OUT] java.lang.ClassNotFoundException: java.lang.String$$StringConcat/0x0000000126044800
[PROCESS OUT] 	at java.base/java.lang.Class.forName0(Native Method)
[PROCESS OUT] 	at java.base/java.lang.Class.forName(Class.java:467)
[PROCESS OUT] 	at java.base/java.lang.Class.forName(Class.java:458)
[PROCESS OUT] 	at ca.concordia.ptidej.spectra.Profile.MonitoringHandler.extractStats(MonitoringHandler.java:235)
[PROCESS OUT] 	at ca.concordia.ptidej.spectra.Profile.MonitoringHandler.run(MonitoringHandler.java:92)
[PROCESS OUT] 	at java.base/java.lang.Thread.run(Thread.java:1474)
[PROCESS OUT] 20/11/2025 11:41:14.775 - [WARNING] - Error resolving method: java.base@25/java.lang.invoke.LambdaForm$MH/0x0000000126044c00.invoke(LambdaForm$MH)
[PROCESS OUT] java.lang.ClassNotFoundException: java.lang.invoke.LambdaForm$MH/0x0000000126044c00
[PROCESS OUT] 	at java.base/java.lang.Class.forName0(Native Method)
[PROCESS OUT] 	at java.base/java.lang.Class.forName(Class.java:467)
[PROCESS OUT] 	at java.base/java.lang.Class.forName(Class.java:458)
[PROCESS OUT] 	at ca.concordia.ptidej.spectra.Profile.MonitoringHandler.extractStats(MonitoringHandler.java:235)
[PROCESS OUT] 	at ca.concordia.ptidej.spectra.Profile.MonitoringHandler.run(MonitoringHandler.java:92)
[PROCESS OUT] 	at java.base/java.lang.Thread.run(Thread.java:1474)
[PROCESS OUT] 20/11/2025 11:41:14.777 - [WARNING] - Error resolving method: java.base@25/java.lang.String$$StringConcat/0x0000000126044800.concat(Unknown Source)
[PROCESS OUT] java.lang.ClassNotFoundException: java.lang.String$$StringConcat/0x0000000126044800
[PROCESS OUT] 	at java.base/java.lang.Class.forName0(Native Method)
[PROCESS OUT] 	at java.base/java.lang.Class.forName(Class.java:467)
[PROCESS OUT] 	at java.base/java.lang.Class.forName(Class.java:458)
[PROCESS OUT] 	at ca.concordia.ptidej.spectra.Profile.MonitoringHandler.extractStats(MonitoringHandler.java:235)
[PROCESS OUT] 	at ca.concordia.ptidej.spectra.Profile.MonitoringHandler.run(MonitoringHandler.java:92)
[PROCESS OUT] 	at java.base/java.lang.Thread.run(Thread.java:1474)
[PROCESS OUT] 20/11/2025 11:41:14.777 - [WARNING] - Error resolving method: java.base@25/java.lang.invoke.LambdaForm$MH/0x0000000126044c00.invoke(LambdaForm$MH)
[PROCESS OUT] java.lang.ClassNotFoundException: java.lang.invoke.LambdaForm$MH/0x0000000126044c00
[PROCESS OUT] 	at java.base/java.lang.Class.forName0(Native Method)
[PROCESS OUT] 	at java.base/java.lang.Class.forName(Class.java:467)
[PROCESS OUT] 	at java.base/java.lang.Class.forName(Class.java:458)
[PROCESS OUT] 	at ca.concordia.ptidej.spectra.Profile.MonitoringHandler.extractStats(MonitoringHandler.java:235)
[PROCESS OUT] 	at ca.concordia.ptidej.spectra.Profile.MonitoringHandler.run(MonitoringHandler.java:92)
[PROCESS OUT] 	at java.base/java.lang.Thread.run(Thread.java:1474)
[PROCESS OUT] 20/11/2025 11:41:14.778 - [WARNING] - Error resolving method: java.base@25/java.lang.String$$StringConcat/0x0000000126044800.concat(Unknown Source)
[PROCESS OUT] java.lang.ClassNotFoundException: java.lang.String$$StringConcat/0x0000000126044800
[PROCESS OUT] 	at java.base/java.lang.Class.forName0(Native Method)
[PROCESS OUT] 	at java.base/java.lang.Class.forName(Class.java:467)
[PROCESS OUT] 	at java.base/java.lang.Class.forName(Class.java:458)
[PROCESS OUT] 	at ca.concordia.ptidej.spectra.Profile.MonitoringHandler.extractStats(MonitoringHandler.java:235)
[PROCESS OUT] 	at ca.concordia.ptidej.spectra.Profile.MonitoringHandler.run(MonitoringHandler.java:92)
[PROCESS OUT] 	at java.base/java.lang.Thread.run(Thread.java:1474)
[PROCESS OUT] 20/11/2025 11:41:14.778 - [WARNING] - Error resolving method: java.base@25/java.lang.invoke.LambdaForm$MH/0x0000000126044c00.invoke(LambdaForm$MH)
[PROCESS OUT] java.lang.ClassNotFoundException: java.lang.invoke.LambdaForm$MH/0x0000000126044c00
[PROCESS OUT] 	at java.base/java.lang.Class.forName0(Native Method)
[PROCESS OUT] 	at java.base/java.lang.Class.forName(Class.java:467)
[PROCESS OUT] 	at java.base/java.lang.Class.forName(Class.java:458)
[PROCESS OUT] 	at ca.concordia.ptidej.spectra.Profile.MonitoringHandler.extractStats(MonitoringHandler.java:235)
[PROCESS OUT] 	at ca.concordia.ptidej.spectra.Profile.MonitoringHandler.run(MonitoringHandler.java:92)
[PROCESS OUT] 	at java.base/java.lang.Thread.run(Thread.java:1474)
[PROCESS OUT] 20/11/2025 11:41:14.783 - [WARNING] - Error resolving method: java.base@25/java.lang.String$$StringConcat/0x0000000126104000.length(Unknown Source)
[PROCESS OUT] java.lang.ClassNotFoundException: java.lang.String$$StringConcat/0x0000000126104000
[PROCESS OUT] 	at java.base/java.lang.Class.forName0(Native Method)
[PROCESS OUT] 	at java.base/java.lang.Class.forName(Class.java:467)
[PROCESS OUT] 	at java.base/java.lang.Class.forName(Class.java:458)
[PROCESS OUT] 	at ca.concordia.ptidej.spectra.Profile.MonitoringHandler.extractStats(MonitoringHandler.java:235)
[PROCESS OUT] 	at ca.concordia.ptidej.spectra.Profile.MonitoringHandler.run(MonitoringHandler.java:92)
[PROCESS OUT] 	at java.base/java.lang.Thread.run(Thread.java:1474)
[PROCESS OUT] 20/11/2025 11:41:14.783 - [WARNING] - Error resolving method: java.base@25/java.lang.String$$StringConcat/0x0000000126104000.concat(Unknown Source)
[PROCESS OUT] java.lang.ClassNotFoundException: java.lang.String$$StringConcat/0x0000000126104000
[PROCESS OUT] 	at java.base/java.lang.Class.forName0(Native Method)
[PROCESS OUT] 	at java.base/java.lang.Class.forName(Class.java:467)
[PROCESS OUT] 	at java.base/java.lang.Class.forName(Class.java:458)
[PROCESS OUT] 	at ca.concordia.ptidej.spectra.Profile.MonitoringHandler.extractStats(MonitoringHandler.java:235)
[PROCESS OUT] 	at ca.concordia.ptidej.spectra.Profile.MonitoringHandler.run(MonitoringHandler.java:92)
[PROCESS OUT] 	at java.base/java.lang.Thread.run(Thread.java:1474)
[PROCESS OUT] 20/11/2025 11:41:14.783 - [WARNING] - Error resolving method: java.base@25/java.lang.invoke.LambdaForm$MH/0x0000000126104400.invoke(LambdaForm$MH)
[PROCESS OUT] java.lang.ClassNotFoundException: java.lang.invoke.LambdaForm$MH/0x0000000126104400
[PROCESS OUT] 	at java.base/java.lang.Class.forName0(Native Method)
[PROCESS OUT] 	at java.base/java.lang.Class.forName(Class.java:467)
[PROCESS OUT] 	at java.base/java.lang.Class.forName(Class.java:458)
[PROCESS OUT] 	at ca.concordia.ptidej.spectra.Profile.MonitoringHandler.extractStats(MonitoringHandler.java:235)
[PROCESS OUT] 	at ca.concordia.ptidej.spectra.Profile.MonitoringHandler.run(MonitoringHandler.java:92)
[PROCESS OUT] 	at java.base/java.lang.Thread.run(Thread.java:1474)
[PROCESS OUT] 20/11/2025 11:41:14.784 - [WARNING] - Error resolving method: java.base@25/java.lang.String$$StringConcat/0x0000000126044800.prepend(Unknown Source)
[PROCESS OUT] java.lang.ClassNotFoundException: java.lang.String$$StringConcat/0x0000000126044800
[PROCESS OUT] 	at java.base/java.lang.Class.forName0(Native Method)
[PROCESS OUT] 	at java.base/java.lang.Class.forName(Class.java:467)
[PROCESS OUT] 	at java.base/java.lang.Class.forName(Class.java:458)
[PROCESS OUT] 	at ca.concordia.ptidej.spectra.Profile.MonitoringHandler.extractStats(MonitoringHandler.java:235)
[PROCESS OUT] 	at ca.concordia.ptidej.spectra.Profile.MonitoringHandler.run(MonitoringHandler.java:92)
[PROCESS OUT] 	at java.base/java.lang.Thread.run(Thread.java:1474)
[PROCESS OUT] 20/11/2025 11:41:14.784 - [WARNING] - Error resolving method: java.base@25/java.lang.String$$StringConcat/0x0000000126044800.concat(Unknown Source)
[PROCESS OUT] java.lang.ClassNotFoundException: java.lang.String$$StringConcat/0x0000000126044800
[PROCESS OUT] 	at java.base/java.lang.Class.forName0(Native Method)
[PROCESS OUT] 	at java.base/java.lang.Class.forName(Class.java:467)
[PROCESS OUT] 	at java.base/java.lang.Class.forName(Class.java:458)
[PROCESS OUT] 	at ca.concordia.ptidej.spectra.Profile.MonitoringHandler.extractStats(MonitoringHandler.java:235)
[PROCESS OUT] 	at ca.concordia.ptidej.spectra.Profile.MonitoringHandler.run(MonitoringHandler.java:92)
[PROCESS OUT] 	at java.base/java.lang.Thread.run(Thread.java:1474)
[PROCESS OUT] 20/11/2025 11:41:14.784 - [WARNING] - Error resolving method: java.base@25/java.lang.invoke.LambdaForm$MH/0x0000000126044c00.invoke(LambdaForm$MH)
[PROCESS OUT] java.lang.ClassNotFoundException: java.lang.invoke.LambdaForm$MH/0x0000000126044c00
[PROCESS OUT] 	at java.base/java.lang.Class.forName0(Native Method)
[PROCESS OUT] 	at java.base/java.lang.Class.forName(Class.java:467)
[PROCESS OUT] 	at java.base/java.lang.Class.forName(Class.java:458)
[PROCESS OUT] 	at ca.concordia.ptidej.spectra.Profile.MonitoringHandler.extractStats(MonitoringHandler.java:235)
[PROCESS OUT] 	at ca.concordia.ptidej.spectra.Profile.MonitoringHandler.run(MonitoringHandler.java:92)
[PROCESS OUT] 	at java.base/java.lang.Thread.run(Thread.java:1474)
[PROCESS OUT] 20/11/2025 11:41:14.787 - [WARNING] - Error resolving method: java.base@25/java.lang.String$$StringConcat/0x0000000126044800.concat(Unknown Source)
[PROCESS OUT] java.lang.ClassNotFoundException: java.lang.String$$StringConcat/0x0000000126044800
[PROCESS OUT] 	at java.base/java.lang.Class.forName0(Native Method)
[PROCESS OUT] 	at java.base/java.lang.Class.forName(Class.java:467)
[PROCESS OUT] 	at java.base/java.lang.Class.forName(Class.java:458)
[PROCESS OUT] 	at ca.concordia.ptidej.spectra.Profile.MonitoringHandler.extractStats(MonitoringHandler.java:235)
[PROCESS OUT] 	at ca.concordia.ptidej.spectra.Profile.MonitoringHandler.run(MonitoringHandler.java:92)
[PROCESS OUT] 	at java.base/java.lang.Thread.run(Thread.java:1474)
[PROCESS OUT] 20/11/2025 11:41:14.787 - [WARNING] - Error resolving method: java.base@25/java.lang.invoke.LambdaForm$MH/0x0000000126044c00.invoke(LambdaForm$MH)
[PROCESS OUT] java.lang.ClassNotFoundException: java.lang.invoke.LambdaForm$MH/0x0000000126044c00
[PROCESS OUT] 	at java.base/java.lang.Class.forName0(Native Method)
[PROCESS OUT] 	at java.base/java.lang.Class.forName(Class.java:467)
[PROCESS OUT] 	at java.base/java.lang.Class.forName(Class.java:458)
[PROCESS OUT] 	at ca.concordia.ptidej.spectra.Profile.MonitoringHandler.extractStats(MonitoringHandler.java:235)
[PROCESS OUT] 	at ca.concordia.ptidej.spectra.Profile.MonitoringHandler.run(MonitoringHandler.java:92)
[PROCESS OUT] 	at java.base/java.lang.Thread.run(Thread.java:1474)
[PROCESS OUT] 20/11/2025 11:41:14.789 - [WARNING] - Error resolving method: java.base@25/java.lang.String$$StringConcat/0x0000000126044800.concat(Unknown Source)
[PROCESS OUT] java.lang.ClassNotFoundException: java.lang.String$$StringConcat/0x0000000126044800
[PROCESS OUT] 	at java.base/java.lang.Class.forName0(Native Method)
[PROCESS OUT] 	at java.base/java.lang.Class.forName(Class.java:467)
[PROCESS OUT] 	at java.base/java.lang.Class.forName(Class.java:458)
[PROCESS OUT] 	at ca.concordia.ptidej.spectra.Profile.MonitoringHandler.extractStats(MonitoringHandler.java:235)
[PROCESS OUT] 	at ca.concordia.ptidej.spectra.Profile.MonitoringHandler.run(MonitoringHandler.java:92)
[PROCESS OUT] 	at java.base/java.lang.Thread.run(Thread.java:1474)
[PROCESS OUT] 20/11/2025 11:41:14.789 - [WARNING] - Error resolving method: java.base@25/java.lang.invoke.LambdaForm$MH/0x0000000126044c00.invoke(LambdaForm$MH)
[PROCESS OUT] java.lang.ClassNotFoundException: java.lang.invoke.LambdaForm$MH/0x0000000126044c00
[PROCESS OUT] 	at java.base/java.lang.Class.forName0(Native Method)
[PROCESS OUT] 	at java.base/java.lang.Class.forName(Class.java:467)
[PROCESS OUT] 	at java.base/java.lang.Class.forName(Class.java:458)
[PROCESS OUT] 	at ca.concordia.ptidej.spectra.Profile.MonitoringHandler.extractStats(MonitoringHandler.java:235)
[PROCESS OUT] 	at ca.concordia.ptidej.spectra.Profile.MonitoringHandler.run(MonitoringHandler.java:92)
[PROCESS OUT] 	at java.base/java.lang.Thread.run(Thread.java:1474)
[PROCESS OUT] 20/11/2025 11:41:14.789 - [WARNING] - Error resolving method: java.base@25/java.lang.invoke.LambdaForm$MH/0x0000000126042000.invoke(LambdaForm$MH)
[PROCESS OUT] java.lang.ClassNotFoundException: java.lang.invoke.LambdaForm$MH/0x0000000126042000
[PROCESS OUT] 	at java.base/java.lang.Class.forName0(Native Method)
[PROCESS OUT] 	at java.base/java.lang.Class.forName(Class.java:467)
[PROCESS OUT] 	at java.base/java.lang.Class.forName(Class.java:458)
[PROCESS OUT] 	at ca.concordia.ptidej.spectra.Profile.MonitoringHandler.extractStats(MonitoringHandler.java:235)
[PROCESS OUT] 	at ca.concordia.ptidej.spectra.Profile.MonitoringHandler.run(MonitoringHandler.java:92)
[PROCESS OUT] 	at java.base/java.lang.Thread.run(Thread.java:1474)
[PROCESS OUT] 20/11/2025 11:41:14.789 - [WARNING] - Error resolving method: java.base@25/java.lang.invoke.LambdaForm$MH/0x000000012613c800.invoke(LambdaForm$MH)
[PROCESS OUT] java.lang.ClassNotFoundException: java.lang.invoke.LambdaForm$MH/0x000000012613c800
[PROCESS OUT] 	at java.base/java.lang.Class.forName0(Native Method)
[PROCESS OUT] 	at java.base/java.lang.Class.forName(Class.java:467)
[PROCESS OUT] 	at java.base/java.lang.Class.forName(Class.java:458)
[PROCESS OUT] 	at ca.concordia.ptidej.spectra.Profile.MonitoringHandler.extractStats(MonitoringHandler.java:235)
[PROCESS OUT] 	at ca.concordia.ptidej.spectra.Profile.MonitoringHandler.run(MonitoringHandler.java:92)
[PROCESS OUT] 	at java.base/java.lang.Thread.run(Thread.java:1474)
[PROCESS OUT] 20/11/2025 11:41:14.792 - [WARNING] - Error resolving method: java.base@25/java.lang.String$$StringConcat/0x0000000126104000.concat(Unknown Source)
[PROCESS OUT] java.lang.ClassNotFoundException: java.lang.String$$StringConcat/0x0000000126104000
[PROCESS OUT] 	at java.base/java.lang.Class.forName0(Native Method)
[PROCESS OUT] 	at java.base/java.lang.Class.forName(Class.java:467)
[PROCESS OUT] 	at java.base/java.lang.Class.forName(Class.java:458)
[PROCESS OUT] 	at ca.concordia.ptidej.spectra.Profile.MonitoringHandler.extractStats(MonitoringHandler.java:235)
[PROCESS OUT] 	at ca.concordia.ptidej.spectra.Profile.MonitoringHandler.run(MonitoringHandler.java:92)
[PROCESS OUT] 	at java.base/java.lang.Thread.run(Thread.java:1474)
[PROCESS OUT] 20/11/2025 11:41:14.792 - [WARNING] - Error resolving method: java.base@25/java.lang.invoke.LambdaForm$MH/0x0000000126104400.invoke(LambdaForm$MH)
[PROCESS OUT] java.lang.ClassNotFoundException: java.lang.invoke.LambdaForm$MH/0x0000000126104400
[PROCESS OUT] 	at java.base/java.lang.Class.forName0(Native Method)
[PROCESS OUT] 	at java.base/java.lang.Class.forName(Class.java:467)
[PROCESS OUT] 	at java.base/java.lang.Class.forName(Class.java:458)
[PROCESS OUT] 	at ca.concordia.ptidej.spectra.Profile.MonitoringHandler.extractStats(MonitoringHandler.java:235)
[PROCESS OUT] 	at ca.concordia.ptidej.spectra.Profile.MonitoringHandler.run(MonitoringHandler.java:92)
[PROCESS OUT] 	at java.base/java.lang.Thread.run(Thread.java:1474)
[PROCESS OUT] 20/11/2025 11:41:14.794 - [WARNING] - Error resolving method: java.base@25/java.lang.invoke.LambdaForm$DMH/0x0000000126120400.invokeInterface(LambdaForm$DMH)
[PROCESS OUT] java.lang.ClassNotFoundException: java.lang.invoke.LambdaForm$DMH/0x0000000126120400
[PROCESS OUT] 	at java.base/java.lang.Class.forName0(Native Method)
[PROCESS OUT] 	at java.base/java.lang.Class.forName(Class.java:467)
[PROCESS OUT] 	at java.base/java.lang.Class.forName(Class.java:458)
[PROCESS OUT] 	at ca.concordia.ptidej.spectra.Profile.MonitoringHandler.extractStats(MonitoringHandler.java:235)
[PROCESS OUT] 	at ca.concordia.ptidej.spectra.Profile.MonitoringHandler.run(MonitoringHandler.java:92)
[PROCESS OUT] 	at java.base/java.lang.Thread.run(Thread.java:1474)
[PROCESS OUT] 20/11/2025 11:41:14.794 - [WARNING] - Error resolving method: java.base@25/java.lang.invoke.LambdaForm$MH/0x000000012613cc00.invoke(LambdaForm$MH)
[PROCESS OUT] java.lang.ClassNotFoundException: java.lang.invoke.LambdaForm$MH/0x000000012613cc00
[PROCESS OUT] 	at java.base/java.lang.Class.forName0(Native Method)
[PROCESS OUT] 	at java.base/java.lang.Class.forName(Class.java:467)
[PROCESS OUT] 	at java.base/java.lang.Class.forName(Class.java:458)
[PROCESS OUT] 	at ca.concordia.ptidej.spectra.Profile.MonitoringHandler.extractStats(MonitoringHandler.java:235)
[PROCESS OUT] 	at ca.concordia.ptidej.spectra.Profile.MonitoringHandler.run(MonitoringHandler.java:92)
[PROCESS OUT] 	at java.base/java.lang.Thread.run(Thread.java:1474)
[PROCESS OUT] 20/11/2025 11:41:14.794 - [WARNING] - Error resolving method: java.base@25/java.lang.invoke.LambdaForm$DMH/0x0000000126120400.invokeInterface(LambdaForm$DMH)
[PROCESS OUT] java.lang.ClassNotFoundException: java.lang.invoke.LambdaForm$DMH/0x0000000126120400
[PROCESS OUT] 	at java.base/java.lang.Class.forName0(Native Method)
[PROCESS OUT] 	at java.base/java.lang.Class.forName(Class.java:467)
[PROCESS OUT] 	at java.base/java.lang.Class.forName(Class.java:458)
[PROCESS OUT] 	at ca.concordia.ptidej.spectra.Profile.MonitoringHandler.extractStats(MonitoringHandler.java:235)
[PROCESS OUT] 	at ca.concordia.ptidej.spectra.Profile.MonitoringHandler.run(MonitoringHandler.java:92)
[PROCESS OUT] 	at java.base/java.lang.Thread.run(Thread.java:1474)
[PROCESS OUT] 20/11/2025 11:41:14.794 - [WARNING] - Error resolving method: java.base@25/java.lang.invoke.LambdaForm$MH/0x000000012612c400.invoke(LambdaForm$MH)
[PROCESS OUT] java.lang.ClassNotFoundException: java.lang.invoke.LambdaForm$MH/0x000000012612c400
[PROCESS OUT] 	at java.base/java.lang.Class.forName0(Native Method)
[PROCESS OUT] 	at java.base/java.lang.Class.forName(Class.java:467)
[PROCESS OUT] 	at java.base/java.lang.Class.forName(Class.java:458)
[PROCESS OUT] 	at ca.concordia.ptidej.spectra.Profile.MonitoringHandler.extractStats(MonitoringHandler.java:235)
[PROCESS OUT] 	at ca.concordia.ptidej.spectra.Profile.MonitoringHandler.run(MonitoringHandler.java:92)
[PROCESS OUT] 	at java.base/java.lang.Thread.run(Thread.java:1474)
[PROCESS OUT] 20/11/2025 11:41:14.798 - [WARNING] - Error resolving method: java.base@25/java.lang.invoke.LambdaForm$MH/0x0000000126043000.invokeExact_MT(LambdaForm$MH)
[PROCESS OUT] java.lang.ClassNotFoundException: java.lang.invoke.LambdaForm$MH/0x0000000126043000
[PROCESS OUT] 	at java.base/java.lang.Class.forName0(Native Method)
[PROCESS OUT] 	at java.base/java.lang.Class.forName(Class.java:467)
[PROCESS OUT] 	at java.base/java.lang.Class.forName(Class.java:458)
[PROCESS OUT] 	at ca.concordia.ptidej.spectra.Profile.MonitoringHandler.extractStats(MonitoringHandler.java:235)
[PROCESS OUT] 	at ca.concordia.ptidej.spectra.Profile.MonitoringHandler.run(MonitoringHandler.java:92)
[PROCESS OUT] 	at java.base/java.lang.Thread.run(Thread.java:1474)
[PROCESS OUT] 20/11/2025 11:41:14.802 - [WARNING] - Error resolving method: java.base@25/java.lang.invoke.LambdaForm$MH/0x0000000126043000.invokeExact_MT(LambdaForm$MH)
[PROCESS OUT] java.lang.ClassNotFoundException: java.lang.invoke.LambdaForm$MH/0x0000000126043000
[PROCESS OUT] 	at java.base/java.lang.Class.forName0(Native Method)
[PROCESS OUT] 	at java.base/java.lang.Class.forName(Class.java:467)
[PROCESS OUT] 	at java.base/java.lang.Class.forName(Class.java:458)
[PROCESS OUT] 	at ca.concordia.ptidej.spectra.Profile.MonitoringHandler.extractStats(MonitoringHandler.java:235)
[PROCESS OUT] 	at ca.concordia.ptidej.spectra.Profile.MonitoringHandler.run(MonitoringHandler.java:92)
[PROCESS OUT] 	at java.base/java.lang.Thread.run(Thread.java:1474)
[PROCESS OUT] 20/11/2025 11:41:14.803 - [WARNING] - Error resolving method: java.base@25/java.lang.invoke.LambdaForm$MH/0x0000000126043000.invokeExact_MT(LambdaForm$MH)
[PROCESS OUT] java.lang.ClassNotFoundException: java.lang.invoke.LambdaForm$MH/0x0000000126043000
[PROCESS OUT] 	at java.base/java.lang.Class.forName0(Native Method)
[PROCESS OUT] 	at java.base/java.lang.Class.forName(Class.java:467)
[PROCESS OUT] 	at java.base/java.lang.Class.forName(Class.java:458)
[PROCESS OUT] 	at ca.concordia.ptidej.spectra.Profile.MonitoringHandler.extractStats(MonitoringHandler.java:235)
[PROCESS OUT] 	at ca.concordia.ptidej.spectra.Profile.MonitoringHandler.run(MonitoringHandler.java:92)
[PROCESS OUT] 	at java.base/java.lang.Thread.run(Thread.java:1474)
[PROCESS OUT] 20/11/2025 11:41:14.804 - [WARNING] - Error resolving method: java.base@25/java.lang.invoke.LambdaForm$MH/0x0000000126043000.invokeExact_MT(LambdaForm$MH)
[PROCESS OUT] java.lang.ClassNotFoundException: java.lang.invoke.LambdaForm$MH/0x0000000126043000
[PROCESS OUT] 	at java.base/java.lang.Class.forName0(Native Method)
[PROCESS OUT] 	at java.base/java.lang.Class.forName(Class.java:467)
[PROCESS OUT] 	at java.base/java.lang.Class.forName(Class.java:458)
[PROCESS OUT] 	at ca.concordia.ptidej.spectra.Profile.MonitoringHandler.extractStats(MonitoringHandler.java:235)
[PROCESS OUT] 	at ca.concordia.ptidej.spectra.Profile.MonitoringHandler.run(MonitoringHandler.java:92)
[PROCESS OUT] 	at java.base/java.lang.Thread.run(Thread.java:1474)
[PROCESS OUT] 20/11/2025 11:41:14.820 - [WARNING] - Error resolving method: java.base@25/java.lang.invoke.LambdaForm$DMH/0x0000000126120400.invokeInterface(LambdaForm$DMH)
[PROCESS OUT] java.lang.ClassNotFoundException: java.lang.invoke.LambdaForm$DMH/0x0000000126120400
[PROCESS OUT] 	at java.base/java.lang.Class.forName0(Native Method)
[PROCESS OUT] 	at java.base/java.lang.Class.forName(Class.java:467)
[PROCESS OUT] 	at java.base/java.lang.Class.forName(Class.java:458)
[PROCESS OUT] 	at ca.concordia.ptidej.spectra.Profile.MonitoringHandler.extractStats(MonitoringHandler.java:235)
[PROCESS OUT] 	at ca.concordia.ptidej.spectra.Profile.MonitoringHandler.run(MonitoringHandler.java:92)
[PROCESS OUT] 	at java.base/java.lang.Thread.run(Thread.java:1474)
[PROCESS OUT] 20/11/2025 11:41:14.820 - [WARNING] - Error resolving method: java.base@25/java.lang.invoke.LambdaForm$MH/0x000000012613d400.invoke(LambdaForm$MH)
[PROCESS OUT] java.lang.ClassNotFoundException: java.lang.invoke.LambdaForm$MH/0x000000012613d400
[PROCESS OUT] 	at java.base/java.lang.Class.forName0(Native Method)
[PROCESS OUT] 	at java.base/java.lang.Class.forName(Class.java:467)
[PROCESS OUT] 	at java.base/java.lang.Class.forName(Class.java:458)
[PROCESS OUT] 	at ca.concordia.ptidej.spectra.Profile.MonitoringHandler.extractStats(MonitoringHandler.java:235)
[PROCESS OUT] 	at ca.concordia.ptidej.spectra.Profile.MonitoringHandler.run(MonitoringHandler.java:92)
[PROCESS OUT] 	at java.base/java.lang.Thread.run(Thread.java:1474)
[PROCESS OUT] 20/11/2025 11:41:14.865 - [WARNING] - Error resolving method: java.base@25/java.lang.String$$StringConcat/0x0000000126044800.concat(Unknown Source)
[PROCESS OUT] java.lang.ClassNotFoundException: java.lang.String$$StringConcat/0x0000000126044800
[PROCESS OUT] 	at java.base/java.lang.Class.forName0(Native Method)
[PROCESS OUT] 	at java.base/java.lang.Class.forName(Class.java:467)
[PROCESS OUT] 	at java.base/java.lang.Class.forName(Class.java:458)
[PROCESS OUT] 	at ca.concordia.ptidej.spectra.Profile.MonitoringHandler.extractStats(MonitoringHandler.java:235)
[PROCESS OUT] 	at ca.concordia.ptidej.spectra.Profile.MonitoringHandler.run(MonitoringHandler.java:92)
[PROCESS OUT] 	at java.base/java.lang.Thread.run(Thread.java:1474)
[PROCESS OUT] 20/11/2025 11:41:14.865 - [WARNING] - Error resolving method: java.base@25/java.lang.invoke.LambdaForm$MH/0x0000000126044c00.invoke(LambdaForm$MH)
[PROCESS OUT] java.lang.ClassNotFoundException: java.lang.invoke.LambdaForm$MH/0x0000000126044c00
[PROCESS OUT] 	at java.base/java.lang.Class.forName0(Native Method)
[PROCESS OUT] 	at java.base/java.lang.Class.forName(Class.java:467)
[PROCESS OUT] 	at java.base/java.lang.Class.forName(Class.java:458)
[PROCESS OUT] 	at ca.concordia.ptidej.spectra.Profile.MonitoringHandler.extractStats(MonitoringHandler.java:235)
[PROCESS OUT] 	at ca.concordia.ptidej.spectra.Profile.MonitoringHandler.run(MonitoringHandler.java:92)
[PROCESS OUT] 	at java.base/java.lang.Thread.run(Thread.java:1474)
[PROCESS OUT] 20/11/2025 11:41:14.866 - [WARNING] - Error resolving method: java.base@25/java.lang.String$$StringConcat/0x0000000126044800.prepend(Unknown Source)
[PROCESS OUT] java.lang.ClassNotFoundException: java.lang.String$$StringConcat/0x0000000126044800
[PROCESS OUT] 	at java.base/java.lang.Class.forName0(Native Method)
[PROCESS OUT] 	at java.base/java.lang.Class.forName(Class.java:467)
[PROCESS OUT] 	at java.base/java.lang.Class.forName(Class.java:458)
[PROCESS OUT] 	at ca.concordia.ptidej.spectra.Profile.MonitoringHandler.extractStats(MonitoringHandler.java:235)
[PROCESS OUT] 	at ca.concordia.ptidej.spectra.Profile.MonitoringHandler.run(MonitoringHandler.java:92)
[PROCESS OUT] 	at java.base/java.lang.Thread.run(Thread.java:1474)
[PROCESS OUT] 20/11/2025 11:41:14.866 - [WARNING] - Error resolving method: java.base@25/java.lang.String$$StringConcat/0x0000000126044800.concat(Unknown Source)
[PROCESS OUT] java.lang.ClassNotFoundException: java.lang.String$$StringConcat/0x0000000126044800
[PROCESS OUT] 	at java.base/java.lang.Class.forName0(Native Method)
[PROCESS OUT] 	at java.base/java.lang.Class.forName(Class.java:467)
[PROCESS OUT] 	at java.base/java.lang.Class.forName(Class.java:458)
[PROCESS OUT] 	at ca.concordia.ptidej.spectra.Profile.MonitoringHandler.extractStats(MonitoringHandler.java:235)
[PROCESS OUT] 	at ca.concordia.ptidej.spectra.Profile.MonitoringHandler.run(MonitoringHandler.java:92)
[PROCESS OUT] 	at java.base/java.lang.Thread.run(Thread.java:1474)
[PROCESS OUT] 20/11/2025 11:41:14.867 - [WARNING] - Error resolving method: java.base@25/java.lang.invoke.LambdaForm$MH/0x0000000126044c00.invoke(LambdaForm$MH)
[PROCESS OUT] java.lang.ClassNotFoundException: java.lang.invoke.LambdaForm$MH/0x0000000126044c00
[PROCESS OUT] 	at java.base/java.lang.Class.forName0(Native Method)
[PROCESS OUT] 	at java.base/java.lang.Class.forName(Class.java:467)
[PROCESS OUT] 	at java.base/java.lang.Class.forName(Class.java:458)
[PROCESS OUT] 	at ca.concordia.ptidej.spectra.Profile.MonitoringHandler.extractStats(MonitoringHandler.java:235)
[PROCESS OUT] 	at ca.concordia.ptidej.spectra.Profile.MonitoringHandler.run(MonitoringHandler.java:92)
[PROCESS OUT] 	at java.base/java.lang.Thread.run(Thread.java:1474)
[PROCESS OUT] 20/11/2025 11:41:14.868 - [WARNING] - Error resolving method: java.base@25/java.lang.invoke.LambdaForm$MH/0x0000000126042000.invoke(LambdaForm$MH)
[PROCESS OUT] java.lang.ClassNotFoundException: java.lang.invoke.LambdaForm$MH/0x0000000126042000
[PROCESS OUT] 	at java.base/java.lang.Class.forName0(Native Method)
[PROCESS OUT] 	at java.base/java.lang.Class.forName(Class.java:467)
[PROCESS OUT] 	at java.base/java.lang.Class.forName(Class.java:458)
[PROCESS OUT] 	at ca.concordia.ptidej.spectra.Profile.MonitoringHandler.extractStats(MonitoringHandler.java:235)
[PROCESS OUT] 	at ca.concordia.ptidej.spectra.Profile.MonitoringHandler.run(MonitoringHandler.java:92)
[PROCESS OUT] 	at java.base/java.lang.Thread.run(Thread.java:1474)
[PROCESS OUT] 20/11/2025 11:41:14.868 - [WARNING] - Error resolving method: java.base@25/java.lang.invoke.LambdaForm$MH/0x0000000126142800.invoke(LambdaForm$MH)
[PROCESS OUT] java.lang.ClassNotFoundException: java.lang.invoke.LambdaForm$MH/0x0000000126142800
[PROCESS OUT] 	at java.base/java.lang.Class.forName0(Native Method)
[PROCESS OUT] 	at java.base/java.lang.Class.forName(Class.java:467)
[PROCESS OUT] 	at java.base/java.lang.Class.forName(Class.java:458)
[PROCESS OUT] 	at ca.concordia.ptidej.spectra.Profile.MonitoringHandler.extractStats(MonitoringHandler.java:235)
[PROCESS OUT] 	at ca.concordia.ptidej.spectra.Profile.MonitoringHandler.run(MonitoringHandler.java:92)
[PROCESS OUT] 	at java.base/java.lang.Thread.run(Thread.java:1474)
[PROCESS OUT] 20/11/2025 11:41:14.868 - [WARNING] - Error resolving method: java.base@25/java.lang.invoke.LambdaForm$MH/0x0000000126043000.invokeExact_MT(LambdaForm$MH)
[PROCESS OUT] java.lang.ClassNotFoundException: java.lang.invoke.LambdaForm$MH/0x0000000126043000
[PROCESS OUT] 	at java.base/java.lang.Class.forName0(Native Method)
[PROCESS OUT] 	at java.base/java.lang.Class.forName(Class.java:467)
[PROCESS OUT] 	at java.base/java.lang.Class.forName(Class.java:458)
[PROCESS OUT] 	at ca.concordia.ptidej.spectra.Profile.MonitoringHandler.extractStats(MonitoringHandler.java:235)
[PROCESS OUT] 	at ca.concordia.ptidej.spectra.Profile.MonitoringHandler.run(MonitoringHandler.java:92)
[PROCESS OUT] 	at java.base/java.lang.Thread.run(Thread.java:1474)
[PROCESS OUT] 20/11/2025 11:41:14.869 - [WARNING] - Error resolving method: java.base@25/java.lang.String$$StringConcat/0x0000000126044800.concat(Unknown Source)
[PROCESS OUT] java.lang.ClassNotFoundException: java.lang.String$$StringConcat/0x0000000126044800
[PROCESS OUT] 	at java.base/java.lang.Class.forName0(Native Method)
[PROCESS OUT] 	at java.base/java.lang.Class.forName(Class.java:467)
[PROCESS OUT] 	at java.base/java.lang.Class.forName(Class.java:458)
[PROCESS OUT] 	at ca.concordia.ptidej.spectra.Profile.MonitoringHandler.extractStats(MonitoringHandler.java:235)
[PROCESS OUT] 	at ca.concordia.ptidej.spectra.Profile.MonitoringHandler.run(MonitoringHandler.java:92)
[PROCESS OUT] 	at java.base/java.lang.Thread.run(Thread.java:1474)
[PROCESS OUT] 20/11/2025 11:41:14.869 - [WARNING] - Error resolving method: java.base@25/java.lang.invoke.LambdaForm$MH/0x0000000126044c00.invoke(LambdaForm$MH)
[PROCESS OUT] java.lang.ClassNotFoundException: java.lang.invoke.LambdaForm$MH/0x0000000126044c00
[PROCESS OUT] 	at java.base/java.lang.Class.forName0(Native Method)
[PROCESS OUT] 	at java.base/java.lang.Class.forName(Class.java:467)
[PROCESS OUT] 	at java.base/java.lang.Class.forName(Class.java:458)
[PROCESS OUT] 	at ca.concordia.ptidej.spectra.Profile.MonitoringHandler.extractStats(MonitoringHandler.java:235)
[PROCESS OUT] 	at ca.concordia.ptidej.spectra.Profile.MonitoringHandler.run(MonitoringHandler.java:92)
[PROCESS OUT] 	at java.base/java.lang.Thread.run(Thread.java:1474)
[PROCESS OUT] 20/11/2025 11:41:14.869 - [WARNING] - Error resolving method: java.base@25/java.lang.String$$StringConcat/0x0000000126123c00.prepend(Unknown Source)
[PROCESS OUT] java.lang.ClassNotFoundException: java.lang.String$$StringConcat/0x0000000126123c00
[PROCESS OUT] 	at java.base/java.lang.Class.forName0(Native Method)
[PROCESS OUT] 	at java.base/java.lang.Class.forName(Class.java:467)
[PROCESS OUT] 	at java.base/java.lang.Class.forName(Class.java:458)
[PROCESS OUT] 	at ca.concordia.ptidej.spectra.Profile.MonitoringHandler.extractStats(MonitoringHandler.java:235)
[PROCESS OUT] 	at ca.concordia.ptidej.spectra.Profile.MonitoringHandler.run(MonitoringHandler.java:92)
[PROCESS OUT] 	at java.base/java.lang.Thread.run(Thread.java:1474)
[PROCESS OUT] 20/11/2025 11:41:14.869 - [WARNING] - Error resolving method: java.base@25/java.lang.String$$StringConcat/0x0000000126123c00.concat(Unknown Source)
[PROCESS OUT] java.lang.ClassNotFoundException: java.lang.String$$StringConcat/0x0000000126123c00
[PROCESS OUT] 	at java.base/java.lang.Class.forName0(Native Method)
[PROCESS OUT] 	at java.base/java.lang.Class.forName(Class.java:467)
[PROCESS OUT] 	at java.base/java.lang.Class.forName(Class.java:458)
[PROCESS OUT] 	at ca.concordia.ptidej.spectra.Profile.MonitoringHandler.extractStats(MonitoringHandler.java:235)
[PROCESS OUT] 	at ca.concordia.ptidej.spectra.Profile.MonitoringHandler.run(MonitoringHandler.java:92)
[PROCESS OUT] 	at java.base/java.lang.Thread.run(Thread.java:1474)
[PROCESS OUT] 20/11/2025 11:41:14.869 - [WARNING] - Error resolving method: java.base@25/java.lang.invoke.LambdaForm$MH/0x000000012612c000.invoke(LambdaForm$MH)
[PROCESS OUT] java.lang.ClassNotFoundException: java.lang.invoke.LambdaForm$MH/0x000000012612c000
[PROCESS OUT] 	at java.base/java.lang.Class.forName0(Native Method)
[PROCESS OUT] 	at java.base/java.lang.Class.forName(Class.java:467)
[PROCESS OUT] 	at java.base/java.lang.Class.forName(Class.java:458)
[PROCESS OUT] 	at ca.concordia.ptidej.spectra.Profile.MonitoringHandler.extractStats(MonitoringHandler.java:235)
[PROCESS OUT] 	at ca.concordia.ptidej.spectra.Profile.MonitoringHandler.run(MonitoringHandler.java:92)
[PROCESS OUT] 	at java.base/java.lang.Thread.run(Thread.java:1474)
[PROCESS OUT] 20/11/2025 11:41:14.872 - [WARNING] - Error resolving method: java.base@25/java.lang.String$$StringConcat/0x0000000126123c00.concat(Unknown Source)
[PROCESS OUT] java.lang.ClassNotFoundException: java.lang.String$$StringConcat/0x0000000126123c00
[PROCESS OUT] 	at java.base/java.lang.Class.forName0(Native Method)
[PROCESS OUT] 	at java.base/java.lang.Class.forName(Class.java:467)
[PROCESS OUT] 	at java.base/java.lang.Class.forName(Class.java:458)
[PROCESS OUT] 	at ca.concordia.ptidej.spectra.Profile.MonitoringHandler.extractStats(MonitoringHandler.java:235)
[PROCESS OUT] 	at ca.concordia.ptidej.spectra.Profile.MonitoringHandler.run(MonitoringHandler.java:92)
[PROCESS OUT] 	at java.base/java.lang.Thread.run(Thread.java:1474)
[PROCESS OUT] 20/11/2025 11:41:14.872 - [WARNING] - Error resolving method: java.base@25/java.lang.invoke.LambdaForm$MH/0x000000012612c000.invoke(LambdaForm$MH)
[PROCESS OUT] java.lang.ClassNotFoundException: java.lang.invoke.LambdaForm$MH/0x000000012612c000
[PROCESS OUT] 	at java.base/java.lang.Class.forName0(Native Method)
[PROCESS OUT] 	at java.base/java.lang.Class.forName(Class.java:467)
[PROCESS OUT] 	at java.base/java.lang.Class.forName(Class.java:458)
[PROCESS OUT] 	at ca.concordia.ptidej.spectra.Profile.MonitoringHandler.extractStats(MonitoringHandler.java:235)
[PROCESS OUT] 	at ca.concordia.ptidej.spectra.Profile.MonitoringHandler.run(MonitoringHandler.java:92)
[PROCESS OUT] 	at java.base/java.lang.Thread.run(Thread.java:1474)
[PROCESS OUT] 20/11/2025 11:41:14.922 - [WARNING] - Error resolving method: java.base@25/java.lang.String$$StringConcat/0x0000000126104000.prepend(Unknown Source)
[PROCESS OUT] java.lang.ClassNotFoundException: java.lang.String$$StringConcat/0x0000000126104000
[PROCESS OUT] 	at java.base/java.lang.Class.forName0(Native Method)
[PROCESS OUT] 	at java.base/java.lang.Class.forName(Class.java:467)
[PROCESS OUT] 	at java.base/java.lang.Class.forName(Class.java:458)
[PROCESS OUT] 	at ca.concordia.ptidej.spectra.Profile.MonitoringHandler.extractStats(MonitoringHandler.java:235)
[PROCESS OUT] 	at ca.concordia.ptidej.spectra.Profile.MonitoringHandler.run(MonitoringHandler.java:92)
[PROCESS OUT] 	at java.base/java.lang.Thread.run(Thread.java:1474)
[PROCESS OUT] 20/11/2025 11:41:14.922 - [WARNING] - Error resolving method: java.base@25/java.lang.String$$StringConcat/0x0000000126104000.concat(Unknown Source)
[PROCESS OUT] java.lang.ClassNotFoundException: java.lang.String$$StringConcat/0x0000000126104000
[PROCESS OUT] 	at java.base/java.lang.Class.forName0(Native Method)
[PROCESS OUT] 	at java.base/java.lang.Class.forName(Class.java:467)
[PROCESS OUT] 	at java.base/java.lang.Class.forName(Class.java:458)
[PROCESS OUT] 	at ca.concordia.ptidej.spectra.Profile.MonitoringHandler.extractStats(MonitoringHandler.java:235)
[PROCESS OUT] 	at ca.concordia.ptidej.spectra.Profile.MonitoringHandler.run(MonitoringHandler.java:92)
[PROCESS OUT] 	at java.base/java.lang.Thread.run(Thread.java:1474)
[PROCESS OUT] 20/11/2025 11:41:14.922 - [WARNING] - Error resolving method: java.base@25/java.lang.invoke.LambdaForm$MH/0x0000000126104400.invoke(LambdaForm$MH)
[PROCESS OUT] java.lang.ClassNotFoundException: java.lang.invoke.LambdaForm$MH/0x0000000126104400
[PROCESS OUT] 	at java.base/java.lang.Class.forName0(Native Method)
[PROCESS OUT] 	at java.base/java.lang.Class.forName(Class.java:467)
[PROCESS OUT] 	at java.base/java.lang.Class.forName(Class.java:458)
[PROCESS OUT] 	at ca.concordia.ptidej.spectra.Profile.MonitoringHandler.extractStats(MonitoringHandler.java:235)
[PROCESS OUT] 	at ca.concordia.ptidej.spectra.Profile.MonitoringHandler.run(MonitoringHandler.java:92)
[PROCESS OUT] 	at java.base/java.lang.Thread.run(Thread.java:1474)
[PROCESS OUT] 20/11/2025 11:41:14.927 - [WARNING] - Error resolving method: java.base@25/java.lang.String$$StringConcat/0x0000000126044800.length(Unknown Source)
[PROCESS OUT] java.lang.ClassNotFoundException: java.lang.String$$StringConcat/0x0000000126044800
[PROCESS OUT] 	at java.base/java.lang.Class.forName0(Native Method)
[PROCESS OUT] 	at java.base/java.lang.Class.forName(Class.java:467)
[PROCESS OUT] 	at java.base/java.lang.Class.forName(Class.java:458)
[PROCESS OUT] 	at ca.concordia.ptidej.spectra.Profile.MonitoringHandler.extractStats(MonitoringHandler.java:235)
[PROCESS OUT] 	at ca.concordia.ptidej.spectra.Profile.MonitoringHandler.run(MonitoringHandler.java:92)
[PROCESS OUT] 	at java.base/java.lang.Thread.run(Thread.java:1474)
[PROCESS OUT] 20/11/2025 11:41:14.927 - [WARNING] - Error resolving method: java.base@25/java.lang.String$$StringConcat/0x0000000126044800.concat(Unknown Source)
[PROCESS OUT] java.lang.ClassNotFoundException: java.lang.String$$StringConcat/0x0000000126044800
[PROCESS OUT] 	at java.base/java.lang.Class.forName0(Native Method)
[PROCESS OUT] 	at java.base/java.lang.Class.forName(Class.java:467)
[PROCESS OUT] 	at java.base/java.lang.Class.forName(Class.java:458)
[PROCESS OUT] 	at ca.concordia.ptidej.spectra.Profile.MonitoringHandler.extractStats(MonitoringHandler.java:235)
[PROCESS OUT] 	at ca.concordia.ptidej.spectra.Profile.MonitoringHandler.run(MonitoringHandler.java:92)
[PROCESS OUT] 	at java.base/java.lang.Thread.run(Thread.java:1474)
[PROCESS OUT] 20/11/2025 11:41:14.928 - [WARNING] - Error resolving method: java.base@25/java.lang.invoke.LambdaForm$MH/0x0000000126044c00.invoke(LambdaForm$MH)
[PROCESS OUT] java.lang.ClassNotFoundException: java.lang.invoke.LambdaForm$MH/0x0000000126044c00
[PROCESS OUT] 	at java.base/java.lang.Class.forName0(Native Method)
[PROCESS OUT] 	at java.base/java.lang.Class.forName(Class.java:467)
[PROCESS OUT] 	at java.base/java.lang.Class.forName(Class.java:458)
[PROCESS OUT] 	at ca.concordia.ptidej.spectra.Profile.MonitoringHandler.extractStats(MonitoringHandler.java:235)
[PROCESS OUT] 	at ca.concordia.ptidej.spectra.Profile.MonitoringHandler.run(MonitoringHandler.java:92)
[PROCESS OUT] 	at java.base/java.lang.Thread.run(Thread.java:1474)
[PROCESS OUT] 20/11/2025 11:41:14.944 - [WARNING] - Error resolving method: java.base@25/java.lang.invoke.LambdaForm$DMH/0x0000000126120400.invokeInterface(LambdaForm$DMH)
[PROCESS OUT] java.lang.ClassNotFoundException: java.lang.invoke.LambdaForm$DMH/0x0000000126120400
[PROCESS OUT] 	at java.base/java.lang.Class.forName0(Native Method)
[PROCESS OUT] 	at java.base/java.lang.Class.forName(Class.java:467)
[PROCESS OUT] 	at java.base/java.lang.Class.forName(Class.java:458)
[PROCESS OUT] 	at ca.concordia.ptidej.spectra.Profile.MonitoringHandler.extractStats(MonitoringHandler.java:235)
[PROCESS OUT] 	at ca.concordia.ptidej.spectra.Profile.MonitoringHandler.run(MonitoringHandler.java:92)
[PROCESS OUT] 	at java.base/java.lang.Thread.run(Thread.java:1474)
[PROCESS OUT] 20/11/2025 11:41:14.950 - [WARNING] - Error resolving method: java.base@25/java.lang.invoke.LambdaForm$MH/0x000000012613cc00.invoke(LambdaForm$MH)
[PROCESS OUT] java.lang.ClassNotFoundException: java.lang.invoke.LambdaForm$MH/0x000000012613cc00
[PROCESS OUT] 	at java.base/java.lang.Class.forName0(Native Method)
[PROCESS OUT] 	at java.base/java.lang.Class.forName(Class.java:467)
[PROCESS OUT] 	at java.base/java.lang.Class.forName(Class.java:458)
[PROCESS OUT] 	at ca.concordia.ptidej.spectra.Profile.MonitoringHandler.extractStats(MonitoringHandler.java:235)
[PROCESS OUT] 	at ca.concordia.ptidej.spectra.Profile.MonitoringHandler.run(MonitoringHandler.java:92)
[PROCESS OUT] 	at java.base/java.lang.Thread.run(Thread.java:1474)
[PROCESS OUT] 20/11/2025 11:41:14.951 - [WARNING] - Error resolving method: java.base@25/java.lang.invoke.LambdaForm$DMH/0x0000000126120400.invokeInterface(LambdaForm$DMH)
[PROCESS OUT] java.lang.ClassNotFoundException: java.lang.invoke.LambdaForm$DMH/0x0000000126120400
[PROCESS OUT] 	at java.base/java.lang.Class.forName0(Native Method)
[PROCESS OUT] 	at java.base/java.lang.Class.forName(Class.java:467)
[PROCESS OUT] 	at java.base/java.lang.Class.forName(Class.java:458)
[PROCESS OUT] 	at ca.concordia.ptidej.spectra.Profile.MonitoringHandler.extractStats(MonitoringHandler.java:235)
[PROCESS OUT] 	at ca.concordia.ptidej.spectra.Profile.MonitoringHandler.run(MonitoringHandler.java:92)
[PROCESS OUT] 	at java.base/java.lang.Thread.run(Thread.java:1474)
[PROCESS OUT] 20/11/2025 11:41:14.951 - [WARNING] - Error resolving method: java.base@25/java.lang.invoke.LambdaForm$MH/0x000000012613cc00.invoke(LambdaForm$MH)
[PROCESS OUT] java.lang.ClassNotFoundException: java.lang.invoke.LambdaForm$MH/0x000000012613cc00
[PROCESS OUT] 	at java.base/java.lang.Class.forName0(Native Method)
[PROCESS OUT] 	at java.base/java.lang.Class.forName(Class.java:467)
[PROCESS OUT] 	at java.base/java.lang.Class.forName(Class.java:458)
[PROCESS OUT] 	at ca.concordia.ptidej.spectra.Profile.MonitoringHandler.extractStats(MonitoringHandler.java:235)
[PROCESS OUT] 	at ca.concordia.ptidej.spectra.Profile.MonitoringHandler.run(MonitoringHandler.java:92)
[PROCESS OUT] 	at java.base/java.lang.Thread.run(Thread.java:1474)
[PROCESS OUT] 20/11/2025 11:41:14.952 - [WARNING] - Error resolving method: java.base@25/java.lang.invoke.LambdaForm$DMH/0x0000000126122c00.invokeVirtual(LambdaForm$DMH)
[PROCESS OUT] java.lang.ClassNotFoundException: java.lang.invoke.LambdaForm$DMH/0x0000000126122c00
[PROCESS OUT] 	at java.base/java.lang.Class.forName0(Native Method)
[PROCESS OUT] 	at java.base/java.lang.Class.forName(Class.java:467)
[PROCESS OUT] 	at java.base/java.lang.Class.forName(Class.java:458)
[PROCESS OUT] 	at ca.concordia.ptidej.spectra.Profile.MonitoringHandler.extractStats(MonitoringHandler.java:235)
[PROCESS OUT] 	at ca.concordia.ptidej.spectra.Profile.MonitoringHandler.run(MonitoringHandler.java:92)
[PROCESS OUT] 	at java.base/java.lang.Thread.run(Thread.java:1474)
[PROCESS OUT] 20/11/2025 11:41:14.953 - [WARNING] - Error resolving method: java.base@25/java.lang.invoke.LambdaForm$MH/0x0000000126141400.invoke(LambdaForm$MH)
[PROCESS OUT] java.lang.ClassNotFoundException: java.lang.invoke.LambdaForm$MH/0x0000000126141400
[PROCESS OUT] 	at java.base/java.lang.Class.forName0(Native Method)
[PROCESS OUT] 	at java.base/java.lang.Class.forName(Class.java:467)
[PROCESS OUT] 	at java.base/java.lang.Class.forName(Class.java:458)
[PROCESS OUT] 	at ca.concordia.ptidej.spectra.Profile.MonitoringHandler.extractStats(MonitoringHandler.java:235)
[PROCESS OUT] 	at ca.concordia.ptidej.spectra.Profile.MonitoringHandler.run(MonitoringHandler.java:92)
[PROCESS OUT] 	at java.base/java.lang.Thread.run(Thread.java:1474)
[PROCESS OUT] 20/11/2025 11:41:14.953 - [WARNING] - Error resolving method: java.base@25/java.lang.invoke.LambdaForm$MH/0x0000000126043000.invokeExact_MT(LambdaForm$MH)
[PROCESS OUT] java.lang.ClassNotFoundException: java.lang.invoke.LambdaForm$MH/0x0000000126043000
[PROCESS OUT] 	at java.base/java.lang.Class.forName0(Native Method)
[PROCESS OUT] 	at java.base/java.lang.Class.forName(Class.java:467)
[PROCESS OUT] 	at java.base/java.lang.Class.forName(Class.java:458)
[PROCESS OUT] 	at ca.concordia.ptidej.spectra.Profile.MonitoringHandler.extractStats(MonitoringHandler.java:235)
[PROCESS OUT] 	at ca.concordia.ptidej.spectra.Profile.MonitoringHandler.run(MonitoringHandler.java:92)
[PROCESS OUT] 	at java.base/java.lang.Thread.run(Thread.java:1474)
[PROCESS OUT] 20/11/2025 11:41:14.959 - [WARNING] - Error resolving method: java.base@25/java.lang.String$$StringConcat/0x0000000126044800.length(Unknown Source)
[PROCESS OUT] java.lang.ClassNotFoundException: java.lang.String$$StringConcat/0x0000000126044800
[PROCESS OUT] 	at java.base/java.lang.Class.forName0(Native Method)
[PROCESS OUT] 	at java.base/java.lang.Class.forName(Class.java:467)
[PROCESS OUT] 	at java.base/java.lang.Class.forName(Class.java:458)
[PROCESS OUT] 	at ca.concordia.ptidej.spectra.Profile.MonitoringHandler.extractStats(MonitoringHandler.java:235)
[PROCESS OUT] 	at ca.concordia.ptidej.spectra.Profile.MonitoringHandler.run(MonitoringHandler.java:92)
[PROCESS OUT] 	at java.base/java.lang.Thread.run(Thread.java:1474)
[PROCESS OUT] 20/11/2025 11:41:14.960 - [WARNING] - Error resolving method: java.base@25/java.lang.String$$StringConcat/0x0000000126044800.concat(Unknown Source)
[PROCESS OUT] java.lang.ClassNotFoundException: java.lang.String$$StringConcat/0x0000000126044800
[PROCESS OUT] 	at java.base/java.lang.Class.forName0(Native Method)
[PROCESS OUT] 	at java.base/java.lang.Class.forName(Class.java:467)
[PROCESS OUT] 	at java.base/java.lang.Class.forName(Class.java:458)
[PROCESS OUT] 	at ca.concordia.ptidej.spectra.Profile.MonitoringHandler.extractStats(MonitoringHandler.java:235)
[PROCESS OUT] 	at ca.concordia.ptidej.spectra.Profile.MonitoringHandler.run(MonitoringHandler.java:92)
[PROCESS OUT] 	at java.base/java.lang.Thread.run(Thread.java:1474)
[PROCESS OUT] 20/11/2025 11:41:14.960 - [WARNING] - Error resolving method: java.base@25/java.lang.invoke.LambdaForm$MH/0x0000000126044c00.invoke(LambdaForm$MH)
[PROCESS OUT] java.lang.ClassNotFoundException: java.lang.invoke.LambdaForm$MH/0x0000000126044c00
[PROCESS OUT] 	at java.base/java.lang.Class.forName0(Native Method)
[PROCESS OUT] 	at java.base/java.lang.Class.forName(Class.java:467)
[PROCESS OUT] 	at java.base/java.lang.Class.forName(Class.java:458)
[PROCESS OUT] 	at ca.concordia.ptidej.spectra.Profile.MonitoringHandler.extractStats(MonitoringHandler.java:235)
[PROCESS OUT] 	at ca.concordia.ptidej.spectra.Profile.MonitoringHandler.run(MonitoringHandler.java:92)
[PROCESS OUT] 	at java.base/java.lang.Thread.run(Thread.java:1474)
[PROCESS OUT] 20/11/2025 11:41:14.960 - [WARNING] - Error resolving method: java.base@25/java.lang.invoke.LambdaForm$DMH/0x0000000126120400.invokeInterface(LambdaForm$DMH)
[PROCESS OUT] java.lang.ClassNotFoundException: java.lang.invoke.LambdaForm$DMH/0x0000000126120400
[PROCESS OUT] 	at java.base/java.lang.Class.forName0(Native Method)
[PROCESS OUT] 	at java.base/java.lang.Class.forName(Class.java:467)
[PROCESS OUT] 	at java.base/java.lang.Class.forName(Class.java:458)
[PROCESS OUT] 	at ca.concordia.ptidej.spectra.Profile.MonitoringHandler.extractStats(MonitoringHandler.java:235)
[PROCESS OUT] 	at ca.concordia.ptidej.spectra.Profile.MonitoringHandler.run(MonitoringHandler.java:92)
[PROCESS OUT] 	at java.base/java.lang.Thread.run(Thread.java:1474)
[PROCESS OUT] 20/11/2025 11:41:14.960 - [WARNING] - Error resolving method: java.base@25/java.lang.invoke.LambdaForm$MH/0x000000012613d400.invoke(LambdaForm$MH)
[PROCESS OUT] java.lang.ClassNotFoundException: java.lang.invoke.LambdaForm$MH/0x000000012613d400
[PROCESS OUT] 	at java.base/java.lang.Class.forName0(Native Method)
[PROCESS OUT] 	at java.base/java.lang.Class.forName(Class.java:467)
[PROCESS OUT] 	at java.base/java.lang.Class.forName(Class.java:458)
[PROCESS OUT] 	at ca.concordia.ptidej.spectra.Profile.MonitoringHandler.extractStats(MonitoringHandler.java:235)
[PROCESS OUT] 	at ca.concordia.ptidej.spectra.Profile.MonitoringHandler.run(MonitoringHandler.java:92)
[PROCESS OUT] 	at java.base/java.lang.Thread.run(Thread.java:1474)
[PROCESS OUT] 20/11/2025 11:41:14.961 - [WARNING] - Error resolving method: java.base@25/java.lang.invoke.LambdaForm$DMH/0x0000000126120400.invokeInterface(LambdaForm$DMH)
[PROCESS OUT] java.lang.ClassNotFoundException: java.lang.invoke.LambdaForm$DMH/0x0000000126120400
[PROCESS OUT] 	at java.base/java.lang.Class.forName0(Native Method)
[PROCESS OUT] 	at java.base/java.lang.Class.forName(Class.java:467)
[PROCESS OUT] 	at java.base/java.lang.Class.forName(Class.java:458)
[PROCESS OUT] 	at ca.concordia.ptidej.spectra.Profile.MonitoringHandler.extractStats(MonitoringHandler.java:235)
[PROCESS OUT] 	at ca.concordia.ptidej.spectra.Profile.MonitoringHandler.run(MonitoringHandler.java:92)
[PROCESS OUT] 	at java.base/java.lang.Thread.run(Thread.java:1474)
[PROCESS OUT] 20/11/2025 11:41:14.962 - [WARNING] - Error resolving method: java.base@25/java.lang.invoke.LambdaForm$MH/0x000000012613d400.invoke(LambdaForm$MH)
[PROCESS OUT] java.lang.ClassNotFoundException: java.lang.invoke.LambdaForm$MH/0x000000012613d400
[PROCESS OUT] 	at java.base/java.lang.Class.forName0(Native Method)
[PROCESS OUT] 	at java.base/java.lang.Class.forName(Class.java:467)
[PROCESS OUT] 	at java.base/java.lang.Class.forName(Class.java:458)
[PROCESS OUT] 	at ca.concordia.ptidej.spectra.Profile.MonitoringHandler.extractStats(MonitoringHandler.java:235)
[PROCESS OUT] 	at ca.concordia.ptidej.spectra.Profile.MonitoringHandler.run(MonitoringHandler.java:92)
[PROCESS OUT] 	at java.base/java.lang.Thread.run(Thread.java:1474)
[PROCESS OUT] 20/11/2025 11:41:14.963 - [WARNING] - Error resolving method: java.base@25/java.lang.invoke.LambdaForm$DMH/0x0000000126120400.invokeInterface(LambdaForm$DMH)
[PROCESS OUT] java.lang.ClassNotFoundException: java.lang.invoke.LambdaForm$DMH/0x0000000126120400
[PROCESS OUT] 	at java.base/java.lang.Class.forName0(Native Method)
[PROCESS OUT] 	at java.base/java.lang.Class.forName(Class.java:467)
[PROCESS OUT] 	at java.base/java.lang.Class.forName(Class.java:458)
[PROCESS OUT] 	at ca.concordia.ptidej.spectra.Profile.MonitoringHandler.extractStats(MonitoringHandler.java:235)
[PROCESS OUT] 	at ca.concordia.ptidej.spectra.Profile.MonitoringHandler.run(MonitoringHandler.java:92)
[PROCESS OUT] 	at java.base/java.lang.Thread.run(Thread.java:1474)
[PROCESS OUT] 20/11/2025 11:41:14.963 - [WARNING] - Error resolving method: java.base@25/java.lang.invoke.LambdaForm$MH/0x000000012613cc00.invoke(LambdaForm$MH)
[PROCESS OUT] java.lang.ClassNotFoundException: java.lang.invoke.LambdaForm$MH/0x000000012613cc00
[PROCESS OUT] 	at java.base/java.lang.Class.forName0(Native Method)
[PROCESS OUT] 	at java.base/java.lang.Class.forName(Class.java:467)
[PROCESS OUT] 	at java.base/java.lang.Class.forName(Class.java:458)
[PROCESS OUT] 	at ca.concordia.ptidej.spectra.Profile.MonitoringHandler.extractStats(MonitoringHandler.java:235)
[PROCESS OUT] 	at ca.concordia.ptidej.spectra.Profile.MonitoringHandler.run(MonitoringHandler.java:92)
[PROCESS OUT] 	at java.base/java.lang.Thread.run(Thread.java:1474)
[PROCESS OUT] 20/11/2025 11:41:14.965 - [WARNING] - Error resolving method: java.base@25/java.lang.String$$StringConcat/0x0000000126044800.prepend(Unknown Source)
[PROCESS OUT] java.lang.ClassNotFoundException: java.lang.String$$StringConcat/0x0000000126044800
[PROCESS OUT] 	at java.base/java.lang.Class.forName0(Native Method)
[PROCESS OUT] 	at java.base/java.lang.Class.forName(Class.java:467)
[PROCESS OUT] 	at java.base/java.lang.Class.forName(Class.java:458)
[PROCESS OUT] 	at ca.concordia.ptidej.spectra.Profile.MonitoringHandler.extractStats(MonitoringHandler.java:235)
[PROCESS OUT] 	at ca.concordia.ptidej.spectra.Profile.MonitoringHandler.run(MonitoringHandler.java:92)
[PROCESS OUT] 	at java.base/java.lang.Thread.run(Thread.java:1474)
[PROCESS OUT] 20/11/2025 11:41:14.965 - [WARNING] - Error resolving method: java.base@25/java.lang.String$$StringConcat/0x0000000126044800.concat(Unknown Source)
[PROCESS OUT] java.lang.ClassNotFoundException: java.lang.String$$StringConcat/0x0000000126044800
[PROCESS OUT] 	at java.base/java.lang.Class.forName0(Native Method)
[PROCESS OUT] 	at java.base/java.lang.Class.forName(Class.java:467)
[PROCESS OUT] 	at java.base/java.lang.Class.forName(Class.java:458)
[PROCESS OUT] 	at ca.concordia.ptidej.spectra.Profile.MonitoringHandler.extractStats(MonitoringHandler.java:235)
[PROCESS OUT] 	at ca.concordia.ptidej.spectra.Profile.MonitoringHandler.run(MonitoringHandler.java:92)
[PROCESS OUT] 	at java.base/java.lang.Thread.run(Thread.java:1474)
[PROCESS OUT] 20/11/2025 11:41:14.965 - [WARNING] - Error resolving method: java.base@25/java.lang.invoke.LambdaForm$MH/0x0000000126044c00.invoke(LambdaForm$MH)
[PROCESS OUT] java.lang.ClassNotFoundException: java.lang.invoke.LambdaForm$MH/0x0000000126044c00
[PROCESS OUT] 	at java.base/java.lang.Class.forName0(Native Method)
[PROCESS OUT] 	at java.base/java.lang.Class.forName(Class.java:467)
[PROCESS OUT] 	at java.base/java.lang.Class.forName(Class.java:458)
[PROCESS OUT] 	at ca.concordia.ptidej.spectra.Profile.MonitoringHandler.extractStats(MonitoringHandler.java:235)
[PROCESS OUT] 	at ca.concordia.ptidej.spectra.Profile.MonitoringHandler.run(MonitoringHandler.java:92)
[PROCESS OUT] 	at java.base/java.lang.Thread.run(Thread.java:1474)
[PROCESS OUT] 20/11/2025 11:41:14.967 - [WARNING] - Error resolving method: java.base@25/java.lang.invoke.LambdaForm$DMH/0x0000000126120400.invokeInterface(LambdaForm$DMH)
[PROCESS OUT] java.lang.ClassNotFoundException: java.lang.invoke.LambdaForm$DMH/0x0000000126120400
[PROCESS OUT] 	at java.base/java.lang.Class.forName0(Native Method)
[PROCESS OUT] 	at java.base/java.lang.Class.forName(Class.java:467)
[PROCESS OUT] 	at java.base/java.lang.Class.forName(Class.java:458)
[PROCESS OUT] 	at ca.concordia.ptidej.spectra.Profile.MonitoringHandler.extractStats(MonitoringHandler.java:235)
[PROCESS OUT] 	at ca.concordia.ptidej.spectra.Profile.MonitoringHandler.run(MonitoringHandler.java:92)
[PROCESS OUT] 	at java.base/java.lang.Thread.run(Thread.java:1474)
[PROCESS OUT] 20/11/2025 11:41:14.967 - [WARNING] - Error resolving method: java.base@25/java.lang.invoke.LambdaForm$MH/0x000000012613d400.invoke(LambdaForm$MH)
[PROCESS OUT] java.lang.ClassNotFoundException: java.lang.invoke.LambdaForm$MH/0x000000012613d400
[PROCESS OUT] 	at java.base/java.lang.Class.forName0(Native Method)
[PROCESS OUT] 	at java.base/java.lang.Class.forName(Class.java:467)
[PROCESS OUT] 	at java.base/java.lang.Class.forName(Class.java:458)
[PROCESS OUT] 	at ca.concordia.ptidej.spectra.Profile.MonitoringHandler.extractStats(MonitoringHandler.java:235)
[PROCESS OUT] 	at ca.concordia.ptidej.spectra.Profile.MonitoringHandler.run(MonitoringHandler.java:92)
[PROCESS OUT] 	at java.base/java.lang.Thread.run(Thread.java:1474)
[PROCESS OUT] 20/11/2025 11:41:14.968 - [WARNING] - Error resolving method: java.base@25/java.lang.String$$StringConcat/0x0000000126044800.length(Unknown Source)
[PROCESS OUT] java.lang.ClassNotFoundException: java.lang.String$$StringConcat/0x0000000126044800
[PROCESS OUT] 	at java.base/java.lang.Class.forName0(Native Method)
[PROCESS OUT] 	at java.base/java.lang.Class.forName(Class.java:467)
[PROCESS OUT] 	at java.base/java.lang.Class.forName(Class.java:458)
[PROCESS OUT] 	at ca.concordia.ptidej.spectra.Profile.MonitoringHandler.extractStats(MonitoringHandler.java:235)
[PROCESS OUT] 	at ca.concordia.ptidej.spectra.Profile.MonitoringHandler.run(MonitoringHandler.java:92)
[PROCESS OUT] 	at java.base/java.lang.Thread.run(Thread.java:1474)
[PROCESS OUT] 20/11/2025 11:41:14.968 - [WARNING] - Error resolving method: java.base@25/java.lang.String$$StringConcat/0x0000000126044800.concat(Unknown Source)
[PROCESS OUT] java.lang.ClassNotFoundException: java.lang.String$$StringConcat/0x0000000126044800
[PROCESS OUT] 	at java.base/java.lang.Class.forName0(Native Method)
[PROCESS OUT] 	at java.base/java.lang.Class.forName(Class.java:467)
[PROCESS OUT] 	at java.base/java.lang.Class.forName(Class.java:458)
[PROCESS OUT] 	at ca.concordia.ptidej.spectra.Profile.MonitoringHandler.extractStats(MonitoringHandler.java:235)
[PROCESS OUT] 	at ca.concordia.ptidej.spectra.Profile.MonitoringHandler.run(MonitoringHandler.java:92)
[PROCESS OUT] 	at java.base/java.lang.Thread.run(Thread.java:1474)
[PROCESS OUT] 20/11/2025 11:41:14.968 - [WARNING] - Error resolving method: java.base@25/java.lang.invoke.LambdaForm$MH/0x0000000126044c00.invoke(LambdaForm$MH)
[PROCESS OUT] java.lang.ClassNotFoundException: java.lang.invoke.LambdaForm$MH/0x0000000126044c00
[PROCESS OUT] 	at java.base/java.lang.Class.forName0(Native Method)
[PROCESS OUT] 	at java.base/java.lang.Class.forName(Class.java:467)
[PROCESS OUT] 	at java.base/java.lang.Class.forName(Class.java:458)
[PROCESS OUT] 	at ca.concordia.ptidej.spectra.Profile.MonitoringHandler.extractStats(MonitoringHandler.java:235)
[PROCESS OUT] 	at ca.concordia.ptidej.spectra.Profile.MonitoringHandler.run(MonitoringHandler.java:92)
[PROCESS OUT] 	at java.base/java.lang.Thread.run(Thread.java:1474)
[PROCESS OUT] 20/11/2025 11:41:14.968 - [WARNING] - Error resolving method: java.base@25/java.lang.invoke.LambdaForm$DMH/0x0000000126120400.invokeInterface(LambdaForm$DMH)
[PROCESS OUT] java.lang.ClassNotFoundException: java.lang.invoke.LambdaForm$DMH/0x0000000126120400
[PROCESS OUT] 	at java.base/java.lang.Class.forName0(Native Method)
[PROCESS OUT] 	at java.base/java.lang.Class.forName(Class.java:467)
[PROCESS OUT] 	at java.base/java.lang.Class.forName(Class.java:458)
[PROCESS OUT] 	at ca.concordia.ptidej.spectra.Profile.MonitoringHandler.extractStats(MonitoringHandler.java:235)
[PROCESS OUT] 	at ca.concordia.ptidej.spectra.Profile.MonitoringHandler.run(MonitoringHandler.java:92)
[PROCESS OUT] 	at java.base/java.lang.Thread.run(Thread.java:1474)
[PROCESS OUT] 20/11/2025 11:41:14.968 - [WARNING] - Error resolving method: java.base@25/java.lang.invoke.LambdaForm$MH/0x000000012613d400.invoke(LambdaForm$MH)
[PROCESS OUT] java.lang.ClassNotFoundException: java.lang.invoke.LambdaForm$MH/0x000000012613d400
[PROCESS OUT] 	at java.base/java.lang.Class.forName0(Native Method)
[PROCESS OUT] 	at java.base/java.lang.Class.forName(Class.java:467)
[PROCESS OUT] 	at java.base/java.lang.Class.forName(Class.java:458)
[PROCESS OUT] 	at ca.concordia.ptidej.spectra.Profile.MonitoringHandler.extractStats(MonitoringHandler.java:235)
[PROCESS OUT] 	at ca.concordia.ptidej.spectra.Profile.MonitoringHandler.run(MonitoringHandler.java:92)
[PROCESS OUT] 	at java.base/java.lang.Thread.run(Thread.java:1474)
[PROCESS OUT] 20/11/2025 11:41:14.970 - [WARNING] - Error resolving method: java.base@25/java.lang.String$$StringConcat/0x0000000126123c00.prepend(Unknown Source)
[PROCESS OUT] java.lang.ClassNotFoundException: java.lang.String$$StringConcat/0x0000000126123c00
[PROCESS OUT] 	at java.base/java.lang.Class.forName0(Native Method)
[PROCESS OUT] 	at java.base/java.lang.Class.forName(Class.java:467)
[PROCESS OUT] 	at java.base/java.lang.Class.forName(Class.java:458)
[PROCESS OUT] 	at ca.concordia.ptidej.spectra.Profile.MonitoringHandler.extractStats(MonitoringHandler.java:235)
[PROCESS OUT] 	at ca.concordia.ptidej.spectra.Profile.MonitoringHandler.run(MonitoringHandler.java:92)
[PROCESS OUT] 	at java.base/java.lang.Thread.run(Thread.java:1474)
[PROCESS OUT] 20/11/2025 11:41:14.970 - [WARNING] - Error resolving method: java.base@25/java.lang.String$$StringConcat/0x0000000126123c00.concat(Unknown Source)
[PROCESS OUT] java.lang.ClassNotFoundException: java.lang.String$$StringConcat/0x0000000126123c00
[PROCESS OUT] 	at java.base/java.lang.Class.forName0(Native Method)
[PROCESS OUT] 	at java.base/java.lang.Class.forName(Class.java:467)
[PROCESS OUT] 	at java.base/java.lang.Class.forName(Class.java:458)
[PROCESS OUT] 	at ca.concordia.ptidej.spectra.Profile.MonitoringHandler.extractStats(MonitoringHandler.java:235)
[PROCESS OUT] 	at ca.concordia.ptidej.spectra.Profile.MonitoringHandler.run(MonitoringHandler.java:92)
[PROCESS OUT] 	at java.base/java.lang.Thread.run(Thread.java:1474)
[PROCESS OUT] 20/11/2025 11:41:14.970 - [WARNING] - Error resolving method: java.base@25/java.lang.invoke.LambdaForm$MH/0x000000012612c000.invoke(LambdaForm$MH)
[PROCESS OUT] java.lang.ClassNotFoundException: java.lang.invoke.LambdaForm$MH/0x000000012612c000
[PROCESS OUT] 	at java.base/java.lang.Class.forName0(Native Method)
[PROCESS OUT] 	at java.base/java.lang.Class.forName(Class.java:467)
[PROCESS OUT] 	at java.base/java.lang.Class.forName(Class.java:458)
[PROCESS OUT] 	at ca.concordia.ptidej.spectra.Profile.MonitoringHandler.extractStats(MonitoringHandler.java:235)
[PROCESS OUT] 	at ca.concordia.ptidej.spectra.Profile.MonitoringHandler.run(MonitoringHandler.java:92)
[PROCESS OUT] 	at java.base/java.lang.Thread.run(Thread.java:1474)
[PROCESS OUT] 20/11/2025 11:41:14.973 - [WARNING] - Error resolving method: java.base@25/java.lang.String$$StringConcat/0x0000000126044800.length(Unknown Source)
[PROCESS OUT] java.lang.ClassNotFoundException: java.lang.String$$StringConcat/0x0000000126044800
[PROCESS OUT] 	at java.base/java.lang.Class.forName0(Native Method)
[PROCESS OUT] 	at java.base/java.lang.Class.forName(Class.java:467)
[PROCESS OUT] 	at java.base/java.lang.Class.forName(Class.java:458)
[PROCESS OUT] 	at ca.concordia.ptidej.spectra.Profile.MonitoringHandler.extractStats(MonitoringHandler.java:235)
[PROCESS OUT] 	at ca.concordia.ptidej.spectra.Profile.MonitoringHandler.run(MonitoringHandler.java:92)
[PROCESS OUT] 	at java.base/java.lang.Thread.run(Thread.java:1474)
[PROCESS OUT] 20/11/2025 11:41:14.973 - [WARNING] - Error resolving method: java.base@25/java.lang.String$$StringConcat/0x0000000126044800.concat(Unknown Source)
[PROCESS OUT] java.lang.ClassNotFoundException: java.lang.String$$StringConcat/0x0000000126044800
[PROCESS OUT] 	at java.base/java.lang.Class.forName0(Native Method)
[PROCESS OUT] 	at java.base/java.lang.Class.forName(Class.java:467)
[PROCESS OUT] 	at java.base/java.lang.Class.forName(Class.java:458)
[PROCESS OUT] 	at ca.concordia.ptidej.spectra.Profile.MonitoringHandler.extractStats(MonitoringHandler.java:235)
[PROCESS OUT] 	at ca.concordia.ptidej.spectra.Profile.MonitoringHandler.run(MonitoringHandler.java:92)
[PROCESS OUT] 	at java.base/java.lang.Thread.run(Thread.java:1474)
[PROCESS OUT] 20/11/2025 11:41:14.973 - [WARNING] - Error resolving method: java.base@25/java.lang.invoke.LambdaForm$MH/0x0000000126044c00.invoke(LambdaForm$MH)
[PROCESS OUT] java.lang.ClassNotFoundException: java.lang.invoke.LambdaForm$MH/0x0000000126044c00
[PROCESS OUT] 	at java.base/java.lang.Class.forName0(Native Method)
[PROCESS OUT] 	at java.base/java.lang.Class.forName(Class.java:467)
[PROCESS OUT] 	at java.base/java.lang.Class.forName(Class.java:458)
[PROCESS OUT] 	at ca.concordia.ptidej.spectra.Profile.MonitoringHandler.extractStats(MonitoringHandler.java:235)
[PROCESS OUT] 	at ca.concordia.ptidej.spectra.Profile.MonitoringHandler.run(MonitoringHandler.java:92)
[PROCESS OUT] 	at java.base/java.lang.Thread.run(Thread.java:1474)
[PROCESS OUT] 20/11/2025 11:41:14.974 - [WARNING] - Error resolving method: java.base@25/java.lang.String$$StringConcat/0x0000000126123c00.prepend(Unknown Source)
[PROCESS OUT] java.lang.ClassNotFoundException: java.lang.String$$StringConcat/0x0000000126123c00
[PROCESS OUT] 	at java.base/java.lang.Class.forName0(Native Method)
[PROCESS OUT] 	at java.base/java.lang.Class.forName(Class.java:467)
[PROCESS OUT] 	at java.base/java.lang.Class.forName(Class.java:458)
[PROCESS OUT] 	at ca.concordia.ptidej.spectra.Profile.MonitoringHandler.extractStats(MonitoringHandler.java:235)
[PROCESS OUT] 	at ca.concordia.ptidej.spectra.Profile.MonitoringHandler.run(MonitoringHandler.java:92)
[PROCESS OUT] 	at java.base/java.lang.Thread.run(Thread.java:1474)
[PROCESS OUT] 20/11/2025 11:41:14.974 - [WARNING] - Error resolving method: java.base@25/java.lang.String$$StringConcat/0x0000000126123c00.concat(Unknown Source)
[PROCESS OUT] java.lang.ClassNotFoundException: java.lang.String$$StringConcat/0x0000000126123c00
[PROCESS OUT] 	at java.base/java.lang.Class.forName0(Native Method)
[PROCESS OUT] 	at java.base/java.lang.Class.forName(Class.java:467)
[PROCESS OUT] 	at java.base/java.lang.Class.forName(Class.java:458)
[PROCESS OUT] 	at ca.concordia.ptidej.spectra.Profile.MonitoringHandler.extractStats(MonitoringHandler.java:235)
[PROCESS OUT] 	at ca.concordia.ptidej.spectra.Profile.MonitoringHandler.run(MonitoringHandler.java:92)
[PROCESS OUT] 	at java.base/java.lang.Thread.run(Thread.java:1474)
[PROCESS OUT] 20/11/2025 11:41:14.975 - [WARNING] - Error resolving method: java.base@25/java.lang.invoke.LambdaForm$MH/0x000000012612c000.invoke(LambdaForm$MH)
[PROCESS OUT] java.lang.ClassNotFoundException: java.lang.invoke.LambdaForm$MH/0x000000012612c000
[PROCESS OUT] 	at java.base/java.lang.Class.forName0(Native Method)
[PROCESS OUT] 	at java.base/java.lang.Class.forName(Class.java:467)
[PROCESS OUT] 	at java.base/java.lang.Class.forName(Class.java:458)
[PROCESS OUT] 	at ca.concordia.ptidej.spectra.Profile.MonitoringHandler.extractStats(MonitoringHandler.java:235)
[PROCESS OUT] 	at ca.concordia.ptidej.spectra.Profile.MonitoringHandler.run(MonitoringHandler.java:92)
[PROCESS OUT] 	at java.base/java.lang.Thread.run(Thread.java:1474)
[PROCESS OUT] 20/11/2025 11:41:14.975 - [WARNING] - Error resolving method: java.base@25/java.lang.String$$StringConcat/0x0000000126044800.length(Unknown Source)
[PROCESS OUT] java.lang.ClassNotFoundException: java.lang.String$$StringConcat/0x0000000126044800
[PROCESS OUT] 	at java.base/java.lang.Class.forName0(Native Method)
[PROCESS OUT] 	at java.base/java.lang.Class.forName(Class.java:467)
[PROCESS OUT] 	at java.base/java.lang.Class.forName(Class.java:458)
[PROCESS OUT] 	at ca.concordia.ptidej.spectra.Profile.MonitoringHandler.extractStats(MonitoringHandler.java:235)
[PROCESS OUT] 	at ca.concordia.ptidej.spectra.Profile.MonitoringHandler.run(MonitoringHandler.java:92)
[PROCESS OUT] 	at java.base/java.lang.Thread.run(Thread.java:1474)
[PROCESS OUT] 20/11/2025 11:41:14.975 - [WARNING] - Error resolving method: java.base@25/java.lang.String$$StringConcat/0x0000000126044800.concat(Unknown Source)
[PROCESS OUT] java.lang.ClassNotFoundException: java.lang.String$$StringConcat/0x0000000126044800
[PROCESS OUT] 	at java.base/java.lang.Class.forName0(Native Method)
[PROCESS OUT] 	at java.base/java.lang.Class.forName(Class.java:467)
[PROCESS OUT] 	at java.base/java.lang.Class.forName(Class.java:458)
[PROCESS OUT] 	at ca.concordia.ptidej.spectra.Profile.MonitoringHandler.extractStats(MonitoringHandler.java:235)
[PROCESS OUT] 	at ca.concordia.ptidej.spectra.Profile.MonitoringHandler.run(MonitoringHandler.java:92)
[PROCESS OUT] 	at java.base/java.lang.Thread.run(Thread.java:1474)
[PROCESS OUT] 20/11/2025 11:41:14.975 - [WARNING] - Error resolving method: java.base@25/java.lang.invoke.LambdaForm$MH/0x0000000126044c00.invoke(LambdaForm$MH)
[PROCESS OUT] java.lang.ClassNotFoundException: java.lang.invoke.LambdaForm$MH/0x0000000126044c00
[PROCESS OUT] 	at java.base/java.lang.Class.forName0(Native Method)
[PROCESS OUT] 	at java.base/java.lang.Class.forName(Class.java:467)
[PROCESS OUT] 	at java.base/java.lang.Class.forName(Class.java:458)
[PROCESS OUT] 	at ca.concordia.ptidej.spectra.Profile.MonitoringHandler.extractStats(MonitoringHandler.java:235)
[PROCESS OUT] 	at ca.concordia.ptidej.spectra.Profile.MonitoringHandler.run(MonitoringHandler.java:92)
[PROCESS OUT] 	at java.base/java.lang.Thread.run(Thread.java:1474)
[PROCESS OUT] 20/11/2025 11:41:14.976 - [WARNING] - Error resolving method: java.base@25/java.lang.String$$StringConcat/0x0000000126123c00.prepend(Unknown Source)
[PROCESS OUT] java.lang.ClassNotFoundException: java.lang.String$$StringConcat/0x0000000126123c00
[PROCESS OUT] 	at java.base/java.lang.Class.forName0(Native Method)
[PROCESS OUT] 	at java.base/java.lang.Class.forName(Class.java:467)
[PROCESS OUT] 	at java.base/java.lang.Class.forName(Class.java:458)
[PROCESS OUT] 	at ca.concordia.ptidej.spectra.Profile.MonitoringHandler.extractStats(MonitoringHandler.java:235)
[PROCESS OUT] 	at ca.concordia.ptidej.spectra.Profile.MonitoringHandler.run(MonitoringHandler.java:92)
[PROCESS OUT] 	at java.base/java.lang.Thread.run(Thread.java:1474)
[PROCESS OUT] 20/11/2025 11:41:14.976 - [WARNING] - Error resolving method: java.base@25/java.lang.String$$StringConcat/0x0000000126123c00.concat(Unknown Source)
[PROCESS OUT] java.lang.ClassNotFoundException: java.lang.String$$StringConcat/0x0000000126123c00
[PROCESS OUT] 	at java.base/java.lang.Class.forName0(Native Method)
[PROCESS OUT] 	at java.base/java.lang.Class.forName(Class.java:467)
[PROCESS OUT] 	at java.base/java.lang.Class.forName(Class.java:458)
[PROCESS OUT] 	at ca.concordia.ptidej.spectra.Profile.MonitoringHandler.extractStats(MonitoringHandler.java:235)
[PROCESS OUT] 	at ca.concordia.ptidej.spectra.Profile.MonitoringHandler.run(MonitoringHandler.java:92)
[PROCESS OUT] 	at java.base/java.lang.Thread.run(Thread.java:1474)
[PROCESS OUT] 20/11/2025 11:41:14.976 - [WARNING] - Error resolving method: java.base@25/java.lang.invoke.LambdaForm$MH/0x000000012612c000.invoke(LambdaForm$MH)
[PROCESS OUT] java.lang.ClassNotFoundException: java.lang.invoke.LambdaForm$MH/0x000000012612c000
[PROCESS OUT] 	at java.base/java.lang.Class.forName0(Native Method)
[PROCESS OUT] 	at java.base/java.lang.Class.forName(Class.java:467)
[PROCESS OUT] 	at java.base/java.lang.Class.forName(Class.java:458)
[PROCESS OUT] 	at ca.concordia.ptidej.spectra.Profile.MonitoringHandler.extractStats(MonitoringHandler.java:235)
[PROCESS OUT] 	at ca.concordia.ptidej.spectra.Profile.MonitoringHandler.run(MonitoringHandler.java:92)
[PROCESS OUT] 	at java.base/java.lang.Thread.run(Thread.java:1474)
[PROCESS OUT] 20/11/2025 11:41:14.976 - [WARNING] - Error resolving method: java.base@25/java.lang.String$$StringConcat/0x0000000126114800.concat(Unknown Source)
[PROCESS OUT] java.lang.ClassNotFoundException: java.lang.String$$StringConcat/0x0000000126114800
[PROCESS OUT] 	at java.base/java.lang.Class.forName0(Native Method)
[PROCESS OUT] 	at java.base/java.lang.Class.forName(Class.java:467)
[PROCESS OUT] 	at java.base/java.lang.Class.forName(Class.java:458)
[PROCESS OUT] 	at ca.concordia.ptidej.spectra.Profile.MonitoringHandler.extractStats(MonitoringHandler.java:235)
[PROCESS OUT] 	at ca.concordia.ptidej.spectra.Profile.MonitoringHandler.run(MonitoringHandler.java:92)
[PROCESS OUT] 	at java.base/java.lang.Thread.run(Thread.java:1474)
[PROCESS OUT] 20/11/2025 11:41:14.976 - [WARNING] - Error resolving method: java.base@25/java.lang.invoke.LambdaForm$MH/0x0000000126114c00.invoke(LambdaForm$MH)
[PROCESS OUT] java.lang.ClassNotFoundException: java.lang.invoke.LambdaForm$MH/0x0000000126114c00
[PROCESS OUT] 	at java.base/java.lang.Class.forName0(Native Method)
[PROCESS OUT] 	at java.base/java.lang.Class.forName(Class.java:467)
[PROCESS OUT] 	at java.base/java.lang.Class.forName(Class.java:458)
[PROCESS OUT] 	at ca.concordia.ptidej.spectra.Profile.MonitoringHandler.extractStats(MonitoringHandler.java:235)
[PROCESS OUT] 	at ca.concordia.ptidej.spectra.Profile.MonitoringHandler.run(MonitoringHandler.java:92)
[PROCESS OUT] 	at java.base/java.lang.Thread.run(Thread.java:1474)
[PROCESS OUT] 20/11/2025 11:41:14.977 - [WARNING] - Error resolving method: java.base@25/java.lang.invoke.LambdaForm$MH/0x0000000126040400.invoke(LambdaForm$MH)
[PROCESS OUT] java.lang.ClassNotFoundException: java.lang.invoke.LambdaForm$MH/0x0000000126040400
[PROCESS OUT] 	at java.base/java.lang.Class.forName0(Native Method)
[PROCESS OUT] 	at java.base/java.lang.Class.forName(Class.java:467)
[PROCESS OUT] 	at java.base/java.lang.Class.forName(Class.java:458)
[PROCESS OUT] 	at ca.concordia.ptidej.spectra.Profile.MonitoringHandler.extractStats(MonitoringHandler.java:235)
[PROCESS OUT] 	at ca.concordia.ptidej.spectra.Profile.MonitoringHandler.run(MonitoringHandler.java:92)
[PROCESS OUT] 	at java.base/java.lang.Thread.run(Thread.java:1474)
[PROCESS OUT] ...........util.lang.ConcreteReceiverGuard reports a runtime deprecation: calling method "padl.kernel.impl.CodeLevelModel.create()" from class "pom.test.classfile.general.TestUnaryMetrics"
[PROCESS OUT] Please use the methods in "padl.generator.helper.ModelGenerator" to obtain code-level models.
[PROCESS OUT] 23:41:15.167 [JoularJX Agent Thread] ERROR util.io.LoggerWriter - Cannot find called method!
[PROCESS OUT] 23:41:15.167 [JoularJX Agent Thread] ERROR util.io.LoggerWriter - 
[PROCESS OUT] 
[PROCESS OUT] Cannot find called method!
[PROCESS OUT] 23:41:15.167 [JoularJX Agent Thread] ERROR util.io.LoggerWriter - 	
[PROCESS OUT] 23:41:15.167 [JoularJX Agent Thread] ERROR util.io.LoggerWriter - Method name   :
[PROCESS OUT] 	Method name   :class$(java.lang.String)
[PROCESS OUT] 23:41:15.167 [JoularJX Agent Thread] ERROR util.io.LoggerWriter - 	
[PROCESS OUT] 23:41:15.167 [JoularJX Agent Thread] ERROR util.io.LoggerWriter - Return type   :
[PROCESS OUT] 	Return type   :java.lang.Class
[PROCESS OUT] 23:41:15.167 [JoularJX Agent Thread] ERROR util.io.LoggerWriter - 	
[PROCESS OUT] 23:41:15.167 [JoularJX Agent Thread] ERROR util.io.LoggerWriter - Declaring type: 
[PROCESS OUT] 23:41:15.168 [JoularJX Agent Thread] ERROR util.io.LoggerWriter - ClassLoader
[PROCESS OUT] 23:41:15.168 [JoularJX Agent Thread] ERROR util.io.LoggerWriter - 
[PROCESS OUT] 
[PROCESS OUT] 	Declaring type: ClassLoader
[PROCESS OUT] 23:41:15.168 [JoularJX Agent Thread] ERROR util.io.LoggerWriter - Missing called method can happen if there is a compile error: a method is called but undefined in the class of the instance on which it is called.
[PROCESS OUT] 23:41:15.168 [JoularJX Agent Thread] ERROR util.io.LoggerWriter - 
[PROCESS OUT] 
[PROCESS OUT] Missing called method can happen if there is a compile error: a method is called but undefined in the class of the instance on which it is called.
[PROCESS OUT] 23:41:15.186 [JoularJX Agent Thread] ERROR util.io.LoggerWriter - Cannot find called method!
[PROCESS OUT] 23:41:15.186 [JoularJX Agent Thread] ERROR util.io.LoggerWriter - 
[PROCESS OUT] 
[PROCESS OUT] Cannot find called method!
[PROCESS OUT] 23:41:15.186 [JoularJX Agent Thread] ERROR util.io.LoggerWriter - 	
[PROCESS OUT] 23:41:15.186 [JoularJX Agent Thread] ERROR util.io.LoggerWriter - Method name   :
[PROCESS OUT] 	Method name   :access$0(java.lang.ClassLoader$NativeLibrary)
[PROCESS OUT] 23:41:15.186 [JoularJX Agent Thread] ERROR util.io.LoggerWriter - 	
[PROCESS OUT] 23:41:15.187 [JoularJX Agent Thread] ERROR util.io.LoggerWriter - Return type   :
[PROCESS OUT] 	Return type   :java.lang.Class
[PROCESS OUT] 23:41:15.187 [JoularJX Agent Thread] ERROR util.io.LoggerWriter - 	
[PROCESS OUT] 23:41:15.187 [JoularJX Agent Thread] ERROR util.io.LoggerWriter - Declaring type: 
[PROCESS OUT] 23:41:15.187 [JoularJX Agent Thread] ERROR util.io.LoggerWriter - NativeLibrary
[PROCESS OUT] 23:41:15.187 [JoularJX Agent Thread] ERROR util.io.LoggerWriter - 
[PROCESS OUT] 
[PROCESS OUT] 	Declaring type: NativeLibrary
[PROCESS OUT] 23:41:15.187 [JoularJX Agent Thread] ERROR util.io.LoggerWriter - Missing called method can happen if there is a compile error: a method is called but undefined in the class of the instance on which it is called.
[PROCESS OUT] 23:41:15.187 [JoularJX Agent Thread] ERROR util.io.LoggerWriter - 
[PROCESS OUT] 
[PROCESS OUT] Missing called method can happen if there is a compile error: a method is called but undefined in the class of the instance on which it is called.
[PROCESS OUT] 23:41:15.188 [JoularJX Agent Thread] ERROR util.io.LoggerWriter - Cannot find called method!
[PROCESS OUT] 23:41:15.189 [JoularJX Agent Thread] ERROR util.io.LoggerWriter - 
[PROCESS OUT] 
[PROCESS OUT] Cannot find called method!
[PROCESS OUT] 23:41:15.189 [JoularJX Agent Thread] ERROR util.io.LoggerWriter - 	
[PROCESS OUT] 23:41:15.189 [JoularJX Agent Thread] ERROR util.io.LoggerWriter - Method name   :
[PROCESS OUT] 	Method name   :access$0()
[PROCESS OUT] 23:41:15.189 [JoularJX Agent Thread] ERROR util.io.LoggerWriter - 	
[PROCESS OUT] 23:41:15.189 [JoularJX Agent Thread] ERROR util.io.LoggerWriter - Return type   :
[PROCESS OUT] 	Return type   :java.util.Vector
[PROCESS OUT] 23:41:15.189 [JoularJX Agent Thread] ERROR util.io.LoggerWriter - 	
[PROCESS OUT] 23:41:15.189 [JoularJX Agent Thread] ERROR util.io.LoggerWriter - Declaring type: 
[PROCESS OUT] 23:41:15.189 [JoularJX Agent Thread] ERROR util.io.LoggerWriter - ClassLoader
[PROCESS OUT] 23:41:15.189 [JoularJX Agent Thread] ERROR util.io.LoggerWriter - 
[PROCESS OUT] 
[PROCESS OUT] 	Declaring type: ClassLoader
[PROCESS OUT] 23:41:15.189 [JoularJX Agent Thread] ERROR util.io.LoggerWriter - Missing called method can happen if there is a compile error: a method is called but undefined in the class of the instance on which it is called.
[PROCESS OUT] 23:41:15.189 [JoularJX Agent Thread] ERROR util.io.LoggerWriter - 
[PROCESS OUT] 
[PROCESS OUT] Missing called method can happen if there is a compile error: a method is called but undefined in the class of the instance on which it is called.
[PROCESS OUT] 23:41:15.190 [JoularJX Agent Thread] ERROR util.io.LoggerWriter - Cannot find called method!
[PROCESS OUT] 23:41:15.190 [JoularJX Agent Thread] ERROR util.io.LoggerWriter - 
[PROCESS OUT] 
[PROCESS OUT] Cannot find called method!
[PROCESS OUT] 23:41:15.190 [JoularJX Agent Thread] ERROR util.io.LoggerWriter - 	
[PROCESS OUT] 23:41:15.190 [JoularJX Agent Thread] ERROR util.io.LoggerWriter - Method name   :
[PROCESS OUT] 	Method name   :access$0()
[PROCESS OUT] 23:41:15.190 [JoularJX Agent Thread] ERROR util.io.LoggerWriter - 	
[PROCESS OUT] 23:41:15.190 [JoularJX Agent Thread] ERROR util.io.LoggerWriter - Return type   :
[PROCESS OUT] 	Return type   :java.util.Vector
[PROCESS OUT] 23:41:15.190 [JoularJX Agent Thread] ERROR util.io.LoggerWriter - 	
[PROCESS OUT] 23:41:15.190 [JoularJX Agent Thread] ERROR util.io.LoggerWriter - Declaring type: 
[PROCESS OUT] 23:41:15.190 [JoularJX Agent Thread] ERROR util.io.LoggerWriter - ClassLoader
[PROCESS OUT] 23:41:15.190 [JoularJX Agent Thread] ERROR util.io.LoggerWriter - 
[PROCESS OUT] 
[PROCESS OUT] 	Declaring type: ClassLoader
[PROCESS OUT] 23:41:15.190 [JoularJX Agent Thread] ERROR util.io.LoggerWriter - Missing called method can happen if there is a compile error: a method is called but undefined in the class of the instance on which it is called.
[PROCESS OUT] 23:41:15.190 [JoularJX Agent Thread] ERROR util.io.LoggerWriter - 
[PROCESS OUT] 
[PROCESS OUT] Missing called method can happen if there is a compile error: a method is called but undefined in the class of the instance on which it is called.
[PROCESS OUT] 23:41:15.191 [JoularJX Agent Thread] ERROR util.io.LoggerWriter - Cannot find called method!
[PROCESS OUT] 23:41:15.191 [JoularJX Agent Thread] ERROR util.io.LoggerWriter - 
[PROCESS OUT] 
[PROCESS OUT] Cannot find called method!
[PROCESS OUT] 23:41:15.191 [JoularJX Agent Thread] ERROR util.io.LoggerWriter - 	
[PROCESS OUT] 23:41:15.191 [JoularJX Agent Thread] ERROR util.io.LoggerWriter - Method name   :
[PROCESS OUT] 	Method name   :access$0()
[PROCESS OUT] 23:41:15.191 [JoularJX Agent Thread] ERROR util.io.LoggerWriter - 	
[PROCESS OUT] 23:41:15.191 [JoularJX Agent Thread] ERROR util.io.LoggerWriter - Return type   :
[PROCESS OUT] 	Return type   :java.util.Vector
[PROCESS OUT] 23:41:15.191 [JoularJX Agent Thread] ERROR util.io.LoggerWriter - 	
[PROCESS OUT] 23:41:15.191 [JoularJX Agent Thread] ERROR util.io.LoggerWriter - Declaring type: 
[PROCESS OUT] 23:41:15.192 [JoularJX Agent Thread] ERROR util.io.LoggerWriter - ClassLoader
[PROCESS OUT] 23:41:15.192 [JoularJX Agent Thread] ERROR util.io.LoggerWriter - 
[PROCESS OUT] 
[PROCESS OUT] 	Declaring type: ClassLoader
[PROCESS OUT] 23:41:15.192 [JoularJX Agent Thread] ERROR util.io.LoggerWriter - Missing called method can happen if there is a compile error: a method is called but undefined in the class of the instance on which it is called.
[PROCESS OUT] 23:41:15.192 [JoularJX Agent Thread] ERROR util.io.LoggerWriter - 
[PROCESS OUT] 
[PROCESS OUT] Missing called method can happen if there is a compile error: a method is called but undefined in the class of the instance on which it is called.
[PROCESS OUT] 23:41:15.193 [JoularJX Agent Thread] ERROR util.io.LoggerWriter - Cannot find called method!
[PROCESS OUT] 23:41:15.193 [JoularJX Agent Thread] ERROR util.io.LoggerWriter - 
[PROCESS OUT] 
[PROCESS OUT] Cannot find called method!
[PROCESS OUT] 23:41:15.193 [JoularJX Agent Thread] ERROR util.io.LoggerWriter - 	
[PROCESS OUT] 23:41:15.193 [JoularJX Agent Thread] ERROR util.io.LoggerWriter - Method name   :
[PROCESS OUT] 	Method name   :access$0()
[PROCESS OUT] 23:41:15.193 [JoularJX Agent Thread] ERROR util.io.LoggerWriter - 	
[PROCESS OUT] 23:41:15.193 [JoularJX Agent Thread] ERROR util.io.LoggerWriter - Return type   :
[PROCESS OUT] 	Return type   :java.util.Vector
[PROCESS OUT] 23:41:15.194 [JoularJX Agent Thread] ERROR util.io.LoggerWriter - 	
[PROCESS OUT] 23:41:15.194 [JoularJX Agent Thread] ERROR util.io.LoggerWriter - Declaring type: 
[PROCESS OUT] 23:41:15.194 [JoularJX Agent Thread] ERROR util.io.LoggerWriter - ClassLoader
[PROCESS OUT] 23:41:15.194 [JoularJX Agent Thread] ERROR util.io.LoggerWriter - 
[PROCESS OUT] 
[PROCESS OUT] 	Declaring type: ClassLoader
[PROCESS OUT] 23:41:15.194 [JoularJX Agent Thread] ERROR util.io.LoggerWriter - Missing called method can happen if there is a compile error: a method is called but undefined in the class of the instance on which it is called.
[PROCESS OUT] 23:41:15.194 [JoularJX Agent Thread] ERROR util.io.LoggerWriter - 
[PROCESS OUT] 
[PROCESS OUT] Missing called method can happen if there is a compile error: a method is called but undefined in the class of the instance on which it is called.
[PROCESS OUT] 23:41:15.195 [JoularJX Agent Thread] ERROR util.io.LoggerWriter - Cannot find called method!
[PROCESS OUT] 23:41:15.195 [JoularJX Agent Thread] ERROR util.io.LoggerWriter - 
[PROCESS OUT] 
[PROCESS OUT] Cannot find called method!
[PROCESS OUT] 23:41:15.195 [JoularJX Agent Thread] ERROR util.io.LoggerWriter - 	
[PROCESS OUT] 23:41:15.195 [JoularJX Agent Thread] ERROR util.io.LoggerWriter - Method name   :
[PROCESS OUT] 	Method name   :access$1()
[PROCESS OUT] 23:41:15.195 [JoularJX Agent Thread] ERROR util.io.LoggerWriter - 	
[PROCESS OUT] 23:41:15.196 [JoularJX Agent Thread] ERROR util.io.LoggerWriter - Return type   :
[PROCESS OUT] 	Return type   :java.util.Stack
[PROCESS OUT] 23:41:15.196 [JoularJX Agent Thread] ERROR util.io.LoggerWriter - 	
[PROCESS OUT] 23:41:15.196 [JoularJX Agent Thread] ERROR util.io.LoggerWriter - Declaring type: 
[PROCESS OUT] 23:41:15.196 [JoularJX Agent Thread] ERROR util.io.LoggerWriter - ClassLoader
[PROCESS OUT] 23:41:15.196 [JoularJX Agent Thread] ERROR util.io.LoggerWriter - 
[PROCESS OUT] 
[PROCESS OUT] 	Declaring type: ClassLoader
[PROCESS OUT] 23:41:15.196 [JoularJX Agent Thread] ERROR util.io.LoggerWriter - Missing called method can happen if there is a compile error: a method is called but undefined in the class of the instance on which it is called.
[PROCESS OUT] 23:41:15.196 [JoularJX Agent Thread] ERROR util.io.LoggerWriter - 
[PROCESS OUT] 
[PROCESS OUT] Missing called method can happen if there is a compile error: a method is called but undefined in the class of the instance on which it is called.
[PROCESS OUT] 23:41:15.197 [JoularJX Agent Thread] ERROR util.io.LoggerWriter - Cannot find called method!
[PROCESS OUT] 23:41:15.197 [JoularJX Agent Thread] ERROR util.io.LoggerWriter - 
[PROCESS OUT] 
[PROCESS OUT] Cannot find called method!
[PROCESS OUT] 23:41:15.197 [JoularJX Agent Thread] ERROR util.io.LoggerWriter - 	
[PROCESS OUT] 23:41:15.197 [JoularJX Agent Thread] ERROR util.io.LoggerWriter - Method name   :
[PROCESS OUT] 	Method name   :access$1()
[PROCESS OUT] 23:41:15.197 [JoularJX Agent Thread] ERROR util.io.LoggerWriter - 	
[PROCESS OUT] 23:41:15.197 [JoularJX Agent Thread] ERROR util.io.LoggerWriter - Return type   :
[PROCESS OUT] 	Return type   :java.util.Stack
[PROCESS OUT] 23:41:15.197 [JoularJX Agent Thread] ERROR util.io.LoggerWriter - 	
[PROCESS OUT] 23:41:15.197 [JoularJX Agent Thread] ERROR util.io.LoggerWriter - Declaring type: 
[PROCESS OUT] 23:41:15.197 [JoularJX Agent Thread] ERROR util.io.LoggerWriter - ClassLoader
[PROCESS OUT] 23:41:15.197 [JoularJX Agent Thread] ERROR util.io.LoggerWriter - 
[PROCESS OUT] 
[PROCESS OUT] 	Declaring type: ClassLoader
[PROCESS OUT] 23:41:15.197 [JoularJX Agent Thread] ERROR util.io.LoggerWriter - Missing called method can happen if there is a compile error: a method is called but undefined in the class of the instance on which it is called.
[PROCESS OUT] 23:41:15.197 [JoularJX Agent Thread] ERROR util.io.LoggerWriter - 
[PROCESS OUT] 
[PROCESS OUT] Missing called method can happen if there is a compile error: a method is called but undefined in the class of the instance on which it is called.
[PROCESS OUT] 23:41:15.198 [JoularJX Agent Thread] ERROR util.io.LoggerWriter - Cannot find called method!
[PROCESS OUT] 23:41:15.198 [JoularJX Agent Thread] ERROR util.io.LoggerWriter - 
[PROCESS OUT] 
[PROCESS OUT] Cannot find called method!
[PROCESS OUT] 23:41:15.198 [JoularJX Agent Thread] ERROR util.io.LoggerWriter - 	
[PROCESS OUT] 23:41:15.198 [JoularJX Agent Thread] ERROR util.io.LoggerWriter - Method name   :
[PROCESS OUT] 	Method name   :access$1()
[PROCESS OUT] 23:41:15.198 [JoularJX Agent Thread] ERROR util.io.LoggerWriter - 	
[PROCESS OUT] 23:41:15.198 [JoularJX Agent Thread] ERROR util.io.LoggerWriter - Return type   :
[PROCESS OUT] 	Return type   :java.util.Stack
[PROCESS OUT] 23:41:15.198 [JoularJX Agent Thread] ERROR util.io.LoggerWriter - 	
[PROCESS OUT] 23:41:15.198 [JoularJX Agent Thread] ERROR util.io.LoggerWriter - Declaring type: 
[PROCESS OUT] 23:41:15.199 [JoularJX Agent Thread] ERROR util.io.LoggerWriter - ClassLoader
[PROCESS OUT] 23:41:15.199 [JoularJX Agent Thread] ERROR util.io.LoggerWriter - 
[PROCESS OUT] 
[PROCESS OUT] 	Declaring type: ClassLoader
[PROCESS OUT] 23:41:15.199 [JoularJX Agent Thread] ERROR util.io.LoggerWriter - Missing called method can happen if there is a compile error: a method is called but undefined in the class of the instance on which it is called.
[PROCESS OUT] 23:41:15.199 [JoularJX Agent Thread] ERROR util.io.LoggerWriter - 
[PROCESS OUT] 
[PROCESS OUT] Missing called method can happen if there is a compile error: a method is called but undefined in the class of the instance on which it is called.
[PROCESS OUT] 23:41:15.234 [JoularJX Agent Thread] ERROR util.io.LoggerWriter - Cannot find called method!
[PROCESS OUT] 23:41:15.234 [JoularJX Agent Thread] ERROR util.io.LoggerWriter - 
[PROCESS OUT] 
[PROCESS OUT] Cannot find called method!
[PROCESS OUT] 23:41:15.234 [JoularJX Agent Thread] ERROR util.io.LoggerWriter - 	
[PROCESS OUT] 23:41:15.235 [JoularJX Agent Thread] ERROR util.io.LoggerWriter - Method name   :
[PROCESS OUT] 	Method name   :class$(java.lang.String)
[PROCESS OUT] 23:41:15.235 [JoularJX Agent Thread] ERROR util.io.LoggerWriter - 	
[PROCESS OUT] 23:41:15.235 [JoularJX Agent Thread] ERROR util.io.LoggerWriter - Return type   :
[PROCESS OUT] 	Return type   :java.lang.Class
[PROCESS OUT] 23:41:15.235 [JoularJX Agent Thread] ERROR util.io.LoggerWriter - 	
[PROCESS OUT] 23:41:15.235 [JoularJX Agent Thread] ERROR util.io.LoggerWriter - Declaring type: 
[PROCESS OUT] 23:41:15.235 [JoularJX Agent Thread] ERROR util.io.LoggerWriter - SecurityManager
[PROCESS OUT] 23:41:15.235 [JoularJX Agent Thread] ERROR util.io.LoggerWriter - 
[PROCESS OUT] 
[PROCESS OUT] 	Declaring type: SecurityManager
[PROCESS OUT] 23:41:15.235 [JoularJX Agent Thread] ERROR util.io.LoggerWriter - Missing called method can happen if there is a compile error: a method is called but undefined in the class of the instance on which it is called.
[PROCESS OUT] 23:41:15.235 [JoularJX Agent Thread] ERROR util.io.LoggerWriter - 
[PROCESS OUT] 
[PROCESS OUT] Missing called method can happen if there is a compile error: a method is called but undefined in the class of the instance on which it is called.
[PROCESS OUT] 23:41:15.272 [JoularJX Agent Thread] ERROR util.io.LoggerWriter - Cannot find called method!
[PROCESS OUT] 23:41:15.272 [JoularJX Agent Thread] ERROR util.io.LoggerWriter - 
[PROCESS OUT] 
[PROCESS OUT] Cannot find called method!
[PROCESS OUT] 23:41:15.272 [JoularJX Agent Thread] ERROR util.io.LoggerWriter - 	
[PROCESS OUT] 23:41:15.272 [JoularJX Agent Thread] ERROR util.io.LoggerWriter - Method name   :
[PROCESS OUT] 	Method name   :<init>(java.lang.ThreadLocal$1, java.lang.ThreadLocal$ThreadLocalMap)
[PROCESS OUT] 23:41:15.272 [JoularJX Agent Thread] ERROR util.io.LoggerWriter - 	
[PROCESS OUT] 23:41:15.272 [JoularJX Agent Thread] ERROR util.io.LoggerWriter - Return type   :
[PROCESS OUT] 	Return type   :void
[PROCESS OUT] 23:41:15.272 [JoularJX Agent Thread] ERROR util.io.LoggerWriter - 	
[PROCESS OUT] 23:41:15.273 [JoularJX Agent Thread] ERROR util.io.LoggerWriter - Declaring type: 
[PROCESS OUT] 23:41:15.273 [JoularJX Agent Thread] ERROR util.io.LoggerWriter - ThreadLocalMap
[PROCESS OUT] 23:41:15.273 [JoularJX Agent Thread] ERROR util.io.LoggerWriter - 
[PROCESS OUT] 
[PROCESS OUT] 	Declaring type: ThreadLocalMap
[PROCESS OUT] 23:41:15.273 [JoularJX Agent Thread] ERROR util.io.LoggerWriter - Missing called method can happen if there is a compile error: a method is called but undefined in the class of the instance on which it is called.
[PROCESS OUT] 23:41:15.273 [JoularJX Agent Thread] ERROR util.io.LoggerWriter - 
[PROCESS OUT] 
[PROCESS OUT] Missing called method can happen if there is a compile error: a method is called but undefined in the class of the instance on which it is called.
[PROCESS OUT] 23:41:15.273 [JoularJX Agent Thread] ERROR util.io.LoggerWriter - Cannot find called method!
[PROCESS OUT] 23:41:15.273 [JoularJX Agent Thread] ERROR util.io.LoggerWriter - 
[PROCESS OUT] 
[PROCESS OUT] Cannot find called method!
[PROCESS OUT] 23:41:15.273 [JoularJX Agent Thread] ERROR util.io.LoggerWriter - 	
[PROCESS OUT] 23:41:15.274 [JoularJX Agent Thread] ERROR util.io.LoggerWriter - Method name   :
[PROCESS OUT] 	Method name   :access$0(java.lang.ThreadLocal$ThreadLocalMap, java.lang.ThreadLocal)
[PROCESS OUT] 23:41:15.274 [JoularJX Agent Thread] ERROR util.io.LoggerWriter - 	
[PROCESS OUT] 23:41:15.274 [JoularJX Agent Thread] ERROR util.io.LoggerWriter - Return type   :
[PROCESS OUT] 	Return type   :java.lang.Object
[PROCESS OUT] 23:41:15.274 [JoularJX Agent Thread] ERROR util.io.LoggerWriter - 	
[PROCESS OUT] 23:41:15.274 [JoularJX Agent Thread] ERROR util.io.LoggerWriter - Declaring type: 
[PROCESS OUT] 23:41:15.274 [JoularJX Agent Thread] ERROR util.io.LoggerWriter - ThreadLocalMap
[PROCESS OUT] 23:41:15.274 [JoularJX Agent Thread] ERROR util.io.LoggerWriter - 
[PROCESS OUT] 
[PROCESS OUT] 	Declaring type: ThreadLocalMap
[PROCESS OUT] 23:41:15.274 [JoularJX Agent Thread] ERROR util.io.LoggerWriter - Missing called method can happen if there is a compile error: a method is called but undefined in the class of the instance on which it is called.
[PROCESS OUT] 23:41:15.274 [JoularJX Agent Thread] ERROR util.io.LoggerWriter - 
[PROCESS OUT] 
[PROCESS OUT] Missing called method can happen if there is a compile error: a method is called but undefined in the class of the instance on which it is called.
[PROCESS OUT] 23:41:15.274 [JoularJX Agent Thread] ERROR util.io.LoggerWriter - Cannot find called method!
[PROCESS OUT] 23:41:15.274 [JoularJX Agent Thread] ERROR util.io.LoggerWriter - 
[PROCESS OUT] 
[PROCESS OUT] Cannot find called method!
[PROCESS OUT] 23:41:15.274 [JoularJX Agent Thread] ERROR util.io.LoggerWriter - 	
[PROCESS OUT] 23:41:15.275 [JoularJX Agent Thread] ERROR util.io.LoggerWriter - Method name   :
[PROCESS OUT] 	Method name   :access$1(java.lang.ThreadLocal$ThreadLocalMap, java.lang.ThreadLocal, java.lang.Object)
[PROCESS OUT] 23:41:15.275 [JoularJX Agent Thread] ERROR util.io.LoggerWriter - 	
[PROCESS OUT] 23:41:15.275 [JoularJX Agent Thread] ERROR util.io.LoggerWriter - Return type   :
[PROCESS OUT] 	Return type   :void
[PROCESS OUT] 23:41:15.275 [JoularJX Agent Thread] ERROR util.io.LoggerWriter - 	
[PROCESS OUT] 23:41:15.275 [JoularJX Agent Thread] ERROR util.io.LoggerWriter - Declaring type: 
[PROCESS OUT] 23:41:15.275 [JoularJX Agent Thread] ERROR util.io.LoggerWriter - ThreadLocalMap
[PROCESS OUT] 23:41:15.275 [JoularJX Agent Thread] ERROR util.io.LoggerWriter - 
[PROCESS OUT] 
[PROCESS OUT] 	Declaring type: ThreadLocalMap
[PROCESS OUT] 23:41:15.275 [JoularJX Agent Thread] ERROR util.io.LoggerWriter - Missing called method can happen if there is a compile error: a method is called but undefined in the class of the instance on which it is called.
[PROCESS OUT] 23:41:15.275 [JoularJX Agent Thread] ERROR util.io.LoggerWriter - 
[PROCESS OUT] 
[PROCESS OUT] Missing called method can happen if there is a compile error: a method is called but undefined in the class of the instance on which it is called.
[PROCESS OUT] 23:41:15.280 [JoularJX Agent Thread] ERROR util.io.LoggerWriter - Cannot find called method!
[PROCESS OUT] 23:41:15.280 [JoularJX Agent Thread] ERROR util.io.LoggerWriter - 
[PROCESS OUT] 
[PROCESS OUT] Cannot find called method!
[PROCESS OUT] 23:41:15.280 [JoularJX Agent Thread] ERROR util.io.LoggerWriter - 	
[PROCESS OUT] 23:41:15.280 [JoularJX Agent Thread] ERROR util.io.LoggerWriter - Method name   :
[PROCESS OUT] 	Method name   :access$0(java.lang.ThreadLocal)
[PROCESS OUT] 23:41:15.280 [JoularJX Agent Thread] ERROR util.io.LoggerWriter - 	
[PROCESS OUT] 23:41:15.280 [JoularJX Agent Thread] ERROR util.io.LoggerWriter - Return type   :
[PROCESS OUT] 	Return type   :int
[PROCESS OUT] 23:41:15.280 [JoularJX Agent Thread] ERROR util.io.LoggerWriter - 	
[PROCESS OUT] 23:41:15.280 [JoularJX Agent Thread] ERROR util.io.LoggerWriter - Declaring type: 
[PROCESS OUT] 23:41:15.280 [JoularJX Agent Thread] ERROR util.io.LoggerWriter - ThreadLocal
[PROCESS OUT] 23:41:15.280 [JoularJX Agent Thread] ERROR util.io.LoggerWriter - 
[PROCESS OUT] 
[PROCESS OUT] 	Declaring type: ThreadLocal
[PROCESS OUT] 23:41:15.280 [JoularJX Agent Thread] ERROR util.io.LoggerWriter - Missing called method can happen if there is a compile error: a method is called but undefined in the class of the instance on which it is called.
[PROCESS OUT] 23:41:15.280 [JoularJX Agent Thread] ERROR util.io.LoggerWriter - 
[PROCESS OUT] 
[PROCESS OUT] Missing called method can happen if there is a compile error: a method is called but undefined in the class of the instance on which it is called.
[PROCESS OUT] 23:41:15.281 [JoularJX Agent Thread] ERROR util.io.LoggerWriter - Cannot find called method!
[PROCESS OUT] 23:41:15.281 [JoularJX Agent Thread] ERROR util.io.LoggerWriter - 
[PROCESS OUT] 
[PROCESS OUT] Cannot find called method!
[PROCESS OUT] 23:41:15.281 [JoularJX Agent Thread] ERROR util.io.LoggerWriter - 	
[PROCESS OUT] 23:41:15.281 [JoularJX Agent Thread] ERROR util.io.LoggerWriter - Method name   :
[PROCESS OUT] 	Method name   :access$0(java.lang.ThreadLocal)
[PROCESS OUT] 23:41:15.281 [JoularJX Agent Thread] ERROR util.io.LoggerWriter - 	
[PROCESS OUT] 23:41:15.282 [JoularJX Agent Thread] ERROR util.io.LoggerWriter - Return type   :
[PROCESS OUT] 	Return type   :int
[PROCESS OUT] 23:41:15.282 [JoularJX Agent Thread] ERROR util.io.LoggerWriter - 	
[PROCESS OUT] 23:41:15.282 [JoularJX Agent Thread] ERROR util.io.LoggerWriter - Declaring type: 
[PROCESS OUT] 23:41:15.282 [JoularJX Agent Thread] ERROR util.io.LoggerWriter - ThreadLocal
[PROCESS OUT] 23:41:15.282 [JoularJX Agent Thread] ERROR util.io.LoggerWriter - 
[PROCESS OUT] 
[PROCESS OUT] 	Declaring type: ThreadLocal
[PROCESS OUT] 23:41:15.282 [JoularJX Agent Thread] ERROR util.io.LoggerWriter - Missing called method can happen if there is a compile error: a method is called but undefined in the class of the instance on which it is called.
[PROCESS OUT] 23:41:15.282 [JoularJX Agent Thread] ERROR util.io.LoggerWriter - 
[PROCESS OUT] 
[PROCESS OUT] Missing called method can happen if there is a compile error: a method is called but undefined in the class of the instance on which it is called.
[PROCESS OUT] 23:41:15.284 [JoularJX Agent Thread] ERROR util.io.LoggerWriter - Cannot find called method!
[PROCESS OUT] 23:41:15.284 [JoularJX Agent Thread] ERROR util.io.LoggerWriter - 
[PROCESS OUT] 
[PROCESS OUT] Cannot find called method!
[PROCESS OUT] 23:41:15.284 [JoularJX Agent Thread] ERROR util.io.LoggerWriter - 	
[PROCESS OUT] 23:41:15.284 [JoularJX Agent Thread] ERROR util.io.LoggerWriter - Method name   :
[PROCESS OUT] 	Method name   :access$0(java.lang.ThreadLocal)
[PROCESS OUT] 23:41:15.284 [JoularJX Agent Thread] ERROR util.io.LoggerWriter - 	
[PROCESS OUT] 23:41:15.284 [JoularJX Agent Thread] ERROR util.io.LoggerWriter - Return type   :
[PROCESS OUT] 	Return type   :int
[PROCESS OUT] 23:41:15.285 [JoularJX Agent Thread] ERROR util.io.LoggerWriter - 	
[PROCESS OUT] 23:41:15.285 [JoularJX Agent Thread] ERROR util.io.LoggerWriter - Declaring type: 
[PROCESS OUT] 23:41:15.285 [JoularJX Agent Thread] ERROR util.io.LoggerWriter - ThreadLocal
[PROCESS OUT] 23:41:15.285 [JoularJX Agent Thread] ERROR util.io.LoggerWriter - 
[PROCESS OUT] 
[PROCESS OUT] 	Declaring type: ThreadLocal
[PROCESS OUT] 23:41:15.285 [JoularJX Agent Thread] ERROR util.io.LoggerWriter - Missing called method can happen if there is a compile error: a method is called but undefined in the class of the instance on which it is called.
[PROCESS OUT] 23:41:15.285 [JoularJX Agent Thread] ERROR util.io.LoggerWriter - 
[PROCESS OUT] 
[PROCESS OUT] Missing called method can happen if there is a compile error: a method is called but undefined in the class of the instance on which it is called.
[PROCESS OUT] 23:41:15.286 [JoularJX Agent Thread] ERROR util.io.LoggerWriter - Cannot find called method!
[PROCESS OUT] 23:41:15.286 [JoularJX Agent Thread] ERROR util.io.LoggerWriter - 
[PROCESS OUT] 
[PROCESS OUT] Cannot find called method!
[PROCESS OUT] 23:41:15.286 [JoularJX Agent Thread] ERROR util.io.LoggerWriter - 	
[PROCESS OUT] 23:41:15.286 [JoularJX Agent Thread] ERROR util.io.LoggerWriter - Method name   :
[PROCESS OUT] 	Method name   :access$0(java.lang.ThreadLocal)
[PROCESS OUT] 23:41:15.286 [JoularJX Agent Thread] ERROR util.io.LoggerWriter - 	
[PROCESS OUT] 23:41:15.286 [JoularJX Agent Thread] ERROR util.io.LoggerWriter - Return type   :
[PROCESS OUT] 	Return type   :int
[PROCESS OUT] 23:41:15.287 [JoularJX Agent Thread] ERROR util.io.LoggerWriter - 	
[PROCESS OUT] 23:41:15.287 [JoularJX Agent Thread] ERROR util.io.LoggerWriter - Declaring type: 
[PROCESS OUT] 23:41:15.287 [JoularJX Agent Thread] ERROR util.io.LoggerWriter - ThreadLocal
[PROCESS OUT] 23:41:15.287 [JoularJX Agent Thread] ERROR util.io.LoggerWriter - 
[PROCESS OUT] 
[PROCESS OUT] 	Declaring type: ThreadLocal
[PROCESS OUT] 23:41:15.287 [JoularJX Agent Thread] ERROR util.io.LoggerWriter - Missing called method can happen if there is a compile error: a method is called but undefined in the class of the instance on which it is called.
[PROCESS OUT] 23:41:15.287 [JoularJX Agent Thread] ERROR util.io.LoggerWriter - 
[PROCESS OUT] 
[PROCESS OUT] Missing called method can happen if there is a compile error: a method is called but undefined in the class of the instance on which it is called.
[PROCESS OUT] 23:41:15.291 [JoularJX Agent Thread] ERROR util.io.LoggerWriter - Cannot find called method!
[PROCESS OUT] 23:41:15.291 [JoularJX Agent Thread] ERROR util.io.LoggerWriter - 
[PROCESS OUT] 
[PROCESS OUT] Cannot find called method!
[PROCESS OUT] 23:41:15.291 [JoularJX Agent Thread] ERROR util.io.LoggerWriter - 	
[PROCESS OUT] 23:41:15.291 [JoularJX Agent Thread] ERROR util.io.LoggerWriter - Method name   :
[PROCESS OUT] 	Method name   :access$0(java.lang.ThreadLocal)
[PROCESS OUT] 23:41:15.291 [JoularJX Agent Thread] ERROR util.io.LoggerWriter - 	
[PROCESS OUT] 23:41:15.291 [JoularJX Agent Thread] ERROR util.io.LoggerWriter - Return type   :
[PROCESS OUT] 	Return type   :int
[PROCESS OUT] 23:41:15.291 [JoularJX Agent Thread] ERROR util.io.LoggerWriter - 	
[PROCESS OUT] 23:41:15.291 [JoularJX Agent Thread] ERROR util.io.LoggerWriter - Declaring type: 
[PROCESS OUT] 23:41:15.292 [JoularJX Agent Thread] ERROR util.io.LoggerWriter - ThreadLocal
[PROCESS OUT] 23:41:15.292 [JoularJX Agent Thread] ERROR util.io.LoggerWriter - 
[PROCESS OUT] 
[PROCESS OUT] 	Declaring type: ThreadLocal
[PROCESS OUT] 23:41:15.292 [JoularJX Agent Thread] ERROR util.io.LoggerWriter - Missing called method can happen if there is a compile error: a method is called but undefined in the class of the instance on which it is called.
[PROCESS OUT] 23:41:15.292 [JoularJX Agent Thread] ERROR util.io.LoggerWriter - 
[PROCESS OUT] 
[PROCESS OUT] Missing called method can happen if there is a compile error: a method is called but undefined in the class of the instance on which it is called.
[PROCESS OUT] 23:41:15.293 [JoularJX Agent Thread] ERROR util.io.LoggerWriter - Cannot find called method!
[PROCESS OUT] 23:41:15.293 [JoularJX Agent Thread] ERROR util.io.LoggerWriter - 
[PROCESS OUT] 
[PROCESS OUT] Cannot find called method!
[PROCESS OUT] 23:41:15.293 [JoularJX Agent Thread] ERROR util.io.LoggerWriter - 	
[PROCESS OUT] 23:41:15.294 [JoularJX Agent Thread] ERROR util.io.LoggerWriter - Method name   :
[PROCESS OUT] 	Method name   :access$0(java.lang.ThreadLocal)
[PROCESS OUT] 23:41:15.294 [JoularJX Agent Thread] ERROR util.io.LoggerWriter - 	
[PROCESS OUT] 23:41:15.294 [JoularJX Agent Thread] ERROR util.io.LoggerWriter - Return type   :
[PROCESS OUT] 	Return type   :int
[PROCESS OUT] 23:41:15.294 [JoularJX Agent Thread] ERROR util.io.LoggerWriter - 	
[PROCESS OUT] 23:41:15.295 [JoularJX Agent Thread] ERROR util.io.LoggerWriter - Declaring type: 
[PROCESS OUT] 23:41:15.295 [JoularJX Agent Thread] ERROR util.io.LoggerWriter - ThreadLocal
[PROCESS OUT] 23:41:15.295 [JoularJX Agent Thread] ERROR util.io.LoggerWriter - 
[PROCESS OUT] 
[PROCESS OUT] 	Declaring type: ThreadLocal
[PROCESS OUT] 23:41:15.295 [JoularJX Agent Thread] ERROR util.io.LoggerWriter - Missing called method can happen if there is a compile error: a method is called but undefined in the class of the instance on which it is called.
[PROCESS OUT] 23:41:15.295 [JoularJX Agent Thread] ERROR util.io.LoggerWriter - 
[PROCESS OUT] 
[PROCESS OUT] Missing called method can happen if there is a compile error: a method is called but undefined in the class of the instance on which it is called.
[PROCESS OUT] .....Loading from: ../POM/target/test-classes/Metric Specific for Java/bin/pom/test/rsc/specific/testAID/TestBInterface03.class
[PROCESS OUT] Loading from: ../POM/target/test-classes/Metric Specific for Java/bin/pom/test/rsc/specific/testAID/TestBInterface01.class
[PROCESS OUT] Loading from: ../POM/target/test-classes/Metric Specific for Java/bin/pom/test/rsc/specific/testAID/TestChild00.class
[PROCESS OUT] Loading from: ../POM/target/test-classes/Metric Specific for Java/bin/pom/test/rsc/specific/testAID/TestBInterface02.class
[PROCESS OUT] Loading from: ../POM/target/test-classes/Metric Specific for Java/bin/pom/test/rsc/specific/testAID/TestBChild00.class
[PROCESS OUT] Loading from: ../POM/target/test-classes/Metric Specific for Java/bin/pom/test/rsc/specific/testAID/TestBInterface04.class
[PROCESS OUT] Loading from: ../POM/target/test-classes/Metric Specific for Java/bin/pom/test/rsc/specific/testAID/TestCChild00.class
[PROCESS OUT] Loading from: ../POM/target/test-classes/Metric Specific for Java/bin/pom/test/rsc/specific/testAID/TestAChild00.class
[PROCESS OUT] Loading from: ../POM/target/test-classes/Metric Specific for Java/bin/pom/test/rsc/specific/testAID/TestAParent01.class
[PROCESS OUT] Loading from: ../POM/target/test-classes/Metric Specific for Java/bin/pom/test/rsc/specific/testAID/TestAParent03.class
[PROCESS OUT] Loading from: ../POM/target/test-classes/Metric Specific for Java/bin/pom/test/rsc/specific/testAID/TestAParent04.class
[PROCESS OUT] Loading from: ../POM/target/test-classes/Metric Specific for Java/bin/pom/test/rsc/specific/testAID/TestAParent02.class
[PROCESS OUT] util.lang.ConcreteReceiverGuard reports a runtime deprecation: calling method "padl.kernel.impl.CodeLevelModel.create()" from class "pom.test.classfile.specific.TestAID"
[PROCESS OUT] Please use the methods in "padl.generator.helper.ModelGenerator" to obtain code-level models.
[PROCESS OUT] .........Loading from: ../POM/target/test-classes/Metric Specific for Java/bin/pom/test/rsc/specific/testCBO/TestSingleClass.class
[PROCESS OUT] Loading from: ../POM/target/test-classes/Metric Specific for Java/bin/pom/test/rsc/specific/testCBO/TestAPlaneteLeft.class
[PROCESS OUT] Loading from: ../POM/target/test-classes/Metric Specific for Java/bin/pom/test/rsc/specific/testCBO/TestSingleInterface.class
[PROCESS OUT] Loading from: ../POM/target/test-classes/Metric Specific for Java/bin/pom/test/rsc/specific/testCBO/TestDPlaneteLeft.class
[PROCESS OUT] Loading from: ../POM/target/test-classes/Metric Specific for Java/bin/pom/test/rsc/specific/testCBO/TestDSatelliteLeft.class
[PROCESS OUT] Loading from: ../POM/target/test-classes/Metric Specific for Java/bin/pom/test/rsc/specific/testCBO/TestCPlaneteLeft.class
[PROCESS OUT] Loading from: ../POM/target/test-classes/Metric Specific for Java/bin/pom/test/rsc/specific/testCBO/TestDPlaneteRight.class
[PROCESS OUT] Loading from: ../POM/target/test-classes/Metric Specific for Java/bin/pom/test/rsc/specific/testCBO/TestAPlaneteRight.class
[PROCESS OUT] Loading from: ../POM/target/test-classes/Metric Specific for Java/bin/pom/test/rsc/specific/testCBO/TestBPlaneteLeft.class
[PROCESS OUT] Loading from: ../POM/target/test-classes/Metric Specific for Java/bin/pom/test/rsc/specific/testCBO/TestCPlaneteRight.class
[PROCESS OUT] Loading from: ../POM/target/test-classes/Metric Specific for Java/bin/pom/test/rsc/specific/testCBO/TestDSatelliteRight.class
[PROCESS OUT] Loading from: ../POM/target/test-classes/Metric Specific for Java/bin/pom/test/rsc/specific/testCBO/TestBPlaneteRight.class
[PROCESS OUT] util.lang.ConcreteReceiverGuard reports a runtime deprecation: calling method "padl.kernel.impl.CodeLevelModel.create()" from class "pom.test.classfile.specific.TestCBO"
[PROCESS OUT] Please use the methods in "padl.generator.helper.ModelGenerator" to obtain code-level models.
[PROCESS OUT] .........Loading from: ../POM/target/test-classes/Metric Specific for Java/bin/pom/test/rsc/specific/testDIT/TestBChild01.class
[PROCESS OUT] Loading from: ../POM/target/test-classes/Metric Specific for Java/bin/pom/test/rsc/specific/testDIT/TestSingleClass.class
[PROCESS OUT] Loading from: ../POM/target/test-classes/Metric Specific for Java/bin/pom/test/rsc/specific/testDIT/TestBChild03.class
[PROCESS OUT] Loading from: ../POM/target/test-classes/Metric Specific for Java/bin/pom/test/rsc/specific/testDIT/TestSingleInterface.class
[PROCESS OUT] Loading from: ../POM/target/test-classes/Metric Specific for Java/bin/pom/test/rsc/specific/testDIT/TestBChild02.class
[PROCESS OUT] Loading from: ../POM/target/test-classes/Metric Specific for Java/bin/pom/test/rsc/specific/testDIT/TestAChild02.class
[PROCESS OUT] Loading from: ../POM/target/test-classes/Metric Specific for Java/bin/pom/test/rsc/specific/testDIT/TestBChild11.class
[PROCESS OUT] Loading from: ../POM/target/test-classes/Metric Specific for Java/bin/pom/test/rsc/specific/testDIT/TestBParent00.class
[PROCESS OUT] Loading from: ../POM/target/test-classes/Metric Specific for Java/bin/pom/test/rsc/specific/testDIT/TestAChild01.class
[PROCESS OUT] Loading from: ../POM/target/test-classes/Metric Specific for Java/bin/pom/test/rsc/specific/testDIT/TestAChild03.class
[PROCESS OUT] Loading from: ../POM/target/test-classes/Metric Specific for Java/bin/pom/test/rsc/specific/testDIT/TestAParent00.class
[PROCESS OUT] util.lang.ConcreteReceiverGuard reports a runtime deprecation: calling method "padl.kernel.impl.CodeLevelModel.create()" from class "pom.test.classfile.specific.TestDIT"
[PROCESS OUT] Please use the methods in "padl.generator.helper.ModelGenerator" to obtain code-level models.
[PROCESS OUT] .....Loading class files in: ../POM/target/test-classes/pattern4.jar
[PROCESS OUT] Loading class files in: ../POM/target/test-classes/java.lang.jar
[PROCESS OUT] Loading class files in: ../POM/target/test-classes/Metric Specific for Java/bin/pom/test/rsc/specific/testAID/
[PROCESS OUT] Loading class files in: ../POM/target/test-classes/Metric Specific for Java/bin/pom/test/rsc/specific/testCBO/
[PROCESS OUT] Loading class files in: ../POM/target/test-classes/Metric Specific for Java/bin/pom/test/rsc/specific/testDIT/
[PROCESS OUT] Loading class files in: ../POM/target/test-classesLoading from: ../POM/target/test-classes/Metric Specific for Java/bin/pom/test/rsc/specific/testNMI/TestDParent02.class
[PROCESS OUT] Loading from: ../POM/target/test-classes/Metric Specific for Java/bin/pom/test/rsc/specific/testNMI/TestCParent02.class
[PROCESS OUT] Loading from: ../POM/target/test-classes/Metric Specific for Java/bin/pom/test/rsc/specific/testNMI/TestDParent01.class
[PROCESS OUT] Loading from: ../POM/target/test-classes/Metric Specific for Java/bin/pom/test/rsc/specific/testNMI/TestBChild00.class
[PROCESS OUT] Loading from: ../POM/target/test-classes/Metric Specific for Java/bin/pom/test/rsc/specific/testNMI/TestDParent03.class
[PROCESS OUT] Loading from: ../POM/target/test-classes/Metric Specific for Java/bin/pom/test/rsc/specific/testNMI/TestCParent03.class
[PROCESS OUT] Loading from: ../POM/target/test-classes/Metric Specific for Java/bin/pom/test/rsc/specific/testNMI/TestCChild00.class
[PROCESS OUT] Loading from: ../POM/target/test-classes/Metric Specific for Java/bin/pom/test/rsc/specific/testNMI/TestDChild00.class
[PROCESS OUT] Loading from: ../POM/target/test-classes/Metric Specific for Java/bin/pom/test/rsc/specific/testNMI/TestCParent01.class
[PROCESS OUT] Loading from: ../POM/target/test-classes/Metric Specific for Java/bin/pom/test/rsc/specific/testNMI/TestBParent03.class
[PROCESS OUT] Loading from: ../POM/target/test-classes/Metric Specific for Java/bin/pom/test/rsc/specific/testNMI/TestBParent01.class
[PROCESS OUT] Loading from: ../POM/target/test-classes/Metric Specific for Java/bin/pom/test/rsc/specific/testNMI/TestAChild00.class
[PROCESS OUT] Loading from: ../POM/target/test-classes/Metric Specific for Java/bin/pom/test/rsc/specific/testNMI/TestAParent01.class
[PROCESS OUT] Loading from: ../POM/target/test-classes/Metric Specific for Java/bin/pom/test/rsc/specific/testNMI/TestAParent03.class
[PROCESS OUT] Loading from: ../POM/target/test-classes/Metric Specific for Java/bin/pom/test/rsc/specific/testNMI/TestBParent02.class
[PROCESS OUT] Loading from: ../POM/target/test-classes/Metric Specific for Java/bin/pom/test/rsc/specific/testNMI/TestAParent02.class
[PROCESS OUT] util.lang.ConcreteReceiverGuard reports a runtime deprecation: calling method "padl.kernel.impl.CodeLevelModel.create()" from class "pom.test.classfile.specific.TestNMI"
[PROCESS OUT] Please use the methods in "padl.generator.helper.ModelGenerator" to obtain code-level models.
[PROCESS OUT] ....Loading from: ../POM/target/test-classes/Metric Specific for Java/bin/pom/test/rsc/specific/testNOC/TestSingleClass.class
[PROCESS OUT] Loading from: ../POM/target/test-classes/Metric Specific for Java/bin/pom/test/rsc/specific/testNOC/TestAChild12.class
[PROCESS OUT] Loading from: ../POM/target/test-classes/Metric Specific for Java/bin/pom/test/rsc/specific/testNOC/TestSingleInterface.class
[PROCESS OUT] Loading from: ../POM/target/test-classes/Metric Specific for Java/bin/pom/test/rsc/specific/testNOC/TestAChild11.class
[PROCESS OUT] Loading from: ../POM/target/test-classes/Metric Specific for Java/bin/pom/test/rsc/specific/testNOC/TestAChild02.class
[PROCESS OUT] Loading from: ../POM/target/test-classes/Metric Specific for Java/bin/pom/test/rsc/specific/testNOC/TestAChild01.class
[PROCESS OUT] Loading from: ../POM/target/test-classes/Metric Specific for Java/bin/pom/test/rsc/specific/testNOC/TestAChild03.class
[PROCESS OUT] Loading from: ../POM/target/test-classes/Metric Specific for Java/bin/pom/test/rsc/specific/testNOC/TestAParent00.class
[PROCESS OUT] util.lang.ConcreteReceiverGuard reports a runtime deprecation: calling method "padl.kernel.impl.CodeLevelModel.create()" from class "pom.test.classfile.specific.TestNOC"
[PROCESS OUT] Please use the methods in "padl.generator.helper.ModelGenerator" to obtain code-level models.
[PROCESS OUT] ........Loading from: ../POM/target/test-classes/Metric Specific for Java/bin/pom/test/rsc/specific/testWMC/TestSingleClass.class
[PROCESS OUT] Loading from: ../POM/target/test-classes/Metric Specific for Java/bin/pom/test/rsc/specific/testWMC/TestSingleInterface.class
[PROCESS OUT] Loading from: ../POM/target/test-classes/Metric Specific for Java/bin/pom/test/rsc/specific/testWMC/TestAClass02.class
[PROCESS OUT] Loading from: ../POM/target/test-classes/Metric Specific for Java/bin/pom/test/rsc/specific/testWMC/TestAClass01.class
[PROCESS OUT] util.lang.ConcreteReceiverGuard reports a runtime deprecation: calling method "padl.kernel.impl.CodeLevelModel.create()" from class "pom.test.classfile.specific.TestWMC"
[PROCESS OUT] Please use the methods in "padl.generator.helper.ModelGenerator" to obtain code-level models.
[PROCESS OUT] ....Loading from: ../POM/target/test-classes/Metric Specific for Java/bin/pom/test/rsc/specific/testWMC/TestSingleClass.class
[PROCESS OUT] Loading from: ../POM/target/test-classes/Metric Specific for Java/bin/pom/test/rsc/specific/testWMC/TestSingleInterface.class
[PROCESS OUT] Loading from: ../POM/target/test-classes/Metric Specific for Java/bin/pom/test/rsc/specific/testWMC/TestAClass02.class
[PROCESS OUT] Loading from: ../POM/target/test-classes/Metric Specific for Java/bin/pom/test/rsc/specific/testWMC/TestAClass01.class
[PROCESS OUT] util.lang.ConcreteReceiverGuard reports a runtime deprecation: calling method "padl.kernel.impl.CodeLevelModel.create()" from class "pom.test.classfile.specific.TestWMC1"
[PROCESS OUT] Please use the methods in "padl.generator.helper.ModelGenerator" to obtain code-level models.
[PROCESS OUT] ...
[PROCESS OUT] Time: 7.442
[PROCESS OUT] 
[PROCESS OUT] OK (90 tests)
[PROCESS OUT] 
[PROCESS OUT] 20/11/2025 11:41:15.552 - [INFO] - JoularJX finished monitoring application with ID 123
[PROCESS OUT] 20/11/2025 11:41:15.552 - [INFO] - Program consumed 85.73 joules
[PROCESS OUT] java.util.stream.Nodes$SpinedNodeBuilder.<init>() : 0.0528750420780025
[PROCESS OUT] java.util.HashMap.hash(java.lang.Object) : 0.37569104168195505
[PROCESS OUT] org.apache.logging.log4j.util.SortedArrayStringMap.ensureCapacity() : 0.03283817467398901
[PROCESS OUT] sun.nio.cs.StreamEncoder.writeBytes() : 0.03283817467398901
[PROCESS OUT] padl.creator.classfile.relationship.RelationshipAnalyzer.createOperation(java.lang.String) : 0.03283817467398901
[PROCESS OUT] java.lang.Long.numberOfLeadingZeros(long) : 0.0528750420780025
[PROCESS OUT] padl.creator.classfile.relationship.RelationshipAnalyzer.createFieldsFromFieldInfos(java.lang.String) : 0.03283817467398901
[PROCESS OUT] java.util.regex.CharPredicates.forUnicodeBlock(java.lang.String) : 0.0528750420780025
[PROCESS OUT] padl.creator.classfile.relationship.DeepMethodInvocationAnalyzer.analyzeMethod(padl.creator.classfile.util.ExtendedMethodInfo) : 0.19702904804393406
[PROCESS OUT] java.util.ArrayDeque.add(java.lang.Object) : 0.0528750420780025
[PROCESS OUT] org.apache.logging.log4j.core.config.LoggerConfig.getProperties(java.lang.String, java.lang.String, org.apache.logging.log4j.Marker, org.apache.logging.log4j.Level, org.apache.logging.log4j.message.Message, java.lang.Throwable) : 0.03283817467398901
[PROCESS OUT] java.util.ArrayList.getFirst() : 0.0528750420780025
[PROCESS OUT] com.ibm.toad.cfparse.FieldInfo.<init>(com.ibm.toad.cfparse.ClassFile, com.ibm.toad.cfparse.ConstantPool, java.lang.String) : 0.105750084156005
[PROCESS OUT] java.lang.invoke.InnerClassLambdaMetafactory.sanitizedTargetClassName(java.lang.Class) : 0.0528750420780025
[PROCESS OUT] org.apache.logging.log4j.core.lookup.StrMatcher.<clinit>() : 0.0528750420780025
[PROCESS OUT] java.lang.invoke.StringConcatFactory.parseRecipe(java.lang.invoke.MethodType, java.lang.String, java.lang.Object[]) : 0.0528750420780025
[PROCESS OUT] javax.management.MBeanInfo.getOperations() : 0.0528750420780025
[PROCESS OUT] java.util.jar.Attributes.read(java.util.jar.Manifest$FastInputStream, byte[], java.lang.String, int) : 0.0528750420780025
[PROCESS OUT] java.lang.ref.Reference.refersToImpl(java.lang.Object) : 0.2571396502559745
[PROCESS OUT] java.lang.ClassLoader.getClassLoadingLock(java.lang.String) : 0.0528750420780025
[PROCESS OUT] java.util.ArrayList.<init>(java.util.Collection) : 0.06567634934797802
[PROCESS OUT] jdk.jfr.internal.jfc.model.XmlExpression.getExpressions() : 0.0528750420780025
[PROCESS OUT] com.sun.management.internal.DiagnosticCommandImpl.getMBeanInfo() : 0.105750084156005
[PROCESS OUT] java.util.List.of(java.lang.Object, java.lang.Object, java.lang.Object) : 0.0528750420780025
[PROCESS OUT] java.lang.Character.digit(int, int) : 0.06567634934797802
[PROCESS OUT] java.util.HashMap$EntryIterator.next() : 0.0528750420780025
[PROCESS OUT] padl.util.Util.isArrayOrCollection(padl.kernel.IFirstClassEntity) : 0.06567634934797802
[PROCESS OUT] java.util.Collections$EmptySet.contains(java.lang.Object) : 0.0528750420780025
[PROCESS OUT] jdk.internal.classfile.impl.StackMapGenerator.detectFrames() : 0.0528750420780025
[PROCESS OUT] org.apache.logging.log4j.core.pattern.LineSeparatorPatternConverter.format(org.apache.logging.log4j.core.LogEvent, java.lang.StringBuilder) : 0.03283817467398901
[PROCESS OUT] java.lang.ClassLoader.addClass(java.lang.Class) : 0.0528750420780025
[PROCESS OUT] com.sun.jmx.mbeanserver.MXBeanSupport.register(javax.management.MBeanServer, javax.management.ObjectName) : 0.0528750420780025
[PROCESS OUT] org.apache.logging.log4j.core.util.CloseShieldOutputStream.flush() : 0.09851452402196703
[PROCESS OUT] java.net.URL.toURI() : 0.0528750420780025
[PROCESS OUT] java.nio.charset.CharsetEncoder.encode(java.nio.CharBuffer, java.nio.ByteBuffer, boolean) : 0.0528750420780025
[PROCESS OUT] java.lang.Character.isWhitespace(int) : 0.0528750420780025
[PROCESS OUT] java.lang.invoke.LambdaProxyClassArchive.find(java.lang.Class, java.lang.String, java.lang.invoke.MethodType, java.lang.invoke.MethodType, java.lang.invoke.MethodHandle, java.lang.invoke.MethodType, boolean, java.lang.Class[], java.lang.invoke.MethodType[]) : 0.0528750420780025
[PROCESS OUT] com.ibm.toad.cfparse.ConstantPool.find(int, java.lang.String) : 0.105750084156005
[PROCESS OUT] org.apache.logging.log4j.core.config.AbstractConfiguration.getConfigurationSource() : 0.0528750420780025
[PROCESS OUT] java.lang.invoke.TypeConvertingMethodAdapter.cast(java.lang.classfile.CodeBuilder, java.lang.constant.ClassDesc) : 0.0528750420780025
[PROCESS OUT] java.lang.String.valueOf(char[]) : 0.19702904804393406
[PROCESS OUT] com.ibm.toad.cfparse.attributes.AttrInfoList.get(int) : 0.0528750420780025
[PROCESS OUT] padl.creator.classfile.relationship.RelationshipAnalyzer.analyseParameters(padl.kernel.IFirstClassEntity, padl.kernel.IOperation) : 0.03283817467398901
[PROCESS OUT] java.lang.StringUTF16.charAt(byte[], int) : 0.0528750420780025
[PROCESS OUT] javax.management.ObjectName.<clinit>() : 0.0528750420780025
[PROCESS OUT] java.lang.StackWalker.walk(java.util.function.Function) : 0.0528750420780025
[PROCESS OUT] com.ibm.toad.cfparse.instruction.JVMInstruction.isOpcode(java.lang.String) : 0.06567634934797802
[PROCESS OUT] padl.creator.classfile.relationship.DeepMethodInvocationAnalyzer.processPushPushLocalVar(padl.creator.classfile.util.ExtendedMethodInfo, java.util.List, java.util.List, byte[], java.util.List, int) : 0.09851452402196703
[PROCESS OUT] java.lang.StackTraceElement.isHashedInJavaBase(java.lang.Module) : 0.0528750420780025
[PROCESS OUT] java.util.StringJoiner.add(java.lang.CharSequence) : 0.0528750420780025
[PROCESS OUT] jdk.internal.classfile.impl.Util.writeList(jdk.internal.classfile.impl.BufWriterImpl, jdk.internal.classfile.impl.Util$Writable[], int) : 0.0528750420780025
[PROCESS OUT] padl.creator.classfile.relationship.DeepMethodInvocationAnalyzer.createCouples(padl.creator.classfile.util.ExtendedMethodInfo, java.util.List, java.util.List, byte[], java.util.List) : 0.06567634934797802
[PROCESS OUT] java.lang.String.trim() : 0.26994095752595004
[PROCESS OUT] jdk.internal.classfile.impl.BufWriterImpl.grow(int) : 0.0528750420780025
[PROCESS OUT] util.multilingual.PtidejResourceBundle.<clinit>() : 0.0528750420780025
[PROCESS OUT] padl.kernel.impl.Constituent.setVisibility(int) : 0.03283817467398901
[PROCESS OUT] jdk.internal.misc.Unsafe.weakCompareAndSetLong(java.lang.Object, long, long, long) : 0.0528750420780025
[PROCESS OUT] java.util.zip.Inflater.inflate(byte[], int, int) : 4.6446546378737175
[PROCESS OUT] java.lang.AbstractStringBuilder.ensureCapacityNewCoder(byte[], byte, int, int, byte) : 0.18422774077395854
[PROCESS OUT] sun.nio.fs.UnixFileKey.<init>(long, long) : 0.0528750420780025
[PROCESS OUT] java.util.zip.ZipCoder.hash(java.lang.String) : 0.0528750420780025
[PROCESS OUT] jdk.internal.util.DecimalDigits.uncheckedPutPairLatin1(byte[], int, int) : 0.105750084156005
[PROCESS OUT] padl.creator.classfile.relationship.LightMethodInvocationAnalyzer.getCurrentContext() : 0.06567634934797802
[PROCESS OUT] padl.util.Util.getTypedConstituentsList(padl.kernel.IConstituent[], int, java.lang.Class) : 0.09851452402196703
[PROCESS OUT] jdk.internal.classfile.impl.DirectCodeBuilder.fieldAccess(java.lang.classfile.Opcode, java.lang.classfile.constantpool.FieldRefEntry) : 0.0528750420780025
[PROCESS OUT] jdk.internal.util.xml.impl.ParserSAX.<init>() : 0.0528750420780025
[PROCESS OUT] padl.kernel.impl.AbstractGenericContainerOfConstituents.broadcastAdditionOfConstituent(padl.kernel.IConstituent) : 0.03283817467398901
[PROCESS OUT] jdk.internal.util.xml.impl.Parser.bname(boolean) : 0.0528750420780025
[PROCESS OUT] java.lang.StringLatin1.indexOfNonWhitespace(byte[]) : 0.0528750420780025
[PROCESS OUT] java.lang.StringLatin1.regionMatchesCI(byte[], int, byte[], int, int) : 0.0528750420780025
[PROCESS OUT] java.util.TreeMap$PrivateEntryIterator.nextEntry() : 0.0528750420780025
[PROCESS OUT] java.util.HashMap.putVal(int, java.lang.Object, java.lang.Object, boolean, boolean) : 0.1185513914259805
[PROCESS OUT] org.apache.bcel.classfile.StackMapEntry.<init>(int, int, org.apache.bcel.classfile.StackMapType[], org.apache.bcel.classfile.StackMapType[], org.apache.bcel.classfile.ConstantPool) : 0.0528750420780025
[PROCESS OUT] java.lang.String.replace(java.lang.CharSequence, java.lang.CharSequence) : 0.0857132167519915
[PROCESS OUT] jdk.internal.reflect.DirectConstructorHandleAccessor.newInstance(java.lang.Object[]) : 0.105750084156005
[PROCESS OUT] jdk.jfr.internal.jfc.model.XmlElement.instantiate(java.lang.String) : 0.0528750420780025
[PROCESS OUT] com.ibm.toad.cfparse.ClassFile.<init>(java.io.InputStream, com.ibm.toad.cfparse.ConstantPool) : 0.0528750420780025
[PROCESS OUT] padl.creator.classfile.relationship.RelationshipAnalyzer.analyseDeepMethodInvocations(padl.kernel.IFirstClassEntity, padl.creator.classfile.util.ExtendedMethodInfo) : 0.45973444543584613
[PROCESS OUT] pom.metrics.repository.IR.getName() : 0.03283817467398901
[PROCESS OUT] java.text.Format.format(java.lang.Object) : 0.03283817467398901
[PROCESS OUT] com.sun.jmx.mbeanserver.MXBeanIntrospector.mFrom(java.lang.reflect.Method) : 0.0528750420780025
[PROCESS OUT] jdk.internal.classfile.impl.SplitConstantPool.nameAndTypeEntry(java.lang.classfile.constantpool.Utf8Entry, java.lang.classfile.constantpool.Utf8Entry) : 0.105750084156005
[PROCESS OUT] java.lang.invoke.InnerClassLambdaMetafactory.classDesc(java.lang.Class) : 0.0528750420780025
[PROCESS OUT] java.util.WeakHashMap.put(java.lang.Object, java.lang.Object) : 0.0528750420780025
[PROCESS OUT] java.lang.reflect.Constructor.getParameterTypes() : 0.0528750420780025
[PROCESS OUT] java.util.TimSort.sort(java.lang.Object[], int, int, java.util.Comparator, java.lang.Object[], int, int) : 0.03283817467398901
[PROCESS OUT] padl.creator.classfile.AbstractClassFileCreator.computeMethodCallees(com.ibm.toad.cfparse.ConstantPool, padl.creator.classfile.util.ExtendedMethodInfo) : 0.06567634934797802
[PROCESS OUT] java.io.ByteArrayOutputStream.toByteArray() : 0.0528750420780025
[PROCESS OUT] padl.kernel.impl.Parameter.getTypeName() : 0.03283817467398901
[PROCESS OUT] jdk.internal.misc.Unsafe.putShortUnaligned(java.lang.Object, long, short) : 0.0528750420780025
[PROCESS OUT] com.ibm.toad.cfparse.ConstantPool$InterfaceMethodrefEntry.<init>(com.ibm.toad.cfparse.ConstantPool, com.ibm.toad.cfparse.ConstantPool, int, int) : 0.0528750420780025
[PROCESS OUT] java.util.stream.AbstractPipeline.<init>(java.util.Spliterator, int, boolean) : 0.0528750420780025
[PROCESS OUT] padl.kernel.impl.FirstClassEntity.getConstituentFromID(char[]) : 0.26270539739191207
[PROCESS OUT] padl.creator.classfile.relationship.RelationshipAnalyzer.addMethodInvocations() : 0.06567634934797802
[PROCESS OUT] com.sun.jmx.mbeanserver.MBeanIntrospector.getPerInterface(java.lang.Class) : 0.0528750420780025
[PROCESS OUT] jdk.internal.classfile.impl.DirectCodeBuilder.aload(int) : 0.105750084156005
[PROCESS OUT] org.apache.logging.log4j.core.config.AbstractConfiguration.setToDefault() : 0.0528750420780025
[PROCESS OUT] java.lang.AbstractStringBuilder.<init>(java.lang.String) : 0.0528750420780025
[PROCESS OUT] padl.creator.classfile.relationship.RelationshipAnalyzer.createMethod(padl.kernel.IFirstClassEntity, char[], char[], char[]) : 0.03283817467398901
[PROCESS OUT] org.apache.bcel.classfile.Attribute.<init>(byte, int, int, org.apache.bcel.classfile.ConstantPool) : 0.0528750420780025
[PROCESS OUT] pom.test.classfile.general.TestUnaryMetrics.<init>(java.lang.String) : 0.0528750420780025
[PROCESS OUT] org.junit.internal.runners.JUnit38ClassRunner.makeDescription(junit.framework.Test) : 0.0528750420780025
[PROCESS OUT] padl.kernel.impl.FirstClassEntity.doesContainConstituentWithID(char[]) : 0.03283817467398901
[PROCESS OUT] jdk.internal.classfile.impl.DirectClassBuilder.build() : 0.0528750420780025
[PROCESS OUT] jdk.internal.constant.MethodTypeDescImpl.buildDescriptorString() : 0.0528750420780025
[PROCESS OUT] jdk.internal.util.xml.impl.Parser.step() : 0.105750084156005
[PROCESS OUT] jdk.internal.classfile.impl.SplitConstantPool.classEntryForClassOrInterface(java.lang.constant.ClassDesc) : 0.105750084156005
[PROCESS OUT] jdk.internal.classfile.impl.BufWriterImpl.writeU2U2U2(int, int, int) : 0.0528750420780025
[PROCESS OUT] padl.creator.classfile.relationship.LightMethodInvocationAnalyzer.handleInvokeVirtual(padl.creator.classfile.relationship.Context, int) : 0.06567634934797802
[PROCESS OUT] com.ibm.toad.cfparse.utils.CPUtils.descriptor2java(java.lang.String, int, java.lang.StringBuffer) : 3.4808465154428347
[PROCESS OUT] java.util.ArrayList.clear() : 0.03283817467398901
[PROCESS OUT] org.apache.bcel.classfile.ConstantPool.getConstant(int, byte, java.lang.Class) : 0.0528750420780025
[PROCESS OUT] jdk.jfr.internal.util.Utils.format(java.lang.String, java.util.Map) : 0.2643752103900125
[PROCESS OUT] padl.creator.classfile.relationship.DeepMethodInvocationAnalyzer.countArgs(java.lang.String) : 0.06567634934797802
[PROCESS OUT] com.ibm.toad.cfparse.ClassFile.equals(java.lang.Object) : 0.138588258829994
[PROCESS OUT] sun.nio.ch.UnixFileDispatcherImpl.read(java.io.FileDescriptor, long, int) : 0.105750084156005
[PROCESS OUT] org.apache.logging.log4j.core.layout.TextEncoderHelper.encodeText(java.nio.charset.CharsetEncoder, java.nio.CharBuffer, java.nio.ByteBuffer, java.lang.StringBuilder, org.apache.logging.log4j.core.layout.ByteBufferDestination) : 0.03283817467398901
[PROCESS OUT] com.ibm.toad.cfparse.MethodInfo.getReturnType() : 0.16419087336994506
[PROCESS OUT] java.lang.StringBuffer.append(char[]) : 0.03283817467398901
[PROCESS OUT] padl.kernel.impl.AbstractGenericContainerOfConstituents.addModelListeners(java.util.List) : 0.13135269869595603
[PROCESS OUT] jdk.internal.classfile.impl.EntryMap.<init>(int, float) : 0.105750084156005
[PROCESS OUT] java.io.FileDescriptor.close() : 0.03283817467398901
[PROCESS OUT] java.lang.reflect.AccessibleObject.slowVerifyAccess(java.lang.Class, java.lang.Class, java.lang.Class, int) : 0.0528750420780025
[PROCESS OUT] java.util.Spliterator.getExactSizeIfKnown() : 0.0528750420780025
[PROCESS OUT] java.util.HashMap.getNode(java.lang.Object) : 0.105750084156005
[PROCESS OUT] java.lang.invoke.MemberName$Factory.resolve(byte, java.lang.invoke.MemberName, java.lang.Class, int, boolean) : 0.350088427142004
[PROCESS OUT] padl.kernel.impl.AbstractGenericContainerOfConstituents.directlyAddConstituentWithUniqueID(padl.kernel.IConstituent) : 0.06567634934797802
[PROCESS OUT] java.lang.invoke.MethodType.hashCode() : 0.0528750420780025
[PROCESS OUT] padl.kernel.impl.GenericContainerOfTopLevelEntities.createMapOfIDsEntities(padl.kernel.IPackage) : 0.45973444543584613
[PROCESS OUT] java.util.ArrayList.grow(int) : 0.03283817467398901
[PROCESS OUT] java.util.ArrayList.grow() : 0.26994095752595004
[PROCESS OUT] java.lang.Throwable.fillInStackTrace() : 0.5782858368618267
[PROCESS OUT] java.lang.StringConcatHelper.prepend(int, byte, byte[], int, java.lang.String) : 0.03283817467398901
[PROCESS OUT] java.util.Spliterators$IntArraySpliterator.characteristics() : 0.0528750420780025
[PROCESS OUT] jdk.internal.classfile.impl.StackMapGenerator.processInvokeInstructions(jdk.internal.classfile.impl.RawBytecodeHelper, boolean, boolean) : 0.105750084156005
[PROCESS OUT] java.lang.invoke.MethodHandleImpl$ArrayAccessor.<clinit>() : 0.0528750420780025
[PROCESS OUT] java.util.stream.Collectors$CollectorImpl.<init>(java.util.function.Supplier, java.util.function.BiConsumer, java.util.function.BinaryOperator, java.util.function.Function, java.util.Set) : 0.105750084156005
[PROCESS OUT] java.lang.AbstractStringBuilder.deleteCharAt(int) : 0.06567634934797802
[PROCESS OUT] java.lang.String.regionMatches(boolean, int, java.lang.String, int, int) : 0.0528750420780025
[PROCESS OUT] org.apache.bcel.classfile.StackMap.<init>(int, int, java.io.DataInput, org.apache.bcel.classfile.ConstantPool) : 0.0528750420780025
[PROCESS OUT] java.lang.StringConcatHelper.prepend(int, byte, byte[], java.lang.String, java.lang.String) : 0.15862512623400749
[PROCESS OUT] java.lang.String.indexOf(byte[], byte, int, java.lang.String, int) : 0.0857132167519915
[PROCESS OUT] jdk.internal.classfile.impl.Util.writeAttribute(jdk.internal.classfile.impl.BufWriterImpl, java.lang.classfile.Attribute) : 0.0528750420780025
[PROCESS OUT] jdk.internal.loader.BuiltinClassLoader.loadClassOrNull(java.lang.String, boolean) : 0.0528750420780025
[PROCESS OUT] java.io.ByteArrayInputStream.<init>(byte[]) : 0.105750084156005
[PROCESS OUT] sun.nio.fs.UnixNativeDispatcher.stat(sun.nio.fs.UnixPath, sun.nio.fs.UnixFileAttributes) : 0.105750084156005
[PROCESS OUT] java.io.FileInputStream.read() : 1.3352336673616743
[PROCESS OUT] java.lang.StringBuilder.<init>() : 0.277176517659988
[PROCESS OUT] java.lang.invoke.InnerClassLambdaMetafactory$3.accept(java.lang.classfile.CodeBuilder) : 0.0528750420780025
[PROCESS OUT] org.apache.bcel.classfile.ConstantPool.getConstant(int, java.lang.Class) : 0.21150016831201
[PROCESS OUT] com.sun.jmx.mbeanserver.MXBeanIntrospector.getMBeanAttributeInfo(java.lang.String, com.sun.jmx.mbeanserver.ConvertingMethod, com.sun.jmx.mbeanserver.ConvertingMethod) : 0.0528750420780025
[PROCESS OUT] java.lang.invoke.VarHandleByteArrayAsInts$ArrayHandle.index(byte[], int) : 0.0528750420780025
[PROCESS OUT] java.util.zip.ZipFile.getInputStream(java.util.zip.ZipEntry) : 0.105750084156005
[PROCESS OUT] java.util.zip.ZipEntry.<init>(java.lang.String) : 0.105750084156005
[PROCESS OUT] padl.creator.classfile.relationship.DeepMethodInvocationAnalyzer.popOperands(padl.creator.classfile.util.ExtendedMethodInfo, int, int, java.util.List, java.util.List, byte[]) : 0.13135269869595603
[PROCESS OUT] java.net.URI$1.create(java.lang.String, java.lang.String) : 0.0528750420780025
[PROCESS OUT] padl.creator.classfile.relationship.DeepMethodInvocationAnalyzer.handleLocalVariable(java.util.List, java.util.List, int, byte[], com.ibm.toad.cfparse.instruction.ImmutableCodeSegment, int, int) : 0.29554357206590104
[PROCESS OUT] java.lang.StringCoding.countPositives(byte[], int, int) : 0.0528750420780025
[PROCESS OUT] java.util.stream.ReduceOps$3ReducingSink.accept(java.lang.Object) : 0.0528750420780025
[PROCESS OUT] jdk.internal.jimage.ImageReader$SharedImageReader.buildRootDirectory() : 0.0528750420780025
[PROCESS OUT] jdk.jfr.internal.jfc.model.XmlElement.<init>() : 0.0528750420780025
[PROCESS OUT] jdk.internal.misc.Unsafe.allocateUninitializedArray(java.lang.Class, int) : 0.0528750420780025
[PROCESS OUT] padl.util.Util.isPrimtiveType(char[]) : 0.03283817467398901
[PROCESS OUT] jdk.internal.classfile.impl.DirectCodeBuilder.addHandler(java.lang.classfile.instruction.ExceptionCatch) : 0.0528750420780025
[PROCESS OUT] jdk.internal.classfile.impl.StackMapGenerator.processFieldInstructions(jdk.internal.classfile.impl.RawBytecodeHelper) : 0.105750084156005
[PROCESS OUT] java.lang.Integer.hashCode() : 0.0528750420780025
[PROCESS OUT] java.util.StringTokenizer.nextToken() : 0.0528750420780025
[PROCESS OUT] jdk.jfr.internal.jfc.model.XmlControl.constraints() : 0.0528750420780025
[PROCESS OUT] org.apache.bcel.classfile.Code.getMaxLocals() : 0.0528750420780025
[PROCESS OUT] java.lang.Class.forName(java.lang.String, boolean, java.lang.ClassLoader) : 0.105750084156005
[PROCESS OUT] padl.creator.classfile.relationship.Context.getEntityFromID(char[]) : 0.03283817467398901
[PROCESS OUT] java.lang.String.toCharArray() : 0.26270539739191207
[PROCESS OUT] java.lang.reflect.ProxyGenerator$PrimitiveTypeInfo.<init>(java.lang.String, int, java.lang.Class, java.lang.constant.ClassDesc, java.lang.constant.ClassDesc) : 0.0528750420780025
[PROCESS OUT] java.util.Arrays.equals(java.lang.Object[], java.lang.Object[]) : 0.15138956609996954
[PROCESS OUT] java.lang.invoke.AbstractValidatingLambdaMetafactory.checkDescriptor(java.lang.invoke.MethodType) : 0.0528750420780025
[PROCESS OUT] padl.creator.classfile.relationship.DeepMethodInvocationAnalyzer.processStoreOperator(padl.creator.classfile.util.ExtendedMethodInfo, byte[], java.util.List, java.util.List, java.util.List, int, int, int) : 0.06567634934797802
[PROCESS OUT] jdk.internal.util.DecimalDigits.uncheckedGetCharsLatin1(long, int, byte[]) : 0.0528750420780025
[PROCESS OUT] java.lang.invoke.DirectMethodHandle.make(byte, java.lang.Class, java.lang.invoke.MemberName, java.lang.Class) : 0.0528750420780025
[PROCESS OUT] java.io.RandomAccessFile.open(java.lang.String, int) : 0.0528750420780025
[PROCESS OUT] java.util.stream.AbstractPipeline.isShortCircuitingPipeline() : 0.0857132167519915
[PROCESS OUT] java.util.zip.InflaterInputStream.<init>(java.io.InputStream, java.util.zip.Inflater, int) : 0.105750084156005
[PROCESS OUT] java.io.UnixFileSystem.canonicalize(java.lang.String) : 0.0528750420780025
[PROCESS OUT] java.io.Reader.of(java.lang.CharSequence) : 0.0528750420780025
[PROCESS OUT] org.apache.logging.log4j.core.time.MutableInstant.getEpochMillisecond() : 0.03283817467398901
[PROCESS OUT] util.lang.CFParseBCELConvertorAdhoc.searchFor(com.ibm.toad.cfparse.ConstantPool, java.lang.String, java.lang.Class) : 0.37012529454601745
[PROCESS OUT] java.util.Arrays.copyOfRange(byte[], int, int) : 0.09851452402196703
[PROCESS OUT] org.apache.logging.log4j.LogManager.<clinit>() : 0.0528750420780025
[PROCESS OUT] java.util.Arrays.copyOf(char[], int) : 0.0528750420780025
[PROCESS OUT] com.ibm.toad.cfparse.FieldInfo.<init>(com.ibm.toad.cfparse.ConstantPool, java.lang.String) : 0.0528750420780025
[PROCESS OUT] jdk.internal.constant.ConstantUtils.dropFirstAndLastChar(java.lang.String) : 0.0528750420780025
[PROCESS OUT] com.sun.jmx.mbeanserver.JmxMBeanServer.<init>(java.lang.String, javax.management.MBeanServer, javax.management.MBeanServerDelegate, com.sun.jmx.mbeanserver.MBeanInstantiator, boolean, boolean) : 0.15862512623400749
[PROCESS OUT] com.sun.jmx.mbeanserver.Introspector.checkCompliance(java.lang.Class) : 0.0528750420780025
[PROCESS OUT] jdk.internal.util.DecimalDigits.stringSize(int) : 0.1185513914259805
[PROCESS OUT] com.ibm.toad.cfparse.ConstantPool.addNewElement(com.ibm.toad.cfparse.ConstantPoolEntry) : 0.0528750420780025
[PROCESS OUT] jdk.jfr.internal.util.Tokenizer.accept(java.lang.String) : 0.0528750420780025
[PROCESS OUT] org.apache.bcel.generic.Type.getArgumentTypes(java.lang.String) : 0.105750084156005
[PROCESS OUT] org.apache.logging.log4j.core.config.ConfigurationFactory.getTestPrefix() : 0.0528750420780025
[PROCESS OUT] util.lang.CFParseBCELConvertorVisitor$JavaClassVisitor.visitMethod(org.apache.bcel.classfile.Method) : 0.105750084156005
[PROCESS OUT] util.io.ProxyConsole.setNormalOutput(java.io.Writer) : 0.03283817467398901
[PROCESS OUT] java.lang.Character.toUpperCase(int) : 0.03283817467398901
[PROCESS OUT] padl.kernel.impl.Operation.getIteratorOnConstituents() : 0.03283817467398901
[PROCESS OUT] java.lang.CharacterDataLatin1.toUpperCase(int) : 0.0528750420780025
[PROCESS OUT] padl.creator.classfile.AbstractClassFileCreator.recognizeContainerCompositionPriority() : 0.03283817467398901
[PROCESS OUT] java.util.zip.ZipFile$Source.initCEN(int, java.util.zip.ZipCoder) : 0.15862512623400749
[PROCESS OUT] jdk.internal.classfile.impl.StackMapGenerator$Frame.getLocalRawInternal(int) : 0.0528750420780025
[PROCESS OUT] jdk.internal.reflect.MethodHandleFieldAccessorImpl.<init>(java.lang.reflect.Field, java.lang.invoke.MethodHandle, java.lang.invoke.MethodHandle, boolean, boolean) : 0.0528750420780025
[PROCESS OUT] jdk.internal.classfile.impl.RawBytecodeHelper.getU2Unchecked(int) : 0.0857132167519915
[PROCESS OUT] padl.creator.classfile.relationship.DeepMethodInvocationAnalyzer.makeCouple(padl.creator.classfile.util.ExtendedMethodInfo, int, int, java.util.List, java.util.List, byte[]) : 0.03283817467398901
[PROCESS OUT] jdk.internal.classfile.impl.SplitConstantPool.tryFindUtf8(int, java.lang.String) : 0.0528750420780025
[PROCESS OUT] java.util.jar.JarFile.getInputStream(java.util.zip.ZipEntry) : 0.0528750420780025
[PROCESS OUT] java.lang.String.charAt(int) : 0.0528750420780025
[PROCESS OUT] jdk.internal.classfile.impl.StackCounter.ensureLocalSlot(int) : 0.0528750420780025
[PROCESS OUT] java.security.CodeSource.<init>(java.net.URL, java.security.CodeSigner[]) : 0.0528750420780025
[PROCESS OUT] com.ibm.toad.cfparse.attributes.LocalVariableAttrInfo.setFromBCEL(org.apache.bcel.classfile.LocalVariableTable) : 0.0528750420780025
[PROCESS OUT] java.util.Arrays$ArrayList.toArray() : 0.03283817467398901
[PROCESS OUT] jdk.internal.classfile.impl.DirectCodeBuilder.writeInvokeNormal(java.lang.classfile.Opcode, java.lang.classfile.constantpool.MemberRefEntry) : 0.0528750420780025
[PROCESS OUT] jdk.internal.classfile.impl.AbstractPoolEntry.<init>(java.lang.classfile.constantpool.ConstantPool, int, int) : 0.0528750420780025
[PROCESS OUT] padl.creator.classfile.AbstractClassFileCreator.recognizeField(java.util.List, padl.kernel.ICodeLevelModel) : 0.03283817467398901
[PROCESS OUT] jdk.jfr.internal.management.StreamManager.<clinit>() : 0.0528750420780025
[PROCESS OUT] javax.management.ObjectName$Property.setKeyIndex(int) : 0.0528750420780025
[PROCESS OUT] padl.creator.classfile.relationship.DeepMethodInvocationAnalyzer.isOpCodeStore(int) : 0.09851452402196703
[PROCESS OUT] java.lang.Math.getExponent(double) : 0.0528750420780025
[PROCESS OUT] com.ibm.toad.cfparse.ConstantPool.editClass(int, java.lang.String) : 0.0528750420780025
[PROCESS OUT] java.lang.ThreadLocal.remove(java.lang.Thread) : 0.03283817467398901
[PROCESS OUT] java.lang.Module.getName() : 0.0528750420780025
[PROCESS OUT] org.apache.logging.log4j.util.EnvironmentPropertySource.getNormalForm(java.lang.Iterable) : 0.15862512623400749
[PROCESS OUT] jdk.internal.loader.BuiltinClassLoader.findMiscResource(java.lang.String) : 0.0528750420780025
[PROCESS OUT] jdk.internal.classfile.impl.AbstractPoolEntry.maybeClone(java.lang.classfile.constantpool.ConstantPoolBuilder, java.lang.classfile.constantpool.PoolEntry) : 0.21150016831201
[PROCESS OUT] com.ibm.toad.cfparse.ConstantPool.getAsString(int) : 0.9267044510057302
[PROCESS OUT] com.ibm.toad.cfparse.ConstantPool.<init>() : 0.105750084156005
[PROCESS OUT] java.lang.String.<init>(java.lang.AbstractStringBuilder, java.lang.Void) : 0.105750084156005
[PROCESS OUT] com.ibm.toad.cfparse.ConstantPool$MethodrefEntry.getIndices() : 0.03283817467398901
[PROCESS OUT] padl.kernel.impl.AbstractGenericContainerOfConstituents.doesContainConstituentWithID(char[]) : 0.19702904804393406
[PROCESS OUT] java.util.Properties$LineReader.readLine() : 0.0528750420780025
[PROCESS OUT] org.apache.logging.log4j.core.pattern.NameAbbreviator.getAbbreviator(java.lang.String) : 0.0528750420780025
[PROCESS OUT] java.lang.invoke.DirectMethodHandle.internalMemberName(java.lang.Object) : 0.105750084156005
[PROCESS OUT] padl.kernel.impl.AbstractGenericContainerOfConstituents.getNumberOfConstituents(java.lang.Class) : 0.03283817467398901
[PROCESS OUT] java.lang.invoke.CallSite.makeSite(java.lang.invoke.MethodHandle, java.lang.String, java.lang.invoke.MethodType, java.lang.Object, java.lang.Class) : 0.0528750420780025
[PROCESS OUT] padl.creator.classfile.relationship.DeepMethodInvocationAnalyzer.handleALoad(java.util.List, java.util.List, int, byte[], com.ibm.toad.cfparse.instruction.ImmutableCodeSegment, int, int) : 0.03283817467398901
[PROCESS OUT] java.util.WeakHashMap$KeySet.iterator() : 0.0528750420780025
[PROCESS OUT] org.apache.bcel.classfile.AnnotationEntry.lambda$createAnnotationEntries$1(int) : 0.0528750420780025
[PROCESS OUT] padl.creator.classfile.relationship.LightMethodInvocationAnalyzer.popCurrentContext() : 0.03283817467398901
[PROCESS OUT] java.nio.Buffer.position() : 0.0528750420780025
[PROCESS OUT] padl.creator.classfile.relationship.DeepMethodInvocationAnalyzer.getInfosAt2Bytes(int, byte[], com.ibm.toad.cfparse.ConstantPool) : 0.06567634934797802
[PROCESS OUT] jdk.internal.classfile.impl.AbstractPoolEntry$ClassEntryImpl.clone(java.lang.classfile.constantpool.ConstantPoolBuilder) : 0.0528750420780025
[PROCESS OUT] java.lang.invoke.MethodHandles$Lookup.in(java.lang.Class) : 0.105750084156005
[PROCESS OUT] jdk.internal.math.FloatToDecimal.toChars(byte[], int, int, int) : 0.06567634934797802
[PROCESS OUT] java.util.stream.ReferencePipeline$7.<init>(java.util.stream.ReferencePipeline, java.util.stream.AbstractPipeline, java.util.stream.StreamShape, int, java.util.function.Function) : 0.0528750420780025
[PROCESS OUT] java.util.TreeMap.getEntryUsingComparator(java.lang.Object) : 0.4797713128398596
[PROCESS OUT] com.ibm.toad.cfparse.utils.CPUtils.java2descriptor(java.lang.String, java.lang.StringBuffer) : 0.244338342985999
[PROCESS OUT] java.lang.AbstractStringBuilder.setLength(int) : 0.03283817467398901
[PROCESS OUT] padl.creator.classfile.util.Utils.computeSignature(padl.creator.classfile.util.ExtendedMethodInfo) : 0.03283817467398901
[PROCESS OUT] com.ibm.toad.cfparse.ConstantPool$NameAndTypeEntry.getAsJava() : 0.06567634934797802
[PROCESS OUT] java.util.concurrent.Executors.newFixedThreadPool(int, java.util.concurrent.ThreadFactory) : 0.0528750420780025
[PROCESS OUT] jdk.internal.reflect.MethodHandleLongFieldAccessorImpl.getLong(java.lang.Object) : 0.0528750420780025
[PROCESS OUT] java.util.Arrays.mismatch(byte[], int, int, byte[], int, int) : 0.0528750420780025
[PROCESS OUT] jdk.internal.misc.Unsafe.copyMemoryChecks(java.lang.Object, long, java.lang.Object, long, long) : 0.03283817467398901
[PROCESS OUT] java.lang.AbstractStringBuilder.ensureCapacitySameCoder(byte[], byte, int) : 0.1185513914259805
[PROCESS OUT] jdk.internal.classfile.impl.SplitConstantPool.<init>() : 0.0528750420780025
[PROCESS OUT] com.ibm.toad.cfparse.ConstantPool.read(java.io.DataInputStream) : 0.138588258829994
[PROCESS OUT] java.lang.invoke.LambdaFormEditor.lambdaFormEditor(java.lang.invoke.LambdaForm) : 0.0528750420780025
[PROCESS OUT] java.util.TreeMap.getEntry(java.lang.Object) : 0.03283817467398901
[PROCESS OUT] sun.management.MemoryImpl.getMemoryPools() : 0.0528750420780025
[PROCESS OUT] java.lang.classfile.constantpool.ConstantPoolBuilder.loadableConstantEntry(java.lang.constant.ConstantDesc) : 0.0528750420780025
[PROCESS OUT] java.util.concurrent.ConcurrentHashMap.putVal(java.lang.Object, java.lang.Object, boolean) : 0.37012529454601745
[PROCESS OUT] java.lang.StringLatin1.newString(byte[], int, int) : 0.0528750420780025
[PROCESS OUT] jdk.jfr.internal.query.ViewFile.parse(java.lang.String) : 0.0528750420780025
[PROCESS OUT] java.lang.ClassValue.get(java.lang.Class) : 0.0528750420780025
[PROCESS OUT] jdk.internal.classfile.impl.AbstractPoolEntry$AbstractRefsEntry.<init>(java.lang.classfile.constantpool.ConstantPool, int, int, java.lang.classfile.constantpool.PoolEntry, java.lang.classfile.constantpool.PoolEntry) : 0.105750084156005
[PROCESS OUT] org.apache.bcel.classfile.Utility.pathToPackage(java.lang.String) : 0.0528750420780025
[PROCESS OUT] java.lang.StringLatin1.hashCode(byte[]) : 0.6473018122060055
[PROCESS OUT] org.apache.logging.log4j.core.util.datetime.FixedDateFormat.digitsLessThanThree() : 0.03283817467398901
[PROCESS OUT] java.lang.StringLatin1.lines(byte[]) : 0.0528750420780025
[PROCESS OUT] java.util.ArrayList.remove(int) : 0.19702904804393406
[PROCESS OUT] java.util.TreeMap.get(java.lang.Object) : 0.06567634934797802
[PROCESS OUT] util.io.SubtypeLoader.loadSubtypeFromStream(java.lang.String, java.util.List, util.io.NamedInputStream) : 0.0528750420780025
[PROCESS OUT] jdk.internal.classfile.impl.DirectCodeBuilder.setLabelTarget(java.lang.classfile.Label) : 0.0528750420780025
[PROCESS OUT] com.ibm.toad.cfparse.ConstantPool.readConstant(java.io.DataInputStream, int) : 0.0857132167519915
[PROCESS OUT] java.lang.String.startsWith(java.lang.String) : 0.3684554815479171
[PROCESS OUT] padl.util.CharArrayComparator.compare(java.lang.Object, java.lang.Object) : 0.26270539739191207
[PROCESS OUT] java.util.TreeMap.put(java.lang.Object, java.lang.Object, boolean) : 0.22986722271792306
[PROCESS OUT] padl.creator.classfile.relationship.LightMethodInvocationAnalyzer.handleInvokeStatic(padl.creator.classfile.relationship.Context, int) : 0.06567634934797802
[PROCESS OUT] java.io.PrintStream.write(byte[], int, int) : 0.06567634934797802
[PROCESS OUT] java.util.HashSet.iterator() : 0.13135269869595603
[PROCESS OUT] java.lang.reflect.Array.newInstance(java.lang.Class, int) : 0.105750084156005
[PROCESS OUT] sun.nio.fs.UnixPath.normalizeAndCheck(java.lang.String) : 0.0528750420780025
[PROCESS OUT] java.lang.ref.Reference.processPendingReferences() : 0.014364117245038041
[PROCESS OUT] java.lang.AbstractStringBuilder.append(char) : 0.13135269869595603
[PROCESS OUT] java.io.FileInputStream.open(java.lang.String) : 0.13135269869595603
[PROCESS OUT] java.lang.invoke.MethodHandle.spreadArrayChecks(java.lang.Class, int) : 0.0528750420780025
[PROCESS OUT] java.lang.invoke.MethodHandleImpl$BindCaller.restoreToType(java.lang.invoke.MethodHandle, java.lang.invoke.MethodHandle, java.lang.Class) : 0.0528750420780025
[PROCESS OUT] java.lang.StringLatin1.toLowerCase(java.lang.String, byte[], java.util.Locale) : 0.0528750420780025
[PROCESS OUT] java.lang.String.indexOf(int, int) : 0.0528750420780025
[PROCESS OUT] jdk.internal.misc.Unsafe.ensureClassInitialized(java.lang.Class) : 0.105750084156005
[PROCESS OUT] org.apache.logging.log4j.util.SystemPropertiesPropertySource.getNormalForm(java.lang.Iterable) : 0.0528750420780025
[PROCESS OUT] java.lang.ClassLoader.defineClass(java.lang.String, java.nio.ByteBuffer, java.security.ProtectionDomain) : 0.0528750420780025
[PROCESS OUT] java.lang.classfile.ClassHierarchyResolver.cached(java.util.function.Supplier) : 0.0528750420780025
[PROCESS OUT] java.util.TreeMap.put(java.lang.Object, java.lang.Object) : 0.03283817467398901
[PROCESS OUT] com.ibm.toad.cfparse.utils.CPUtils.method2java(java.lang.String) : 0.6896016681537692
[PROCESS OUT] com.sun.jmx.mbeanserver.DefaultMXBeanMappingFactory.makeTabularMapping(java.lang.reflect.Type, boolean, java.lang.reflect.Type, java.lang.reflect.Type, com.sun.jmx.mbeanserver.MXBeanMappingFactory) : 0.0528750420780025
[PROCESS OUT] java.lang.StringLatin1.indexOfChar(byte[], int, int, int) : 0.0528750420780025
[PROCESS OUT] java.lang.invoke.MethodHandles$Lookup.checkMethod(byte, java.lang.Class, java.lang.invoke.MemberName) : 0.15862512623400749
[PROCESS OUT] java.lang.String.endsWith(java.lang.String) : 0.105750084156005
[PROCESS OUT] jdk.internal.constant.MethodTypeDescImpl.<init>(java.lang.constant.ClassDesc, java.lang.constant.ClassDesc[]) : 0.0528750420780025
[PROCESS OUT] com.ibm.toad.cfparse.FieldInfo.getName() : 0.0528750420780025
[PROCESS OUT] java.lang.System$1.uncheckedEncodeASCII(char[], int, byte[], int, int) : 0.03283817467398901
[PROCESS OUT] org.apache.commons.lang3.ArrayUtils.lastIndexOf(char[], char, int) : 0.03283817467398901
[PROCESS OUT] padl.kernel.impl.AbstractGenericContainerOfConstituents.updatePathUponAddition(padl.kernel.INavigable, padl.kernel.IConstituent) : 0.4925726201098351
[PROCESS OUT] java.lang.StringLatin1.indexOf(byte[], byte[]) : 0.03283817467398901
[PROCESS OUT] java.lang.StringBuffer.<init>() : 0.0857132167519915
[PROCESS OUT] jdk.internal.loader.BuiltinClassLoader.loadClass(java.lang.String, boolean) : 0.0528750420780025
[PROCESS OUT] org.apache.logging.log4j.core.selector.ClassLoaderContextSelector.locateContext(java.lang.ClassLoader, java.util.Map$Entry, java.net.URI) : 0.0528750420780025
[PROCESS OUT] com.sun.management.internal.PlatformMBeanProviderImpl$3.nameToMBeanMap() : 0.0528750420780025
[PROCESS OUT] org.apache.logging.log4j.core.config.AppenderControl.shouldSkip(org.apache.logging.log4j.core.LogEvent) : 0.03283817467398901
[PROCESS OUT] java.lang.String.lastIndexOf(int, int) : 0.0528750420780025
[PROCESS OUT] java.util.StringTokenizer.countTokens() : 0.03283817467398901
[PROCESS OUT] padl.creator.classfile.util.ExtendedMethodInfo.<init>(com.ibm.toad.cfparse.ClassFile, com.ibm.toad.cfparse.MethodInfo) : 0.3612199214138791
[PROCESS OUT] java.util.stream.Collectors.toMap(java.util.function.Function, java.util.function.Function) : 0.0528750420780025
[PROCESS OUT] java.util.ArrayList.getLast() : 0.0528750420780025
[PROCESS OUT] java.util.Spliterators.spliterator(java.lang.Object[], int, int, int) : 0.0528750420780025
[PROCESS OUT] jdk.jfr.internal.dcmd.DCmdView.getArgumentInfos() : 0.0528750420780025
[PROCESS OUT] java.util.stream.Nodes$SpinedNodeBuilder.build() : 0.0528750420780025
[PROCESS OUT] sun.net.www.ParseUtil.firstEncodeIndex(java.lang.String) : 0.0528750420780025
[PROCESS OUT] jdk.internal.jimage.ImageStringsReader.unmaskedHashCode(java.lang.String, int) : 0.0528750420780025
[PROCESS OUT] java.lang.reflect.Method.getParameterTypes() : 0.0528750420780025
[PROCESS OUT] jdk.internal.classfile.impl.BufWriterImpl.join(jdk.internal.classfile.impl.BufWriterImpl, jdk.internal.classfile.impl.BufWriterImpl) : 0.105750084156005
[PROCESS OUT] org.apache.bcel.classfile.Attribute.readAttribute(java.io.DataInput, org.apache.bcel.classfile.ConstantPool) : 0.105750084156005
[PROCESS OUT] java.lang.invoke.VarHandleByteArrayAsShorts$ArrayHandle.set(java.lang.invoke.VarHandle, java.lang.Object, int, short) : 0.0528750420780025
[PROCESS OUT] jdk.internal.classfile.impl.SplitConstantPool.writeTo(jdk.internal.classfile.impl.BufWriterImpl) : 0.0528750420780025
[PROCESS OUT] sun.net.util.URLUtil.urlNoFragString(java.net.URL) : 0.0528750420780025
[PROCESS OUT] java.util.stream.ReferencePipeline.wrap(java.util.stream.PipelineHelper, java.util.function.Supplier, boolean) : 0.0528750420780025
[PROCESS OUT] java.lang.invoke.InfoFromMemberName.getModifiers() : 0.0528750420780025
[PROCESS OUT] sun.nio.fs.UnixNativeDispatcher.close(int) : 0.0528750420780025
[PROCESS OUT] util.lang.CFParseBCELConvertorAdhoc.addConstants(com.ibm.toad.cfparse.ClassFile, org.apache.bcel.classfile.JavaClass) : 0.15862512623400749
[PROCESS OUT] java.lang.Integer.parseInt(java.lang.String) : 0.03283817467398901
[PROCESS OUT] org.apache.logging.log4j.core.filter.AbstractFilterable.getFilter() : 0.105750084156005
[PROCESS OUT] java.lang.invoke.VarHandleByteArrayAsShorts$ArrayHandle.get(java.lang.invoke.VarHandle, java.lang.Object, int) : 0.0857132167519915
[PROCESS OUT] java.io.UnixFileSystem.list(java.io.File) : 0.0528750420780025
[PROCESS OUT] java.lang.String.substring(int) : 0.2899778249299635
[PROCESS OUT] java.util.Objects.equals(java.lang.Object, java.lang.Object) : 0.138588258829994
[PROCESS OUT] java.lang.StringLatin1.indexOf(byte[], int, byte[], int, int) : 0.547117475185938
[PROCESS OUT] java.io.RandomAccessFile.readBytes(byte[], int, int) : 5.34594499701419
[PROCESS OUT] padl.creator.classfile.relationship.DeepMethodInvocationAnalyzer.processOperator(padl.creator.classfile.util.ExtendedMethodInfo, byte[], java.util.List, java.util.List, java.util.List, int, int, int, int) : 0.03283817467398901
[PROCESS OUT] java.util.ArrayList.indexOfRange(java.lang.Object, int, int) : 0.0528750420780025
[PROCESS OUT] jdk.internal.misc.Unsafe.checkSize(long) : 0.0528750420780025
[PROCESS OUT] java.lang.StackTraceElement.of(java.lang.Object, int) : 0.31558043946991454
[PROCESS OUT] sun.net.util.IPAddressUtil.checkAuthority(java.net.URL) : 0.0528750420780025
[PROCESS OUT] java.lang.String.startsWith(java.lang.String, int) : 0.105750084156005
[PROCESS OUT] java.lang.StringUTF16.compress(char[], int, int) : 0.03283817467398901
[PROCESS OUT] org.apache.logging.log4j.core.config.LoggerConfig.log(java.lang.String, java.lang.String, java.lang.StackTraceElement, org.apache.logging.log4j.Marker, org.apache.logging.log4j.Level, org.apache.logging.log4j.message.Message, java.lang.Throwable) : 0.03283817467398901
[PROCESS OUT] java.util.concurrent.ConcurrentHashMap.get(java.lang.Object) : 0.105750084156005
[PROCESS OUT] java.lang.StringBuffer.append(java.lang.String) : 0.5927569571299026
[PROCESS OUT] java.util.StringJoiner.<init>(java.lang.CharSequence, java.lang.CharSequence, java.lang.CharSequence) : 0.15862512623400749
[PROCESS OUT] jdk.internal.classfile.impl.AbstractPoolEntry$Utf8EntryImpl.equalsString(java.lang.String) : 0.0528750420780025
[PROCESS OUT] java.util.concurrent.ConcurrentLinkedDeque.<clinit>() : 0.0528750420780025
[PROCESS OUT] java.util.zip.ZipUtils.CENCRC(byte[], int) : 0.0528750420780025
[PROCESS OUT] padl.kernel.impl.MethodInvocation.setCallingField(java.util.List) : 0.19702904804393406
[PROCESS OUT] java.lang.StringBuilder.append(char) : 0.06567634934797802
[PROCESS OUT] java.lang.StringBuffer.append(char) : 1.1838441012617047
[PROCESS OUT] java.util.stream.ReferencePipeline.<init>(java.util.stream.AbstractPipeline, int) : 0.0528750420780025
[PROCESS OUT] org.junit.internal.runners.rules.RuleMemberValidator.<clinit>() : 0.0528750420780025
[PROCESS OUT] sun.reflect.generics.parser.SignatureParser.parseZeroOrMoreFormalTypeParameters() : 0.0528750420780025
[PROCESS OUT] java.util.regex.Pattern.lambda$union$0(java.util.regex.Pattern$CharPredicate, java.util.regex.Pattern$CharPredicate, int) : 0.105750084156005
[PROCESS OUT] java.lang.System$1.defineClass(java.lang.ClassLoader, java.lang.Class, java.lang.String, byte[], java.security.ProtectionDomain, boolean, int, java.lang.Object) : 0.7730887637660239
[PROCESS OUT] java.io.FilterInputStream.<init>(java.io.InputStream) : 0.0528750420780025
[PROCESS OUT] com.ibm.toad.cfparse.MethodInfo.getParams() : 0.7881161921757363
[PROCESS OUT] java.net.Inet6AddressImpl.lookupAllHostAddr(java.lang.String, java.net.spi.InetAddressResolver$LookupPolicy) : 0.2643752103900125
[PROCESS OUT] org.apache.commons.lang3.ArrayUtils.indexOf(char[], char, int) : 0.09851452402196703
[PROCESS OUT] org.apache.logging.log4j.util.PropertiesUtil$Environment.<init>(org.apache.logging.log4j.util.PropertySource, org.apache.logging.log4j.util.PropertiesUtil$1) : 0.0528750420780025
[PROCESS OUT] java.text.MessageFormat.subformat(java.lang.Object[], java.text.Format$StringBuf, java.text.FieldPosition, java.util.List) : 0.0528750420780025
[PROCESS OUT] com.ibm.toad.cfparse.ConstantPool$ClassEntry.<init>(com.ibm.toad.cfparse.ConstantPool, com.ibm.toad.cfparse.ConstantPool, int) : 0.0528750420780025
[PROCESS OUT] com.ibm.toad.cfparse.ConstantPool.find(com.ibm.toad.cfparse.ConstantPoolEntry) : 0.138588258829994
[PROCESS OUT] com.ibm.toad.cfparse.attributes.AttrInfoList.get(java.lang.String) : 0.16419087336994506
[PROCESS OUT] java.util.TreeMap.navigableKeySet() : 0.0528750420780025
[PROCESS OUT] org.apache.bcel.Const.<clinit>() : 0.0528750420780025
[PROCESS OUT] java.util.jar.JarFile.ensureInitialization() : 0.0528750420780025
[PROCESS OUT] java.nio.DirectByteBuffer.get(int) : 0.15862512623400749
[PROCESS OUT] padl.creator.classfile.AbstractClassFileCreator.createElements(padl.kernel.ICodeLevelModel, java.util.List, padl.kernel.impl.ConstituentsRepository, com.ibm.toad.cfparse.ClassFile[]) : 0.7224398428277582
[PROCESS OUT] org.apache.bcel.classfile.ConstantPool.getConstant(int) : 0.0857132167519915
[PROCESS OUT] jdk.internal.classfile.impl.StackCounter.<init>(jdk.internal.classfile.impl.LabelContext, java.lang.classfile.attribute.StackMapTableAttribute, java.lang.constant.ClassDesc, java.lang.String, java.lang.constant.MethodTypeDesc, boolean, jdk.internal.classfile.impl.RawBytecodeHelper$CodeRange, jdk.internal.classfile.impl.SplitConstantPool, java.util.List) : 0.0528750420780025
[PROCESS OUT] java.util.regex.Pattern$Node.<init>() : 0.0528750420780025
[PROCESS OUT] org.apache.logging.log4j.spi.CopyOnWriteSortedArrayThreadContextMap.init() : 0.0528750420780025
[PROCESS OUT] java.util.stream.AbstractPipeline.<init>(java.util.stream.AbstractPipeline, int) : 0.0528750420780025
[PROCESS OUT] java.lang.StringBuffer.toString() : 0.2243014755819855
[PROCESS OUT] sun.management.VMManagementImpl.getVmArguments() : 0.0528750420780025
[PROCESS OUT] org.apache.logging.log4j.spi.CopyOnWriteSortedArrayThreadContextMap.putValue(java.lang.String, java.lang.Object) : 0.03283817467398901
[PROCESS OUT] java.lang.StringConcatHelper.simpleConcat(java.lang.Object, java.lang.Object) : 0.03283817467398901
[PROCESS OUT] java.lang.StringBuilder.append(java.lang.String) : 0.244338342985999
[PROCESS OUT] java.io.DataInputStream.readShort() : 0.03283817467398901
[PROCESS OUT] java.util.Arrays.equals(char[], char[]) : 0.03283817467398901
[PROCESS OUT] java.util.stream.ReferencePipeline$7$1FlatMap.<init>(java.util.stream.ReferencePipeline$7, java.util.stream.Sink, java.util.function.Function, boolean) : 0.0528750420780025
[PROCESS OUT] java.util.Collections.emptyMap() : 0.0528750420780025
[PROCESS OUT] sun.net.www.protocol.jar.URLJarFile.getEntry(java.lang.String) : 0.0528750420780025
[PROCESS OUT] jdk.internal.classfile.impl.DirectMethodBuilder.withCode(java.util.function.Consumer) : 0.0528750420780025
[PROCESS OUT] padl.creator.classfile.relationship.DeepMethodInvocationAnalyzer.constructLists(java.util.List, java.util.List, int, int, byte[], com.ibm.toad.cfparse.instruction.ImmutableCodeSegment) : 0.06567634934797802
[PROCESS OUT] java.lang.Class.reflectionData() : 0.09851452402196703
[PROCESS OUT] java.util.LinkedHashMap$LinkedEntrySet.<init>(java.util.LinkedHashMap, boolean) : 0.0528750420780025
[PROCESS OUT] org.apache.logging.log4j.core.appender.OutputStreamManager.getOutputStream() : 0.03283817467398901
[PROCESS OUT] padl.creator.classfile.AbstractClassFileCreator.<init>(java.lang.String[], boolean, boolean) : 0.06567634934797802
[PROCESS OUT] padl.kernel.impl.GenericContainerOfNaturallyOrderedConstituents.<init>(padl.kernel.INavigable, int) : 0.03283817467398901
[PROCESS OUT] org.apache.logging.log4j.core.impl.MutableLogEvent.getInstant() : 0.03283817467398901
[PROCESS OUT] sun.net.util.IPAddressUtil.checkHost(java.lang.String) : 0.0528750420780025
[PROCESS OUT] java.lang.reflect.ProxyGenerator.lambda$generateStaticInitializer$0(java.lang.classfile.CodeBuilder) : 0.0528750420780025
[PROCESS OUT] java.nio.Buffer.hasRemaining() : 0.0528750420780025
[PROCESS OUT] org.apache.logging.log4j.core.pattern.PatternParser.parse(java.lang.String, java.util.List, java.util.List, boolean, boolean, boolean) : 0.0528750420780025
[PROCESS OUT] java.util.jar.Attributes$Name.<init>(java.lang.String) : 0.0528750420780025
[PROCESS OUT] org.apache.logging.log4j.spi.AbstractLogger.logMessageSafely(java.lang.String, org.apache.logging.log4j.Level, org.apache.logging.log4j.Marker, org.apache.logging.log4j.message.Message, java.lang.Throwable) : 0.03283817467398901
[PROCESS OUT] java.lang.invoke.MemberName.<init>(java.lang.reflect.Constructor) : 0.0528750420780025
[PROCESS OUT] java.lang.Class.privateGetDeclaredConstructors(boolean) : 0.6345005049360299
[PROCESS OUT] java.lang.reflect.ProxyGenerator$ProxyMethod.generateMethod(java.lang.classfile.ClassBuilder) : 0.0528750420780025
[PROCESS OUT] java.lang.StringLatin1.compareToCI(byte[], byte[]) : 0.0528750420780025
[PROCESS OUT] com.ibm.toad.cfparse.ConstantPool.resize() : 0.0528750420780025
[PROCESS OUT] java.lang.String.replace(char, char) : 0.0528750420780025
[PROCESS OUT] java.util.HashMap$HashIterator.<init>(java.util.HashMap) : 0.06567634934797802
[PROCESS OUT] java.lang.StringBuilder.toString() : 0.0528750420780025
[PROCESS OUT] java.lang.Module.isExported(java.lang.String, java.lang.Module) : 0.0528750420780025
[PROCESS OUT] java.io.BufferedInputStream.read() : 0.0528750420780025
[PROCESS OUT] jdk.internal.reflect.Reflection.filterMethods(java.lang.Class, java.lang.reflect.Method[]) : 0.0528750420780025
[PROCESS OUT] com.ibm.toad.cfparse.utils.CPUtils.java2method(java.lang.String) : 0.105750084156005
[PROCESS OUT] junit.framework.TestSuite.testAt(int) : 0.0528750420780025
[PROCESS OUT] java.util.HashMap.put(java.lang.Object, java.lang.Object) : 0.3812567888178926
[PROCESS OUT] org.apache.bcel.classfile.ConstantClass.getBytes(org.apache.bcel.classfile.ConstantPool) : 0.0528750420780025
[PROCESS OUT] java.util.Arrays.binarySearch0(java.lang.Object[], int, int, java.lang.Object, java.util.Comparator) : 0.0528750420780025
[PROCESS OUT] java.lang.ClassLoader.defineClass(java.lang.String, byte[], int, int, java.security.ProtectionDomain) : 4.2828784083182025
[PROCESS OUT] java.lang.StringBuffer.<init>(int) : 0.105750084156005
[PROCESS OUT] java.util.zip.Inflater.needsDictionary() : 0.0857132167519915
[PROCESS OUT] java.util.stream.ReferencePipeline$2$1.accept(java.lang.Object) : 0.0528750420780025
[PROCESS OUT] org.apache.bcel.classfile.FieldOrMethod.getAttributes() : 0.0528750420780025
[PROCESS OUT] java.util.zip.ZipUtils.CENSIZ(byte[], int) : 0.15862512623400749
[PROCESS OUT] java.lang.AbstractStringBuilder.append(java.lang.CharSequence, int, int) : 0.0857132167519915
[PROCESS OUT] java.io.BufferedOutputStream.flush() : 0.03283817467398901
[PROCESS OUT] jdk.management.jfr.SettingDescriptorInfo$1.call() : 0.0528750420780025
[PROCESS OUT] padl.creator.classfile.AbstractClassFileCreator.recognizeConstructor(java.util.List, padl.kernel.ICodeLevelModel) : 0.03283817467398901
[PROCESS OUT] java.lang.ClassLoader.findBootstrapClassOrNull(java.lang.String) : 0.7402505890920349
[PROCESS OUT] padl.creator.classfile.relationship.DeepMethodInvocationAnalyzer.countOperatorArguments(int) : 0.13135269869595603
[PROCESS OUT] sun.reflect.annotation.AnnotationParser.annotationForMap(java.lang.Class, java.util.Map) : 0.0528750420780025
[PROCESS OUT] padl.creator.classfile.relationship.RelationshipAnalyzer.analyseReturnType(padl.kernel.IFirstClassEntity, padl.kernel.IOperation) : 0.03283817467398901
[PROCESS OUT] jdk.jfr.internal.util.Tokenizer.next() : 0.105750084156005
[PROCESS OUT] jdk.jfr.internal.dcmd.DCmdStart.jfcOptions() : 0.0528750420780025
[PROCESS OUT] jdk.internal.classfile.impl.DirectCodeBuilder$4.writeCounters(boolean, jdk.internal.classfile.impl.BufWriterImpl) : 0.0528750420780025
[PROCESS OUT] org.apache.logging.log4j.core.LoggerContext.<clinit>() : 0.0528750420780025
[PROCESS OUT] java.lang.String.compareTo(java.lang.Object) : 0.0528750420780025
[PROCESS OUT] java.util.Vector.iterator() : 0.03283817467398901
[PROCESS OUT] java.lang.StringConcatHelper.stringSize(int, int) : 0.0857132167519915
[PROCESS OUT] org.apache.logging.log4j.core.impl.MutableLogEvent.clear() : 0.03283817467398901
[PROCESS OUT] jdk.internal.classfile.impl.StackMapGenerator.isAnyFrameDirty() : 0.0528750420780025
[PROCESS OUT] java.util.concurrent.locks.AbstractQueuedLongSynchronizer.hasQueuedPredecessors() : 0.105750084156005
[PROCESS OUT] padl.kernel.impl.MethodInvocation.<init>(int, int, int, padl.kernel.IFirstClassEntity, padl.kernel.IFirstClassEntity) : 0.29554357206590104
[PROCESS OUT] java.lang.invoke.MethodHandles.arrayConstructor(java.lang.Class) : 0.0528750420780025
[PROCESS OUT] java.io.RandomAccessFile.seek(long) : 0.277176517659988
[PROCESS OUT] org.apache.logging.log4j.util.PropertiesPropertySource.getNormalForm(java.lang.Iterable) : 0.0528750420780025
[PROCESS OUT] java.util.TreeMap$Values.<init>(java.util.TreeMap) : 0.0528750420780025
[PROCESS OUT] jdk.internal.classfile.impl.DirectFieldBuilder.<init>(jdk.internal.classfile.impl.SplitConstantPool, jdk.internal.classfile.impl.ClassFileImpl, java.lang.classfile.constantpool.Utf8Entry, java.lang.classfile.constantpool.Utf8Entry, int, java.lang.classfile.FieldModel) : 0.105750084156005
[PROCESS OUT] org.apache.commons.lang3.builder.HashCodeBuilder.append(char[]) : 0.03283817467398901
[PROCESS OUT] jdk.jfr.internal.util.Tokenizer.findNext(char) : 0.0528750420780025
[PROCESS OUT] jdk.internal.classfile.impl.StackMapGenerator.<init>(jdk.internal.classfile.impl.LabelContext, java.lang.constant.ClassDesc, java.lang.String, java.lang.constant.MethodTypeDesc, boolean, jdk.internal.classfile.impl.RawBytecodeHelper$CodeRange, jdk.internal.classfile.impl.SplitConstantPool, jdk.internal.classfile.impl.ClassFileImpl, java.util.List) : 0.0528750420780025
[PROCESS OUT] java.lang.StringConcatHelper.newArrayWithSuffix(java.lang.String, int, byte) : 0.0528750420780025
[PROCESS OUT] java.lang.StringConcatHelper.doConcat(java.lang.String, java.lang.String) : 0.0528750420780025
[PROCESS OUT] java.util.zip.InflaterInputStream.close() : 0.138588258829994
[PROCESS OUT] padl.kernel.impl.AbstractGenericContainerOfConstituents.directlyAddConstituent(padl.kernel.IConstituent) : 0.19702904804393406
[PROCESS OUT] padl.kernel.impl.AbstractModel.getConstituentFromID(char[]) : 0.03283817467398901
[PROCESS OUT] org.apache.logging.log4j.core.impl.MutableLogEvent.setMessage(org.apache.logging.log4j.message.Message) : 0.03283817467398901
[PROCESS OUT] java.util.TimSort.reverseRange(java.lang.Object[], int, int) : 0.03283817467398901
[PROCESS OUT] org.apache.commons.lang3.ArrayUtils.indexOf(char[], char) : 0.09851452402196703
[PROCESS OUT] java.lang.Character$UnicodeBlock.<init>(java.lang.String, java.lang.String[]) : 0.0528750420780025
[PROCESS OUT] java.util.TreeMap.addEntry(java.lang.Object, java.lang.Object, java.util.TreeMap$Entry, boolean) : 0.03283817467398901
[PROCESS OUT] com.ibm.toad.cfparse.instruction.ImmutableCodeSegment.readCode(byte[]) : 0.13135269869595603
[PROCESS OUT] java.lang.reflect.Proxy.lambda$getProxyConstructor$0(java.lang.ClassLoader, jdk.internal.loader.AbstractClassLoaderValue$Sub) : 0.0528750420780025
[PROCESS OUT] java.lang.Class.privateGetDeclaredMethods(boolean) : 0.528750420780025
[PROCESS OUT] pom.test.classfile.general.TestMethodPrimitives.testHandledFieldsBy() : 0.03283817467398901
[PROCESS OUT] jdk.internal.util.ArraysSupport.hashCode(int, byte[], int, int) : 0.0528750420780025
[PROCESS OUT] org.apache.bcel.classfile.Method.getLineNumberTable() : 0.0528750420780025
[PROCESS OUT] java.nio.Buffer.position(int) : 0.0528750420780025
[PROCESS OUT] padl.creator.classfile.relationship.DeepMethodInvocationAnalyzer.processPushPop(padl.creator.classfile.util.ExtendedMethodInfo, java.util.List, java.util.List, byte[], java.util.List, int) : 0.13135269869595603
[PROCESS OUT] java.util.Objects.checkIndex(int, int) : 0.03283817467398901
[PROCESS OUT] org.apache.logging.log4j.util.Constants.<clinit>() : 0.0528750420780025
[PROCESS OUT] java.lang.PublicMethods$Key.matches(java.lang.reflect.Method, java.lang.String, java.lang.Class[]) : 0.171426433503983
[PROCESS OUT] jdk.internal.classfile.impl.AbstractPseudoInstruction$ExceptionCatchImpl.catchTypeEntry() : 0.0528750420780025
[PROCESS OUT] jdk.internal.util.xml.impl.Parser.bcopy(int, int) : 0.0528750420780025
[PROCESS OUT] java.util.ArrayList.addAll(java.util.Collection) : 0.03283817467398901
[PROCESS OUT] org.apache.logging.log4j.core.appender.AbstractOutputStreamAppender.tryAppend(org.apache.logging.log4j.core.LogEvent) : 0.06567634934797802
[PROCESS OUT] java.lang.reflect.ProxyGenerator.generateClassFile() : 0.0528750420780025
[PROCESS OUT] java.lang.reflect.AccessibleObject.verifyAccess(java.lang.Class, java.lang.Class, java.lang.Class, int) : 0.03283817467398901
[PROCESS OUT] java.io.UnixFileSystem.hasBooleanAttributes(java.io.File, int) : 0.2643752103900125
[PROCESS OUT] java.lang.reflect.Proxy$ProxyBuilder.defineProxyClass(java.lang.reflect.Proxy$ProxyBuilder$ProxyClassContext, java.util.List) : 0.0528750420780025
[PROCESS OUT] java.util.regex.Pattern$GroupTail.match(java.util.regex.Matcher, int, java.lang.CharSequence) : 0.0528750420780025
[PROCESS OUT] java.lang.Module.isNamed() : 0.0528750420780025
[PROCESS OUT] java.lang.StringLatin1.compareTo(byte[], byte[], int, int) : 0.0528750420780025
[PROCESS OUT] padl.creator.classfile.relationship.DeepMethodInvocationAnalyzer.handlePop(java.util.List, java.util.List, int, byte[], com.ibm.toad.cfparse.instruction.ImmutableCodeSegment, int, int) : 0.03283817467398901
[PROCESS OUT] java.util.zip.ZipFile$ZipFileInflaterInputStream.<init>(java.util.zip.ZipFile, java.util.zip.ZipFile$ZipFileInputStream, java.util.zip.ZipFile$CleanableResource, java.util.zip.Inflater, int) : 0.15862512623400749
[PROCESS OUT] java.lang.String.length() : 0.4085292163559441
[PROCESS OUT] org.apache.logging.log4j.core.config.AppenderControl.isFilteredByAppenderControl(org.apache.logging.log4j.core.LogEvent) : 0.06567634934797802
[PROCESS OUT] org.apache.bcel.classfile.JavaClass.<init>(int, int, java.lang.String, int, int, int, org.apache.bcel.classfile.ConstantPool, int[], org.apache.bcel.classfile.Field[], org.apache.bcel.classfile.Method[], org.apache.bcel.classfile.Attribute[], byte) : 0.0528750420780025
[PROCESS OUT] jdk.internal.reflect.Reflection.verifyMemberAccess(java.lang.Class, java.lang.Class, java.lang.Class, int) : 0.1185513914259805
[PROCESS OUT] java.util.Formatter.toString() : 0.0528750420780025
[PROCESS OUT] com.ibm.toad.cfparse.instruction.ImmutableCodeSegment.specArgSkip(byte[], int, int) : 0.03283817467398901
[PROCESS OUT] util.lang.CFParseBCELConvertorVisitor$JavaClassVisitor.<init>(com.ibm.toad.cfparse.ClassFile) : 0.0528750420780025
[PROCESS OUT] org.apache.bcel.generic.Type.<clinit>() : 0.0528750420780025
[PROCESS OUT] java.util.Vector.copyInto(java.lang.Object[]) : 0.03283817467398901
[PROCESS OUT] jdk.internal.classfile.impl.Util.methodTypeSymbol(java.lang.classfile.constantpool.Utf8Entry) : 0.0528750420780025
[PROCESS OUT] java.util.regex.Pattern.Range(int, int) : 0.0528750420780025
[PROCESS OUT] util.lang.CFParseBCELConvertorAdhoc.addMethods(com.ibm.toad.cfparse.ClassFile, org.apache.bcel.classfile.JavaClass) : 0.15862512623400749
[PROCESS OUT] java.nio.Buffer.<init>(int, int, int, int, java.lang.foreign.MemorySegment) : 0.0528750420780025
[PROCESS OUT] java.util.Formatter.parse(java.lang.String) : 0.105750084156005
[PROCESS OUT] java.util.zip.InflaterInputStream.read(byte[], int, int) : 0.0528750420780025
[PROCESS OUT] jdk.internal.util.DecimalDigits.uncheckedGetCharsLatin1(int, int, byte[]) : 0.21706591544794757
[PROCESS OUT] com.sun.jmx.mbeanserver.MXBeanSupport.getMBeanIntrospector() : 0.0528750420780025
[PROCESS OUT] java.util.concurrent.atomic.AtomicLong.set(long) : 0.0528750420780025
[PROCESS OUT] org.apache.logging.log4j.core.appender.OutputStreamManager.flush() : 0.06567634934797802
[PROCESS OUT] padl.kernel.impl.AbstractGenericContainerOfConstituents.getConstituentFromID(char[]) : 0.22986722271792306
[PROCESS OUT] org.apache.logging.log4j.core.lookup.StrSubstitutor.<clinit>() : 0.0528750420780025
[PROCESS OUT] java.lang.StringUTF16.hashCode(byte[]) : 0.03283817467398901
[PROCESS OUT] java.util.Collections$SetFromMap.add(java.lang.Object) : 0.15862512623400749
[PROCESS OUT] java.util.LinkedHashMap.sequencedEntrySet() : 0.0528750420780025
[PROCESS OUT] padl.kernel.impl.Factory.createGhost(char[], char[]) : 0.03283817467398901
[PROCESS OUT] jdk.internal.classfile.impl.RawBytecodeHelper.getIndexU2() : 0.0528750420780025
[PROCESS OUT] padl.creator.classfile.relationship.RelationshipAnalyzer.computeSignature(java.lang.String) : 0.13135269869595603
[PROCESS OUT] util.lang.Modifier.toString(int) : 0.105750084156005
[PROCESS OUT] jdk.internal.loader.URLClassPath$JarLoader.createResource(java.lang.String, java.util.jar.JarEntry) : 0.0528750420780025
[PROCESS OUT] jdk.jfr.internal.jfc.JFC.getKnownConfigurations() : 0.0528750420780025
[PROCESS OUT] java.util.TimSort.mergeCollapse() : 0.03283817467398901
[PROCESS OUT] org.apache.bcel.classfile.Code.calculateLength() : 0.0528750420780025
[PROCESS OUT] javax.management.openmbean.SimpleType.<clinit>() : 0.0528750420780025
[PROCESS OUT] org.apache.logging.log4j.core.impl.ThreadContextDataInjector$ForCopyOnWriteThreadContextMap.injectContextData(java.util.List, org.apache.logging.log4j.util.StringMap) : 0.03283817467398901
[PROCESS OUT] org.junit.internal.MethodSorter$1.compare(java.lang.reflect.Method, java.lang.reflect.Method) : 0.105750084156005
[PROCESS OUT] java.util.HashMap.resize() : 0.18422774077395854
[PROCESS OUT] java.lang.StringLatin1.toChars(byte[]) : 0.16419087336994506
[PROCESS OUT] jdk.internal.classfile.impl.SplitConstantPool.utf8Entry(java.lang.String) : 0.0528750420780025
[PROCESS OUT] java.lang.ClassLoader.loadClass(java.lang.String) : 0.0528750420780025
[PROCESS OUT] java.lang.NamedPackage.<init>(java.lang.String, java.lang.Module) : 0.0528750420780025
[PROCESS OUT] jdk.internal.classfile.impl.AttributeHolder.withAttribute(java.lang.classfile.Attribute) : 0.0528750420780025
[PROCESS OUT] junit.framework.TestSuite.addTestMethod(java.lang.reflect.Method, java.util.List, java.lang.Class) : 0.105750084156005
[PROCESS OUT] java.io.Reader$2.read() : 0.03283817467398901
[PROCESS OUT] java.util.stream.ReferencePipeline$3$1.<init>(java.util.stream.ReferencePipeline$3, java.util.stream.Sink, java.util.function.Function) : 0.0528750420780025
[PROCESS OUT] jdk.jfr.internal.util.Columnizer.<init>(java.util.List, int) : 0.0528750420780025
[PROCESS OUT] org.junit.internal.MethodSorter$2.compare(java.lang.reflect.Method, java.lang.reflect.Method) : 0.0528750420780025
[PROCESS OUT] java.lang.invoke.MethodHandleImpl$BindCaller$1.computeValue(java.lang.Class) : 0.0528750420780025
[PROCESS OUT] java.lang.StringLatin1.replace(byte[], char, char) : 0.4669700055698841
[PROCESS OUT] java.util.jar.JarFile$JarFileEntry.getCodeSigners() : 0.0528750420780025
[PROCESS OUT] padl.util.Util.getTypedConstituentsIterator(padl.kernel.IConstituent[], int, java.lang.Class) : 0.03283817467398901
[PROCESS OUT] java.nio.CharBuffer.limit(int) : 0.03283817467398901
[PROCESS OUT] jdk.internal.loader.Resource.getBytes() : 0.4758753787020224
[PROCESS OUT] jdk.internal.classfile.impl.UnboundAttribute.<init>(java.lang.classfile.AttributeMapper) : 0.0528750420780025
[PROCESS OUT] org.apache.logging.log4j.core.impl.ContextDataInjectorFactory.createDefaultInjector() : 0.0528750420780025
[PROCESS OUT] org.apache.logging.log4j.core.appender.OutputStreamManager.flushDestination() : 0.06567634934797802
[PROCESS OUT] java.lang.ClassNotFoundException.<clinit>() : 0.0528750420780025
[PROCESS OUT] java.lang.String.join(java.lang.String, java.lang.String, java.lang.String, java.lang.String[], int) : 0.105750084156005
[PROCESS OUT] java.lang.String.valueOf(int) : 0.03283817467398901
[PROCESS OUT] java.lang.invoke.AbstractValidatingLambdaMetafactory.validateMetafactoryArgs() : 0.0528750420780025
[PROCESS OUT] java.util.stream.ReferencePipeline.mapToInt(java.util.function.ToIntFunction) : 0.0528750420780025
[PROCESS OUT] javax.management.MBeanInfo.<init>(java.lang.String, java.lang.String, javax.management.MBeanAttributeInfo[], javax.management.MBeanConstructorInfo[], javax.management.MBeanOperationInfo[], javax.management.MBeanNotificationInfo[], javax.management.Descriptor) : 0.0528750420780025
[PROCESS OUT] jdk.internal.classfile.impl.Util.powerOctal(int, int) : 0.0528750420780025
[PROCESS OUT] jdk.jfr.internal.dcmd.DCmdView.getHelp() : 0.0528750420780025
[PROCESS OUT] java.lang.System$Out.write(byte[], int, int) : 0.03283817467398901
[PROCESS OUT] com.sun.jmx.mbeanserver.MXBeanIntrospector.getMBeanOperationInfo(java.lang.String, com.sun.jmx.mbeanserver.ConvertingMethod) : 0.0528750420780025
[PROCESS OUT] sun.reflect.annotation.AnnotationParser.parseSig(java.lang.String, java.lang.Class) : 0.105750084156005
[PROCESS OUT] java.lang.ref.Reference.refersTo(java.lang.Object) : 0.03283817467398901
[PROCESS OUT] org.apache.logging.log4j.message.ReusableSimpleMessage.swapParameters(java.lang.Object[]) : 0.03283817467398901
[PROCESS OUT] java.util.stream.StreamSupport.stream(java.util.Spliterator, boolean) : 0.0528750420780025
[PROCESS OUT] java.util.zip.ZipFile$Source.get(java.io.File, boolean, java.util.zip.ZipCoder) : 0.0528750420780025
[PROCESS OUT] java.lang.Class.copyMethods(java.lang.reflect.Method[]) : 0.6896016681537692
[PROCESS OUT] javax.management.MBeanFeatureInfo.<init>(java.lang.String, java.lang.String, javax.management.Descriptor) : 0.0528750420780025
[PROCESS OUT] org.apache.logging.log4j.core.layout.PatternLayout$SerializerBuilder.build() : 0.0528750420780025
[PROCESS OUT] java.util.stream.AbstractPipeline.wrapSink(java.util.stream.Sink) : 0.105750084156005
[PROCESS OUT] com.sun.jmx.mbeanserver.DefaultMXBeanMappingFactory.<clinit>() : 0.0528750420780025
[PROCESS OUT] com.ibm.toad.cfparse.attributes.AttrInfoList.read(java.io.DataInputStream) : 0.1185513914259805
[PROCESS OUT] java.util.WeakHashMap.expungeStaleEntries() : 0.0528750420780025
[PROCESS OUT] padl.creator.classfile.relationship.RelationshipAnalyzer.analyseLightMethodInvocations(padl.kernel.IFirstClassEntity, padl.creator.classfile.util.ExtendedMethodInfo) : 0.22986722271792306
[PROCESS OUT] jdk.internal.classfile.impl.SplitConstantPool.classEntry(java.lang.constant.ClassDesc) : 0.03283817467398901
[PROCESS OUT] java.lang.StringConcatHelper.newArray(int) : 0.5983227042658401
[PROCESS OUT] java.lang.invoke.MethodType.parameterCount() : 0.0528750420780025
[PROCESS OUT] java.util.concurrent.ConcurrentSkipListMap.navigableKeySet() : 0.0528750420780025
[PROCESS OUT] java.lang.reflect.Method.invoke(java.lang.Object, java.lang.Object[]) : 0.4925726201098351
[PROCESS OUT] jdk.internal.classfile.impl.AbstractPoolEntry$AbstractRefEntry.writeTo(jdk.internal.classfile.impl.BufWriterImpl) : 0.0528750420780025
[PROCESS OUT] java.lang.invoke.MethodHandleImpl.bindCaller(java.lang.invoke.MethodHandle, java.lang.Class) : 0.0528750420780025
[PROCESS OUT] padl.creator.classfile.relationship.DeepMethodInvocationAnalyzer.createCouplesForInvocations(padl.creator.classfile.util.ExtendedMethodInfo, java.util.List, java.util.List, byte[], java.util.List, int) : 0.16419087336994506
[PROCESS OUT] java.lang.StringUTF16.compress(char[], int, byte[], int, int) : 0.18422774077395854
[PROCESS OUT] sun.nio.fs.Util.jnuEncoding() : 0.0528750420780025
[PROCESS OUT] jdk.internal.reflect.DirectMethodHandleAccessor.invoke(java.lang.Object, java.lang.Object[]) : 0.4925726201098351
[PROCESS OUT] pom.metrics.repository.ACAIC.getName() : 0.03283817467398901
[PROCESS OUT] javax.management.MBeanServerBuilder.newMBeanServerDelegate() : 0.0528750420780025
[PROCESS OUT] java.lang.reflect.Executable.sharedToString(int, boolean, java.lang.Class[], java.lang.Class[]) : 0.105750084156005
[PROCESS OUT] org.apache.bcel.classfile.StackMapEntry.dump(java.io.DataOutputStream) : 0.0528750420780025
[PROCESS OUT] org.apache.commons.lang3.ArrayUtils.subarray(char[], int, int) : 0.03283817467398901
[PROCESS OUT] java.lang.reflect.Constructor.newInstance(java.lang.Object[]) : 0.0528750420780025
[PROCESS OUT] java.util.HashMap.tableSizeFor(int) : 0.03283817467398901
[PROCESS OUT] org.apache.logging.log4j.core.pattern.DatePatternConverter.format(org.apache.logging.log4j.core.LogEvent, java.lang.StringBuilder) : 0.03283817467398901
[PROCESS OUT] java.io.DataInputStream.readFully(byte[], int, int) : 0.1914633009079965
[PROCESS OUT] com.ibm.toad.cfparse.utils.CPUtils.internal2java(java.lang.String) : 0.19702904804393406
[PROCESS OUT] com.ibm.toad.cfparse.utils.Access.isPublic(int) : 0.0528750420780025
[PROCESS OUT] java.util.concurrent.locks.AbstractQueuedLongSynchronizer.compareAndSetState(long, long) : 0.0528750420780025
[PROCESS OUT] jdk.internal.classfile.impl.SplitConstantPool.tryFindClassOrInterface(int, java.lang.constant.ClassDesc) : 0.0528750420780025
[PROCESS OUT] padl.creator.classfile.AbstractClassFileCreator.recognizeDelegatingMethod(java.util.List, padl.kernel.ICodeLevelModel) : 0.03283817467398901
[PROCESS OUT] java.lang.classfile.instruction.ExceptionCatch.of(java.lang.classfile.Label, java.lang.classfile.Label, java.lang.classfile.Label, java.util.Optional) : 0.0528750420780025
[PROCESS OUT] java.io.UnixFileSystem.resolve(java.lang.String, java.lang.String) : 0.105750084156005
[PROCESS OUT] java.io.ClassCache$1.computeValue(java.lang.Class) : 0.0528750420780025
[PROCESS OUT] org.apache.bcel.classfile.ConstantPool.getConstantUtf8(int) : 0.0528750420780025
[PROCESS OUT] org.apache.logging.log4j.core.config.yaml.YamlConfigurationFactory.<clinit>() : 0.0528750420780025
[PROCESS OUT] java.util.TreeMap.fixAfterInsertion(java.util.TreeMap$Entry) : 0.22986722271792306
[PROCESS OUT] java.security.CodeSource.matchCerts(java.security.CodeSource, boolean) : 0.0528750420780025
[PROCESS OUT] jdk.internal.classfile.impl.StackMapGenerator$Frame.setLocalsFromArg(java.lang.String, java.lang.constant.MethodTypeDesc, boolean, jdk.internal.classfile.impl.StackMapGenerator$Type) : 0.105750084156005
[PROCESS OUT] java.lang.StringCoding.implEncodeAsciiArray(char[], int, byte[], int, int) : 0.03283817467398901
[PROCESS OUT] java.io.PrintStream.writeln(java.lang.String) : 0.0528750420780025
[PROCESS OUT] java.util.Collections.nCopies(int, java.lang.Object) : 0.0528750420780025
[PROCESS OUT] org.apache.logging.log4j.core.time.MutableInstant.getNanoOfMillisecond() : 0.03283817467398901
[PROCESS OUT] java.util.Vector.<init>(int) : 0.03283817467398901
[PROCESS OUT] java.util.StringTokenizer.<init>(java.lang.String, java.lang.String, boolean) : 0.03283817467398901
[PROCESS OUT] java.util.StringTokenizer.setMaxDelimCodePoint() : 0.06567634934797802
[PROCESS OUT] sun.nio.fs.UnixFileSystemProvider.newDirectoryStream(java.nio.file.Path, java.nio.file.DirectoryStream$Filter) : 0.0528750420780025
[PROCESS OUT] sun.invoke.util.VerifyAccess.ensureTypeVisible(java.lang.invoke.MethodType, java.lang.Class) : 0.0528750420780025
[PROCESS OUT] jdk.internal.reflect.DirectMethodHandleAccessor.checkReceiver(java.lang.Object) : 0.03283817467398901
[PROCESS OUT] java.lang.String.valueOf(long) : 0.0528750420780025
[PROCESS OUT] java.nio.CharBuffer.wrap(char[], int, int) : 0.03283817467398901
[PROCESS OUT] com.ibm.toad.cfparse.attributes.AttrInfoList.add(java.lang.String) : 0.1914633009079965
[PROCESS OUT] java.lang.Class.getName() : 0.21150016831201
[PROCESS OUT] jdk.internal.classfile.impl.AbstractPoolEntry$NameAndTypeEntryImpl.<init>(java.lang.classfile.constantpool.ConstantPool, int, jdk.internal.classfile.impl.AbstractPoolEntry$Utf8EntryImpl, jdk.internal.classfile.impl.AbstractPoolEntry$Utf8EntryImpl) : 0.0528750420780025
[PROCESS OUT] java.lang.StringLatin1.inflate(byte[], int, char[], int, int) : 0.1185513914259805
[PROCESS OUT] padl.kernel.impl.AbstractGenericContainerOfConstituents$GenericObservable.fireModelChange(java.lang.String, padl.event.IEvent) : 0.26270539739191207
[PROCESS OUT] java.lang.invoke.MethodType.leadingReferenceParameter() : 0.105750084156005
[PROCESS OUT] java.lang.invoke.InvokerBytecodeGenerator$4$1.accept(java.lang.classfile.CodeBuilder) : 0.0528750420780025
[PROCESS OUT] sun.reflect.generics.parser.SignatureParser.skipIdentifier() : 0.0528750420780025
[PROCESS OUT] java.lang.StringConcatHelper.stringOf(java.lang.Object) : 0.2643752103900125
[PROCESS OUT] jdk.jfr.internal.jfc.model.Parser$ConfigurationHandler.addAttributes(jdk.jfr.internal.jfc.model.XmlElement, jdk.internal.org.xml.sax.Attributes) : 0.0528750420780025
[PROCESS OUT] java.util.HashMap.getOrDefault(java.lang.Object, java.lang.Object) : 0.0528750420780025
[PROCESS OUT] com.sun.jmx.mbeanserver.MBeanIntrospector.makeInterfaceMBeanInfo(java.lang.Class, com.sun.jmx.mbeanserver.MBeanAnalyzer) : 0.0528750420780025
[PROCESS OUT] java.nio.ByteBufferAsIntBufferL.<init>(java.nio.ByteBuffer, int, int, int, int, long, java.lang.foreign.MemorySegment) : 0.0528750420780025
[PROCESS OUT] jdk.internal.loader.BuiltinClassLoader.findLoadedModule(java.lang.String) : 0.105750084156005
[PROCESS OUT] java.lang.invoke.DirectMethodHandle.allocateInstance(java.lang.Object) : 0.15862512623400749
[PROCESS OUT] java.io.PrintStream.flush() : 0.06567634934797802
[PROCESS OUT] padl.kernel.impl.GenericContainerOfNaturallyOrderedConstituents.getIteratorOnConstituents() : 0.09851452402196703
[PROCESS OUT] java.lang.AbstractStringBuilder.append(java.lang.CharSequence) : 0.0528750420780025
[PROCESS OUT] java.lang.management.ManagementFactory.addMXBean(javax.management.MBeanServer, java.lang.String, java.lang.Object) : 0.0528750420780025
[PROCESS OUT] jdk.internal.reflect.ConstantPool.getUTF8At(int) : 0.0528750420780025
[PROCESS OUT] sun.net.www.URLConnection.<init>(java.net.URL) : 0.0528750420780025
[PROCESS OUT] jdk.internal.classfile.impl.Util.parameterSlots(java.lang.constant.MethodTypeDesc) : 0.0528750420780025
[PROCESS OUT] java.util.Arrays.copyOf(java.lang.Object[], int) : 0.13135269869595603
[PROCESS OUT] jdk.internal.loader.URLClassPath.getResource(java.lang.String) : 0.105750084156005
[PROCESS OUT] java.lang.StringLatin1$LinesSpliterator.indexOfLineSeparator(int) : 0.0528750420780025
[PROCESS OUT] java.util.stream.StreamSupport.intStream(java.util.Spliterator$OfInt, boolean) : 0.0528750420780025
[PROCESS OUT] java.security.SecureClassLoader$CodeSourceKey.<init>(java.security.CodeSource) : 0.0528750420780025
[PROCESS OUT] java.lang.invoke.MethodHandle.isBuiltinLoader(java.lang.ClassLoader) : 0.0528750420780025
[PROCESS OUT] padl.creator.classfile.util.ExtendedMethodInvocation.setCallingField(java.util.List) : 0.03283817467398901
[PROCESS OUT] java.util.concurrent.ConcurrentHashMap.transfer(java.util.concurrent.ConcurrentHashMap$Node[], java.util.concurrent.ConcurrentHashMap$Node[]) : 0.15862512623400749
[PROCESS OUT] java.util.zip.ZipFile$Source.findEND() : 0.0528750420780025
[PROCESS OUT] java.lang.reflect.Method.copy() : 0.22986722271792306
[PROCESS OUT] jdk.internal.classfile.impl.BufWriterImpl.<init>(java.lang.classfile.constantpool.ConstantPoolBuilder, jdk.internal.classfile.impl.ClassFileImpl, int) : 0.0528750420780025
[PROCESS OUT] padl.util.Util.isArrayOrCollection(char[]) : 0.03283817467398901
[PROCESS OUT] java.io.FileOutputStream.write(byte[], int, int) : 0.7369109630958341
[PROCESS OUT] java.lang.Package.isSealed() : 0.0528750420780025
[PROCESS OUT] jdk.internal.classfile.impl.DirectMethodBuilder.parameterSlot(int) : 0.0528750420780025
[PROCESS OUT] com.ibm.toad.cfparse.utils.CPUtils.slashes2dots(java.lang.String) : 0.03283817467398901
[PROCESS OUT] sun.net.www.protocol.jar.Handler.parseURL(java.net.URL, java.lang.String, int, int) : 0.0528750420780025
[PROCESS OUT] util.io.NamedInputStream.<init>(java.lang.String, java.io.InputStream) : 0.138588258829994
[PROCESS OUT] java.lang.ProcessHandleImpl$1.run() : 0.005902855084689265
[PROCESS OUT] java.util.WeakHashMap.hash(java.lang.Object) : 0.105750084156005
[PROCESS OUT] jdk.internal.loader.NativeLibraries$NativeLibraryImpl.find(java.lang.String) : 0.4758753787020224
[PROCESS OUT] org.apache.logging.log4j.core.config.AbstractConfiguration.stop(long, java.util.concurrent.TimeUnit) : 0.0528750420780025
[PROCESS OUT] com.ibm.toad.cfparse.ConstantPool$Utf8Entry.rewrite(java.lang.String) : 0.2899778249299635
[PROCESS OUT] sun.nio.fs.UnixDirectoryStream.closeImpl() : 0.0528750420780025
[PROCESS OUT] java.util.zip.ZipFile.zipCoderFor(byte[], int, java.util.zip.ZipCoder) : 0.15862512623400749
[PROCESS OUT] java.util.zip.ZipFile$Source.getEntryPos(java.lang.String, boolean, java.util.zip.ZipCoder) : 0.31725025246801497
[PROCESS OUT] java.util.jar.JarFile.isMultiRelease() : 0.0528750420780025
[PROCESS OUT] java.security.SecureClassLoader$CodeSourceKey.hashCode() : 0.0528750420780025
[PROCESS OUT] java.util.stream.ReferencePipeline$2.opWrapSink(int, java.util.stream.Sink) : 0.0528750420780025
[PROCESS OUT] java.util.HashMap.keysToArray(java.lang.Object[]) : 0.06567634934797802
[PROCESS OUT] com.ibm.toad.cfparse.ConstantPool$Utf8Entry.<init>(java.lang.String) : 0.0528750420780025
[PROCESS OUT] java.lang.invoke.MethodHandle.<init>(java.lang.invoke.MethodType, java.lang.invoke.LambdaForm) : 0.105750084156005
[PROCESS OUT] com.ibm.toad.cfparse.attributes.LineNumberAttrInfo.read(java.io.DataInputStream) : 0.0528750420780025
[PROCESS OUT] java.lang.invoke.MethodHandleNatives.linkCallSiteImpl(java.lang.Class, java.lang.invoke.MethodHandle, java.lang.String, java.lang.invoke.MethodType, java.lang.Object, java.lang.Object[]) : 0.0528750420780025
[PROCESS OUT] java.lang.reflect.ReflectAccess.copyMethod(java.lang.reflect.Method) : 0.03283817467398901
[PROCESS OUT] javax.management.openmbean.OpenType.checkClassNameOverride() : 0.0528750420780025
[PROCESS OUT] jdk.internal.classfile.impl.RawBytecodeHelper.opcode() : 0.0528750420780025
[PROCESS OUT] java.util.TreeMap.<init>() : 0.0528750420780025
[PROCESS OUT] org.apache.bcel.util.SyntheticRepository.getInstance(org.apache.bcel.util.ClassPath) : 0.0528750420780025
[PROCESS OUT] org.apache.logging.log4j.core.appender.AbstractOutputStreamAppender.directEncodeEvent(org.apache.logging.log4j.core.LogEvent) : 0.06567634934797802
[PROCESS OUT] jdk.internal.jrtfs.JrtFileSystemProvider.getTheFileSystem() : 0.0528750420780025
[PROCESS OUT] java.lang.invoke.VarHandleLongs$FieldInstanceReadWrite.weakCompareAndSetRelease(java.lang.invoke.VarHandle, java.lang.Object, long, long) : 0.0528750420780025
[PROCESS OUT] java.lang.classfile.ClassFile.latestMajorVersion() : 0.0528750420780025
[PROCESS OUT] java.lang.Character.isJavaIdentifierStart(int) : 0.03283817467398901
[PROCESS OUT] com.ibm.toad.cfparse.ConstantPool.getAsJava(int) : 0.1185513914259805
[PROCESS OUT] 20/11/2025 11:41:15.657 - [INFO] - Energy consumption of methods and filtered methods written to files
Joularjx process exited with code: 0
Finished Executing Joular with PID: 59634
Launched all JVMs and tools successfully.
Data successfully merged and written to Excel files.
[INFO] Tests run: 1, Failures: 0, Errors: 0, Skipped: 0, Time elapsed: 50.70 s -- in ca.concordia.ptidej.spectra.example.TestPtidejPomCore
[INFO] 
[INFO] Results:
[INFO] 
[INFO] Tests run: 1, Failures: 0, Errors: 0, Skipped: 0
[INFO] 
[WARNING] Corrupted channel by directly writing to native stream in forked JVM 1. See FAQ web page and the dump file /Users/mac/Documents/RA/SPECTRA/target/surefire-reports/2025-11-20T23-40-40_214-jvmRun1.dumpstream
[INFO] ------------------------------------------------------------------------
[INFO] BUILD SUCCESS
[INFO] ------------------------------------------------------------------------
[INFO] Total time:  01:00 min
[INFO] Finished at: 2025-11-20T23:41:32-05:00
[INFO] ------------------------------------------------------------------------
